MINION 3

#This file has been automatically generated by TAILOR v0.2
#bug-reports: andrea@cs.st-and.ac.uk

# amount of common subexpressions used:0
# amount of inferred common subexpressions used:1
# amount of original variables saved (over direct equality):0
# amount of constraints:2
# amount of auxiliary variables: 1

**VARIABLES**
BOOL x 
BOOL y 
BOOL z 
BOOL t 

# auxiliary variables
BOOL aux0 

# aliases

**SEARCH**

PRINT [
[x],[y],[z],[t]]

VARORDER [
x,y,z,t,
aux0]


**CONSTRAINTS**

reify(eq(t, z), aux0)
reify(eq(x, y), aux0)

**EOF**
