MINION 3

#This file has been automatically generated by TAILOR v0.2
#bug-reports: andrea@cs.st-and.ac.uk

# amount of common subexpressions used:0
# amount of inferred common subexpressions used:0
# amount of original variables saved (over direct equality):0
# amount of constraints:35
# amount of auxiliary variables: 0

**VARIABLES**
DISCRETE position[34] {1..34}

# aliases

**SEARCH**

PRINT [
position]

VARORDER [
position]


**CONSTRAINTS**

gacalldiff([position])
sumleq([2,position[0]], position[17])
sumgeq([2,position[0]], position[17])
sumleq([3,position[1]], position[18])
sumgeq([3,position[1]], position[18])
sumleq([4,position[2]], position[19])
sumgeq([4,position[2]], position[19])
sumleq([5,position[3]], position[20])
sumgeq([5,position[3]], position[20])
sumleq([6,position[4]], position[21])
sumgeq([6,position[4]], position[21])
sumleq([7,position[5]], position[22])
sumgeq([7,position[5]], position[22])
sumleq([8,position[6]], position[23])
sumgeq([8,position[6]], position[23])
sumleq([9,position[7]], position[24])
sumgeq([9,position[7]], position[24])
sumleq([10,position[8]], position[25])
sumgeq([10,position[8]], position[25])
sumleq([11,position[9]], position[26])
sumgeq([11,position[9]], position[26])
sumleq([12,position[10]], position[27])
sumgeq([12,position[10]], position[27])
sumleq([13,position[11]], position[28])
sumgeq([13,position[11]], position[28])
sumleq([14,position[12]], position[29])
sumgeq([14,position[12]], position[29])
sumleq([15,position[13]], position[30])
sumgeq([15,position[13]], position[30])
sumleq([16,position[14]], position[31])
sumgeq([16,position[14]], position[31])
sumleq([17,position[15]], position[32])
sumgeq([17,position[15]], position[32])
sumleq([18,position[16]], position[33])
sumgeq([18,position[16]], position[33])

**EOF**
