MINION 3

#This file has been automatically generated by TAILOR v0.2
#bug-reports: andrea@cs.st-and.ac.uk

# amount of common subexpressions used:84
# amount of inferred common subexpressions used:0
# amount of original variables saved (over direct equality):0
# amount of constraints:86
# amount of auxiliary variables: 14

**VARIABLES**
DISCRETE queens[8] {0..7}

# auxiliary variables
DISCRETE aux0 {1..8}
DISCRETE aux1 {2..9}
DISCRETE aux2 {-2..5}
DISCRETE aux3 {-1..6}
DISCRETE aux4 {3..10}
DISCRETE aux5 {-3..4}
DISCRETE aux6 {4..11}
DISCRETE aux7 {-4..3}
DISCRETE aux8 {5..12}
DISCRETE aux9 {-5..2}
DISCRETE aux10 {6..13}
DISCRETE aux11 {-6..1}
DISCRETE aux12 {7..14}
DISCRETE aux13 {-7..0}

# aliases

**SEARCH**

PRINT [
queens]

VARORDER [
queens,
aux0,aux1,aux2,aux3,aux4,aux5,aux6,aux7,
aux8,aux9,aux10,aux11,aux12,aux13]


**CONSTRAINTS**

eq(0, queens[0])
sumleq([1,queens[1]], aux0)
sumgeq([1,queens[1]], aux0)
sumleq([2,queens[2]], aux1)
sumgeq([2,queens[2]], aux1)
weightedsumgeq([1,-1], [queens[2],2], aux2)
weightedsumleq([1,-1], [queens[2],2], aux2)
weightedsumgeq([1,-1], [queens[1],1], aux3)
weightedsumleq([1,-1], [queens[1],1], aux3)
sumleq([3,queens[3]], aux4)
sumgeq([3,queens[3]], aux4)
weightedsumgeq([1,-1], [queens[3],3], aux5)
weightedsumleq([1,-1], [queens[3],3], aux5)
sumleq([4,queens[4]], aux6)
sumgeq([4,queens[4]], aux6)
weightedsumgeq([1,-1], [queens[4],4], aux7)
weightedsumleq([1,-1], [queens[4],4], aux7)
sumleq([5,queens[5]], aux8)
sumgeq([5,queens[5]], aux8)
weightedsumgeq([1,-1], [queens[5],5], aux9)
weightedsumleq([1,-1], [queens[5],5], aux9)
sumleq([6,queens[6]], aux10)
sumgeq([6,queens[6]], aux10)
weightedsumgeq([1,-1], [queens[6],6], aux11)
weightedsumleq([1,-1], [queens[6],6], aux11)
sumleq([7,queens[7]], aux12)
sumgeq([7,queens[7]], aux12)
weightedsumgeq([1,-1], [queens[7],7], aux13)
weightedsumleq([1,-1], [queens[7],7], aux13)
diseq(aux0, queens[0])
diseq(aux3, queens[0])
diseq(aux1, queens[0])
diseq(aux2, queens[0])
diseq(aux4, queens[0])
diseq(aux5, queens[0])
diseq(aux6, queens[0])
diseq(aux7, queens[0])
diseq(aux8, queens[0])
diseq(aux9, queens[0])
diseq(aux10, queens[0])
diseq(aux11, queens[0])
diseq(aux12, queens[0])
diseq(aux13, queens[0])
diseq(aux0, aux1)
diseq(aux2, aux3)
diseq(aux0, aux4)
diseq(aux3, aux5)
diseq(aux1, aux4)
diseq(aux2, aux5)
diseq(aux0, aux6)
diseq(aux3, aux7)
diseq(aux1, aux6)
diseq(aux2, aux7)
diseq(aux4, aux6)
diseq(aux5, aux7)
diseq(aux0, aux8)
diseq(aux3, aux9)
diseq(aux1, aux8)
diseq(aux2, aux9)
diseq(aux4, aux8)
diseq(aux5, aux9)
diseq(aux6, aux8)
diseq(aux7, aux9)
diseq(aux0, aux10)
diseq(aux3, aux11)
diseq(aux1, aux10)
diseq(aux2, aux11)
diseq(aux4, aux10)
diseq(aux5, aux11)
diseq(aux6, aux10)
diseq(aux7, aux11)
diseq(aux8, aux10)
diseq(aux9, aux11)
diseq(aux0, aux12)
diseq(aux3, aux13)
diseq(aux1, aux12)
diseq(aux2, aux13)
diseq(aux4, aux12)
diseq(aux5, aux13)
diseq(aux6, aux12)
diseq(aux7, aux13)
diseq(aux8, aux12)
diseq(aux9, aux13)
diseq(aux10, aux12)
diseq(aux11, aux13)
gacalldiff([queens])

**EOF**
