MINION 3

#This file has been automatically generated by TAILOR v0.2
#bug-reports: andrea@cs.st-and.ac.uk

# amount of common subexpressions used:2248
# amount of inferred common subexpressions used:0
# amount of original variables saved (over direct equality):0
# amount of constraints:364
# amount of auxiliary variables: 288

**VARIABLES**
DISCRETE board[6,6] {0..2}
DISCRETE amountOfQueens {1..18}

# auxiliary variables
BOOL aux0 
BOOL aux1 
BOOL aux2 
BOOL aux3 
BOOL aux4 
BOOL aux5 
BOOL aux6 
BOOL aux7 
BOOL aux8 
BOOL aux9 
BOOL aux10 
BOOL aux11 
BOOL aux12 
BOOL aux13 
BOOL aux14 
BOOL aux15 
BOOL aux16 
BOOL aux17 
BOOL aux18 
BOOL aux19 
BOOL aux20 
BOOL aux21 
BOOL aux22 
BOOL aux23 
BOOL aux24 
BOOL aux25 
BOOL aux26 
BOOL aux27 
BOOL aux28 
BOOL aux29 
BOOL aux30 
BOOL aux31 
BOOL aux32 
BOOL aux33 
BOOL aux34 
BOOL aux35 
BOOL aux36 
BOOL aux37 
BOOL aux38 
BOOL aux39 
BOOL aux40 
BOOL aux41 
BOOL aux42 
BOOL aux43 
BOOL aux44 
BOOL aux45 
BOOL aux46 
BOOL aux47 
BOOL aux48 
BOOL aux49 
BOOL aux50 
BOOL aux51 
BOOL aux52 
BOOL aux53 
BOOL aux54 
BOOL aux55 
BOOL aux56 
BOOL aux57 
BOOL aux58 
BOOL aux59 
BOOL aux60 
BOOL aux61 
BOOL aux62 
BOOL aux63 
BOOL aux64 
BOOL aux65 
BOOL aux66 
BOOL aux67 
BOOL aux68 
BOOL aux69 
BOOL aux70 
BOOL aux71 
BOOL aux72 
BOOL aux73 
BOOL aux74 
BOOL aux75 
BOOL aux76 
BOOL aux77 
BOOL aux78 
BOOL aux79 
BOOL aux80 
BOOL aux81 
BOOL aux82 
BOOL aux83 
BOOL aux84 
BOOL aux85 
BOOL aux86 
BOOL aux87 
BOOL aux88 
BOOL aux89 
BOOL aux90 
BOOL aux91 
BOOL aux92 
BOOL aux93 
BOOL aux94 
BOOL aux95 
BOOL aux96 
BOOL aux97 
BOOL aux98 
BOOL aux99 
BOOL aux100 
BOOL aux101 
BOOL aux102 
BOOL aux103 
BOOL aux104 
BOOL aux105 
BOOL aux106 
BOOL aux107 
BOOL aux108 
BOOL aux109 
BOOL aux110 
BOOL aux111 
BOOL aux112 
BOOL aux113 
BOOL aux114 
BOOL aux115 
BOOL aux116 
BOOL aux117 
BOOL aux118 
BOOL aux119 
BOOL aux120 
BOOL aux121 
BOOL aux122 
BOOL aux123 
BOOL aux124 
BOOL aux125 
BOOL aux126 
BOOL aux127 
BOOL aux128 
BOOL aux129 
BOOL aux130 
BOOL aux131 
BOOL aux132 
BOOL aux133 
BOOL aux134 
BOOL aux135 
BOOL aux136 
BOOL aux137 
BOOL aux138 
BOOL aux139 
BOOL aux140 
BOOL aux141 
BOOL aux142 
BOOL aux143 
BOOL aux144 
BOOL aux145 
BOOL aux146 
BOOL aux147 
BOOL aux148 
BOOL aux149 
BOOL aux150 
BOOL aux151 
BOOL aux152 
BOOL aux153 
BOOL aux154 
BOOL aux155 
BOOL aux156 
BOOL aux157 
BOOL aux158 
BOOL aux159 
BOOL aux160 
BOOL aux161 
BOOL aux162 
BOOL aux163 
BOOL aux164 
BOOL aux165 
BOOL aux166 
BOOL aux167 
BOOL aux168 
BOOL aux169 
BOOL aux170 
BOOL aux171 
BOOL aux172 
BOOL aux173 
BOOL aux174 
BOOL aux175 
BOOL aux176 
BOOL aux177 
BOOL aux178 
BOOL aux179 
BOOL aux180 
BOOL aux181 
BOOL aux182 
BOOL aux183 
BOOL aux184 
BOOL aux185 
BOOL aux186 
BOOL aux187 
BOOL aux188 
BOOL aux189 
BOOL aux190 
BOOL aux191 
BOOL aux192 
BOOL aux193 
BOOL aux194 
BOOL aux195 
BOOL aux196 
BOOL aux197 
BOOL aux198 
BOOL aux199 
BOOL aux200 
BOOL aux201 
BOOL aux202 
BOOL aux203 
BOOL aux204 
BOOL aux205 
BOOL aux206 
BOOL aux207 
BOOL aux208 
BOOL aux209 
BOOL aux210 
BOOL aux211 
BOOL aux212 
BOOL aux213 
BOOL aux214 
BOOL aux215 
BOOL aux216 
BOOL aux217 
BOOL aux218 
BOOL aux219 
BOOL aux220 
BOOL aux221 
BOOL aux222 
BOOL aux223 
BOOL aux224 
BOOL aux225 
BOOL aux226 
BOOL aux227 
BOOL aux228 
BOOL aux229 
BOOL aux230 
BOOL aux231 
BOOL aux232 
BOOL aux233 
BOOL aux234 
BOOL aux235 
BOOL aux236 
BOOL aux237 
BOOL aux238 
BOOL aux239 
BOOL aux240 
BOOL aux241 
BOOL aux242 
BOOL aux243 
BOOL aux244 
BOOL aux245 
BOOL aux246 
BOOL aux247 
BOOL aux248 
BOOL aux249 
BOOL aux250 
BOOL aux251 
BOOL aux252 
BOOL aux253 
BOOL aux254 
BOOL aux255 
BOOL aux256 
BOOL aux257 
BOOL aux258 
BOOL aux259 
BOOL aux260 
BOOL aux261 
BOOL aux262 
BOOL aux263 
BOOL aux264 
BOOL aux265 
BOOL aux266 
BOOL aux267 
BOOL aux268 
BOOL aux269 
BOOL aux270 
BOOL aux271 
BOOL aux272 
BOOL aux273 
BOOL aux274 
BOOL aux275 
BOOL aux276 
BOOL aux277 
BOOL aux278 
BOOL aux279 
BOOL aux280 
BOOL aux281 
BOOL aux282 
BOOL aux283 
BOOL aux284 
BOOL aux285 
BOOL aux286 
BOOL aux287 

# aliases

**SEARCH**

MAXIMISING amountOfQueens

PRINT [
board,[amountOfQueens]]

VARORDER [
board,amountOfQueens,
aux0,aux1,aux2,aux3,aux4,aux5,aux6,aux7,
aux8,aux9,aux10,aux11,aux12,aux13,aux14,aux15,
aux16,aux17,aux18,aux19,aux20,aux21,aux22,aux23,
aux24,aux25,aux26,aux27,aux28,aux29,aux30,aux31,
aux32,aux33,aux34,aux35,aux36,aux37,aux38,aux39,
aux40,aux41,aux42,aux43,aux44,aux45,aux46,aux47,
aux48,aux49,aux50,aux51,aux52,aux53,aux54,aux55,
aux56,aux57,aux58,aux59,aux60,aux61,aux62,aux63,
aux64,aux65,aux66,aux67,aux68,aux69,aux70,aux71,
aux72,aux73,aux74,aux75,aux76,aux77,aux78,aux79,
aux80,aux81,aux82,aux83,aux84,aux85,aux86,aux87,
aux88,aux89,aux90,aux91,aux92,aux93,aux94,aux95,
aux96,aux97,aux98,aux99,aux100,aux101,aux102,aux103,
aux104,aux105,aux106,aux107,aux108,aux109,aux110,aux111,
aux112,aux113,aux114,aux115,aux116,aux117,aux118,aux119,
aux120,aux121,aux122,aux123,aux124,aux125,aux126,aux127,
aux128,aux129,aux130,aux131,aux132,aux133,aux134,aux135,
aux136,aux137,aux138,aux139,aux140,aux141,aux142,aux143,
aux144,aux145,aux146,aux147,aux148,aux149,aux150,aux151,
aux152,aux153,aux154,aux155,aux156,aux157,aux158,aux159,
aux160,aux161,aux162,aux163,aux164,aux165,aux166,aux167,
aux168,aux169,aux170,aux171,aux172,aux173,aux174,aux175,
aux176,aux177,aux178,aux179,aux180,aux181,aux182,aux183,
aux184,aux185,aux186,aux187,aux188,aux189,aux190,aux191,
aux192,aux193,aux194,aux195,aux196,aux197,aux198,aux199,
aux200,aux201,aux202,aux203,aux204,aux205,aux206,aux207,
aux208,aux209,aux210,aux211,aux212,aux213,aux214,aux215,
aux216,aux217,aux218,aux219,aux220,aux221,aux222,aux223,
aux224,aux225,aux226,aux227,aux228,aux229,aux230,aux231,
aux232,aux233,aux234,aux235,aux236,aux237,aux238,aux239,
aux240,aux241,aux242,aux243,aux244,aux245,aux246,aux247,
aux248,aux249,aux250,aux251,aux252,aux253,aux254,aux255,
aux256,aux257,aux258,aux259,aux260,aux261,aux262,aux263,
aux264,aux265,aux266,aux267,aux268,aux269,aux270,aux271,
aux272,aux273,aux274,aux275,aux276,aux277,aux278,aux279,
aux280,aux281,aux282,aux283,aux284,aux285,aux286,aux287]


**CONSTRAINTS**

reify(ineq(1,board[0, 1],-1), aux144)
reify(ineq(board[0, 1],1,-1), aux145)
reify(sumgeq([aux145,aux144], 1), aux146)
reify(ineq(1,board[0, 2],-1), aux147)
reify(ineq(board[0, 2],1,-1), aux148)
reify(sumgeq([aux148,aux147], 1), aux149)
reify(ineq(1,board[0, 3],-1), aux150)
reify(ineq(board[0, 3],1,-1), aux151)
reify(sumgeq([aux151,aux150], 1), aux152)
reify(ineq(1,board[0, 4],-1), aux153)
reify(ineq(board[0, 4],1,-1), aux154)
reify(sumgeq([aux154,aux153], 1), aux155)
reify(ineq(1,board[0, 5],-1), aux156)
reify(ineq(board[0, 5],1,-1), aux157)
reify(sumgeq([aux157,aux156], 1), aux158)
reify(ineq(1,board[1, 0],-1), aux159)
reify(ineq(board[1, 0],1,-1), aux160)
reify(sumgeq([aux160,aux159], 1), aux161)
reify(ineq(1,board[1, 1],-1), aux162)
reify(ineq(board[1, 1],1,-1), aux163)
reify(sumgeq([aux163,aux162], 1), aux164)
reify(ineq(1,board[2, 0],-1), aux165)
reify(ineq(board[2, 0],1,-1), aux166)
reify(sumgeq([aux166,aux165], 1), aux167)
reify(ineq(1,board[2, 2],-1), aux168)
reify(ineq(board[2, 2],1,-1), aux169)
reify(sumgeq([aux169,aux168], 1), aux170)
reify(ineq(1,board[3, 0],-1), aux171)
reify(ineq(board[3, 0],1,-1), aux172)
reify(sumgeq([aux172,aux171], 1), aux173)
reify(ineq(1,board[3, 3],-1), aux174)
reify(ineq(board[3, 3],1,-1), aux175)
reify(sumgeq([aux175,aux174], 1), aux176)
reify(ineq(1,board[4, 0],-1), aux177)
reify(ineq(board[4, 0],1,-1), aux178)
reify(sumgeq([aux178,aux177], 1), aux179)
reify(ineq(1,board[4, 4],-1), aux180)
reify(ineq(board[4, 4],1,-1), aux181)
reify(sumgeq([aux181,aux180], 1), aux182)
reify(ineq(1,board[5, 0],-1), aux183)
reify(ineq(board[5, 0],1,-1), aux184)
reify(sumgeq([aux184,aux183], 1), aux185)
reify(ineq(1,board[5, 5],-1), aux186)
reify(ineq(board[5, 5],1,-1), aux187)
reify(sumgeq([aux187,aux186], 1), aux188)
reify(sumgeq([aux188,aux185,aux182,aux179,aux176,aux173,aux170,aux167,aux164,aux161,aux158,aux155,aux152,aux149,aux146], 15), aux189)
reify(ineq(1,board[0, 0],-1), aux190)
reify(ineq(board[0, 0],1,-1), aux191)
reify(sumgeq([aux191,aux190], 1), aux192)
reify(ineq(1,board[1, 2],-1), aux193)
reify(ineq(board[1, 2],1,-1), aux194)
reify(sumgeq([aux194,aux193], 1), aux195)
reify(ineq(1,board[2, 1],-1), aux196)
reify(ineq(board[2, 1],1,-1), aux197)
reify(sumgeq([aux197,aux196], 1), aux198)
reify(ineq(1,board[2, 3],-1), aux199)
reify(ineq(board[2, 3],1,-1), aux200)
reify(sumgeq([aux200,aux199], 1), aux201)
reify(ineq(1,board[3, 1],-1), aux202)
reify(ineq(board[3, 1],1,-1), aux203)
reify(sumgeq([aux203,aux202], 1), aux204)
reify(ineq(1,board[3, 4],-1), aux205)
reify(ineq(board[3, 4],1,-1), aux206)
reify(sumgeq([aux206,aux205], 1), aux207)
reify(ineq(1,board[4, 1],-1), aux208)
reify(ineq(board[4, 1],1,-1), aux209)
reify(sumgeq([aux209,aux208], 1), aux210)
reify(ineq(1,board[4, 5],-1), aux211)
reify(ineq(board[4, 5],1,-1), aux212)
reify(sumgeq([aux212,aux211], 1), aux213)
reify(ineq(1,board[5, 1],-1), aux214)
reify(ineq(board[5, 1],1,-1), aux215)
reify(sumgeq([aux215,aux214], 1), aux216)
reify(sumgeq([aux216,aux213,aux210,aux207,aux204,aux201,aux198,aux195,aux164,aux161,aux158,aux155,aux152,aux149,aux192], 15), aux217)
reify(ineq(1,board[1, 3],-1), aux218)
reify(ineq(board[1, 3],1,-1), aux219)
reify(sumgeq([aux219,aux218], 1), aux220)
reify(ineq(1,board[2, 4],-1), aux221)
reify(ineq(board[2, 4],1,-1), aux222)
reify(sumgeq([aux222,aux221], 1), aux223)
reify(ineq(1,board[3, 2],-1), aux224)
reify(ineq(board[3, 2],1,-1), aux225)
reify(sumgeq([aux225,aux224], 1), aux226)
reify(ineq(1,board[3, 5],-1), aux227)
reify(ineq(board[3, 5],1,-1), aux228)
reify(sumgeq([aux228,aux227], 1), aux229)
reify(ineq(1,board[4, 2],-1), aux230)
reify(ineq(board[4, 2],1,-1), aux231)
reify(sumgeq([aux231,aux230], 1), aux232)
reify(ineq(1,board[5, 2],-1), aux233)
reify(ineq(board[5, 2],1,-1), aux234)
reify(sumgeq([aux234,aux233], 1), aux235)
reify(sumgeq([aux235,aux232,aux229,aux226,aux223,aux170,aux167,aux220,aux195,aux164,aux158,aux155,aux152,aux146,aux192], 15), aux236)
reify(ineq(1,board[1, 4],-1), aux237)
reify(ineq(board[1, 4],1,-1), aux238)
reify(sumgeq([aux238,aux237], 1), aux239)
reify(ineq(1,board[2, 5],-1), aux240)
reify(ineq(board[2, 5],1,-1), aux241)
reify(sumgeq([aux241,aux240], 1), aux242)
reify(ineq(1,board[4, 3],-1), aux243)
reify(ineq(board[4, 3],1,-1), aux244)
reify(sumgeq([aux244,aux243], 1), aux245)
reify(ineq(1,board[5, 3],-1), aux246)
reify(ineq(board[5, 3],1,-1), aux247)
reify(sumgeq([aux247,aux246], 1), aux248)
reify(sumgeq([aux248,aux245,aux176,aux173,aux242,aux201,aux198,aux239,aux220,aux195,aux158,aux155,aux149,aux146,aux192], 15), aux249)
reify(ineq(1,board[1, 5],-1), aux250)
reify(ineq(board[1, 5],1,-1), aux251)
reify(sumgeq([aux251,aux250], 1), aux252)
reify(ineq(1,board[5, 4],-1), aux253)
reify(ineq(board[5, 4],1,-1), aux254)
reify(sumgeq([aux254,aux253], 1), aux255)
reify(sumgeq([aux255,aux182,aux179,aux207,aux204,aux223,aux170,aux252,aux239,aux220,aux158,aux152,aux149,aux146,aux192], 15), aux256)
reify(sumgeq([aux188,aux185,aux213,aux210,aux229,aux226,aux242,aux201,aux252,aux239,aux155,aux152,aux149,aux146,aux192], 15), aux257)
reify(sumgeq([aux255,aux185,aux245,aux179,aux226,aux173,aux198,aux167,aux252,aux239,aux220,aux195,aux164,aux146,aux192], 15), aux258)
reify(sumgeq([aux188,aux216,aux182,aux210,aux176,aux204,aux170,aux198,aux167,aux252,aux239,aux220,aux195,aux161,aux149,aux146,aux192], 17), aux259)
reify(sumgeq([aux235,aux213,aux232,aux207,aux226,aux173,aux201,aux170,aux198,aux252,aux239,aux220,aux164,aux161,aux152,aux149,aux146], 17), aux260)
reify(sumgeq([aux248,aux245,aux179,aux229,aux176,aux204,aux223,aux201,aux170,aux252,aux239,aux195,aux164,aux161,aux155,aux152,aux149], 17), aux261)
reify(sumgeq([aux255,aux185,aux182,aux210,aux207,aux226,aux242,aux223,aux201,aux252,aux220,aux195,aux164,aux161,aux158,aux155,aux152], 17), aux262)
reify(sumgeq([aux188,aux216,aux213,aux232,aux229,aux176,aux242,aux223,aux239,aux220,aux195,aux164,aux161,aux158,aux155], 15), aux263)
reify(sumgeq([aux248,aux185,aux232,aux179,aux204,aux173,aux242,aux223,aux201,aux170,aux198,aux164,aux161,aux149,aux192], 15), aux264)
reify(sumgeq([aux255,aux216,aux245,aux210,aux226,aux204,aux173,aux242,aux223,aux201,aux170,aux167,aux195,aux164,aux161,aux152,aux146], 17), aux265)
reify(sumgeq([aux188,aux235,aux182,aux232,aux179,aux176,aux226,aux204,aux242,aux223,aux201,aux198,aux167,aux220,aux195,aux164,aux155,aux149,aux192], 19), aux266)
reify(sumgeq([aux248,aux185,aux213,aux245,aux210,aux207,aux176,aux226,aux242,aux223,aux170,aux198,aux167,aux239,aux220,aux195,aux158,aux152,aux146], 19), aux267)
reify(sumgeq([aux255,aux216,aux182,aux232,aux229,aux207,aux176,aux242,aux201,aux170,aux198,aux167,aux252,aux239,aux220,aux155,aux149], 17), aux268)
reify(sumgeq([aux188,aux235,aux213,aux245,aux229,aux207,aux223,aux201,aux170,aux198,aux167,aux252,aux239,aux158,aux152], 15), aux269)
reify(sumgeq([aux235,aux185,aux210,aux179,aux229,aux207,aux176,aux226,aux204,aux198,aux167,aux195,aux161,aux152,aux192], 15), aux270)
reify(sumgeq([aux248,aux216,aux232,aux210,aux179,aux229,aux207,aux176,aux226,aux173,aux170,aux198,aux167,aux220,aux164,aux155,aux146], 17), aux271)
reify(sumgeq([aux255,aux235,aux185,aux245,aux232,aux210,aux229,aux207,aux176,aux204,aux173,aux201,aux170,aux198,aux239,aux195,aux161,aux158,aux149], 19), aux272)
reify(sumgeq([aux188,aux248,aux216,aux182,aux245,aux232,aux229,aux207,aux226,aux204,aux173,aux223,aux201,aux170,aux252,aux220,aux164,aux152,aux192], 19), aux273)
reify(sumgeq([aux255,aux235,aux213,aux182,aux245,aux229,aux176,aux226,aux204,aux173,aux242,aux223,aux201,aux239,aux195,aux155,aux146], 17), aux274)
reify(sumgeq([aux188,aux248,aux213,aux182,aux207,aux176,aux226,aux204,aux173,aux242,aux223,aux252,aux220,aux158,aux149], 15), aux275)
reify(sumgeq([aux216,aux185,aux213,aux182,aux245,aux232,aux210,aux204,aux173,aux170,aux167,aux220,aux161,aux155,aux192], 15), aux276)
reify(sumgeq([aux235,aux216,aux185,aux213,aux182,aux245,aux232,aux179,aux226,aux204,aux173,aux201,aux198,aux239,aux164,aux158,aux146], 17), aux277)
reify(sumgeq([aux248,aux235,aux216,aux213,aux182,aux245,aux210,aux179,aux176,aux226,aux204,aux223,aux170,aux167,aux252,aux195,aux149], 17), aux278)
reify(sumgeq([aux255,aux248,aux235,aux213,aux182,aux232,aux210,aux179,aux207,aux176,aux226,aux242,aux201,aux198,aux220,aux161,aux152], 17), aux279)
reify(sumgeq([aux188,aux255,aux248,aux213,aux245,aux232,aux210,aux179,aux229,aux207,aux176,aux223,aux170,aux239,aux164,aux155,aux192], 17), aux280)
reify(sumgeq([aux188,aux255,aux182,aux245,aux232,aux210,aux179,aux229,aux207,aux242,aux201,aux252,aux195,aux158,aux146], 15), aux281)
reify(sumgeq([aux188,aux255,aux248,aux235,aux216,aux210,aux179,aux226,aux173,aux201,aux167,aux239,aux161,aux158,aux192], 15), aux282)
reify(sumgeq([aux188,aux255,aux248,aux235,aux185,aux232,aux210,aux179,aux176,aux204,aux223,aux198,aux252,aux164,aux146], 15), aux283)
reify(sumgeq([aux188,aux255,aux248,aux216,aux185,aux245,aux232,aux210,aux207,aux226,aux173,aux242,aux170,aux195,aux149], 15), aux284)
reify(sumgeq([aux188,aux255,aux235,aux216,aux185,aux182,aux245,aux232,aux229,aux176,aux204,aux201,aux167,aux220,aux152], 15), aux285)
reify(sumgeq([aux188,aux248,aux235,aux216,aux185,aux213,aux182,aux245,aux207,aux226,aux223,aux198,aux239,aux161,aux155], 15), aux286)
reify(sumgeq([aux255,aux248,aux235,aux216,aux185,aux213,aux182,aux229,aux176,aux242,aux170,aux252,aux164,aux158,aux192], 15), aux287)
ineq(aux36,aux189,0)
ineq(aux37,aux217,0)
ineq(aux38,aux236,0)
ineq(aux39,aux249,0)
ineq(aux40,aux256,0)
ineq(aux41,aux257,0)
ineq(aux42,aux258,0)
ineq(aux43,aux259,0)
ineq(aux44,aux260,0)
ineq(aux45,aux261,0)
ineq(aux46,aux262,0)
ineq(aux47,aux263,0)
ineq(aux48,aux264,0)
ineq(aux49,aux265,0)
ineq(aux50,aux266,0)
ineq(aux51,aux267,0)
ineq(aux52,aux268,0)
ineq(aux53,aux269,0)
ineq(aux54,aux270,0)
ineq(aux55,aux271,0)
ineq(aux56,aux272,0)
ineq(aux57,aux273,0)
ineq(aux58,aux274,0)
ineq(aux59,aux275,0)
ineq(aux60,aux276,0)
ineq(aux61,aux277,0)
ineq(aux62,aux278,0)
ineq(aux63,aux279,0)
ineq(aux64,aux280,0)
ineq(aux65,aux281,0)
ineq(aux66,aux282,0)
ineq(aux67,aux283,0)
ineq(aux68,aux284,0)
ineq(aux69,aux285,0)
ineq(aux70,aux286,0)
ineq(aux71,aux287,0)
reify(ineq(board[0, 1],2,-1), aux72)
reify(ineq(board[0, 2],2,-1), aux73)
reify(ineq(board[0, 3],2,-1), aux74)
reify(ineq(board[0, 4],2,-1), aux75)
reify(ineq(board[0, 5],2,-1), aux76)
reify(ineq(board[1, 0],2,-1), aux77)
reify(ineq(board[1, 1],2,-1), aux78)
reify(ineq(board[2, 0],2,-1), aux79)
reify(ineq(board[2, 2],2,-1), aux80)
reify(ineq(board[3, 0],2,-1), aux81)
reify(ineq(board[3, 3],2,-1), aux82)
reify(ineq(board[4, 0],2,-1), aux83)
reify(ineq(board[4, 4],2,-1), aux84)
reify(ineq(board[5, 0],2,-1), aux85)
reify(ineq(board[5, 5],2,-1), aux86)
reify(sumgeq([aux86,aux85,aux84,aux83,aux82,aux81,aux80,aux79,aux78,aux77,aux76,aux75,aux74,aux73,aux72], 15), aux87)
reify(ineq(board[0, 0],2,-1), aux88)
reify(ineq(board[1, 2],2,-1), aux89)
reify(ineq(board[2, 1],2,-1), aux90)
reify(ineq(board[2, 3],2,-1), aux91)
reify(ineq(board[3, 1],2,-1), aux92)
reify(ineq(board[3, 4],2,-1), aux93)
reify(ineq(board[4, 1],2,-1), aux94)
reify(ineq(board[4, 5],2,-1), aux95)
reify(ineq(board[5, 1],2,-1), aux96)
reify(sumgeq([aux96,aux95,aux94,aux93,aux92,aux91,aux90,aux89,aux78,aux77,aux76,aux75,aux74,aux73,aux88], 15), aux97)
reify(ineq(board[1, 3],2,-1), aux98)
reify(ineq(board[2, 4],2,-1), aux99)
reify(ineq(board[3, 2],2,-1), aux100)
reify(ineq(board[3, 5],2,-1), aux101)
reify(ineq(board[4, 2],2,-1), aux102)
reify(ineq(board[5, 2],2,-1), aux103)
reify(sumgeq([aux103,aux102,aux101,aux100,aux99,aux80,aux79,aux98,aux89,aux78,aux76,aux75,aux74,aux72,aux88], 15), aux104)
reify(ineq(board[1, 4],2,-1), aux105)
reify(ineq(board[2, 5],2,-1), aux106)
reify(ineq(board[4, 3],2,-1), aux107)
reify(ineq(board[5, 3],2,-1), aux108)
reify(sumgeq([aux108,aux107,aux82,aux81,aux106,aux91,aux90,aux105,aux98,aux89,aux76,aux75,aux73,aux72,aux88], 15), aux109)
reify(ineq(board[1, 5],2,-1), aux110)
reify(ineq(board[5, 4],2,-1), aux111)
reify(sumgeq([aux111,aux84,aux83,aux93,aux92,aux99,aux80,aux110,aux105,aux98,aux76,aux74,aux73,aux72,aux88], 15), aux112)
reify(sumgeq([aux86,aux85,aux95,aux94,aux101,aux100,aux106,aux91,aux110,aux105,aux75,aux74,aux73,aux72,aux88], 15), aux113)
reify(sumgeq([aux111,aux85,aux107,aux83,aux100,aux81,aux90,aux79,aux110,aux105,aux98,aux89,aux78,aux72,aux88], 15), aux114)
reify(sumgeq([aux86,aux96,aux84,aux94,aux82,aux92,aux80,aux90,aux79,aux110,aux105,aux98,aux89,aux77,aux73,aux72,aux88], 17), aux115)
reify(sumgeq([aux103,aux95,aux102,aux93,aux100,aux81,aux91,aux80,aux90,aux110,aux105,aux98,aux78,aux77,aux74,aux73,aux72], 17), aux116)
reify(sumgeq([aux108,aux107,aux83,aux101,aux82,aux92,aux99,aux91,aux80,aux110,aux105,aux89,aux78,aux77,aux75,aux74,aux73], 17), aux117)
reify(sumgeq([aux111,aux85,aux84,aux94,aux93,aux100,aux106,aux99,aux91,aux110,aux98,aux89,aux78,aux77,aux76,aux75,aux74], 17), aux118)
reify(sumgeq([aux86,aux96,aux95,aux102,aux101,aux82,aux106,aux99,aux105,aux98,aux89,aux78,aux77,aux76,aux75], 15), aux119)
reify(sumgeq([aux108,aux85,aux102,aux83,aux92,aux81,aux106,aux99,aux91,aux80,aux90,aux78,aux77,aux73,aux88], 15), aux120)
reify(sumgeq([aux111,aux96,aux107,aux94,aux100,aux92,aux81,aux106,aux99,aux91,aux80,aux79,aux89,aux78,aux77,aux74,aux72], 17), aux121)
reify(sumgeq([aux86,aux103,aux84,aux102,aux83,aux82,aux100,aux92,aux106,aux99,aux91,aux90,aux79,aux98,aux89,aux78,aux75,aux73,aux88], 19), aux122)
reify(sumgeq([aux108,aux85,aux95,aux107,aux94,aux93,aux82,aux100,aux106,aux99,aux80,aux90,aux79,aux105,aux98,aux89,aux76,aux74,aux72], 19), aux123)
reify(sumgeq([aux111,aux96,aux84,aux102,aux101,aux93,aux82,aux106,aux91,aux80,aux90,aux79,aux110,aux105,aux98,aux75,aux73], 17), aux124)
reify(sumgeq([aux86,aux103,aux95,aux107,aux101,aux93,aux99,aux91,aux80,aux90,aux79,aux110,aux105,aux76,aux74], 15), aux125)
reify(sumgeq([aux103,aux85,aux94,aux83,aux101,aux93,aux82,aux100,aux92,aux90,aux79,aux89,aux77,aux74,aux88], 15), aux126)
reify(sumgeq([aux108,aux96,aux102,aux94,aux83,aux101,aux93,aux82,aux100,aux81,aux80,aux90,aux79,aux98,aux78,aux75,aux72], 17), aux127)
reify(sumgeq([aux111,aux103,aux85,aux107,aux102,aux94,aux101,aux93,aux82,aux92,aux81,aux91,aux80,aux90,aux105,aux89,aux77,aux76,aux73], 19), aux128)
reify(sumgeq([aux86,aux108,aux96,aux84,aux107,aux102,aux101,aux93,aux100,aux92,aux81,aux99,aux91,aux80,aux110,aux98,aux78,aux74,aux88], 19), aux129)
reify(sumgeq([aux111,aux103,aux95,aux84,aux107,aux101,aux82,aux100,aux92,aux81,aux106,aux99,aux91,aux105,aux89,aux75,aux72], 17), aux130)
reify(sumgeq([aux86,aux108,aux95,aux84,aux93,aux82,aux100,aux92,aux81,aux106,aux99,aux110,aux98,aux76,aux73], 15), aux131)
reify(sumgeq([aux96,aux85,aux95,aux84,aux107,aux102,aux94,aux92,aux81,aux80,aux79,aux98,aux77,aux75,aux88], 15), aux132)
reify(sumgeq([aux103,aux96,aux85,aux95,aux84,aux107,aux102,aux83,aux100,aux92,aux81,aux91,aux90,aux105,aux78,aux76,aux72], 17), aux133)
reify(sumgeq([aux108,aux103,aux96,aux95,aux84,aux107,aux94,aux83,aux82,aux100,aux92,aux99,aux80,aux79,aux110,aux89,aux73], 17), aux134)
reify(sumgeq([aux111,aux108,aux103,aux95,aux84,aux102,aux94,aux83,aux93,aux82,aux100,aux106,aux91,aux90,aux98,aux77,aux74], 17), aux135)
reify(sumgeq([aux86,aux111,aux108,aux95,aux107,aux102,aux94,aux83,aux101,aux93,aux82,aux99,aux80,aux105,aux78,aux75,aux88], 17), aux136)
reify(sumgeq([aux86,aux111,aux84,aux107,aux102,aux94,aux83,aux101,aux93,aux106,aux91,aux110,aux89,aux76,aux72], 15), aux137)
reify(sumgeq([aux86,aux111,aux108,aux103,aux96,aux94,aux83,aux100,aux81,aux91,aux79,aux105,aux77,aux76,aux88], 15), aux138)
reify(sumgeq([aux86,aux111,aux108,aux103,aux85,aux102,aux94,aux83,aux82,aux92,aux99,aux90,aux110,aux78,aux72], 15), aux139)
reify(sumgeq([aux86,aux111,aux108,aux96,aux85,aux107,aux102,aux94,aux93,aux100,aux81,aux106,aux80,aux89,aux73], 15), aux140)
reify(sumgeq([aux86,aux111,aux103,aux96,aux85,aux84,aux107,aux102,aux101,aux82,aux92,aux91,aux79,aux98,aux74], 15), aux141)
reify(sumgeq([aux86,aux108,aux103,aux96,aux85,aux95,aux84,aux107,aux93,aux100,aux99,aux90,aux105,aux77,aux75], 15), aux142)
reify(sumgeq([aux111,aux108,aux103,aux96,aux85,aux95,aux84,aux101,aux82,aux106,aux80,aux110,aux78,aux76,aux88], 15), aux143)
ineq(aux0,aux87,0)
ineq(aux1,aux97,0)
ineq(aux2,aux104,0)
ineq(aux3,aux109,0)
ineq(aux4,aux112,0)
ineq(aux5,aux113,0)
ineq(aux6,aux114,0)
ineq(aux7,aux115,0)
ineq(aux8,aux116,0)
ineq(aux9,aux117,0)
ineq(aux10,aux118,0)
ineq(aux11,aux119,0)
ineq(aux12,aux120,0)
ineq(aux13,aux121,0)
ineq(aux14,aux122,0)
ineq(aux15,aux123,0)
ineq(aux16,aux124,0)
ineq(aux17,aux125,0)
ineq(aux18,aux126,0)
ineq(aux19,aux127,0)
ineq(aux20,aux128,0)
ineq(aux21,aux129,0)
ineq(aux22,aux130,0)
ineq(aux23,aux131,0)
ineq(aux24,aux132,0)
ineq(aux25,aux133,0)
ineq(aux26,aux134,0)
ineq(aux27,aux135,0)
ineq(aux28,aux136,0)
ineq(aux29,aux137,0)
ineq(aux30,aux138,0)
ineq(aux31,aux139,0)
ineq(aux32,aux140,0)
ineq(aux33,aux141,0)
ineq(aux34,aux142,0)
ineq(aux35,aux143,0)
reify(eq(2, board[0, 0]), aux36)
reify(eq(2, board[0, 1]), aux37)
reify(eq(2, board[0, 2]), aux38)
reify(eq(2, board[0, 3]), aux39)
reify(eq(2, board[0, 4]), aux40)
reify(eq(2, board[0, 5]), aux41)
reify(eq(2, board[1, 0]), aux42)
reify(eq(2, board[1, 1]), aux43)
reify(eq(2, board[1, 2]), aux44)
reify(eq(2, board[1, 3]), aux45)
reify(eq(2, board[1, 4]), aux46)
reify(eq(2, board[1, 5]), aux47)
reify(eq(2, board[2, 0]), aux48)
reify(eq(2, board[2, 1]), aux49)
reify(eq(2, board[2, 2]), aux50)
reify(eq(2, board[2, 3]), aux51)
reify(eq(2, board[2, 4]), aux52)
reify(eq(2, board[2, 5]), aux53)
reify(eq(2, board[3, 0]), aux54)
reify(eq(2, board[3, 1]), aux55)
reify(eq(2, board[3, 2]), aux56)
reify(eq(2, board[3, 3]), aux57)
reify(eq(2, board[3, 4]), aux58)
reify(eq(2, board[3, 5]), aux59)
reify(eq(2, board[4, 0]), aux60)
reify(eq(2, board[4, 1]), aux61)
reify(eq(2, board[4, 2]), aux62)
reify(eq(2, board[4, 3]), aux63)
reify(eq(2, board[4, 4]), aux64)
reify(eq(2, board[4, 5]), aux65)
reify(eq(2, board[5, 0]), aux66)
reify(eq(2, board[5, 1]), aux67)
reify(eq(2, board[5, 2]), aux68)
reify(eq(2, board[5, 3]), aux69)
reify(eq(2, board[5, 4]), aux70)
reify(eq(2, board[5, 5]), aux71)
sumleq([aux71,aux70,aux69,aux68,aux67,aux66,aux65,aux64,aux63,aux62,aux61,aux60,aux59,aux58,aux57,aux56,aux55,aux54,aux53,aux52,aux51,aux50,aux49,aux48,aux47,aux46,aux45,aux44,aux43,aux42,aux41,aux40,aux39,aux38,aux37,aux36], amountOfQueens)
sumgeq([aux71,aux70,aux69,aux68,aux67,aux66,aux65,aux64,aux63,aux62,aux61,aux60,aux59,aux58,aux57,aux56,aux55,aux54,aux53,aux52,aux51,aux50,aux49,aux48,aux47,aux46,aux45,aux44,aux43,aux42,aux41,aux40,aux39,aux38,aux37,aux36], amountOfQueens)
reify(eq(1, board[0, 0]), aux0)
reify(eq(1, board[0, 1]), aux1)
reify(eq(1, board[0, 2]), aux2)
reify(eq(1, board[0, 3]), aux3)
reify(eq(1, board[0, 4]), aux4)
reify(eq(1, board[0, 5]), aux5)
reify(eq(1, board[1, 0]), aux6)
reify(eq(1, board[1, 1]), aux7)
reify(eq(1, board[1, 2]), aux8)
reify(eq(1, board[1, 3]), aux9)
reify(eq(1, board[1, 4]), aux10)
reify(eq(1, board[1, 5]), aux11)
reify(eq(1, board[2, 0]), aux12)
reify(eq(1, board[2, 1]), aux13)
reify(eq(1, board[2, 2]), aux14)
reify(eq(1, board[2, 3]), aux15)
reify(eq(1, board[2, 4]), aux16)
reify(eq(1, board[2, 5]), aux17)
reify(eq(1, board[3, 0]), aux18)
reify(eq(1, board[3, 1]), aux19)
reify(eq(1, board[3, 2]), aux20)
reify(eq(1, board[3, 3]), aux21)
reify(eq(1, board[3, 4]), aux22)
reify(eq(1, board[3, 5]), aux23)
reify(eq(1, board[4, 0]), aux24)
reify(eq(1, board[4, 1]), aux25)
reify(eq(1, board[4, 2]), aux26)
reify(eq(1, board[4, 3]), aux27)
reify(eq(1, board[4, 4]), aux28)
reify(eq(1, board[4, 5]), aux29)
reify(eq(1, board[5, 0]), aux30)
reify(eq(1, board[5, 1]), aux31)
reify(eq(1, board[5, 2]), aux32)
reify(eq(1, board[5, 3]), aux33)
reify(eq(1, board[5, 4]), aux34)
reify(eq(1, board[5, 5]), aux35)
sumleq([aux35,aux34,aux33,aux32,aux31,aux30,aux29,aux28,aux27,aux26,aux25,aux24,aux23,aux22,aux21,aux20,aux19,aux18,aux17,aux16,aux15,aux14,aux13,aux12,aux11,aux10,aux9,aux8,aux7,aux6,aux5,aux4,aux3,aux2,aux1,aux0], amountOfQueens)
sumgeq([aux35,aux34,aux33,aux32,aux31,aux30,aux29,aux28,aux27,aux26,aux25,aux24,aux23,aux22,aux21,aux20,aux19,aux18,aux17,aux16,aux15,aux14,aux13,aux12,aux11,aux10,aux9,aux8,aux7,aux6,aux5,aux4,aux3,aux2,aux1,aux0], amountOfQueens)

**EOF**
