MINION 3

#This file has been automatically generated by TAILOR v0.2
#bug-reports: andrea@cs.st-and.ac.uk

# amount of common subexpressions used:0
# amount of inferred common subexpressions used:0
# amount of original variables saved (over direct equality):0
# amount of constraints:158
# amount of auxiliary variables: 64

**VARIABLES**
DISCRETE quasiGroup[8,8] {0..7}

# auxiliary variables
DISCRETE aux0 {0..7}
DISCRETE aux1 {0..7}
DISCRETE aux2 {0..7}
DISCRETE aux3 {0..7}
DISCRETE aux4 {0..7}
DISCRETE aux5 {0..7}
DISCRETE aux6 {0..7}
DISCRETE aux7 {0..7}
DISCRETE aux8 {0..7}
DISCRETE aux9 {0..7}
DISCRETE aux10 {0..7}
DISCRETE aux11 {0..7}
DISCRETE aux12 {0..7}
DISCRETE aux13 {0..7}
DISCRETE aux14 {0..7}
DISCRETE aux15 {0..7}
DISCRETE aux16 {0..7}
DISCRETE aux17 {0..7}
DISCRETE aux18 {0..7}
DISCRETE aux19 {0..7}
DISCRETE aux20 {0..7}
DISCRETE aux21 {0..7}
DISCRETE aux22 {0..7}
DISCRETE aux23 {0..7}
DISCRETE aux24 {0..7}
DISCRETE aux25 {0..7}
DISCRETE aux26 {0..7}
DISCRETE aux27 {0..7}
DISCRETE aux28 {0..7}
DISCRETE aux29 {0..7}
DISCRETE aux30 {0..7}
DISCRETE aux31 {0..7}
DISCRETE aux32 {0..7}
DISCRETE aux33 {0..7}
DISCRETE aux34 {0..7}
DISCRETE aux35 {0..7}
DISCRETE aux36 {0..7}
DISCRETE aux37 {0..7}
DISCRETE aux38 {0..7}
DISCRETE aux39 {0..7}
DISCRETE aux40 {0..7}
DISCRETE aux41 {0..7}
DISCRETE aux42 {0..7}
DISCRETE aux43 {0..7}
DISCRETE aux44 {0..7}
DISCRETE aux45 {0..7}
DISCRETE aux46 {0..7}
DISCRETE aux47 {0..7}
DISCRETE aux48 {0..7}
DISCRETE aux49 {0..7}
DISCRETE aux50 {0..7}
DISCRETE aux51 {0..7}
DISCRETE aux52 {0..7}
DISCRETE aux53 {0..7}
DISCRETE aux54 {0..7}
DISCRETE aux55 {0..7}
DISCRETE aux56 {0..7}
DISCRETE aux57 {0..7}
DISCRETE aux58 {0..7}
DISCRETE aux59 {0..7}
DISCRETE aux60 {0..7}
DISCRETE aux61 {0..7}
DISCRETE aux62 {0..7}
DISCRETE aux63 {0..7}

# aliases

**SEARCH**

PRINT [
quasiGroup]

VARORDER [
quasiGroup,
aux0,aux1,aux2,aux3,aux4,aux5,aux6,aux7,
aux8,aux9,aux10,aux11,aux12,aux13,aux14,aux15,
aux16,aux17,aux18,aux19,aux20,aux21,aux22,aux23,
aux24,aux25,aux26,aux27,aux28,aux29,aux30,aux31,
aux32,aux33,aux34,aux35,aux36,aux37,aux38,aux39,
aux40,aux41,aux42,aux43,aux44,aux45,aux46,aux47,
aux48,aux49,aux50,aux51,aux52,aux53,aux54,aux55,
aux56,aux57,aux58,aux59,aux60,aux61,aux62,aux63]


**CONSTRAINTS**

sumgeq([2,quasiGroup[7, 7]], 7)
sumgeq([2,quasiGroup[6, 7]], 6)
sumgeq([2,quasiGroup[5, 7]], 5)
sumgeq([2,quasiGroup[4, 7]], 4)
sumgeq([2,quasiGroup[3, 7]], 3)
sumgeq([2,quasiGroup[2, 7]], 2)
watchelement([quasiGroup[7,_]], quasiGroup[7, 7], aux0)
watchelement([quasiGroup[7,_]], quasiGroup[6, 7], aux1)
watchelement([quasiGroup[7,_]], quasiGroup[5, 7], aux2)
watchelement([quasiGroup[7,_]], quasiGroup[4, 7], aux3)
watchelement([quasiGroup[7,_]], quasiGroup[3, 7], aux4)
watchelement([quasiGroup[7,_]], quasiGroup[2, 7], aux5)
watchelement([quasiGroup[7,_]], quasiGroup[1, 7], aux6)
watchelement([quasiGroup[7,_]], quasiGroup[0, 7], aux7)
watchelement([quasiGroup[_,7]], quasiGroup[7, 7], aux0)
watchelement([quasiGroup[_,6]], quasiGroup[6, 7], aux1)
watchelement([quasiGroup[_,5]], quasiGroup[5, 7], aux2)
watchelement([quasiGroup[_,4]], quasiGroup[4, 7], aux3)
watchelement([quasiGroup[_,3]], quasiGroup[3, 7], aux4)
watchelement([quasiGroup[_,2]], quasiGroup[2, 7], aux5)
watchelement([quasiGroup[_,1]], quasiGroup[1, 7], aux6)
watchelement([quasiGroup[6,_]], quasiGroup[7, 6], aux8)
watchelement([quasiGroup[6,_]], quasiGroup[6, 6], aux9)
watchelement([quasiGroup[6,_]], quasiGroup[5, 6], aux10)
watchelement([quasiGroup[6,_]], quasiGroup[4, 6], aux11)
watchelement([quasiGroup[6,_]], quasiGroup[3, 6], aux12)
watchelement([quasiGroup[6,_]], quasiGroup[2, 6], aux13)
watchelement([quasiGroup[6,_]], quasiGroup[1, 6], aux14)
watchelement([quasiGroup[6,_]], quasiGroup[0, 6], aux15)
watchelement([quasiGroup[_,7]], quasiGroup[7, 6], aux8)
watchelement([quasiGroup[_,6]], quasiGroup[6, 6], aux9)
watchelement([quasiGroup[_,5]], quasiGroup[5, 6], aux10)
watchelement([quasiGroup[_,4]], quasiGroup[4, 6], aux11)
watchelement([quasiGroup[_,3]], quasiGroup[3, 6], aux12)
watchelement([quasiGroup[_,2]], quasiGroup[2, 6], aux13)
watchelement([quasiGroup[_,1]], quasiGroup[1, 6], aux14)
watchelement([quasiGroup[5,_]], quasiGroup[7, 5], aux16)
watchelement([quasiGroup[5,_]], quasiGroup[6, 5], aux17)
watchelement([quasiGroup[5,_]], quasiGroup[5, 5], aux18)
watchelement([quasiGroup[5,_]], quasiGroup[4, 5], aux19)
watchelement([quasiGroup[5,_]], quasiGroup[3, 5], aux20)
watchelement([quasiGroup[5,_]], quasiGroup[2, 5], aux21)
watchelement([quasiGroup[5,_]], quasiGroup[1, 5], aux22)
watchelement([quasiGroup[5,_]], quasiGroup[0, 5], aux23)
watchelement([quasiGroup[_,7]], quasiGroup[7, 5], aux16)
watchelement([quasiGroup[_,6]], quasiGroup[6, 5], aux17)
watchelement([quasiGroup[_,5]], quasiGroup[5, 5], aux18)
watchelement([quasiGroup[_,4]], quasiGroup[4, 5], aux19)
watchelement([quasiGroup[_,3]], quasiGroup[3, 5], aux20)
watchelement([quasiGroup[_,2]], quasiGroup[2, 5], aux21)
watchelement([quasiGroup[_,1]], quasiGroup[1, 5], aux22)
watchelement([quasiGroup[4,_]], quasiGroup[7, 4], aux24)
watchelement([quasiGroup[4,_]], quasiGroup[6, 4], aux25)
watchelement([quasiGroup[4,_]], quasiGroup[5, 4], aux26)
watchelement([quasiGroup[4,_]], quasiGroup[4, 4], aux27)
watchelement([quasiGroup[4,_]], quasiGroup[3, 4], aux28)
watchelement([quasiGroup[4,_]], quasiGroup[2, 4], aux29)
watchelement([quasiGroup[4,_]], quasiGroup[1, 4], aux30)
watchelement([quasiGroup[4,_]], quasiGroup[0, 4], aux31)
watchelement([quasiGroup[_,7]], quasiGroup[7, 4], aux24)
watchelement([quasiGroup[_,6]], quasiGroup[6, 4], aux25)
watchelement([quasiGroup[_,5]], quasiGroup[5, 4], aux26)
watchelement([quasiGroup[_,4]], quasiGroup[4, 4], aux27)
watchelement([quasiGroup[_,3]], quasiGroup[3, 4], aux28)
watchelement([quasiGroup[_,2]], quasiGroup[2, 4], aux29)
watchelement([quasiGroup[_,1]], quasiGroup[1, 4], aux30)
watchelement([quasiGroup[3,_]], quasiGroup[7, 3], aux32)
watchelement([quasiGroup[3,_]], quasiGroup[6, 3], aux33)
watchelement([quasiGroup[3,_]], quasiGroup[5, 3], aux34)
watchelement([quasiGroup[3,_]], quasiGroup[4, 3], aux35)
watchelement([quasiGroup[3,_]], quasiGroup[3, 3], aux36)
watchelement([quasiGroup[3,_]], quasiGroup[2, 3], aux37)
watchelement([quasiGroup[3,_]], quasiGroup[1, 3], aux38)
watchelement([quasiGroup[3,_]], quasiGroup[0, 3], aux39)
watchelement([quasiGroup[_,7]], quasiGroup[7, 3], aux32)
watchelement([quasiGroup[_,6]], quasiGroup[6, 3], aux33)
watchelement([quasiGroup[_,5]], quasiGroup[5, 3], aux34)
watchelement([quasiGroup[_,4]], quasiGroup[4, 3], aux35)
watchelement([quasiGroup[_,3]], quasiGroup[3, 3], aux36)
watchelement([quasiGroup[_,2]], quasiGroup[2, 3], aux37)
watchelement([quasiGroup[_,1]], quasiGroup[1, 3], aux38)
watchelement([quasiGroup[2,_]], quasiGroup[7, 2], aux40)
watchelement([quasiGroup[2,_]], quasiGroup[6, 2], aux41)
watchelement([quasiGroup[2,_]], quasiGroup[5, 2], aux42)
watchelement([quasiGroup[2,_]], quasiGroup[4, 2], aux43)
watchelement([quasiGroup[2,_]], quasiGroup[3, 2], aux44)
watchelement([quasiGroup[2,_]], quasiGroup[2, 2], aux45)
watchelement([quasiGroup[2,_]], quasiGroup[1, 2], aux46)
watchelement([quasiGroup[2,_]], quasiGroup[0, 2], aux47)
watchelement([quasiGroup[_,7]], quasiGroup[7, 2], aux40)
watchelement([quasiGroup[_,6]], quasiGroup[6, 2], aux41)
watchelement([quasiGroup[_,5]], quasiGroup[5, 2], aux42)
watchelement([quasiGroup[_,4]], quasiGroup[4, 2], aux43)
watchelement([quasiGroup[_,3]], quasiGroup[3, 2], aux44)
watchelement([quasiGroup[_,2]], quasiGroup[2, 2], aux45)
watchelement([quasiGroup[_,1]], quasiGroup[1, 2], aux46)
watchelement([quasiGroup[1,_]], quasiGroup[7, 1], aux48)
watchelement([quasiGroup[1,_]], quasiGroup[6, 1], aux49)
watchelement([quasiGroup[1,_]], quasiGroup[5, 1], aux50)
watchelement([quasiGroup[1,_]], quasiGroup[4, 1], aux51)
watchelement([quasiGroup[1,_]], quasiGroup[3, 1], aux52)
watchelement([quasiGroup[1,_]], quasiGroup[2, 1], aux53)
watchelement([quasiGroup[1,_]], quasiGroup[1, 1], aux54)
watchelement([quasiGroup[1,_]], quasiGroup[0, 1], aux55)
watchelement([quasiGroup[_,7]], quasiGroup[7, 1], aux48)
watchelement([quasiGroup[_,6]], quasiGroup[6, 1], aux49)
watchelement([quasiGroup[_,5]], quasiGroup[5, 1], aux50)
watchelement([quasiGroup[_,4]], quasiGroup[4, 1], aux51)
watchelement([quasiGroup[_,3]], quasiGroup[3, 1], aux52)
watchelement([quasiGroup[_,2]], quasiGroup[2, 1], aux53)
watchelement([quasiGroup[_,1]], quasiGroup[1, 1], aux54)
watchelement([quasiGroup[0,_]], quasiGroup[7, 0], aux56)
watchelement([quasiGroup[0,_]], quasiGroup[6, 0], aux57)
watchelement([quasiGroup[0,_]], quasiGroup[5, 0], aux58)
watchelement([quasiGroup[0,_]], quasiGroup[4, 0], aux59)
watchelement([quasiGroup[0,_]], quasiGroup[3, 0], aux60)
watchelement([quasiGroup[0,_]], quasiGroup[2, 0], aux61)
watchelement([quasiGroup[0,_]], quasiGroup[1, 0], aux62)
watchelement([quasiGroup[0,_]], quasiGroup[0, 0], aux63)
watchelement([quasiGroup[_,7]], quasiGroup[7, 0], aux56)
watchelement([quasiGroup[_,6]], quasiGroup[6, 0], aux57)
watchelement([quasiGroup[_,5]], quasiGroup[5, 0], aux58)
watchelement([quasiGroup[_,4]], quasiGroup[4, 0], aux59)
watchelement([quasiGroup[_,3]], quasiGroup[3, 0], aux60)
watchelement([quasiGroup[_,2]], quasiGroup[2, 0], aux61)
watchelement([quasiGroup[_,1]], quasiGroup[1, 0], aux62)
watchelement([quasiGroup[_,0]], quasiGroup[0, 7], aux7)
watchelement([quasiGroup[_,0]], quasiGroup[0, 6], aux15)
watchelement([quasiGroup[_,0]], quasiGroup[0, 5], aux23)
watchelement([quasiGroup[_,0]], quasiGroup[0, 4], aux31)
watchelement([quasiGroup[_,0]], quasiGroup[0, 3], aux39)
watchelement([quasiGroup[_,0]], quasiGroup[0, 2], aux47)
watchelement([quasiGroup[_,0]], quasiGroup[0, 1], aux55)
watchelement([quasiGroup[_,0]], quasiGroup[0, 0], aux63)
alldiff([quasiGroup[_,7]])
alldiff([quasiGroup[_,6]])
alldiff([quasiGroup[_,5]])
alldiff([quasiGroup[_,4]])
alldiff([quasiGroup[_,3]])
alldiff([quasiGroup[_,2]])
alldiff([quasiGroup[_,1]])
alldiff([quasiGroup[_,0]])
eq(7, quasiGroup[7, 7])
eq(6, quasiGroup[6, 6])
eq(5, quasiGroup[5, 5])
eq(4, quasiGroup[4, 4])
eq(3, quasiGroup[3, 3])
eq(2, quasiGroup[2, 2])
eq(1, quasiGroup[1, 1])
eq(0, quasiGroup[0, 0])
alldiff([quasiGroup[7,_]])
alldiff([quasiGroup[6,_]])
alldiff([quasiGroup[5,_]])
alldiff([quasiGroup[4,_]])
alldiff([quasiGroup[3,_]])
alldiff([quasiGroup[2,_]])
alldiff([quasiGroup[1,_]])
alldiff([quasiGroup[0,_]])

**EOF**
