MINION 3

#This file has been automatically generated by TAILOR v0.2
#bug-reports: andrea@cs.st-and.ac.uk

# amount of common subexpressions used:8
# amount of inferred common subexpressions used:56
# amount of original variables saved (over direct equality):0
# amount of constraints:278
# amount of auxiliary variables: 128

**VARIABLES**
DISCRETE quasiGroup[8,8] {0..7}

# auxiliary variables
DISCRETE aux0 {0..7}
DISCRETE aux1 {0..7}
DISCRETE aux2 {0..7}
DISCRETE aux3 {0..7}
DISCRETE aux4 {0..7}
DISCRETE aux5 {0..7}
DISCRETE aux6 {0..7}
DISCRETE aux7 {0..7}
DISCRETE aux8 {0..7}
DISCRETE aux9 {0..7}
DISCRETE aux10 {0..7}
DISCRETE aux11 {0..7}
DISCRETE aux12 {0..7}
DISCRETE aux13 {0..7}
DISCRETE aux14 {0..7}
DISCRETE aux15 {0..7}
DISCRETE aux16 {0..7}
DISCRETE aux17 {0..7}
DISCRETE aux18 {0..7}
DISCRETE aux19 {0..7}
DISCRETE aux20 {0..7}
DISCRETE aux21 {0..7}
DISCRETE aux22 {0..7}
DISCRETE aux23 {0..7}
DISCRETE aux24 {0..7}
DISCRETE aux25 {0..7}
DISCRETE aux26 {0..7}
DISCRETE aux27 {0..7}
DISCRETE aux28 {0..7}
DISCRETE aux29 {0..7}
DISCRETE aux30 {0..7}
DISCRETE aux31 {0..7}
DISCRETE aux32 {0..7}
DISCRETE aux33 {0..7}
DISCRETE aux34 {0..7}
DISCRETE aux35 {0..7}
DISCRETE aux36 {0..7}
DISCRETE aux37 {0..7}
DISCRETE aux38 {0..7}
DISCRETE aux39 {0..7}
DISCRETE aux40 {0..7}
DISCRETE aux41 {0..7}
DISCRETE aux42 {0..7}
DISCRETE aux43 {0..7}
DISCRETE aux44 {0..7}
DISCRETE aux45 {0..7}
DISCRETE aux46 {0..7}
DISCRETE aux47 {0..7}
DISCRETE aux48 {0..7}
DISCRETE aux49 {0..7}
DISCRETE aux50 {0..7}
DISCRETE aux51 {0..7}
DISCRETE aux52 {0..7}
DISCRETE aux53 {0..7}
DISCRETE aux54 {0..7}
DISCRETE aux55 {0..7}
DISCRETE aux56 {0..7}
DISCRETE aux57 {0..7}
DISCRETE aux58 {0..7}
DISCRETE aux59 {0..7}
DISCRETE aux60 {0..7}
DISCRETE aux61 {0..7}
DISCRETE aux62 {0..7}
DISCRETE aux63 {0..7}
BOOL aux64 
BOOL aux65 
BOOL aux66 
BOOL aux67 
BOOL aux68 
BOOL aux69 
BOOL aux70 
BOOL aux71 
BOOL aux72 
BOOL aux73 
BOOL aux74 
BOOL aux75 
BOOL aux76 
BOOL aux77 
BOOL aux78 
BOOL aux79 
BOOL aux80 
BOOL aux81 
BOOL aux82 
BOOL aux83 
BOOL aux84 
BOOL aux85 
BOOL aux86 
BOOL aux87 
BOOL aux88 
BOOL aux89 
BOOL aux90 
BOOL aux91 
BOOL aux92 
BOOL aux93 
BOOL aux94 
BOOL aux95 
BOOL aux96 
BOOL aux97 
BOOL aux98 
BOOL aux99 
BOOL aux100 
BOOL aux101 
BOOL aux102 
BOOL aux103 
BOOL aux104 
BOOL aux105 
BOOL aux106 
BOOL aux107 
BOOL aux108 
BOOL aux109 
BOOL aux110 
BOOL aux111 
BOOL aux112 
BOOL aux113 
BOOL aux114 
BOOL aux115 
BOOL aux116 
BOOL aux117 
BOOL aux118 
BOOL aux119 
BOOL aux120 
BOOL aux121 
BOOL aux122 
BOOL aux123 
BOOL aux124 
BOOL aux125 
BOOL aux126 
BOOL aux127 

# aliases

**SEARCH**

PRINT [
quasiGroup]

VARORDER [
quasiGroup,
aux0,aux1,aux2,aux3,aux4,aux5,aux6,aux7,
aux8,aux9,aux10,aux11,aux12,aux13,aux14,aux15,
aux16,aux17,aux18,aux19,aux20,aux21,aux22,aux23,
aux24,aux25,aux26,aux27,aux28,aux29,aux30,aux31,
aux32,aux33,aux34,aux35,aux36,aux37,aux38,aux39,
aux40,aux41,aux42,aux43,aux44,aux45,aux46,aux47,
aux48,aux49,aux50,aux51,aux52,aux53,aux54,aux55,
aux56,aux57,aux58,aux59,aux60,aux61,aux62,aux63,
aux64,aux65,aux66,aux67,aux68,aux69,aux70,aux71,
aux72,aux73,aux74,aux75,aux76,aux77,aux78,aux79,
aux80,aux81,aux82,aux83,aux84,aux85,aux86,aux87,
aux88,aux89,aux90,aux91,aux92,aux93,aux94,aux95,
aux96,aux97,aux98,aux99,aux100,aux101,aux102,aux103,
aux104,aux105,aux106,aux107,aux108,aux109,aux110,aux111,
aux112,aux113,aux114,aux115,aux116,aux117,aux118,aux119,
aux120,aux121,aux122,aux123,aux124,aux125,aux126,aux127]


**CONSTRAINTS**

sumgeq([2,quasiGroup[7, 7]], 7)
sumgeq([2,quasiGroup[6, 7]], 6)
sumgeq([2,quasiGroup[5, 7]], 5)
sumgeq([2,quasiGroup[4, 7]], 4)
sumgeq([2,quasiGroup[3, 7]], 3)
sumgeq([2,quasiGroup[2, 7]], 2)
reify(eq(7, quasiGroup[7, 7]), aux64)
reify(eq(7, quasiGroup[6, 7]), aux65)
reify(eq(7, quasiGroup[7, 6]), aux65)
reify(eq(7, quasiGroup[5, 7]), aux66)
reify(eq(7, quasiGroup[7, 5]), aux66)
reify(eq(7, quasiGroup[4, 7]), aux67)
reify(eq(7, quasiGroup[7, 4]), aux67)
reify(eq(7, quasiGroup[3, 7]), aux68)
reify(eq(7, quasiGroup[7, 3]), aux68)
reify(eq(7, quasiGroup[2, 7]), aux69)
reify(eq(7, quasiGroup[7, 2]), aux69)
reify(eq(7, quasiGroup[1, 7]), aux70)
reify(eq(7, quasiGroup[7, 1]), aux70)
reify(eq(7, quasiGroup[0, 7]), aux71)
reify(eq(7, quasiGroup[7, 0]), aux71)
reify(eq(6, quasiGroup[6, 7]), aux72)
reify(eq(6, quasiGroup[7, 6]), aux72)
reify(eq(6, quasiGroup[6, 6]), aux73)
reify(eq(6, quasiGroup[5, 6]), aux74)
reify(eq(6, quasiGroup[6, 5]), aux74)
reify(eq(6, quasiGroup[4, 6]), aux75)
reify(eq(6, quasiGroup[6, 4]), aux75)
reify(eq(6, quasiGroup[3, 6]), aux76)
reify(eq(6, quasiGroup[6, 3]), aux76)
reify(eq(6, quasiGroup[2, 6]), aux77)
reify(eq(6, quasiGroup[6, 2]), aux77)
reify(eq(6, quasiGroup[1, 6]), aux78)
reify(eq(6, quasiGroup[6, 1]), aux78)
reify(eq(6, quasiGroup[0, 6]), aux79)
reify(eq(6, quasiGroup[6, 0]), aux79)
reify(eq(5, quasiGroup[5, 7]), aux80)
reify(eq(5, quasiGroup[7, 5]), aux80)
reify(eq(5, quasiGroup[5, 6]), aux81)
reify(eq(5, quasiGroup[6, 5]), aux81)
reify(eq(5, quasiGroup[5, 5]), aux82)
reify(eq(5, quasiGroup[4, 5]), aux83)
reify(eq(5, quasiGroup[5, 4]), aux83)
reify(eq(5, quasiGroup[3, 5]), aux84)
reify(eq(5, quasiGroup[5, 3]), aux84)
reify(eq(5, quasiGroup[2, 5]), aux85)
reify(eq(5, quasiGroup[5, 2]), aux85)
reify(eq(5, quasiGroup[1, 5]), aux86)
reify(eq(5, quasiGroup[5, 1]), aux86)
reify(eq(5, quasiGroup[0, 5]), aux87)
reify(eq(5, quasiGroup[5, 0]), aux87)
reify(eq(4, quasiGroup[4, 7]), aux88)
reify(eq(4, quasiGroup[7, 4]), aux88)
reify(eq(4, quasiGroup[4, 6]), aux89)
reify(eq(4, quasiGroup[6, 4]), aux89)
reify(eq(4, quasiGroup[4, 5]), aux90)
reify(eq(4, quasiGroup[5, 4]), aux90)
reify(eq(4, quasiGroup[4, 4]), aux91)
reify(eq(4, quasiGroup[3, 4]), aux92)
reify(eq(4, quasiGroup[4, 3]), aux92)
reify(eq(4, quasiGroup[2, 4]), aux93)
reify(eq(4, quasiGroup[4, 2]), aux93)
reify(eq(4, quasiGroup[1, 4]), aux94)
reify(eq(4, quasiGroup[4, 1]), aux94)
reify(eq(4, quasiGroup[0, 4]), aux95)
reify(eq(4, quasiGroup[4, 0]), aux95)
reify(eq(3, quasiGroup[3, 7]), aux96)
reify(eq(3, quasiGroup[7, 3]), aux96)
reify(eq(3, quasiGroup[3, 6]), aux97)
reify(eq(3, quasiGroup[6, 3]), aux97)
reify(eq(3, quasiGroup[3, 5]), aux98)
reify(eq(3, quasiGroup[5, 3]), aux98)
reify(eq(3, quasiGroup[3, 4]), aux99)
reify(eq(3, quasiGroup[4, 3]), aux99)
reify(eq(3, quasiGroup[3, 3]), aux100)
reify(eq(3, quasiGroup[2, 3]), aux101)
reify(eq(3, quasiGroup[3, 2]), aux101)
reify(eq(3, quasiGroup[1, 3]), aux102)
reify(eq(3, quasiGroup[3, 1]), aux102)
reify(eq(3, quasiGroup[0, 3]), aux103)
reify(eq(3, quasiGroup[3, 0]), aux103)
reify(eq(2, quasiGroup[2, 7]), aux104)
reify(eq(2, quasiGroup[7, 2]), aux104)
reify(eq(2, quasiGroup[2, 6]), aux105)
reify(eq(2, quasiGroup[6, 2]), aux105)
reify(eq(2, quasiGroup[2, 5]), aux106)
reify(eq(2, quasiGroup[5, 2]), aux106)
reify(eq(2, quasiGroup[2, 4]), aux107)
reify(eq(2, quasiGroup[4, 2]), aux107)
reify(eq(2, quasiGroup[2, 3]), aux108)
reify(eq(2, quasiGroup[3, 2]), aux108)
reify(eq(2, quasiGroup[2, 2]), aux109)
reify(eq(2, quasiGroup[1, 2]), aux110)
reify(eq(2, quasiGroup[2, 1]), aux110)
reify(eq(2, quasiGroup[0, 2]), aux111)
reify(eq(2, quasiGroup[2, 0]), aux111)
reify(eq(1, quasiGroup[1, 7]), aux112)
reify(eq(1, quasiGroup[7, 1]), aux112)
reify(eq(1, quasiGroup[1, 6]), aux113)
reify(eq(1, quasiGroup[6, 1]), aux113)
reify(eq(1, quasiGroup[1, 5]), aux114)
reify(eq(1, quasiGroup[5, 1]), aux114)
reify(eq(1, quasiGroup[1, 4]), aux115)
reify(eq(1, quasiGroup[4, 1]), aux115)
reify(eq(1, quasiGroup[1, 3]), aux116)
reify(eq(1, quasiGroup[3, 1]), aux116)
reify(eq(1, quasiGroup[1, 2]), aux117)
reify(eq(1, quasiGroup[2, 1]), aux117)
reify(eq(1, quasiGroup[1, 1]), aux118)
reify(eq(1, quasiGroup[0, 1]), aux119)
reify(eq(1, quasiGroup[1, 0]), aux119)
reify(eq(0, quasiGroup[0, 7]), aux120)
reify(eq(0, quasiGroup[7, 0]), aux120)
reify(eq(0, quasiGroup[0, 6]), aux121)
reify(eq(0, quasiGroup[6, 0]), aux121)
reify(eq(0, quasiGroup[0, 5]), aux122)
reify(eq(0, quasiGroup[5, 0]), aux122)
reify(eq(0, quasiGroup[0, 4]), aux123)
reify(eq(0, quasiGroup[4, 0]), aux123)
reify(eq(0, quasiGroup[0, 3]), aux124)
reify(eq(0, quasiGroup[3, 0]), aux124)
reify(eq(0, quasiGroup[0, 2]), aux125)
reify(eq(0, quasiGroup[2, 0]), aux125)
reify(eq(0, quasiGroup[0, 1]), aux126)
reify(eq(0, quasiGroup[1, 0]), aux126)
reify(eq(0, quasiGroup[0, 0]), aux127)
eq(7, quasiGroup[7, 7])
eq(6, quasiGroup[6, 6])
eq(5, quasiGroup[5, 5])
eq(4, quasiGroup[4, 4])
eq(3, quasiGroup[3, 3])
eq(2, quasiGroup[2, 2])
eq(1, quasiGroup[1, 1])
eq(0, quasiGroup[0, 0])
watchelement([quasiGroup[_,7]], quasiGroup[7, 7], aux0)
watchelement([quasiGroup[_,6]], quasiGroup[7, 6], aux1)
watchelement([quasiGroup[_,5]], quasiGroup[7, 5], aux2)
watchelement([quasiGroup[_,4]], quasiGroup[7, 4], aux3)
watchelement([quasiGroup[_,3]], quasiGroup[7, 3], aux4)
watchelement([quasiGroup[_,2]], quasiGroup[7, 2], aux5)
watchelement([quasiGroup[_,1]], quasiGroup[7, 1], aux6)
watchelement([quasiGroup[_,0]], quasiGroup[7, 0], aux7)
watchelement([quasiGroup[_,7]], aux0, 7)
watchelement([quasiGroup[_,6]], aux1, 7)
watchelement([quasiGroup[_,5]], aux2, 7)
watchelement([quasiGroup[_,4]], aux3, 7)
watchelement([quasiGroup[_,3]], aux4, 7)
watchelement([quasiGroup[_,2]], aux5, 7)
watchelement([quasiGroup[_,1]], aux6, 7)
watchelement([quasiGroup[_,7]], quasiGroup[6, 7], aux8)
watchelement([quasiGroup[_,6]], quasiGroup[6, 6], aux9)
watchelement([quasiGroup[_,5]], quasiGroup[6, 5], aux10)
watchelement([quasiGroup[_,4]], quasiGroup[6, 4], aux11)
watchelement([quasiGroup[_,3]], quasiGroup[6, 3], aux12)
watchelement([quasiGroup[_,2]], quasiGroup[6, 2], aux13)
watchelement([quasiGroup[_,1]], quasiGroup[6, 1], aux14)
watchelement([quasiGroup[_,0]], quasiGroup[6, 0], aux15)
watchelement([quasiGroup[_,7]], aux8, 6)
watchelement([quasiGroup[_,6]], aux9, 6)
watchelement([quasiGroup[_,5]], aux10, 6)
watchelement([quasiGroup[_,4]], aux11, 6)
watchelement([quasiGroup[_,3]], aux12, 6)
watchelement([quasiGroup[_,2]], aux13, 6)
watchelement([quasiGroup[_,1]], aux14, 6)
watchelement([quasiGroup[_,7]], quasiGroup[5, 7], aux16)
watchelement([quasiGroup[_,6]], quasiGroup[5, 6], aux17)
watchelement([quasiGroup[_,5]], quasiGroup[5, 5], aux18)
watchelement([quasiGroup[_,4]], quasiGroup[5, 4], aux19)
watchelement([quasiGroup[_,3]], quasiGroup[5, 3], aux20)
watchelement([quasiGroup[_,2]], quasiGroup[5, 2], aux21)
watchelement([quasiGroup[_,1]], quasiGroup[5, 1], aux22)
watchelement([quasiGroup[_,0]], quasiGroup[5, 0], aux23)
watchelement([quasiGroup[_,7]], aux16, 5)
watchelement([quasiGroup[_,6]], aux17, 5)
watchelement([quasiGroup[_,5]], aux18, 5)
watchelement([quasiGroup[_,4]], aux19, 5)
watchelement([quasiGroup[_,3]], aux20, 5)
watchelement([quasiGroup[_,2]], aux21, 5)
watchelement([quasiGroup[_,1]], aux22, 5)
watchelement([quasiGroup[_,7]], quasiGroup[4, 7], aux24)
watchelement([quasiGroup[_,6]], quasiGroup[4, 6], aux25)
watchelement([quasiGroup[_,5]], quasiGroup[4, 5], aux26)
watchelement([quasiGroup[_,4]], quasiGroup[4, 4], aux27)
watchelement([quasiGroup[_,3]], quasiGroup[4, 3], aux28)
watchelement([quasiGroup[_,2]], quasiGroup[4, 2], aux29)
watchelement([quasiGroup[_,1]], quasiGroup[4, 1], aux30)
watchelement([quasiGroup[_,0]], quasiGroup[4, 0], aux31)
watchelement([quasiGroup[_,7]], aux24, 4)
watchelement([quasiGroup[_,6]], aux25, 4)
watchelement([quasiGroup[_,5]], aux26, 4)
watchelement([quasiGroup[_,4]], aux27, 4)
watchelement([quasiGroup[_,3]], aux28, 4)
watchelement([quasiGroup[_,2]], aux29, 4)
watchelement([quasiGroup[_,1]], aux30, 4)
watchelement([quasiGroup[_,7]], quasiGroup[3, 7], aux32)
watchelement([quasiGroup[_,6]], quasiGroup[3, 6], aux33)
watchelement([quasiGroup[_,5]], quasiGroup[3, 5], aux34)
watchelement([quasiGroup[_,4]], quasiGroup[3, 4], aux35)
watchelement([quasiGroup[_,3]], quasiGroup[3, 3], aux36)
watchelement([quasiGroup[_,2]], quasiGroup[3, 2], aux37)
watchelement([quasiGroup[_,1]], quasiGroup[3, 1], aux38)
watchelement([quasiGroup[_,0]], quasiGroup[3, 0], aux39)
watchelement([quasiGroup[_,7]], aux32, 3)
watchelement([quasiGroup[_,6]], aux33, 3)
watchelement([quasiGroup[_,5]], aux34, 3)
watchelement([quasiGroup[_,4]], aux35, 3)
watchelement([quasiGroup[_,3]], aux36, 3)
watchelement([quasiGroup[_,2]], aux37, 3)
watchelement([quasiGroup[_,1]], aux38, 3)
watchelement([quasiGroup[_,7]], quasiGroup[2, 7], aux40)
watchelement([quasiGroup[_,6]], quasiGroup[2, 6], aux41)
watchelement([quasiGroup[_,5]], quasiGroup[2, 5], aux42)
watchelement([quasiGroup[_,4]], quasiGroup[2, 4], aux43)
watchelement([quasiGroup[_,3]], quasiGroup[2, 3], aux44)
watchelement([quasiGroup[_,2]], quasiGroup[2, 2], aux45)
watchelement([quasiGroup[_,1]], quasiGroup[2, 1], aux46)
watchelement([quasiGroup[_,0]], quasiGroup[2, 0], aux47)
watchelement([quasiGroup[_,7]], aux40, 2)
watchelement([quasiGroup[_,6]], aux41, 2)
watchelement([quasiGroup[_,5]], aux42, 2)
watchelement([quasiGroup[_,4]], aux43, 2)
watchelement([quasiGroup[_,3]], aux44, 2)
watchelement([quasiGroup[_,2]], aux45, 2)
watchelement([quasiGroup[_,1]], aux46, 2)
watchelement([quasiGroup[_,7]], quasiGroup[1, 7], aux48)
watchelement([quasiGroup[_,6]], quasiGroup[1, 6], aux49)
watchelement([quasiGroup[_,5]], quasiGroup[1, 5], aux50)
watchelement([quasiGroup[_,4]], quasiGroup[1, 4], aux51)
watchelement([quasiGroup[_,3]], quasiGroup[1, 3], aux52)
watchelement([quasiGroup[_,2]], quasiGroup[1, 2], aux53)
watchelement([quasiGroup[_,1]], quasiGroup[1, 1], aux54)
watchelement([quasiGroup[_,0]], quasiGroup[1, 0], aux55)
watchelement([quasiGroup[_,7]], aux48, 1)
watchelement([quasiGroup[_,6]], aux49, 1)
watchelement([quasiGroup[_,5]], aux50, 1)
watchelement([quasiGroup[_,4]], aux51, 1)
watchelement([quasiGroup[_,3]], aux52, 1)
watchelement([quasiGroup[_,2]], aux53, 1)
watchelement([quasiGroup[_,1]], aux54, 1)
watchelement([quasiGroup[_,7]], quasiGroup[0, 7], aux56)
watchelement([quasiGroup[_,6]], quasiGroup[0, 6], aux57)
watchelement([quasiGroup[_,5]], quasiGroup[0, 5], aux58)
watchelement([quasiGroup[_,4]], quasiGroup[0, 4], aux59)
watchelement([quasiGroup[_,3]], quasiGroup[0, 3], aux60)
watchelement([quasiGroup[_,2]], quasiGroup[0, 2], aux61)
watchelement([quasiGroup[_,1]], quasiGroup[0, 1], aux62)
watchelement([quasiGroup[_,0]], quasiGroup[0, 0], aux63)
watchelement([quasiGroup[_,7]], aux56, 0)
watchelement([quasiGroup[_,6]], aux57, 0)
watchelement([quasiGroup[_,5]], aux58, 0)
watchelement([quasiGroup[_,4]], aux59, 0)
watchelement([quasiGroup[_,3]], aux60, 0)
watchelement([quasiGroup[_,2]], aux61, 0)
watchelement([quasiGroup[_,1]], aux62, 0)
watchelement([quasiGroup[_,0]], aux7, 7)
watchelement([quasiGroup[_,0]], aux15, 6)
watchelement([quasiGroup[_,0]], aux23, 5)
watchelement([quasiGroup[_,0]], aux31, 4)
watchelement([quasiGroup[_,0]], aux39, 3)
watchelement([quasiGroup[_,0]], aux47, 2)
watchelement([quasiGroup[_,0]], aux55, 1)
watchelement([quasiGroup[_,0]], aux63, 0)
alldiff([quasiGroup[_,7]])
alldiff([quasiGroup[_,6]])
alldiff([quasiGroup[_,5]])
alldiff([quasiGroup[_,4]])
alldiff([quasiGroup[_,3]])
alldiff([quasiGroup[_,2]])
alldiff([quasiGroup[_,1]])
alldiff([quasiGroup[_,0]])
alldiff([quasiGroup[7,_]])
alldiff([quasiGroup[6,_]])
alldiff([quasiGroup[5,_]])
alldiff([quasiGroup[4,_]])
alldiff([quasiGroup[3,_]])
alldiff([quasiGroup[2,_]])
alldiff([quasiGroup[1,_]])
alldiff([quasiGroup[0,_]])

**EOF**
