MINION 3

#This file has been automatically generated by TAILOR v0.2
#bug-reports: andrea@cs.st-and.ac.uk

# amount of common subexpressions used:1
# amount of inferred common subexpressions used:0
# amount of original variables saved (over direct equality):0
# amount of constraints:29
# amount of auxiliary variables: 5

**VARIABLES**
DISCRETE sokPosn[2] {0..8}
DISCRETE move[1] {-3..3}
DISCRETE crateGoalPosns[2,1] {0..8}

# auxiliary variables
BOOL aux0 
BOOL aux1 
BOOL aux2 
BOOL aux3 
BOOL aux4 

# aliases

**SEARCH**

PRINT [
sokPosn,move,crateGoalPosns]

VARORDER [
sokPosn,move,crateGoalPosns,
aux0,aux1,aux2,aux3,aux4]


**CONSTRAINTS**

eq(5, crateGoalPosns[1, 0])
reify(eq(crateGoalPosns[0, 0], crateGoalPosns[1, 0]), aux2)
watchsumgeq([aux2,aux0], 1)
reify(eq(crateGoalPosns[0, 0], sokPosn[1]), aux0)
reify(sumleq([crateGoalPosns[0, 0],move[0]], crateGoalPosns[1, 0]), aux3)
reify(sumgeq([crateGoalPosns[0, 0],move[0]], crateGoalPosns[1, 0]), aux4)
product(aux3,aux4, aux1)
ineq(aux0,aux1,0)
gacalldiff([crateGoalPosns[0,_]])
gacalldiff([crateGoalPosns[1,_]])
eq(4, crateGoalPosns[0, 0])
sumleq([move[0],sokPosn[0]], sokPosn[1])
sumgeq([move[0],sokPosn[0]], sokPosn[1])
diseq(0, sokPosn[0])
diseq(1, sokPosn[0])
diseq(2, sokPosn[0])
diseq(6, sokPosn[0])
diseq(7, sokPosn[0])
diseq(0, sokPosn[1])
diseq(1, sokPosn[1])
diseq(2, sokPosn[1])
diseq(6, sokPosn[1])
diseq(7, sokPosn[1])
diseq(8, sokPosn[0])
diseq(8, sokPosn[1])
eq(3, sokPosn[0])
diseq(-2, move[0])
diseq(0, move[0])
diseq(2, move[0])

**EOF**
