MINION 3

#This file has been automatically generated by TAILOR v0.2
#bug-reports: andrea@cs.st-and.ac.uk

# amount of common subexpressions used:0
# amount of inferred common subexpressions used:0
# amount of original variables saved (over direct equality):0
# amount of constraints:32
# amount of auxiliary variables: 21

**VARIABLES**
BOOL rings[4,5] 

# auxiliary variables
DISCRETE aux0 {0..20}
BOOL aux1 
BOOL aux2 
BOOL aux3 
BOOL aux4 
BOOL aux5 
BOOL aux6 
BOOL aux7 
BOOL aux8 
BOOL aux9 
BOOL aux10 
BOOL aux11 
BOOL aux12 
BOOL aux13 
BOOL aux14 
BOOL aux15 
BOOL aux16 
DISCRETE aux17 {0..5}
DISCRETE aux18 {0..5}
DISCRETE aux19 {0..5}
DISCRETE aux20 {0..5}

# aliases

**SEARCH**

MINIMISING aux0

PRINT [
rings]

VARORDER [
rings,
aux0,aux1,aux2,aux3,aux4,aux5,aux6,aux7,
aux8,aux9,aux10,aux11,aux12,aux13,aux14,aux15,
aux16,aux17,aux18,aux19,aux20]


**CONSTRAINTS**

sumleq([rings[3, 0],rings[3, 1],rings[3, 2],rings[3, 3],rings[3, 4]], aux17)
sumgeq([rings[3, 0],rings[3, 1],rings[3, 2],rings[3, 3],rings[3, 4]], aux17)
sumleq([rings[2, 0],rings[2, 1],rings[2, 2],rings[2, 3],rings[2, 4]], aux18)
sumgeq([rings[2, 0],rings[2, 1],rings[2, 2],rings[2, 3],rings[2, 4]], aux18)
sumleq([rings[1, 0],rings[1, 1],rings[1, 2],rings[1, 3],rings[1, 4]], aux19)
sumgeq([rings[1, 0],rings[1, 1],rings[1, 2],rings[1, 3],rings[1, 4]], aux19)
sumleq([rings[0, 0],rings[0, 1],rings[0, 2],rings[0, 3],rings[0, 4]], aux20)
sumgeq([rings[0, 0],rings[0, 1],rings[0, 2],rings[0, 3],rings[0, 4]], aux20)
ineq(aux17,1,0)
ineq(aux18,2,0)
ineq(aux19,2,0)
ineq(aux20,3,0)
reify(sumgeq([rings[3, 2],rings[3, 4]], 2), aux1)
reify(sumgeq([rings[2, 2],rings[2, 4]], 2), aux2)
reify(sumgeq([rings[1, 2],rings[1, 4]], 2), aux3)
reify(sumgeq([rings[0, 2],rings[0, 4]], 2), aux4)
reify(sumgeq([rings[3, 1],rings[3, 2]], 2), aux5)
reify(sumgeq([rings[2, 1],rings[2, 2]], 2), aux6)
reify(sumgeq([rings[1, 1],rings[1, 2]], 2), aux7)
reify(sumgeq([rings[0, 1],rings[0, 2]], 2), aux8)
reify(sumgeq([rings[3, 0],rings[3, 3]], 2), aux9)
reify(sumgeq([rings[2, 0],rings[2, 3]], 2), aux10)
reify(sumgeq([rings[1, 0],rings[1, 3]], 2), aux11)
reify(sumgeq([rings[0, 0],rings[0, 3]], 2), aux12)
reify(sumgeq([rings[3, 0],rings[3, 1]], 2), aux13)
reify(sumgeq([rings[2, 0],rings[2, 1]], 2), aux14)
reify(sumgeq([rings[1, 0],rings[1, 1]], 2), aux15)
reify(sumgeq([rings[0, 0],rings[0, 1]], 2), aux16)
sumgeq([aux1,aux2,aux3,aux4], 1)
sumgeq([aux5,aux6,aux7,aux8], 1)
sumgeq([aux10,aux11,aux12,aux9], 1)
sumgeq([aux16,aux15,aux14,aux13], 1)

**EOF**
