MINION 3

#This file has been automatically generated by TAILOR v0.2
#bug-reports: andrea@cs.st-and.ac.uk

# amount of common subexpressions used:0
# amount of inferred common subexpressions used:0
# amount of original variables saved (over direct equality):0
# amount of constraints:100
# amount of auxiliary variables: 0

**VARIABLES**
DISCRETE V0 {0..2}
DISCRETE V1 {0..2}
DISCRETE V2 {0..2}
DISCRETE V3 {0..2}
DISCRETE V4 {0..2}
DISCRETE V5 {0..2}
DISCRETE V6 {0..2}
DISCRETE V7 {0..2}
DISCRETE V8 {0..2}
DISCRETE V9 {0..2}
DISCRETE V10 {0..2}
DISCRETE V11 {0..2}
DISCRETE V12 {0..2}
DISCRETE V13 {0..2}
DISCRETE V14 {0..2}
DISCRETE V15 {0..2}
DISCRETE V16 {0..2}
DISCRETE V17 {0..2}
DISCRETE V18 {0..2}
DISCRETE V19 {0..2}
DISCRETE V20 {0..2}
DISCRETE V21 {0..2}
DISCRETE V22 {0..2}
DISCRETE V23 {0..2}
DISCRETE V24 {0..2}
DISCRETE V25 {0..2}
DISCRETE V26 {0..2}
DISCRETE V27 {0..2}
DISCRETE V28 {0..2}
DISCRETE V29 {0..2}

# aliases

**SEARCH**

PRINT [
[V0],[V1],[V2],[V3],[V4],[V5],[V6],[V7],
[V8],[V9],[V10],[V11],[V12],[V13],[V14],[V15],
[V16],[V17],[V18],[V19],[V20],[V21],[V22],[V23],
[V24],[V25],[V26],[V27],[V28],[V29]]

VARORDER [
V0,V1,V2,V3,V4,V5,V6,V7,
V8,V9,V10,V11,V12,V13,V14,V15,
V16,V17,V18,V19,V20,V21,V22,V23,
V24,V25,V26,V27,V28,V29]


**CONSTRAINTS**

diseq(V28, V29)
diseq(V27, V29)
diseq(V27, V28)
diseq(V26, V29)
diseq(V26, V27)
diseq(V25, V29)
diseq(V25, V27)
diseq(V24, V29)
diseq(V24, V27)
diseq(V23, V29)
diseq(V23, V27)
diseq(V22, V29)
diseq(V22, V27)
diseq(V21, V29)
diseq(V21, V27)
diseq(V20, V29)
diseq(V20, V27)
diseq(V19, V29)
diseq(V19, V27)
diseq(V18, V29)
diseq(V18, V27)
diseq(V17, V28)
diseq(V17, V25)
diseq(V17, V24)
diseq(V17, V23)
diseq(V17, V22)
diseq(V16, V28)
diseq(V16, V26)
diseq(V16, V24)
diseq(V16, V21)
diseq(V16, V20)
diseq(V15, V28)
diseq(V15, V26)
diseq(V15, V25)
diseq(V15, V23)
diseq(V15, V22)
diseq(V14, V28)
diseq(V14, V26)
diseq(V14, V24)
diseq(V14, V20)
diseq(V13, V28)
diseq(V13, V26)
diseq(V13, V24)
diseq(V13, V21)
diseq(V12, V28)
diseq(V12, V25)
diseq(V12, V22)
diseq(V12, V18)
diseq(V11, V28)
diseq(V11, V25)
diseq(V11, V23)
diseq(V11, V19)
diseq(V10, V28)
diseq(V10, V20)
diseq(V10, V18)
diseq(V28, V9)
diseq(V21, V9)
diseq(V19, V9)
diseq(V16, V8)
diseq(V15, V8)
diseq(V14, V8)
diseq(V13, V8)
diseq(V17, V7)
diseq(V15, V7)
diseq(V12, V7)
diseq(V11, V7)
diseq(V7, V8)
diseq(V17, V6)
diseq(V16, V6)
diseq(V14, V6)
diseq(V13, V6)
diseq(V6, V8)
diseq(V6, V7)
diseq(V17, V5)
diseq(V15, V5)
diseq(V11, V5)
diseq(V5, V8)
diseq(V5, V6)
diseq(V17, V4)
diseq(V15, V4)
diseq(V12, V4)
diseq(V4, V8)
diseq(V4, V6)
diseq(V16, V3)
diseq(V13, V3)
diseq(V3, V9)
diseq(V3, V7)
diseq(V3, V4)
diseq(V16, V2)
diseq(V14, V2)
diseq(V10, V2)
diseq(V2, V7)
diseq(V2, V5)
diseq(V1, V11)
diseq(V1, V9)
diseq(V1, V2)
diseq(V0, V12)
diseq(V0, V10)
diseq(V0, V3)
diseq(V0, V1)

**EOF**
