MINION 3

#This file has been automatically generated by TAILOR v0.2
#bug-reports: andrea@cs.st-and.ac.uk

# amount of common subexpressions used:0
# amount of inferred common subexpressions used:0
# amount of original variables saved (over direct equality):0
# amount of constraints:72
# amount of auxiliary variables: 0

**VARIABLES**
DISCRETE V0 {0..3}
DISCRETE V1 {0..3}
DISCRETE V2 {0..3}
DISCRETE V3 {0..3}
DISCRETE V4 {0..3}
DISCRETE V5 {0..3}
DISCRETE V6 {0..3}
DISCRETE V7 {0..3}
DISCRETE V8 {0..3}
DISCRETE V9 {0..3}
DISCRETE V10 {0..3}
DISCRETE V11 {0..3}
DISCRETE V12 {0..3}
DISCRETE V13 {0..3}
DISCRETE V14 {0..3}
DISCRETE V15 {0..3}
DISCRETE V16 {0..3}
DISCRETE V17 {0..3}
DISCRETE V18 {0..3}
DISCRETE V19 {0..3}
DISCRETE V20 {0..3}
DISCRETE V21 {0..3}
DISCRETE V22 {0..3}
DISCRETE V23 {0..3}
DISCRETE V24 {0..3}
DISCRETE V25 {0..3}
DISCRETE V26 {0..3}
DISCRETE V27 {0..3}
DISCRETE V28 {0..3}
DISCRETE V29 {0..3}
DISCRETE V30 {0..3}
DISCRETE V31 {0..3}
DISCRETE V32 {0..3}
DISCRETE V33 {0..3}
DISCRETE V34 {0..3}
DISCRETE V35 {0..3}
DISCRETE V36 {0..3}

# aliases

**SEARCH**

PRINT [
[V0],[V1],[V2],[V3],[V4],[V5],[V6],[V7],
[V8],[V9],[V10],[V11],[V12],[V13],[V14],[V15],
[V16],[V17],[V18],[V19],[V20],[V21],[V22],[V23],
[V24],[V25],[V26],[V27],[V28],[V29],[V30],[V31],
[V32],[V33],[V34],[V35],[V36]]

VARORDER [
V0,V1,V2,V3,V4,V5,V6,V7,
V8,V9,V10,V11,V12,V13,V14,V15,
V16,V17,V18,V19,V20,V21,V22,V23,
V24,V25,V26,V27,V28,V29,V30,V31,
V32,V33,V34,V35,V36]


**CONSTRAINTS**

diseq(V35, V36)
diseq(V34, V36)
diseq(V33, V36)
diseq(V32, V36)
diseq(V31, V36)
diseq(V30, V36)
diseq(V29, V36)
diseq(V28, V36)
diseq(V27, V36)
diseq(V26, V34)
diseq(V26, V33)
diseq(V25, V35)
diseq(V25, V31)
diseq(V24, V35)
diseq(V24, V32)
diseq(V23, V33)
diseq(V23, V29)
diseq(V22, V34)
diseq(V22, V30)
diseq(V21, V31)
diseq(V21, V27)
diseq(V20, V32)
diseq(V20, V28)
diseq(V19, V29)
diseq(V19, V27)
diseq(V18, V30)
diseq(V18, V28)
diseq(V17, V25)
diseq(V17, V24)
diseq(V16, V26)
diseq(V16, V22)
diseq(V15, V26)
diseq(V15, V23)
diseq(V14, V24)
diseq(V14, V20)
diseq(V13, V25)
diseq(V13, V21)
diseq(V12, V22)
diseq(V12, V18)
diseq(V11, V23)
diseq(V11, V19)
diseq(V10, V20)
diseq(V10, V18)
diseq(V9, V21)
diseq(V9, V19)
diseq(V8, V16)
diseq(V8, V15)
diseq(V7, V17)
diseq(V7, V13)
diseq(V7, V8)
diseq(V6, V17)
diseq(V6, V14)
diseq(V6, V8)
diseq(V5, V15)
diseq(V5, V11)
diseq(V5, V6)
diseq(V4, V16)
diseq(V4, V12)
diseq(V4, V7)
diseq(V3, V13)
diseq(V3, V9)
diseq(V3, V4)
diseq(V2, V14)
diseq(V2, V10)
diseq(V2, V5)
diseq(V1, V11)
diseq(V1, V9)
diseq(V1, V2)
diseq(V0, V12)
diseq(V0, V10)
diseq(V0, V3)
diseq(V0, V1)

**EOF**
