MINION 3

#This file has been automatically generated by TAILOR v0.2
#bug-reports: andrea@cs.st-and.ac.uk

# amount of common subexpressions used:0
# amount of inferred common subexpressions used:0
# amount of original variables saved (over direct equality):0
# amount of constraints:321
# amount of auxiliary variables: 2

**VARIABLES**
DISCRETE V0 {1..18}
DISCRETE V1 {1..18}
DISCRETE V2 {1..18}
DISCRETE V3 {1..18}
DISCRETE V4 {1..18}
DISCRETE V5 {1..18}
DISCRETE V6 {1..18}
DISCRETE V7 {1..18}
DISCRETE V8 {1..18}
DISCRETE V9 {1..18}
DISCRETE V10 {1..18}
DISCRETE V11 {1..18}
DISCRETE V12 {1..18}
DISCRETE V13 {1..18}
DISCRETE V14 {1..18}
DISCRETE V15 {1..18}
DISCRETE V16 {1..18}
DISCRETE V17 {1..18}
SPARSEBOUND V18 {-17,-16,-15,-14,-13,-12,-11,-10,-9,-8,-7,-6,-5,-4,-3,-2,-1,1,2,3,4,5,6,7,8,9,10,11,12,13,14,15,16,17}
SPARSEBOUND V19 {-17,-16,-15,-14,-13,-12,-11,-10,-9,-8,-7,-6,-5,-4,-3,-2,-1,1,2,3,4,5,6,7,8,9,10,11,12,13,14,15,16,17}
SPARSEBOUND V20 {-17,-16,-15,-14,-13,-12,-11,-10,-9,-8,-7,-6,-5,-4,-3,-2,-1,1,2,3,4,5,6,7,8,9,10,11,12,13,14,15,16,17}
SPARSEBOUND V21 {-17,-16,-15,-14,-13,-12,-11,-10,-9,-8,-7,-6,-5,-4,-3,-2,-1,1,2,3,4,5,6,7,8,9,10,11,12,13,14,15,16,17}
SPARSEBOUND V22 {-17,-16,-15,-14,-13,-12,-11,-10,-9,-8,-7,-6,-5,-4,-3,-2,-1,1,2,3,4,5,6,7,8,9,10,11,12,13,14,15,16,17}
SPARSEBOUND V23 {-17,-16,-15,-14,-13,-12,-11,-10,-9,-8,-7,-6,-5,-4,-3,-2,-1,1,2,3,4,5,6,7,8,9,10,11,12,13,14,15,16,17}
SPARSEBOUND V24 {-17,-16,-15,-14,-13,-12,-11,-10,-9,-8,-7,-6,-5,-4,-3,-2,-1,1,2,3,4,5,6,7,8,9,10,11,12,13,14,15,16,17}
SPARSEBOUND V25 {-17,-16,-15,-14,-13,-12,-11,-10,-9,-8,-7,-6,-5,-4,-3,-2,-1,1,2,3,4,5,6,7,8,9,10,11,12,13,14,15,16,17}
SPARSEBOUND V26 {-17,-16,-15,-14,-13,-12,-11,-10,-9,-8,-7,-6,-5,-4,-3,-2,-1,1,2,3,4,5,6,7,8,9,10,11,12,13,14,15,16,17}
SPARSEBOUND V27 {-17,-16,-15,-14,-13,-12,-11,-10,-9,-8,-7,-6,-5,-4,-3,-2,-1,1,2,3,4,5,6,7,8,9,10,11,12,13,14,15,16,17}
SPARSEBOUND V28 {-17,-16,-15,-14,-13,-12,-11,-10,-9,-8,-7,-6,-5,-4,-3,-2,-1,1,2,3,4,5,6,7,8,9,10,11,12,13,14,15,16,17}
SPARSEBOUND V29 {-17,-16,-15,-14,-13,-12,-11,-10,-9,-8,-7,-6,-5,-4,-3,-2,-1,1,2,3,4,5,6,7,8,9,10,11,12,13,14,15,16,17}
SPARSEBOUND V30 {-17,-16,-15,-14,-13,-12,-11,-10,-9,-8,-7,-6,-5,-4,-3,-2,-1,1,2,3,4,5,6,7,8,9,10,11,12,13,14,15,16,17}
SPARSEBOUND V31 {-17,-16,-15,-14,-13,-12,-11,-10,-9,-8,-7,-6,-5,-4,-3,-2,-1,1,2,3,4,5,6,7,8,9,10,11,12,13,14,15,16,17}
SPARSEBOUND V32 {-17,-16,-15,-14,-13,-12,-11,-10,-9,-8,-7,-6,-5,-4,-3,-2,-1,1,2,3,4,5,6,7,8,9,10,11,12,13,14,15,16,17}
SPARSEBOUND V33 {-17,-16,-15,-14,-13,-12,-11,-10,-9,-8,-7,-6,-5,-4,-3,-2,-1,1,2,3,4,5,6,7,8,9,10,11,12,13,14,15,16,17}
SPARSEBOUND V34 {-17,-16,-15,-14,-13,-12,-11,-10,-9,-8,-7,-6,-5,-4,-3,-2,-1,1,2,3,4,5,6,7,8,9,10,11,12,13,14,15,16,17}
SPARSEBOUND V35 {-17,-16,-15,-14,-13,-12,-11,-10,-9,-8,-7,-6,-5,-4,-3,-2,-1,1,2,3,4,5,6,7,8,9,10,11,12,13,14,15,16,17}
SPARSEBOUND V36 {-17,-16,-15,-14,-13,-12,-11,-10,-9,-8,-7,-6,-5,-4,-3,-2,-1,1,2,3,4,5,6,7,8,9,10,11,12,13,14,15,16,17}
SPARSEBOUND V37 {-17,-16,-15,-14,-13,-12,-11,-10,-9,-8,-7,-6,-5,-4,-3,-2,-1,1,2,3,4,5,6,7,8,9,10,11,12,13,14,15,16,17}
SPARSEBOUND V38 {-17,-16,-15,-14,-13,-12,-11,-10,-9,-8,-7,-6,-5,-4,-3,-2,-1,1,2,3,4,5,6,7,8,9,10,11,12,13,14,15,16,17}
SPARSEBOUND V39 {-17,-16,-15,-14,-13,-12,-11,-10,-9,-8,-7,-6,-5,-4,-3,-2,-1,1,2,3,4,5,6,7,8,9,10,11,12,13,14,15,16,17}
SPARSEBOUND V40 {-17,-16,-15,-14,-13,-12,-11,-10,-9,-8,-7,-6,-5,-4,-3,-2,-1,1,2,3,4,5,6,7,8,9,10,11,12,13,14,15,16,17}
SPARSEBOUND V41 {-17,-16,-15,-14,-13,-12,-11,-10,-9,-8,-7,-6,-5,-4,-3,-2,-1,1,2,3,4,5,6,7,8,9,10,11,12,13,14,15,16,17}
SPARSEBOUND V42 {-17,-16,-15,-14,-13,-12,-11,-10,-9,-8,-7,-6,-5,-4,-3,-2,-1,1,2,3,4,5,6,7,8,9,10,11,12,13,14,15,16,17}
SPARSEBOUND V43 {-17,-16,-15,-14,-13,-12,-11,-10,-9,-8,-7,-6,-5,-4,-3,-2,-1,1,2,3,4,5,6,7,8,9,10,11,12,13,14,15,16,17}
SPARSEBOUND V44 {-17,-16,-15,-14,-13,-12,-11,-10,-9,-8,-7,-6,-5,-4,-3,-2,-1,1,2,3,4,5,6,7,8,9,10,11,12,13,14,15,16,17}
SPARSEBOUND V45 {-17,-16,-15,-14,-13,-12,-11,-10,-9,-8,-7,-6,-5,-4,-3,-2,-1,1,2,3,4,5,6,7,8,9,10,11,12,13,14,15,16,17}
SPARSEBOUND V46 {-17,-16,-15,-14,-13,-12,-11,-10,-9,-8,-7,-6,-5,-4,-3,-2,-1,1,2,3,4,5,6,7,8,9,10,11,12,13,14,15,16,17}
SPARSEBOUND V47 {-17,-16,-15,-14,-13,-12,-11,-10,-9,-8,-7,-6,-5,-4,-3,-2,-1,1,2,3,4,5,6,7,8,9,10,11,12,13,14,15,16,17}
SPARSEBOUND V48 {-17,-16,-15,-14,-13,-12,-11,-10,-9,-8,-7,-6,-5,-4,-3,-2,-1,1,2,3,4,5,6,7,8,9,10,11,12,13,14,15,16,17}
SPARSEBOUND V49 {-17,-16,-15,-14,-13,-12,-11,-10,-9,-8,-7,-6,-5,-4,-3,-2,-1,1,2,3,4,5,6,7,8,9,10,11,12,13,14,15,16,17}
SPARSEBOUND V50 {-17,-16,-15,-14,-13,-12,-11,-10,-9,-8,-7,-6,-5,-4,-3,-2,-1,1,2,3,4,5,6,7,8,9,10,11,12,13,14,15,16,17}
SPARSEBOUND V51 {-17,-16,-15,-14,-13,-12,-11,-10,-9,-8,-7,-6,-5,-4,-3,-2,-1,1,2,3,4,5,6,7,8,9,10,11,12,13,14,15,16,17}
SPARSEBOUND V52 {-17,-16,-15,-14,-13,-12,-11,-10,-9,-8,-7,-6,-5,-4,-3,-2,-1,1,2,3,4,5,6,7,8,9,10,11,12,13,14,15,16,17}
SPARSEBOUND V53 {-17,-16,-15,-14,-13,-12,-11,-10,-9,-8,-7,-6,-5,-4,-3,-2,-1,1,2,3,4,5,6,7,8,9,10,11,12,13,14,15,16,17}
SPARSEBOUND V54 {-17,-16,-15,-14,-13,-12,-11,-10,-9,-8,-7,-6,-5,-4,-3,-2,-1,1,2,3,4,5,6,7,8,9,10,11,12,13,14,15,16,17}
SPARSEBOUND V55 {-17,-16,-15,-14,-13,-12,-11,-10,-9,-8,-7,-6,-5,-4,-3,-2,-1,1,2,3,4,5,6,7,8,9,10,11,12,13,14,15,16,17}
SPARSEBOUND V56 {-17,-16,-15,-14,-13,-12,-11,-10,-9,-8,-7,-6,-5,-4,-3,-2,-1,1,2,3,4,5,6,7,8,9,10,11,12,13,14,15,16,17}
SPARSEBOUND V57 {-17,-16,-15,-14,-13,-12,-11,-10,-9,-8,-7,-6,-5,-4,-3,-2,-1,1,2,3,4,5,6,7,8,9,10,11,12,13,14,15,16,17}
SPARSEBOUND V58 {-17,-16,-15,-14,-13,-12,-11,-10,-9,-8,-7,-6,-5,-4,-3,-2,-1,1,2,3,4,5,6,7,8,9,10,11,12,13,14,15,16,17}
SPARSEBOUND V59 {-17,-16,-15,-14,-13,-12,-11,-10,-9,-8,-7,-6,-5,-4,-3,-2,-1,1,2,3,4,5,6,7,8,9,10,11,12,13,14,15,16,17}
SPARSEBOUND V60 {-17,-16,-15,-14,-13,-12,-11,-10,-9,-8,-7,-6,-5,-4,-3,-2,-1,1,2,3,4,5,6,7,8,9,10,11,12,13,14,15,16,17}
SPARSEBOUND V61 {-17,-16,-15,-14,-13,-12,-11,-10,-9,-8,-7,-6,-5,-4,-3,-2,-1,1,2,3,4,5,6,7,8,9,10,11,12,13,14,15,16,17}
SPARSEBOUND V62 {-17,-16,-15,-14,-13,-12,-11,-10,-9,-8,-7,-6,-5,-4,-3,-2,-1,1,2,3,4,5,6,7,8,9,10,11,12,13,14,15,16,17}
SPARSEBOUND V63 {-17,-16,-15,-14,-13,-12,-11,-10,-9,-8,-7,-6,-5,-4,-3,-2,-1,1,2,3,4,5,6,7,8,9,10,11,12,13,14,15,16,17}
SPARSEBOUND V64 {-17,-16,-15,-14,-13,-12,-11,-10,-9,-8,-7,-6,-5,-4,-3,-2,-1,1,2,3,4,5,6,7,8,9,10,11,12,13,14,15,16,17}
SPARSEBOUND V65 {-17,-16,-15,-14,-13,-12,-11,-10,-9,-8,-7,-6,-5,-4,-3,-2,-1,1,2,3,4,5,6,7,8,9,10,11,12,13,14,15,16,17}
SPARSEBOUND V66 {-17,-16,-15,-14,-13,-12,-11,-10,-9,-8,-7,-6,-5,-4,-3,-2,-1,1,2,3,4,5,6,7,8,9,10,11,12,13,14,15,16,17}
SPARSEBOUND V67 {-17,-16,-15,-14,-13,-12,-11,-10,-9,-8,-7,-6,-5,-4,-3,-2,-1,1,2,3,4,5,6,7,8,9,10,11,12,13,14,15,16,17}
SPARSEBOUND V68 {-17,-16,-15,-14,-13,-12,-11,-10,-9,-8,-7,-6,-5,-4,-3,-2,-1,1,2,3,4,5,6,7,8,9,10,11,12,13,14,15,16,17}
SPARSEBOUND V69 {-17,-16,-15,-14,-13,-12,-11,-10,-9,-8,-7,-6,-5,-4,-3,-2,-1,1,2,3,4,5,6,7,8,9,10,11,12,13,14,15,16,17}
SPARSEBOUND V70 {-17,-16,-15,-14,-13,-12,-11,-10,-9,-8,-7,-6,-5,-4,-3,-2,-1,1,2,3,4,5,6,7,8,9,10,11,12,13,14,15,16,17}
SPARSEBOUND V71 {-17,-16,-15,-14,-13,-12,-11,-10,-9,-8,-7,-6,-5,-4,-3,-2,-1,1,2,3,4,5,6,7,8,9,10,11,12,13,14,15,16,17}
SPARSEBOUND V72 {-17,-16,-15,-14,-13,-12,-11,-10,-9,-8,-7,-6,-5,-4,-3,-2,-1,1,2,3,4,5,6,7,8,9,10,11,12,13,14,15,16,17}
SPARSEBOUND V73 {-17,-16,-15,-14,-13,-12,-11,-10,-9,-8,-7,-6,-5,-4,-3,-2,-1,1,2,3,4,5,6,7,8,9,10,11,12,13,14,15,16,17}
SPARSEBOUND V74 {-17,-16,-15,-14,-13,-12,-11,-10,-9,-8,-7,-6,-5,-4,-3,-2,-1,1,2,3,4,5,6,7,8,9,10,11,12,13,14,15,16,17}
SPARSEBOUND V75 {-17,-16,-15,-14,-13,-12,-11,-10,-9,-8,-7,-6,-5,-4,-3,-2,-1,1,2,3,4,5,6,7,8,9,10,11,12,13,14,15,16,17}
SPARSEBOUND V76 {-17,-16,-15,-14,-13,-12,-11,-10,-9,-8,-7,-6,-5,-4,-3,-2,-1,1,2,3,4,5,6,7,8,9,10,11,12,13,14,15,16,17}
SPARSEBOUND V77 {-17,-16,-15,-14,-13,-12,-11,-10,-9,-8,-7,-6,-5,-4,-3,-2,-1,1,2,3,4,5,6,7,8,9,10,11,12,13,14,15,16,17}
SPARSEBOUND V78 {-17,-16,-15,-14,-13,-12,-11,-10,-9,-8,-7,-6,-5,-4,-3,-2,-1,1,2,3,4,5,6,7,8,9,10,11,12,13,14,15,16,17}
SPARSEBOUND V79 {-17,-16,-15,-14,-13,-12,-11,-10,-9,-8,-7,-6,-5,-4,-3,-2,-1,1,2,3,4,5,6,7,8,9,10,11,12,13,14,15,16,17}
SPARSEBOUND V80 {-17,-16,-15,-14,-13,-12,-11,-10,-9,-8,-7,-6,-5,-4,-3,-2,-1,1,2,3,4,5,6,7,8,9,10,11,12,13,14,15,16,17}
SPARSEBOUND V81 {-17,-16,-15,-14,-13,-12,-11,-10,-9,-8,-7,-6,-5,-4,-3,-2,-1,1,2,3,4,5,6,7,8,9,10,11,12,13,14,15,16,17}
SPARSEBOUND V82 {-17,-16,-15,-14,-13,-12,-11,-10,-9,-8,-7,-6,-5,-4,-3,-2,-1,1,2,3,4,5,6,7,8,9,10,11,12,13,14,15,16,17}
SPARSEBOUND V83 {-17,-16,-15,-14,-13,-12,-11,-10,-9,-8,-7,-6,-5,-4,-3,-2,-1,1,2,3,4,5,6,7,8,9,10,11,12,13,14,15,16,17}
SPARSEBOUND V84 {-17,-16,-15,-14,-13,-12,-11,-10,-9,-8,-7,-6,-5,-4,-3,-2,-1,1,2,3,4,5,6,7,8,9,10,11,12,13,14,15,16,17}
SPARSEBOUND V85 {-17,-16,-15,-14,-13,-12,-11,-10,-9,-8,-7,-6,-5,-4,-3,-2,-1,1,2,3,4,5,6,7,8,9,10,11,12,13,14,15,16,17}
SPARSEBOUND V86 {-17,-16,-15,-14,-13,-12,-11,-10,-9,-8,-7,-6,-5,-4,-3,-2,-1,1,2,3,4,5,6,7,8,9,10,11,12,13,14,15,16,17}
SPARSEBOUND V87 {-17,-16,-15,-14,-13,-12,-11,-10,-9,-8,-7,-6,-5,-4,-3,-2,-1,1,2,3,4,5,6,7,8,9,10,11,12,13,14,15,16,17}
SPARSEBOUND V88 {-17,-16,-15,-14,-13,-12,-11,-10,-9,-8,-7,-6,-5,-4,-3,-2,-1,1,2,3,4,5,6,7,8,9,10,11,12,13,14,15,16,17}
SPARSEBOUND V89 {-17,-16,-15,-14,-13,-12,-11,-10,-9,-8,-7,-6,-5,-4,-3,-2,-1,1,2,3,4,5,6,7,8,9,10,11,12,13,14,15,16,17}
SPARSEBOUND V90 {-17,-16,-15,-14,-13,-12,-11,-10,-9,-8,-7,-6,-5,-4,-3,-2,-1,1,2,3,4,5,6,7,8,9,10,11,12,13,14,15,16,17}
SPARSEBOUND V91 {-17,-16,-15,-14,-13,-12,-11,-10,-9,-8,-7,-6,-5,-4,-3,-2,-1,1,2,3,4,5,6,7,8,9,10,11,12,13,14,15,16,17}
SPARSEBOUND V92 {-17,-16,-15,-14,-13,-12,-11,-10,-9,-8,-7,-6,-5,-4,-3,-2,-1,1,2,3,4,5,6,7,8,9,10,11,12,13,14,15,16,17}
SPARSEBOUND V93 {-17,-16,-15,-14,-13,-12,-11,-10,-9,-8,-7,-6,-5,-4,-3,-2,-1,1,2,3,4,5,6,7,8,9,10,11,12,13,14,15,16,17}
SPARSEBOUND V94 {-17,-16,-15,-14,-13,-12,-11,-10,-9,-8,-7,-6,-5,-4,-3,-2,-1,1,2,3,4,5,6,7,8,9,10,11,12,13,14,15,16,17}
SPARSEBOUND V95 {-17,-16,-15,-14,-13,-12,-11,-10,-9,-8,-7,-6,-5,-4,-3,-2,-1,1,2,3,4,5,6,7,8,9,10,11,12,13,14,15,16,17}
SPARSEBOUND V96 {-17,-16,-15,-14,-13,-12,-11,-10,-9,-8,-7,-6,-5,-4,-3,-2,-1,1,2,3,4,5,6,7,8,9,10,11,12,13,14,15,16,17}
SPARSEBOUND V97 {-17,-16,-15,-14,-13,-12,-11,-10,-9,-8,-7,-6,-5,-4,-3,-2,-1,1,2,3,4,5,6,7,8,9,10,11,12,13,14,15,16,17}
SPARSEBOUND V98 {-17,-16,-15,-14,-13,-12,-11,-10,-9,-8,-7,-6,-5,-4,-3,-2,-1,1,2,3,4,5,6,7,8,9,10,11,12,13,14,15,16,17}
SPARSEBOUND V99 {-17,-16,-15,-14,-13,-12,-11,-10,-9,-8,-7,-6,-5,-4,-3,-2,-1,1,2,3,4,5,6,7,8,9,10,11,12,13,14,15,16,17}
SPARSEBOUND V100 {-17,-16,-15,-14,-13,-12,-11,-10,-9,-8,-7,-6,-5,-4,-3,-2,-1,1,2,3,4,5,6,7,8,9,10,11,12,13,14,15,16,17}
SPARSEBOUND V101 {-17,-16,-15,-14,-13,-12,-11,-10,-9,-8,-7,-6,-5,-4,-3,-2,-1,1,2,3,4,5,6,7,8,9,10,11,12,13,14,15,16,17}
SPARSEBOUND V102 {-17,-16,-15,-14,-13,-12,-11,-10,-9,-8,-7,-6,-5,-4,-3,-2,-1,1,2,3,4,5,6,7,8,9,10,11,12,13,14,15,16,17}
SPARSEBOUND V103 {-17,-16,-15,-14,-13,-12,-11,-10,-9,-8,-7,-6,-5,-4,-3,-2,-1,1,2,3,4,5,6,7,8,9,10,11,12,13,14,15,16,17}
SPARSEBOUND V104 {-17,-16,-15,-14,-13,-12,-11,-10,-9,-8,-7,-6,-5,-4,-3,-2,-1,1,2,3,4,5,6,7,8,9,10,11,12,13,14,15,16,17}
SPARSEBOUND V105 {-17,-16,-15,-14,-13,-12,-11,-10,-9,-8,-7,-6,-5,-4,-3,-2,-1,1,2,3,4,5,6,7,8,9,10,11,12,13,14,15,16,17}
SPARSEBOUND V106 {-17,-16,-15,-14,-13,-12,-11,-10,-9,-8,-7,-6,-5,-4,-3,-2,-1,1,2,3,4,5,6,7,8,9,10,11,12,13,14,15,16,17}
SPARSEBOUND V107 {-17,-16,-15,-14,-13,-12,-11,-10,-9,-8,-7,-6,-5,-4,-3,-2,-1,1,2,3,4,5,6,7,8,9,10,11,12,13,14,15,16,17}
SPARSEBOUND V108 {-17,-16,-15,-14,-13,-12,-11,-10,-9,-8,-7,-6,-5,-4,-3,-2,-1,1,2,3,4,5,6,7,8,9,10,11,12,13,14,15,16,17}
SPARSEBOUND V109 {-17,-16,-15,-14,-13,-12,-11,-10,-9,-8,-7,-6,-5,-4,-3,-2,-1,1,2,3,4,5,6,7,8,9,10,11,12,13,14,15,16,17}
SPARSEBOUND V110 {-17,-16,-15,-14,-13,-12,-11,-10,-9,-8,-7,-6,-5,-4,-3,-2,-1,1,2,3,4,5,6,7,8,9,10,11,12,13,14,15,16,17}
SPARSEBOUND V111 {-17,-16,-15,-14,-13,-12,-11,-10,-9,-8,-7,-6,-5,-4,-3,-2,-1,1,2,3,4,5,6,7,8,9,10,11,12,13,14,15,16,17}
SPARSEBOUND V112 {-17,-16,-15,-14,-13,-12,-11,-10,-9,-8,-7,-6,-5,-4,-3,-2,-1,1,2,3,4,5,6,7,8,9,10,11,12,13,14,15,16,17}
SPARSEBOUND V113 {-17,-16,-15,-14,-13,-12,-11,-10,-9,-8,-7,-6,-5,-4,-3,-2,-1,1,2,3,4,5,6,7,8,9,10,11,12,13,14,15,16,17}
SPARSEBOUND V114 {-17,-16,-15,-14,-13,-12,-11,-10,-9,-8,-7,-6,-5,-4,-3,-2,-1,1,2,3,4,5,6,7,8,9,10,11,12,13,14,15,16,17}
SPARSEBOUND V115 {-17,-16,-15,-14,-13,-12,-11,-10,-9,-8,-7,-6,-5,-4,-3,-2,-1,1,2,3,4,5,6,7,8,9,10,11,12,13,14,15,16,17}
SPARSEBOUND V116 {-17,-16,-15,-14,-13,-12,-11,-10,-9,-8,-7,-6,-5,-4,-3,-2,-1,1,2,3,4,5,6,7,8,9,10,11,12,13,14,15,16,17}
SPARSEBOUND V117 {-17,-16,-15,-14,-13,-12,-11,-10,-9,-8,-7,-6,-5,-4,-3,-2,-1,1,2,3,4,5,6,7,8,9,10,11,12,13,14,15,16,17}
SPARSEBOUND V118 {-17,-16,-15,-14,-13,-12,-11,-10,-9,-8,-7,-6,-5,-4,-3,-2,-1,1,2,3,4,5,6,7,8,9,10,11,12,13,14,15,16,17}
SPARSEBOUND V119 {-17,-16,-15,-14,-13,-12,-11,-10,-9,-8,-7,-6,-5,-4,-3,-2,-1,1,2,3,4,5,6,7,8,9,10,11,12,13,14,15,16,17}
SPARSEBOUND V120 {-17,-16,-15,-14,-13,-12,-11,-10,-9,-8,-7,-6,-5,-4,-3,-2,-1,1,2,3,4,5,6,7,8,9,10,11,12,13,14,15,16,17}
SPARSEBOUND V121 {-17,-16,-15,-14,-13,-12,-11,-10,-9,-8,-7,-6,-5,-4,-3,-2,-1,1,2,3,4,5,6,7,8,9,10,11,12,13,14,15,16,17}
SPARSEBOUND V122 {-17,-16,-15,-14,-13,-12,-11,-10,-9,-8,-7,-6,-5,-4,-3,-2,-1,1,2,3,4,5,6,7,8,9,10,11,12,13,14,15,16,17}
SPARSEBOUND V123 {-17,-16,-15,-14,-13,-12,-11,-10,-9,-8,-7,-6,-5,-4,-3,-2,-1,1,2,3,4,5,6,7,8,9,10,11,12,13,14,15,16,17}
SPARSEBOUND V124 {-17,-16,-15,-14,-13,-12,-11,-10,-9,-8,-7,-6,-5,-4,-3,-2,-1,1,2,3,4,5,6,7,8,9,10,11,12,13,14,15,16,17}
SPARSEBOUND V125 {-17,-16,-15,-14,-13,-12,-11,-10,-9,-8,-7,-6,-5,-4,-3,-2,-1,1,2,3,4,5,6,7,8,9,10,11,12,13,14,15,16,17}
SPARSEBOUND V126 {-17,-16,-15,-14,-13,-12,-11,-10,-9,-8,-7,-6,-5,-4,-3,-2,-1,1,2,3,4,5,6,7,8,9,10,11,12,13,14,15,16,17}
SPARSEBOUND V127 {-17,-16,-15,-14,-13,-12,-11,-10,-9,-8,-7,-6,-5,-4,-3,-2,-1,1,2,3,4,5,6,7,8,9,10,11,12,13,14,15,16,17}
SPARSEBOUND V128 {-17,-16,-15,-14,-13,-12,-11,-10,-9,-8,-7,-6,-5,-4,-3,-2,-1,1,2,3,4,5,6,7,8,9,10,11,12,13,14,15,16,17}
SPARSEBOUND V129 {-17,-16,-15,-14,-13,-12,-11,-10,-9,-8,-7,-6,-5,-4,-3,-2,-1,1,2,3,4,5,6,7,8,9,10,11,12,13,14,15,16,17}
SPARSEBOUND V130 {-17,-16,-15,-14,-13,-12,-11,-10,-9,-8,-7,-6,-5,-4,-3,-2,-1,1,2,3,4,5,6,7,8,9,10,11,12,13,14,15,16,17}
SPARSEBOUND V131 {-17,-16,-15,-14,-13,-12,-11,-10,-9,-8,-7,-6,-5,-4,-3,-2,-1,1,2,3,4,5,6,7,8,9,10,11,12,13,14,15,16,17}
SPARSEBOUND V132 {-17,-16,-15,-14,-13,-12,-11,-10,-9,-8,-7,-6,-5,-4,-3,-2,-1,1,2,3,4,5,6,7,8,9,10,11,12,13,14,15,16,17}
SPARSEBOUND V133 {-17,-16,-15,-14,-13,-12,-11,-10,-9,-8,-7,-6,-5,-4,-3,-2,-1,1,2,3,4,5,6,7,8,9,10,11,12,13,14,15,16,17}
SPARSEBOUND V134 {-17,-16,-15,-14,-13,-12,-11,-10,-9,-8,-7,-6,-5,-4,-3,-2,-1,1,2,3,4,5,6,7,8,9,10,11,12,13,14,15,16,17}
SPARSEBOUND V135 {-17,-16,-15,-14,-13,-12,-11,-10,-9,-8,-7,-6,-5,-4,-3,-2,-1,1,2,3,4,5,6,7,8,9,10,11,12,13,14,15,16,17}
SPARSEBOUND V136 {-17,-16,-15,-14,-13,-12,-11,-10,-9,-8,-7,-6,-5,-4,-3,-2,-1,1,2,3,4,5,6,7,8,9,10,11,12,13,14,15,16,17}
SPARSEBOUND V137 {-17,-16,-15,-14,-13,-12,-11,-10,-9,-8,-7,-6,-5,-4,-3,-2,-1,1,2,3,4,5,6,7,8,9,10,11,12,13,14,15,16,17}
SPARSEBOUND V138 {-17,-16,-15,-14,-13,-12,-11,-10,-9,-8,-7,-6,-5,-4,-3,-2,-1,1,2,3,4,5,6,7,8,9,10,11,12,13,14,15,16,17}
SPARSEBOUND V139 {-17,-16,-15,-14,-13,-12,-11,-10,-9,-8,-7,-6,-5,-4,-3,-2,-1,1,2,3,4,5,6,7,8,9,10,11,12,13,14,15,16,17}
SPARSEBOUND V140 {-17,-16,-15,-14,-13,-12,-11,-10,-9,-8,-7,-6,-5,-4,-3,-2,-1,1,2,3,4,5,6,7,8,9,10,11,12,13,14,15,16,17}
SPARSEBOUND V141 {-17,-16,-15,-14,-13,-12,-11,-10,-9,-8,-7,-6,-5,-4,-3,-2,-1,1,2,3,4,5,6,7,8,9,10,11,12,13,14,15,16,17}
SPARSEBOUND V142 {-17,-16,-15,-14,-13,-12,-11,-10,-9,-8,-7,-6,-5,-4,-3,-2,-1,1,2,3,4,5,6,7,8,9,10,11,12,13,14,15,16,17}
SPARSEBOUND V143 {-17,-16,-15,-14,-13,-12,-11,-10,-9,-8,-7,-6,-5,-4,-3,-2,-1,1,2,3,4,5,6,7,8,9,10,11,12,13,14,15,16,17}
SPARSEBOUND V144 {-17,-16,-15,-14,-13,-12,-11,-10,-9,-8,-7,-6,-5,-4,-3,-2,-1,1,2,3,4,5,6,7,8,9,10,11,12,13,14,15,16,17}
SPARSEBOUND V145 {-17,-16,-15,-14,-13,-12,-11,-10,-9,-8,-7,-6,-5,-4,-3,-2,-1,1,2,3,4,5,6,7,8,9,10,11,12,13,14,15,16,17}
SPARSEBOUND V146 {-17,-16,-15,-14,-13,-12,-11,-10,-9,-8,-7,-6,-5,-4,-3,-2,-1,1,2,3,4,5,6,7,8,9,10,11,12,13,14,15,16,17}
SPARSEBOUND V147 {-17,-16,-15,-14,-13,-12,-11,-10,-9,-8,-7,-6,-5,-4,-3,-2,-1,1,2,3,4,5,6,7,8,9,10,11,12,13,14,15,16,17}
SPARSEBOUND V148 {-17,-16,-15,-14,-13,-12,-11,-10,-9,-8,-7,-6,-5,-4,-3,-2,-1,1,2,3,4,5,6,7,8,9,10,11,12,13,14,15,16,17}
SPARSEBOUND V149 {-17,-16,-15,-14,-13,-12,-11,-10,-9,-8,-7,-6,-5,-4,-3,-2,-1,1,2,3,4,5,6,7,8,9,10,11,12,13,14,15,16,17}
SPARSEBOUND V150 {-17,-16,-15,-14,-13,-12,-11,-10,-9,-8,-7,-6,-5,-4,-3,-2,-1,1,2,3,4,5,6,7,8,9,10,11,12,13,14,15,16,17}
SPARSEBOUND V151 {-17,-16,-15,-14,-13,-12,-11,-10,-9,-8,-7,-6,-5,-4,-3,-2,-1,1,2,3,4,5,6,7,8,9,10,11,12,13,14,15,16,17}
SPARSEBOUND V152 {-17,-16,-15,-14,-13,-12,-11,-10,-9,-8,-7,-6,-5,-4,-3,-2,-1,1,2,3,4,5,6,7,8,9,10,11,12,13,14,15,16,17}
SPARSEBOUND V153 {-17,-16,-15,-14,-13,-12,-11,-10,-9,-8,-7,-6,-5,-4,-3,-2,-1,1,2,3,4,5,6,7,8,9,10,11,12,13,14,15,16,17}
SPARSEBOUND V154 {-17,-16,-15,-14,-13,-12,-11,-10,-9,-8,-7,-6,-5,-4,-3,-2,-1,1,2,3,4,5,6,7,8,9,10,11,12,13,14,15,16,17}
SPARSEBOUND V155 {-17,-16,-15,-14,-13,-12,-11,-10,-9,-8,-7,-6,-5,-4,-3,-2,-1,1,2,3,4,5,6,7,8,9,10,11,12,13,14,15,16,17}
SPARSEBOUND V156 {-17,-16,-15,-14,-13,-12,-11,-10,-9,-8,-7,-6,-5,-4,-3,-2,-1,1,2,3,4,5,6,7,8,9,10,11,12,13,14,15,16,17}
SPARSEBOUND V157 {-17,-16,-15,-14,-13,-12,-11,-10,-9,-8,-7,-6,-5,-4,-3,-2,-1,1,2,3,4,5,6,7,8,9,10,11,12,13,14,15,16,17}
SPARSEBOUND V158 {-17,-16,-15,-14,-13,-12,-11,-10,-9,-8,-7,-6,-5,-4,-3,-2,-1,1,2,3,4,5,6,7,8,9,10,11,12,13,14,15,16,17}
SPARSEBOUND V159 {-17,-16,-15,-14,-13,-12,-11,-10,-9,-8,-7,-6,-5,-4,-3,-2,-1,1,2,3,4,5,6,7,8,9,10,11,12,13,14,15,16,17}
SPARSEBOUND V160 {-17,-16,-15,-14,-13,-12,-11,-10,-9,-8,-7,-6,-5,-4,-3,-2,-1,1,2,3,4,5,6,7,8,9,10,11,12,13,14,15,16,17}
SPARSEBOUND V161 {-17,-16,-15,-14,-13,-12,-11,-10,-9,-8,-7,-6,-5,-4,-3,-2,-1,1,2,3,4,5,6,7,8,9,10,11,12,13,14,15,16,17}
SPARSEBOUND V162 {-17,-16,-15,-14,-13,-12,-11,-10,-9,-8,-7,-6,-5,-4,-3,-2,-1,1,2,3,4,5,6,7,8,9,10,11,12,13,14,15,16,17}
SPARSEBOUND V163 {-17,-16,-15,-14,-13,-12,-11,-10,-9,-8,-7,-6,-5,-4,-3,-2,-1,1,2,3,4,5,6,7,8,9,10,11,12,13,14,15,16,17}
SPARSEBOUND V164 {-17,-16,-15,-14,-13,-12,-11,-10,-9,-8,-7,-6,-5,-4,-3,-2,-1,1,2,3,4,5,6,7,8,9,10,11,12,13,14,15,16,17}
SPARSEBOUND V165 {-17,-16,-15,-14,-13,-12,-11,-10,-9,-8,-7,-6,-5,-4,-3,-2,-1,1,2,3,4,5,6,7,8,9,10,11,12,13,14,15,16,17}
SPARSEBOUND V166 {-17,-16,-15,-14,-13,-12,-11,-10,-9,-8,-7,-6,-5,-4,-3,-2,-1,1,2,3,4,5,6,7,8,9,10,11,12,13,14,15,16,17}
SPARSEBOUND V167 {-17,-16,-15,-14,-13,-12,-11,-10,-9,-8,-7,-6,-5,-4,-3,-2,-1,1,2,3,4,5,6,7,8,9,10,11,12,13,14,15,16,17}

# auxiliary variables
DISCRETE aux0 {-17..17}
DISCRETE aux1 {-17..17}

# aliases

**SEARCH**

PRINT [
[V0],[V1],[V2],[V3],[V4],[V5],[V6],[V7],
[V8],[V9],[V10],[V11],[V12],[V13],[V14],[V15],
[V16],[V17],[V18],[V19],[V20],[V21],[V22],[V23],
[V24],[V25],[V26],[V27],[V28],[V29],[V30],[V31],
[V32],[V33],[V34],[V35],[V36],[V37],[V38],[V39],
[V40],[V41],[V42],[V43],[V44],[V45],[V46],[V47],
[V48],[V49],[V50],[V51],[V52],[V53],[V54],[V55],
[V56],[V57],[V58],[V59],[V60],[V61],[V62],[V63],
[V64],[V65],[V66],[V67],[V68],[V69],[V70],[V71],
[V72],[V73],[V74],[V75],[V76],[V77],[V78],[V79],
[V80],[V81],[V82],[V83],[V84],[V85],[V86],[V87],
[V88],[V89],[V90],[V91],[V92],[V93],[V94],[V95],
[V96],[V97],[V98],[V99],[V100],[V101],[V102],[V103],
[V104],[V105],[V106],[V107],[V108],[V109],[V110],[V111],
[V112],[V113],[V114],[V115],[V116],[V117],[V118],[V119],
[V120],[V121],[V122],[V123],[V124],[V125],[V126],[V127],
[V128],[V129],[V130],[V131],[V132],[V133],[V134],[V135],
[V136],[V137],[V138],[V139],[V140],[V141],[V142],[V143],
[V144],[V145],[V146],[V147],[V148],[V149],[V150],[V151],
[V152],[V153],[V154],[V155],[V156],[V157],[V158],[V159],
[V160],[V161],[V162],[V163],[V164],[V165],[V166],[V167]]

VARORDER [
V0,V1,V2,V3,V4,V5,V6,V7,
V8,V9,V10,V11,V12,V13,V14,V15,
V16,V17,V18,V19,V20,V21,V22,V23,
V24,V25,V26,V27,V28,V29,V30,V31,
V32,V33,V34,V35,V36,V37,V38,V39,
V40,V41,V42,V43,V44,V45,V46,V47,
V48,V49,V50,V51,V52,V53,V54,V55,
V56,V57,V58,V59,V60,V61,V62,V63,
V64,V65,V66,V67,V68,V69,V70,V71,
V72,V73,V74,V75,V76,V77,V78,V79,
V80,V81,V82,V83,V84,V85,V86,V87,
V88,V89,V90,V91,V92,V93,V94,V95,
V96,V97,V98,V99,V100,V101,V102,V103,
V104,V105,V106,V107,V108,V109,V110,V111,
V112,V113,V114,V115,V116,V117,V118,V119,
V120,V121,V122,V123,V124,V125,V126,V127,
V128,V129,V130,V131,V132,V133,V134,V135,
V136,V137,V138,V139,V140,V141,V142,V143,
V144,V145,V146,V147,V148,V149,V150,V151,
V152,V153,V154,V155,V156,V157,V158,V159,
V160,V161,V162,V163,V164,V165,V166,V167,
aux0,aux1]


**CONSTRAINTS**

weightedsumgeq([1,-1], [V0,V16], aux0)
weightedsumleq([1,-1], [V0,V16], aux0)
weightedsumgeq([1,-1], [V1,V17], aux1)
weightedsumleq([1,-1], [V1,V17], aux1)
diseq(aux1, aux0)
alldiff([ V165, V166, V167])
weightedsumgeq([1,-1], [V2,V17], V167)
weightedsumleq([1,-1], [V2,V17], V167)
weightedsumgeq([1,-1], [V1,V16], V166)
weightedsumleq([1,-1], [V1,V16], V166)
weightedsumgeq([1,-1], [V0,V15], V165)
weightedsumleq([1,-1], [V0,V15], V165)
alldiff([ V161, V162, V163, V164])
weightedsumgeq([1,-1], [V3,V17], V164)
weightedsumleq([1,-1], [V3,V17], V164)
weightedsumgeq([1,-1], [V2,V16], V163)
weightedsumleq([1,-1], [V2,V16], V163)
weightedsumgeq([1,-1], [V1,V15], V162)
weightedsumleq([1,-1], [V1,V15], V162)
weightedsumgeq([1,-1], [V0,V14], V161)
weightedsumleq([1,-1], [V0,V14], V161)
alldiff([ V156, V157, V158, V159, V160])
weightedsumgeq([1,-1], [V4,V17], V160)
weightedsumleq([1,-1], [V4,V17], V160)
weightedsumgeq([1,-1], [V3,V16], V159)
weightedsumleq([1,-1], [V3,V16], V159)
weightedsumgeq([1,-1], [V2,V15], V158)
weightedsumleq([1,-1], [V2,V15], V158)
weightedsumgeq([1,-1], [V1,V14], V157)
weightedsumleq([1,-1], [V1,V14], V157)
weightedsumgeq([1,-1], [V0,V13], V156)
weightedsumleq([1,-1], [V0,V13], V156)
alldiff([ V150, V151, V152, V153, V154, V155])
weightedsumgeq([1,-1], [V5,V17], V155)
weightedsumleq([1,-1], [V5,V17], V155)
weightedsumgeq([1,-1], [V4,V16], V154)
weightedsumleq([1,-1], [V4,V16], V154)
weightedsumgeq([1,-1], [V3,V15], V153)
weightedsumleq([1,-1], [V3,V15], V153)
weightedsumgeq([1,-1], [V2,V14], V152)
weightedsumleq([1,-1], [V2,V14], V152)
weightedsumgeq([1,-1], [V1,V13], V151)
weightedsumleq([1,-1], [V1,V13], V151)
weightedsumgeq([1,-1], [V0,V12], V150)
weightedsumleq([1,-1], [V0,V12], V150)
alldiff([ V143, V144, V145, V146, V147, V148, V149])
weightedsumgeq([1,-1], [V6,V17], V149)
weightedsumleq([1,-1], [V6,V17], V149)
weightedsumgeq([1,-1], [V5,V16], V148)
weightedsumleq([1,-1], [V5,V16], V148)
weightedsumgeq([1,-1], [V4,V15], V147)
weightedsumleq([1,-1], [V4,V15], V147)
weightedsumgeq([1,-1], [V3,V14], V146)
weightedsumleq([1,-1], [V3,V14], V146)
weightedsumgeq([1,-1], [V2,V13], V145)
weightedsumleq([1,-1], [V2,V13], V145)
weightedsumgeq([1,-1], [V1,V12], V144)
weightedsumleq([1,-1], [V1,V12], V144)
weightedsumgeq([1,-1], [V0,V11], V143)
weightedsumleq([1,-1], [V0,V11], V143)
alldiff([ V135, V136, V137, V138, V139, V140, V141, V142])
weightedsumgeq([1,-1], [V7,V17], V142)
weightedsumleq([1,-1], [V7,V17], V142)
weightedsumgeq([1,-1], [V6,V16], V141)
weightedsumleq([1,-1], [V6,V16], V141)
weightedsumgeq([1,-1], [V5,V15], V140)
weightedsumleq([1,-1], [V5,V15], V140)
weightedsumgeq([1,-1], [V4,V14], V139)
weightedsumleq([1,-1], [V4,V14], V139)
weightedsumgeq([1,-1], [V3,V13], V138)
weightedsumleq([1,-1], [V3,V13], V138)
weightedsumgeq([1,-1], [V2,V12], V137)
weightedsumleq([1,-1], [V2,V12], V137)
weightedsumgeq([1,-1], [V1,V11], V136)
weightedsumleq([1,-1], [V1,V11], V136)
weightedsumgeq([1,-1], [V0,V10], V135)
weightedsumleq([1,-1], [V0,V10], V135)
alldiff([ V126, V127, V128, V129, V130, V131, V132, V133, V134])
weightedsumgeq([1,-1], [V8,V17], V134)
weightedsumleq([1,-1], [V8,V17], V134)
weightedsumgeq([1,-1], [V7,V16], V133)
weightedsumleq([1,-1], [V7,V16], V133)
weightedsumgeq([1,-1], [V6,V15], V132)
weightedsumleq([1,-1], [V6,V15], V132)
weightedsumgeq([1,-1], [V5,V14], V131)
weightedsumleq([1,-1], [V5,V14], V131)
weightedsumgeq([1,-1], [V4,V13], V130)
weightedsumleq([1,-1], [V4,V13], V130)
weightedsumgeq([1,-1], [V3,V12], V129)
weightedsumleq([1,-1], [V3,V12], V129)
weightedsumgeq([1,-1], [V2,V11], V128)
weightedsumleq([1,-1], [V2,V11], V128)
weightedsumgeq([1,-1], [V1,V10], V127)
weightedsumleq([1,-1], [V1,V10], V127)
weightedsumgeq([1,-1], [V0,V9], V126)
weightedsumleq([1,-1], [V0,V9], V126)
alldiff([ V116, V117, V118, V119, V120, V121, V122, V123, V124, V125])
weightedsumgeq([1,-1], [V9,V17], V125)
weightedsumleq([1,-1], [V9,V17], V125)
weightedsumgeq([1,-1], [V8,V16], V124)
weightedsumleq([1,-1], [V8,V16], V124)
weightedsumgeq([1,-1], [V7,V15], V123)
weightedsumleq([1,-1], [V7,V15], V123)
weightedsumgeq([1,-1], [V6,V14], V122)
weightedsumleq([1,-1], [V6,V14], V122)
weightedsumgeq([1,-1], [V5,V13], V121)
weightedsumleq([1,-1], [V5,V13], V121)
weightedsumgeq([1,-1], [V4,V12], V120)
weightedsumleq([1,-1], [V4,V12], V120)
weightedsumgeq([1,-1], [V3,V11], V119)
weightedsumleq([1,-1], [V3,V11], V119)
weightedsumgeq([1,-1], [V2,V10], V118)
weightedsumleq([1,-1], [V2,V10], V118)
weightedsumgeq([1,-1], [V1,V9], V117)
weightedsumleq([1,-1], [V1,V9], V117)
weightedsumgeq([1,-1], [V0,V8], V116)
weightedsumleq([1,-1], [V0,V8], V116)
alldiff([ V105, V106, V107, V108, V109, V110, V111, V112, V113, V114, V115])
weightedsumgeq([1,-1], [V10,V17], V115)
weightedsumleq([1,-1], [V10,V17], V115)
weightedsumgeq([1,-1], [V9,V16], V114)
weightedsumleq([1,-1], [V9,V16], V114)
weightedsumgeq([1,-1], [V8,V15], V113)
weightedsumleq([1,-1], [V8,V15], V113)
weightedsumgeq([1,-1], [V7,V14], V112)
weightedsumleq([1,-1], [V7,V14], V112)
weightedsumgeq([1,-1], [V6,V13], V111)
weightedsumleq([1,-1], [V6,V13], V111)
weightedsumgeq([1,-1], [V5,V12], V110)
weightedsumleq([1,-1], [V5,V12], V110)
weightedsumgeq([1,-1], [V4,V11], V109)
weightedsumleq([1,-1], [V4,V11], V109)
weightedsumgeq([1,-1], [V3,V10], V108)
weightedsumleq([1,-1], [V3,V10], V108)
weightedsumgeq([1,-1], [V2,V9], V107)
weightedsumleq([1,-1], [V2,V9], V107)
weightedsumgeq([1,-1], [V1,V8], V106)
weightedsumleq([1,-1], [V1,V8], V106)
weightedsumgeq([1,-1], [V0,V7], V105)
weightedsumleq([1,-1], [V0,V7], V105)
alldiff([ V93, V94, V95, V96, V97, V98, V99, V100, V101, V102, V103, V104])
weightedsumgeq([1,-1], [V11,V17], V104)
weightedsumleq([1,-1], [V11,V17], V104)
weightedsumgeq([1,-1], [V10,V16], V103)
weightedsumleq([1,-1], [V10,V16], V103)
weightedsumgeq([1,-1], [V9,V15], V102)
weightedsumleq([1,-1], [V9,V15], V102)
weightedsumgeq([1,-1], [V8,V14], V101)
weightedsumleq([1,-1], [V8,V14], V101)
weightedsumgeq([1,-1], [V7,V13], V100)
weightedsumleq([1,-1], [V7,V13], V100)
weightedsumgeq([1,-1], [V6,V12], V99)
weightedsumleq([1,-1], [V6,V12], V99)
weightedsumgeq([1,-1], [V5,V11], V98)
weightedsumleq([1,-1], [V5,V11], V98)
weightedsumgeq([1,-1], [V4,V10], V97)
weightedsumleq([1,-1], [V4,V10], V97)
weightedsumgeq([1,-1], [V3,V9], V96)
weightedsumleq([1,-1], [V3,V9], V96)
weightedsumgeq([1,-1], [V2,V8], V95)
weightedsumleq([1,-1], [V2,V8], V95)
weightedsumgeq([1,-1], [V1,V7], V94)
weightedsumleq([1,-1], [V1,V7], V94)
weightedsumgeq([1,-1], [V0,V6], V93)
weightedsumleq([1,-1], [V0,V6], V93)
alldiff([ V80, V81, V82, V83, V84, V85, V86, V87, V88, V89, V90, V91, V92])
weightedsumgeq([1,-1], [V12,V17], V92)
weightedsumleq([1,-1], [V12,V17], V92)
weightedsumgeq([1,-1], [V11,V16], V91)
weightedsumleq([1,-1], [V11,V16], V91)
weightedsumgeq([1,-1], [V10,V15], V90)
weightedsumleq([1,-1], [V10,V15], V90)
weightedsumgeq([1,-1], [V9,V14], V89)
weightedsumleq([1,-1], [V9,V14], V89)
weightedsumgeq([1,-1], [V8,V13], V88)
weightedsumleq([1,-1], [V8,V13], V88)
weightedsumgeq([1,-1], [V7,V12], V87)
weightedsumleq([1,-1], [V7,V12], V87)
weightedsumgeq([1,-1], [V6,V11], V86)
weightedsumleq([1,-1], [V6,V11], V86)
weightedsumgeq([1,-1], [V5,V10], V85)
weightedsumleq([1,-1], [V5,V10], V85)
weightedsumgeq([1,-1], [V4,V9], V84)
weightedsumleq([1,-1], [V4,V9], V84)
weightedsumgeq([1,-1], [V3,V8], V83)
weightedsumleq([1,-1], [V3,V8], V83)
weightedsumgeq([1,-1], [V2,V7], V82)
weightedsumleq([1,-1], [V2,V7], V82)
weightedsumgeq([1,-1], [V1,V6], V81)
weightedsumleq([1,-1], [V1,V6], V81)
weightedsumgeq([1,-1], [V0,V5], V80)
weightedsumleq([1,-1], [V0,V5], V80)
alldiff([ V66, V67, V68, V69, V70, V71, V72, V73, V74, V75, V76, V77, V78, V79])
weightedsumgeq([1,-1], [V13,V17], V79)
weightedsumleq([1,-1], [V13,V17], V79)
weightedsumgeq([1,-1], [V12,V16], V78)
weightedsumleq([1,-1], [V12,V16], V78)
weightedsumgeq([1,-1], [V11,V15], V77)
weightedsumleq([1,-1], [V11,V15], V77)
weightedsumgeq([1,-1], [V10,V14], V76)
weightedsumleq([1,-1], [V10,V14], V76)
weightedsumgeq([1,-1], [V9,V13], V75)
weightedsumleq([1,-1], [V9,V13], V75)
weightedsumgeq([1,-1], [V8,V12], V74)
weightedsumleq([1,-1], [V8,V12], V74)
weightedsumgeq([1,-1], [V7,V11], V73)
weightedsumleq([1,-1], [V7,V11], V73)
weightedsumgeq([1,-1], [V6,V10], V72)
weightedsumleq([1,-1], [V6,V10], V72)
weightedsumgeq([1,-1], [V5,V9], V71)
weightedsumleq([1,-1], [V5,V9], V71)
weightedsumgeq([1,-1], [V4,V8], V70)
weightedsumleq([1,-1], [V4,V8], V70)
weightedsumgeq([1,-1], [V3,V7], V69)
weightedsumleq([1,-1], [V3,V7], V69)
weightedsumgeq([1,-1], [V2,V6], V68)
weightedsumleq([1,-1], [V2,V6], V68)
weightedsumgeq([1,-1], [V1,V5], V67)
weightedsumleq([1,-1], [V1,V5], V67)
weightedsumgeq([1,-1], [V0,V4], V66)
weightedsumleq([1,-1], [V0,V4], V66)
alldiff([ V51, V52, V53, V54, V55, V56, V57, V58, V59, V60, V61, V62, V63, V64, V65])
weightedsumgeq([1,-1], [V14,V17], V65)
weightedsumleq([1,-1], [V14,V17], V65)
weightedsumgeq([1,-1], [V13,V16], V64)
weightedsumleq([1,-1], [V13,V16], V64)
weightedsumgeq([1,-1], [V12,V15], V63)
weightedsumleq([1,-1], [V12,V15], V63)
weightedsumgeq([1,-1], [V11,V14], V62)
weightedsumleq([1,-1], [V11,V14], V62)
weightedsumgeq([1,-1], [V10,V13], V61)
weightedsumleq([1,-1], [V10,V13], V61)
weightedsumgeq([1,-1], [V9,V12], V60)
weightedsumleq([1,-1], [V9,V12], V60)
weightedsumgeq([1,-1], [V8,V11], V59)
weightedsumleq([1,-1], [V8,V11], V59)
weightedsumgeq([1,-1], [V7,V10], V58)
weightedsumleq([1,-1], [V7,V10], V58)
weightedsumgeq([1,-1], [V6,V9], V57)
weightedsumleq([1,-1], [V6,V9], V57)
weightedsumgeq([1,-1], [V5,V8], V56)
weightedsumleq([1,-1], [V5,V8], V56)
weightedsumgeq([1,-1], [V4,V7], V55)
weightedsumleq([1,-1], [V4,V7], V55)
weightedsumgeq([1,-1], [V3,V6], V54)
weightedsumleq([1,-1], [V3,V6], V54)
weightedsumgeq([1,-1], [V2,V5], V53)
weightedsumleq([1,-1], [V2,V5], V53)
weightedsumgeq([1,-1], [V1,V4], V52)
weightedsumleq([1,-1], [V1,V4], V52)
weightedsumgeq([1,-1], [V0,V3], V51)
weightedsumleq([1,-1], [V0,V3], V51)
alldiff([ V35, V36, V37, V38, V39, V40, V41, V42, V43, V44, V45, V46, V47, V48, V49, V50])
weightedsumgeq([1,-1], [V15,V17], V50)
weightedsumleq([1,-1], [V15,V17], V50)
weightedsumgeq([1,-1], [V14,V16], V49)
weightedsumleq([1,-1], [V14,V16], V49)
weightedsumgeq([1,-1], [V13,V15], V48)
weightedsumleq([1,-1], [V13,V15], V48)
weightedsumgeq([1,-1], [V12,V14], V47)
weightedsumleq([1,-1], [V12,V14], V47)
weightedsumgeq([1,-1], [V11,V13], V46)
weightedsumleq([1,-1], [V11,V13], V46)
weightedsumgeq([1,-1], [V10,V12], V45)
weightedsumleq([1,-1], [V10,V12], V45)
weightedsumgeq([1,-1], [V9,V11], V44)
weightedsumleq([1,-1], [V9,V11], V44)
weightedsumgeq([1,-1], [V8,V10], V43)
weightedsumleq([1,-1], [V8,V10], V43)
weightedsumgeq([1,-1], [V7,V9], V42)
weightedsumleq([1,-1], [V7,V9], V42)
weightedsumgeq([1,-1], [V6,V8], V41)
weightedsumleq([1,-1], [V6,V8], V41)
weightedsumgeq([1,-1], [V5,V7], V40)
weightedsumleq([1,-1], [V5,V7], V40)
weightedsumgeq([1,-1], [V4,V6], V39)
weightedsumleq([1,-1], [V4,V6], V39)
weightedsumgeq([1,-1], [V3,V5], V38)
weightedsumleq([1,-1], [V3,V5], V38)
weightedsumgeq([1,-1], [V2,V4], V37)
weightedsumleq([1,-1], [V2,V4], V37)
weightedsumgeq([1,-1], [V1,V3], V36)
weightedsumleq([1,-1], [V1,V3], V36)
weightedsumgeq([1,-1], [V0,V2], V35)
weightedsumleq([1,-1], [V0,V2], V35)
alldiff([ V18, V19, V20, V21, V22, V23, V24, V25, V26, V27, V28, V29, V30, V31, V32, V33, V34])
weightedsumgeq([1,-1], [V16,V17], V34)
weightedsumleq([1,-1], [V16,V17], V34)
weightedsumgeq([1,-1], [V15,V16], V33)
weightedsumleq([1,-1], [V15,V16], V33)
weightedsumgeq([1,-1], [V14,V15], V32)
weightedsumleq([1,-1], [V14,V15], V32)
weightedsumgeq([1,-1], [V13,V14], V31)
weightedsumleq([1,-1], [V13,V14], V31)
weightedsumgeq([1,-1], [V12,V13], V30)
weightedsumleq([1,-1], [V12,V13], V30)
weightedsumgeq([1,-1], [V11,V12], V29)
weightedsumleq([1,-1], [V11,V12], V29)
weightedsumgeq([1,-1], [V10,V11], V28)
weightedsumleq([1,-1], [V10,V11], V28)
weightedsumgeq([1,-1], [V9,V10], V27)
weightedsumleq([1,-1], [V9,V10], V27)
weightedsumgeq([1,-1], [V8,V9], V26)
weightedsumleq([1,-1], [V8,V9], V26)
weightedsumgeq([1,-1], [V7,V8], V25)
weightedsumleq([1,-1], [V7,V8], V25)
weightedsumgeq([1,-1], [V6,V7], V24)
weightedsumleq([1,-1], [V6,V7], V24)
weightedsumgeq([1,-1], [V5,V6], V23)
weightedsumleq([1,-1], [V5,V6], V23)
weightedsumgeq([1,-1], [V4,V5], V22)
weightedsumleq([1,-1], [V4,V5], V22)
weightedsumgeq([1,-1], [V3,V4], V21)
weightedsumleq([1,-1], [V3,V4], V21)
weightedsumgeq([1,-1], [V2,V3], V20)
weightedsumleq([1,-1], [V2,V3], V20)
weightedsumgeq([1,-1], [V1,V2], V19)
weightedsumleq([1,-1], [V1,V2], V19)
weightedsumgeq([1,-1], [V0,V1], V18)
weightedsumleq([1,-1], [V0,V1], V18)
alldiff([ V0, V1, V2, V3, V4, V5, V6, V7, V8, V9, V10, V11, V12, V13, V14, V15, V16, V17])

**EOF**
