MINION 3

#This file has been automatically generated by TAILOR v0.2
#bug-reports: andrea@cs.st-and.ac.uk

# amount of common subexpressions used:14
# amount of inferred common subexpressions used:0
# amount of original variables saved (over direct equality):0
# amount of constraints:241
# amount of auxiliary variables: 186

**VARIABLES**
DISCRETE V0 {0..25}
DISCRETE V1 {0..25}
DISCRETE V2 {0..25}
DISCRETE V3 {0..25}
DISCRETE V4 {0..25}
DISCRETE V5 {0..25}
DISCRETE V6 {0..25}
DISCRETE V7 {0..25}
DISCRETE V8 {0..25}
DISCRETE V9 {0..25}
DISCRETE V10 {0..25}
DISCRETE V11 {0..25}
DISCRETE V12 {0..25}
DISCRETE V13 {0..25}
DISCRETE V14 {0..25}
DISCRETE V15 {0..25}
DISCRETE V16 {0..25}
DISCRETE V17 {0..25}
DISCRETE V18 {0..25}
DISCRETE V19 {0..25}
DISCRETE V20 {0..25}
DISCRETE V21 {0..25}
DISCRETE V22 {0..25}
DISCRETE V23 {0..25}
DISCRETE V24 {0..25}

# auxiliary variables
BOOL aux0 
BOOL aux1 
BOOL aux2 
BOOL aux3 
BOOL aux4 
BOOL aux5 
BOOL aux6 
BOOL aux7 
BOOL aux8 
BOOL aux9 
BOOL aux10 
BOOL aux11 
BOOL aux12 
BOOL aux13 
BOOL aux14 
BOOL aux15 
BOOL aux16 
BOOL aux17 
BOOL aux18 
BOOL aux19 
BOOL aux20 
BOOL aux21 
BOOL aux22 
BOOL aux23 
BOOL aux24 
BOOL aux25 
BOOL aux26 
BOOL aux27 
BOOL aux28 
BOOL aux29 
BOOL aux30 
BOOL aux31 
BOOL aux32 
BOOL aux33 
BOOL aux34 
BOOL aux35 
BOOL aux36 
BOOL aux37 
BOOL aux38 
BOOL aux39 
BOOL aux40 
BOOL aux41 
BOOL aux42 
BOOL aux43 
BOOL aux44 
BOOL aux45 
BOOL aux46 
BOOL aux47 
BOOL aux48 
BOOL aux49 
BOOL aux50 
BOOL aux51 
BOOL aux52 
BOOL aux53 
BOOL aux54 
BOOL aux55 
BOOL aux56 
BOOL aux57 
BOOL aux58 
BOOL aux59 
BOOL aux60 
BOOL aux61 
BOOL aux62 
BOOL aux63 
BOOL aux64 
BOOL aux65 
BOOL aux66 
BOOL aux67 
BOOL aux68 
BOOL aux69 
BOOL aux70 
BOOL aux71 
BOOL aux72 
BOOL aux73 
BOOL aux74 
BOOL aux75 
BOOL aux76 
BOOL aux77 
BOOL aux78 
BOOL aux79 
BOOL aux80 
BOOL aux81 
BOOL aux82 
BOOL aux83 
BOOL aux84 
BOOL aux85 
BOOL aux86 
BOOL aux87 
BOOL aux88 
BOOL aux89 
BOOL aux90 
BOOL aux91 
BOOL aux92 
BOOL aux93 
BOOL aux94 
BOOL aux95 
BOOL aux96 
BOOL aux97 
BOOL aux98 
BOOL aux99 
BOOL aux100 
BOOL aux101 
BOOL aux102 
BOOL aux103 
BOOL aux104 
BOOL aux105 
BOOL aux106 
BOOL aux107 
BOOL aux108 
BOOL aux109 
BOOL aux110 
BOOL aux111 
BOOL aux112 
BOOL aux113 
BOOL aux114 
BOOL aux115 
BOOL aux116 
BOOL aux117 
BOOL aux118 
BOOL aux119 
BOOL aux120 
BOOL aux121 
BOOL aux122 
BOOL aux123 
BOOL aux124 
BOOL aux125 
BOOL aux126 
BOOL aux127 
BOOL aux128 
BOOL aux129 
BOOL aux130 
BOOL aux131 
BOOL aux132 
BOOL aux133 
BOOL aux134 
BOOL aux135 
BOOL aux136 
BOOL aux137 
BOOL aux138 
BOOL aux139 
BOOL aux140 
BOOL aux141 
BOOL aux142 
BOOL aux143 
BOOL aux144 
BOOL aux145 
BOOL aux146 
BOOL aux147 
BOOL aux148 
BOOL aux149 
BOOL aux150 
BOOL aux151 
BOOL aux152 
BOOL aux153 
BOOL aux154 
BOOL aux155 
BOOL aux156 
BOOL aux157 
BOOL aux158 
BOOL aux159 
BOOL aux160 
BOOL aux161 
BOOL aux162 
BOOL aux163 
BOOL aux164 
BOOL aux165 
BOOL aux166 
BOOL aux167 
BOOL aux168 
BOOL aux169 
BOOL aux170 
BOOL aux171 
BOOL aux172 
BOOL aux173 
BOOL aux174 
BOOL aux175 
BOOL aux176 
BOOL aux177 
BOOL aux178 
BOOL aux179 
BOOL aux180 
BOOL aux181 
BOOL aux182 
BOOL aux183 
BOOL aux184 
BOOL aux185 

# aliases

**SEARCH**

PRINT [
[V0],[V1],[V2],[V3],[V4],[V5],[V6],[V7],
[V8],[V9],[V10],[V11],[V12],[V13],[V14],[V15],
[V16],[V17],[V18],[V19],[V20],[V21],[V22],[V23],
[V24]]

VARORDER [
V0,V1,V2,V3,V4,V5,V6,V7,
V8,V9,V10,V11,V12,V13,V14,V15,
V16,V17,V18,V19,V20,V21,V22,V23,
V24,
aux0,aux1,aux2,aux3,aux4,aux5,aux6,aux7,
aux8,aux9,aux10,aux11,aux12,aux13,aux14,aux15,
aux16,aux17,aux18,aux19,aux20,aux21,aux22,aux23,
aux24,aux25,aux26,aux27,aux28,aux29,aux30,aux31,
aux32,aux33,aux34,aux35,aux36,aux37,aux38,aux39,
aux40,aux41,aux42,aux43,aux44,aux45,aux46,aux47,
aux48,aux49,aux50,aux51,aux52,aux53,aux54,aux55,
aux56,aux57,aux58,aux59,aux60,aux61,aux62,aux63,
aux64,aux65,aux66,aux67,aux68,aux69,aux70,aux71,
aux72,aux73,aux74,aux75,aux76,aux77,aux78,aux79,
aux80,aux81,aux82,aux83,aux84,aux85,aux86,aux87,
aux88,aux89,aux90,aux91,aux92,aux93,aux94,aux95,
aux96,aux97,aux98,aux99,aux100,aux101,aux102,aux103,
aux104,aux105,aux106,aux107,aux108,aux109,aux110,aux111,
aux112,aux113,aux114,aux115,aux116,aux117,aux118,aux119,
aux120,aux121,aux122,aux123,aux124,aux125,aux126,aux127,
aux128,aux129,aux130,aux131,aux132,aux133,aux134,aux135,
aux136,aux137,aux138,aux139,aux140,aux141,aux142,aux143,
aux144,aux145,aux146,aux147,aux148,aux149,aux150,aux151,
aux152,aux153,aux154,aux155,aux156,aux157,aux158,aux159,
aux160,aux161,aux162,aux163,aux164,aux165,aux166,aux167,
aux168,aux169,aux170,aux171,aux172,aux173,aux174,aux175,
aux176,aux177,aux178,aux179,aux180,aux181,aux182,aux183,
aux184,aux185]


**CONSTRAINTS**

reify(diseq(V8, V9), aux181)
reify(diseq(V3, V4), aux182)
reify(diseq(V23, V24), aux183)
reify(diseq(V18, V19), aux184)
reify(diseq(V13, V14), aux185)
sumgeq([aux185,aux184,aux183,aux182,aux181], 1)
reify(diseq(V7, V9), aux176)
reify(diseq(V22, V24), aux177)
reify(diseq(V2, V4), aux178)
reify(diseq(V17, V19), aux179)
reify(diseq(V12, V14), aux180)
sumgeq([aux180,aux179,aux178,aux177,aux176], 1)
reify(diseq(V7, V8), aux171)
reify(diseq(V22, V23), aux172)
reify(diseq(V2, V3), aux173)
reify(diseq(V17, V18), aux174)
reify(diseq(V12, V13), aux175)
sumgeq([aux175,aux174,aux173,aux172,aux171], 1)
reify(diseq(V6, V9), aux166)
reify(diseq(V21, V24), aux167)
reify(diseq(V16, V19), aux168)
reify(diseq(V11, V14), aux169)
reify(diseq(V1, V4), aux170)
sumgeq([aux170,aux169,aux168,aux167,aux166], 1)
reify(diseq(V6, V8), aux161)
reify(diseq(V21, V23), aux162)
reify(diseq(V16, V18), aux163)
reify(diseq(V11, V13), aux164)
reify(diseq(V1, V3), aux165)
sumgeq([aux165,aux164,aux163,aux162,aux161], 1)
reify(diseq(V6, V7), aux156)
reify(diseq(V21, V22), aux157)
reify(diseq(V16, V17), aux158)
reify(diseq(V11, V12), aux159)
reify(diseq(V1, V2), aux160)
sumgeq([aux160,aux159,aux158,aux157,aux156], 1)
reify(diseq(V5, V9), aux151)
reify(diseq(V20, V24), aux152)
reify(diseq(V15, V19), aux153)
reify(diseq(V10, V14), aux154)
reify(diseq(V0, V4), aux155)
sumgeq([aux155,aux154,aux153,aux152,aux151], 1)
reify(diseq(V5, V8), aux146)
reify(diseq(V20, V23), aux147)
reify(diseq(V15, V18), aux148)
reify(diseq(V10, V13), aux149)
reify(diseq(V0, V3), aux150)
sumgeq([aux150,aux149,aux148,aux147,aux146], 1)
reify(diseq(V5, V7), aux141)
reify(diseq(V20, V22), aux142)
reify(diseq(V15, V17), aux143)
reify(diseq(V10, V12), aux144)
reify(diseq(V0, V2), aux145)
sumgeq([aux145,aux144,aux143,aux142,aux141], 1)
reify(diseq(V5, V6), aux136)
reify(diseq(V20, V21), aux137)
reify(diseq(V15, V16), aux138)
reify(diseq(V10, V11), aux139)
reify(diseq(V0, V1), aux140)
sumgeq([aux140,aux139,aux138,aux137,aux136], 1)
sumgeq([aux90,aux116,aux20,aux58], 1)
reify(diseq(V21, V8), aux133)
reify(diseq(V20, V3), aux134)
reify(diseq(V13, V22), aux135)
sumgeq([aux135,aux117,aux134,aux133], 1)
reify(diseq(V21, V7), aux129)
reify(diseq(V2, V20), aux130)
reify(diseq(V17, V24), aux131)
reify(diseq(V12, V23), aux132)
sumgeq([aux132,aux131,aux130,aux129], 1)
reify(diseq(V22, V6), aux125)
reify(diseq(V16, V24), aux126)
reify(diseq(V11, V23), aux127)
reify(diseq(V1, V20), aux128)
sumgeq([aux128,aux127,aux126,aux125], 1)
reify(diseq(V22, V5), aux121)
reify(diseq(V15, V24), aux122)
reify(diseq(V10, V23), aux123)
reify(diseq(V0, V21), aux124)
sumgeq([aux124,aux123,aux122,aux121], 1)
reify(diseq(V18, V24), aux117)
reify(diseq(V16, V9), aux118)
reify(diseq(V15, V4), aux119)
reify(diseq(V14, V17), aux120)
sumgeq([aux120,aux119,aux118,aux117], 1)
reify(diseq(V19, V23), aux116)
sumgeq([aux91,aux21,aux59,aux116], 1)
reify(diseq(V19, V22), aux113)
reify(diseq(V16, V7), aux114)
reify(diseq(V15, V2), aux115)
sumgeq([aux93,aux115,aux114,aux113], 1)
reify(diseq(V19, V21), aux109)
reify(diseq(V17, V6), aux110)
reify(diseq(V11, V18), aux111)
reify(diseq(V1, V15), aux112)
sumgeq([aux112,aux111,aux110,aux109], 1)
reify(diseq(V19, V20), aux105)
reify(diseq(V17, V5), aux106)
reify(diseq(V10, V18), aux107)
reify(diseq(V0, V16), aux108)
sumgeq([aux108,aux107,aux106,aux105], 1)
reify(diseq(V19, V24), aux100)
reify(diseq(V18, V23), aux101)
reify(diseq(V17, V22), aux102)
reify(diseq(V16, V21), aux103)
reify(diseq(V15, V20), aux104)
sumgeq([aux104,aux103,aux102,aux101,aux100], 1)
reify(diseq(V13, V24), aux96)
reify(diseq(V12, V19), aux97)
reify(diseq(V11, V9), aux98)
reify(diseq(V10, V4), aux99)
sumgeq([aux99,aux98,aux97,aux96], 1)
reify(diseq(V14, V23), aux92)
reify(diseq(V12, V18), aux93)
reify(diseq(V11, V8), aux94)
reify(diseq(V10, V3), aux95)
sumgeq([aux95,aux94,aux93,aux92], 1)
reify(diseq(V14, V22), aux90)
reify(diseq(V13, V17), aux91)
sumgeq([aux22,aux60,aux91,aux90], 1)
reify(diseq(V14, V21), aux87)
reify(diseq(V13, V16), aux88)
reify(diseq(V1, V10), aux89)
sumgeq([aux89,aux64,aux88,aux87], 1)
reify(diseq(V14, V20), aux83)
reify(diseq(V13, V15), aux84)
reify(diseq(V12, V5), aux85)
reify(diseq(V0, V11), aux86)
sumgeq([aux86,aux85,aux84,aux83], 1)
reify(diseq(V14, V24), aux78)
reify(diseq(V13, V23), aux79)
reify(diseq(V12, V22), aux80)
reify(diseq(V11, V21), aux81)
reify(diseq(V10, V20), aux82)
sumgeq([aux82,aux81,aux80,aux79,aux78], 1)
reify(diseq(V14, V19), aux73)
reify(diseq(V13, V18), aux74)
reify(diseq(V12, V17), aux75)
reify(diseq(V11, V16), aux76)
reify(diseq(V10, V15), aux77)
sumgeq([aux77,aux76,aux75,aux74,aux73], 1)
reify(diseq(V4, V5), aux69)
reify(diseq(V24, V8), aux70)
reify(diseq(V19, V7), aux71)
reify(diseq(V14, V6), aux72)
sumgeq([aux72,aux71,aux70,aux69], 1)
reify(diseq(V3, V5), aux65)
reify(diseq(V23, V9), aux66)
reify(diseq(V18, V7), aux67)
reify(diseq(V13, V6), aux68)
sumgeq([aux68,aux67,aux66,aux65], 1)
reify(diseq(V22, V9), aux61)
reify(diseq(V2, V5), aux62)
reify(diseq(V17, V8), aux63)
reify(diseq(V12, V6), aux64)
sumgeq([aux64,aux63,aux62,aux61], 1)
reify(diseq(V21, V9), aux58)
reify(diseq(V16, V8), aux59)
reify(diseq(V11, V7), aux60)
sumgeq([aux23,aux60,aux59,aux58], 1)
reify(diseq(V20, V9), aux55)
reify(diseq(V15, V8), aux56)
reify(diseq(V10, V7), aux57)
sumgeq([aux27,aux57,aux56,aux55], 1)
reify(diseq(V24, V9), aux50)
reify(diseq(V23, V8), aux51)
reify(diseq(V22, V7), aux52)
reify(diseq(V21, V6), aux53)
reify(diseq(V20, V5), aux54)
sumgeq([aux54,aux53,aux52,aux51,aux50], 1)
reify(diseq(V19, V9), aux45)
reify(diseq(V18, V8), aux46)
reify(diseq(V17, V7), aux47)
reify(diseq(V16, V6), aux48)
reify(diseq(V15, V5), aux49)
sumgeq([aux49,aux48,aux47,aux46,aux45], 1)
reify(diseq(V14, V9), aux40)
reify(diseq(V13, V8), aux41)
reify(diseq(V12, V7), aux42)
reify(diseq(V11, V6), aux43)
reify(diseq(V10, V5), aux44)
sumgeq([aux44,aux43,aux42,aux41,aux40], 1)
reify(diseq(V24, V3), aux36)
reify(diseq(V19, V2), aux37)
reify(diseq(V1, V14), aux38)
reify(diseq(V0, V9), aux39)
sumgeq([aux39,aux38,aux37,aux36], 1)
reify(diseq(V23, V4), aux32)
reify(diseq(V18, V2), aux33)
reify(diseq(V1, V13), aux34)
reify(diseq(V0, V8), aux35)
sumgeq([aux35,aux34,aux33,aux32], 1)
reify(diseq(V22, V4), aux28)
reify(diseq(V17, V3), aux29)
reify(diseq(V1, V12), aux30)
reify(diseq(V0, V7), aux31)
sumgeq([aux31,aux30,aux29,aux28], 1)
reify(diseq(V21, V4), aux24)
reify(diseq(V16, V3), aux25)
reify(diseq(V11, V2), aux26)
reify(diseq(V0, V6), aux27)
sumgeq([aux27,aux26,aux25,aux24], 1)
reify(diseq(V20, V4), aux20)
reify(diseq(V15, V3), aux21)
reify(diseq(V10, V2), aux22)
reify(diseq(V1, V5), aux23)
sumgeq([aux23,aux22,aux21,aux20], 1)
reify(diseq(V24, V4), aux15)
reify(diseq(V23, V3), aux16)
reify(diseq(V2, V22), aux17)
reify(diseq(V1, V21), aux18)
reify(diseq(V0, V20), aux19)
sumgeq([aux19,aux18,aux17,aux16,aux15], 1)
reify(diseq(V19, V4), aux10)
reify(diseq(V18, V3), aux11)
reify(diseq(V17, V2), aux12)
reify(diseq(V1, V16), aux13)
reify(diseq(V0, V15), aux14)
sumgeq([aux14,aux13,aux12,aux11,aux10], 1)
reify(diseq(V14, V4), aux5)
reify(diseq(V13, V3), aux6)
reify(diseq(V12, V2), aux7)
reify(diseq(V1, V11), aux8)
reify(diseq(V0, V10), aux9)
sumgeq([aux9,aux8,aux7,aux6,aux5], 1)
reify(diseq(V4, V9), aux0)
reify(diseq(V3, V8), aux1)
reify(diseq(V2, V7), aux2)
reify(diseq(V1, V6), aux3)
reify(diseq(V0, V5), aux4)
sumgeq([aux4,aux3,aux2,aux1,aux0], 1)
table([V4,V9,V14,V19,V24],{<0,0,17,14,13>, <0,1,0,18,4>, <0,1,1,0,18>, <0,1,3,0,11>, <0,1,4,0,12>, <0,1,4,11,4>, <0,1,13,4,17>, <0,1,17,0,12>, <0,1,17,8,12>, <0,2,0,13,0>, <0,2,0,17,0>, <0,2,0,19,4>, <0,2,14,8,13>, <0,3,3,8,4>, <0,4,6,11,4>, <0,11,0,3,0>, <0,11,0,19,4>, <0,11,1,0,13>, <0,11,11,14,22>, <0,11,14,18,0>, <0,11,20,11,0>, <0,12,15,11,24>, <0,13,0,13,0>, <0,13,4,11,4>, <0,13,4,13,19>, <0,13,10,11,4>, <0,17,0,2,0>, <0,17,0,8,13>, <0,17,0,12,20>, <0,17,0,17,0>, <0,17,3,4,1>, <0,17,4,4,10>, <0,17,4,13,0>, <0,17,4,19,4>, <0,17,14,12,0>, <0,17,20,11,14>, <0,22,0,17,3>, <1,0,2,14,13>, <1,0,3,14,13>, <1,0,19,14,13>, <1,4,5,8,19>, <1,4,13,8,13>, <1,4,19,8,18>, <1,11,14,17,4>, <1,14,18,20,13>, <1,17,0,2,4>, <1,17,0,21,0>, <1,17,0,21,14>, <1,17,0,25,4>, <1,17,4,1,0>, <1,17,4,12,4>, <1,17,4,21,0>, <1,17,14,12,0>, <1,17,14,18,4>, <1,20,17,4,19>, <2,11,8,13,4>, <2,11,8,19,4>, <2,17,14,17,4>, <3,4,12,8,19>, <3,4,13,8,12>, <4,12,4,13,3>, <4,13,0,19,4>, <4,20,17,20,18>, <8,3,8,14,19>, <8,13,4,17,19>, <8,19,0,11,0>, <11,0,3,4,17>, <11,0,18,4,17>, <11,0,24,4,17>, <12,0,13,13,24>, <12,0,17,0,11>, <12,0,17,10,0>, <12,4,19,0,11>, <12,14,13,0,11>, <13,0,12,4,17>, <13,0,13,13,24>, <13,0,18,0,11>, <13,0,19,0,11>, <13,0,19,7,4>, <13,4,4,3,18>, <13,4,4,11,3>, <13,4,4,18,4>, <13,4,13,19,0>, <13,4,19,19,24>, <13,4,22,4,11>, <13,14,3,0,11>, <13,14,13,4,19>, <13,14,13,24,11>, <13,14,19,0,11>, <13,14,19,4,17>, <14,1,4,18,4>, <14,2,7,13,0>, <14,12,8,13,0>, <14,13,18,4,19>, <14,17,0,14,13>, <14,17,8,4,11>, <14,18,4,11,0>, <14,19,19,0,17>, <14,21,8,11,4>, <14,21,14,8,3>, <14,21,20,11,0>, <14,25,0,17,10>, <17,0,1,0,19>, <17,0,2,14,13>, <17,0,12,4,3>, <17,0,13,6,4>, <17,0,18,15,24>, <17,0,19,4,3>, <17,0,19,4,17>, <17,4,1,20,3>, <17,4,1,20,19>, <17,4,2,14,13>, <17,4,3,0,13>, <17,4,5,4,11>, <17,4,6,4,18>, <17,4,13,4,18>, <17,4,13,10,24>, <17,4,15,4,22>, <17,4,17,14,22>, <17,4,17,20,13>, <17,4,19,0,13>, <17,8,0,19,0>, <17,14,1,8,13>, <17,14,3,6,4>, <17,14,15,4,17>, <17,14,19,0,11>, <17,20,3,0,18>, <18,0,11,0,11>, <18,0,11,0,24>, <18,0,13,3,24>, <18,0,24,0,11>, <18,10,4,4,19>, <18,14,22,4,11>, <19,0,19,4,18>})
table([V3,V8,V13,V18,V23],{<0,0,17,14,13>, <0,1,0,18,4>, <0,1,1,0,18>, <0,1,3,0,11>, <0,1,4,0,12>, <0,1,4,11,4>, <0,1,13,4,17>, <0,1,17,0,12>, <0,1,17,8,12>, <0,2,0,13,0>, <0,2,0,17,0>, <0,2,0,19,4>, <0,2,14,8,13>, <0,3,3,8,4>, <0,4,6,11,4>, <0,11,0,3,0>, <0,11,0,19,4>, <0,11,1,0,13>, <0,11,11,14,22>, <0,11,14,18,0>, <0,11,20,11,0>, <0,12,15,11,24>, <0,13,0,13,0>, <0,13,4,11,4>, <0,13,4,13,19>, <0,13,10,11,4>, <0,17,0,2,0>, <0,17,0,8,13>, <0,17,0,12,20>, <0,17,0,17,0>, <0,17,3,4,1>, <0,17,4,4,10>, <0,17,4,13,0>, <0,17,4,19,4>, <0,17,14,12,0>, <0,17,20,11,14>, <0,22,0,17,3>, <1,0,2,14,13>, <1,0,3,14,13>, <1,0,19,14,13>, <1,4,5,8,19>, <1,4,13,8,13>, <1,4,19,8,18>, <1,11,14,17,4>, <1,14,18,20,13>, <1,17,0,2,4>, <1,17,0,21,0>, <1,17,0,21,14>, <1,17,0,25,4>, <1,17,4,1,0>, <1,17,4,12,4>, <1,17,4,21,0>, <1,17,14,12,0>, <1,17,14,18,4>, <1,20,17,4,19>, <2,11,8,13,4>, <2,11,8,19,4>, <2,17,14,17,4>, <3,4,12,8,19>, <3,4,13,8,12>, <4,12,4,13,3>, <4,13,0,19,4>, <4,20,17,20,18>, <8,3,8,14,19>, <8,13,4,17,19>, <8,19,0,11,0>, <11,0,3,4,17>, <11,0,18,4,17>, <11,0,24,4,17>, <12,0,13,13,24>, <12,0,17,0,11>, <12,0,17,10,0>, <12,4,19,0,11>, <12,14,13,0,11>, <13,0,12,4,17>, <13,0,13,13,24>, <13,0,18,0,11>, <13,0,19,0,11>, <13,0,19,7,4>, <13,4,4,3,18>, <13,4,4,11,3>, <13,4,4,18,4>, <13,4,13,19,0>, <13,4,19,19,24>, <13,4,22,4,11>, <13,14,3,0,11>, <13,14,13,4,19>, <13,14,13,24,11>, <13,14,19,0,11>, <13,14,19,4,17>, <14,1,4,18,4>, <14,2,7,13,0>, <14,12,8,13,0>, <14,13,18,4,19>, <14,17,0,14,13>, <14,17,8,4,11>, <14,18,4,11,0>, <14,19,19,0,17>, <14,21,8,11,4>, <14,21,14,8,3>, <14,21,20,11,0>, <14,25,0,17,10>, <17,0,1,0,19>, <17,0,2,14,13>, <17,0,12,4,3>, <17,0,13,6,4>, <17,0,18,15,24>, <17,0,19,4,3>, <17,0,19,4,17>, <17,4,1,20,3>, <17,4,1,20,19>, <17,4,2,14,13>, <17,4,3,0,13>, <17,4,5,4,11>, <17,4,6,4,18>, <17,4,13,4,18>, <17,4,13,10,24>, <17,4,15,4,22>, <17,4,17,14,22>, <17,4,17,20,13>, <17,4,19,0,13>, <17,8,0,19,0>, <17,14,1,8,13>, <17,14,3,6,4>, <17,14,15,4,17>, <17,14,19,0,11>, <17,20,3,0,18>, <18,0,11,0,11>, <18,0,11,0,24>, <18,0,13,3,24>, <18,0,24,0,11>, <18,10,4,4,19>, <18,14,22,4,11>, <19,0,19,4,18>})
table([V2,V7,V12,V17,V22],{<0,0,17,14,13>, <0,1,0,18,4>, <0,1,1,0,18>, <0,1,3,0,11>, <0,1,4,0,12>, <0,1,4,11,4>, <0,1,13,4,17>, <0,1,17,0,12>, <0,1,17,8,12>, <0,2,0,13,0>, <0,2,0,17,0>, <0,2,0,19,4>, <0,2,14,8,13>, <0,3,3,8,4>, <0,4,6,11,4>, <0,11,0,3,0>, <0,11,0,19,4>, <0,11,1,0,13>, <0,11,11,14,22>, <0,11,14,18,0>, <0,11,20,11,0>, <0,12,15,11,24>, <0,13,0,13,0>, <0,13,4,11,4>, <0,13,4,13,19>, <0,13,10,11,4>, <0,17,0,2,0>, <0,17,0,8,13>, <0,17,0,12,20>, <0,17,0,17,0>, <0,17,3,4,1>, <0,17,4,4,10>, <0,17,4,13,0>, <0,17,4,19,4>, <0,17,14,12,0>, <0,17,20,11,14>, <0,22,0,17,3>, <1,0,2,14,13>, <1,0,3,14,13>, <1,0,19,14,13>, <1,4,5,8,19>, <1,4,13,8,13>, <1,4,19,8,18>, <1,11,14,17,4>, <1,14,18,20,13>, <1,17,0,2,4>, <1,17,0,21,0>, <1,17,0,21,14>, <1,17,0,25,4>, <1,17,4,1,0>, <1,17,4,12,4>, <1,17,4,21,0>, <1,17,14,12,0>, <1,17,14,18,4>, <1,20,17,4,19>, <2,11,8,13,4>, <2,11,8,19,4>, <2,17,14,17,4>, <3,4,12,8,19>, <3,4,13,8,12>, <4,12,4,13,3>, <4,13,0,19,4>, <4,20,17,20,18>, <8,3,8,14,19>, <8,13,4,17,19>, <8,19,0,11,0>, <11,0,3,4,17>, <11,0,18,4,17>, <11,0,24,4,17>, <12,0,13,13,24>, <12,0,17,0,11>, <12,0,17,10,0>, <12,4,19,0,11>, <12,14,13,0,11>, <13,0,12,4,17>, <13,0,13,13,24>, <13,0,18,0,11>, <13,0,19,0,11>, <13,0,19,7,4>, <13,4,4,3,18>, <13,4,4,11,3>, <13,4,4,18,4>, <13,4,13,19,0>, <13,4,19,19,24>, <13,4,22,4,11>, <13,14,3,0,11>, <13,14,13,4,19>, <13,14,13,24,11>, <13,14,19,0,11>, <13,14,19,4,17>, <14,1,4,18,4>, <14,2,7,13,0>, <14,12,8,13,0>, <14,13,18,4,19>, <14,17,0,14,13>, <14,17,8,4,11>, <14,18,4,11,0>, <14,19,19,0,17>, <14,21,8,11,4>, <14,21,14,8,3>, <14,21,20,11,0>, <14,25,0,17,10>, <17,0,1,0,19>, <17,0,2,14,13>, <17,0,12,4,3>, <17,0,13,6,4>, <17,0,18,15,24>, <17,0,19,4,3>, <17,0,19,4,17>, <17,4,1,20,3>, <17,4,1,20,19>, <17,4,2,14,13>, <17,4,3,0,13>, <17,4,5,4,11>, <17,4,6,4,18>, <17,4,13,4,18>, <17,4,13,10,24>, <17,4,15,4,22>, <17,4,17,14,22>, <17,4,17,20,13>, <17,4,19,0,13>, <17,8,0,19,0>, <17,14,1,8,13>, <17,14,3,6,4>, <17,14,15,4,17>, <17,14,19,0,11>, <17,20,3,0,18>, <18,0,11,0,11>, <18,0,11,0,24>, <18,0,13,3,24>, <18,0,24,0,11>, <18,10,4,4,19>, <18,14,22,4,11>, <19,0,19,4,18>})
table([V1,V6,V11,V16,V21],{<0,0,17,14,13>, <0,1,0,18,4>, <0,1,1,0,18>, <0,1,3,0,11>, <0,1,4,0,12>, <0,1,4,11,4>, <0,1,13,4,17>, <0,1,17,0,12>, <0,1,17,8,12>, <0,2,0,13,0>, <0,2,0,17,0>, <0,2,0,19,4>, <0,2,14,8,13>, <0,3,3,8,4>, <0,4,6,11,4>, <0,11,0,3,0>, <0,11,0,19,4>, <0,11,1,0,13>, <0,11,11,14,22>, <0,11,14,18,0>, <0,11,20,11,0>, <0,12,15,11,24>, <0,13,0,13,0>, <0,13,4,11,4>, <0,13,4,13,19>, <0,13,10,11,4>, <0,17,0,2,0>, <0,17,0,8,13>, <0,17,0,12,20>, <0,17,0,17,0>, <0,17,3,4,1>, <0,17,4,4,10>, <0,17,4,13,0>, <0,17,4,19,4>, <0,17,14,12,0>, <0,17,20,11,14>, <0,22,0,17,3>, <1,0,2,14,13>, <1,0,3,14,13>, <1,0,19,14,13>, <1,4,5,8,19>, <1,4,13,8,13>, <1,4,19,8,18>, <1,11,14,17,4>, <1,14,18,20,13>, <1,17,0,2,4>, <1,17,0,21,0>, <1,17,0,21,14>, <1,17,0,25,4>, <1,17,4,1,0>, <1,17,4,12,4>, <1,17,4,21,0>, <1,17,14,12,0>, <1,17,14,18,4>, <1,20,17,4,19>, <2,11,8,13,4>, <2,11,8,19,4>, <2,17,14,17,4>, <3,4,12,8,19>, <3,4,13,8,12>, <4,12,4,13,3>, <4,13,0,19,4>, <4,20,17,20,18>, <8,3,8,14,19>, <8,13,4,17,19>, <8,19,0,11,0>, <11,0,3,4,17>, <11,0,18,4,17>, <11,0,24,4,17>, <12,0,13,13,24>, <12,0,17,0,11>, <12,0,17,10,0>, <12,4,19,0,11>, <12,14,13,0,11>, <13,0,12,4,17>, <13,0,13,13,24>, <13,0,18,0,11>, <13,0,19,0,11>, <13,0,19,7,4>, <13,4,4,3,18>, <13,4,4,11,3>, <13,4,4,18,4>, <13,4,13,19,0>, <13,4,19,19,24>, <13,4,22,4,11>, <13,14,3,0,11>, <13,14,13,4,19>, <13,14,13,24,11>, <13,14,19,0,11>, <13,14,19,4,17>, <14,1,4,18,4>, <14,2,7,13,0>, <14,12,8,13,0>, <14,13,18,4,19>, <14,17,0,14,13>, <14,17,8,4,11>, <14,18,4,11,0>, <14,19,19,0,17>, <14,21,8,11,4>, <14,21,14,8,3>, <14,21,20,11,0>, <14,25,0,17,10>, <17,0,1,0,19>, <17,0,2,14,13>, <17,0,12,4,3>, <17,0,13,6,4>, <17,0,18,15,24>, <17,0,19,4,3>, <17,0,19,4,17>, <17,4,1,20,3>, <17,4,1,20,19>, <17,4,2,14,13>, <17,4,3,0,13>, <17,4,5,4,11>, <17,4,6,4,18>, <17,4,13,4,18>, <17,4,13,10,24>, <17,4,15,4,22>, <17,4,17,14,22>, <17,4,17,20,13>, <17,4,19,0,13>, <17,8,0,19,0>, <17,14,1,8,13>, <17,14,3,6,4>, <17,14,15,4,17>, <17,14,19,0,11>, <17,20,3,0,18>, <18,0,11,0,11>, <18,0,11,0,24>, <18,0,13,3,24>, <18,0,24,0,11>, <18,10,4,4,19>, <18,14,22,4,11>, <19,0,19,4,18>})
table([V0,V5,V10,V15,V20],{<0,0,17,14,13>, <0,1,0,18,4>, <0,1,1,0,18>, <0,1,3,0,11>, <0,1,4,0,12>, <0,1,4,11,4>, <0,1,13,4,17>, <0,1,17,0,12>, <0,1,17,8,12>, <0,2,0,13,0>, <0,2,0,17,0>, <0,2,0,19,4>, <0,2,14,8,13>, <0,3,3,8,4>, <0,4,6,11,4>, <0,11,0,3,0>, <0,11,0,19,4>, <0,11,1,0,13>, <0,11,11,14,22>, <0,11,14,18,0>, <0,11,20,11,0>, <0,12,15,11,24>, <0,13,0,13,0>, <0,13,4,11,4>, <0,13,4,13,19>, <0,13,10,11,4>, <0,17,0,2,0>, <0,17,0,8,13>, <0,17,0,12,20>, <0,17,0,17,0>, <0,17,3,4,1>, <0,17,4,4,10>, <0,17,4,13,0>, <0,17,4,19,4>, <0,17,14,12,0>, <0,17,20,11,14>, <0,22,0,17,3>, <1,0,2,14,13>, <1,0,3,14,13>, <1,0,19,14,13>, <1,4,5,8,19>, <1,4,13,8,13>, <1,4,19,8,18>, <1,11,14,17,4>, <1,14,18,20,13>, <1,17,0,2,4>, <1,17,0,21,0>, <1,17,0,21,14>, <1,17,0,25,4>, <1,17,4,1,0>, <1,17,4,12,4>, <1,17,4,21,0>, <1,17,14,12,0>, <1,17,14,18,4>, <1,20,17,4,19>, <2,11,8,13,4>, <2,11,8,19,4>, <2,17,14,17,4>, <3,4,12,8,19>, <3,4,13,8,12>, <4,12,4,13,3>, <4,13,0,19,4>, <4,20,17,20,18>, <8,3,8,14,19>, <8,13,4,17,19>, <8,19,0,11,0>, <11,0,3,4,17>, <11,0,18,4,17>, <11,0,24,4,17>, <12,0,13,13,24>, <12,0,17,0,11>, <12,0,17,10,0>, <12,4,19,0,11>, <12,14,13,0,11>, <13,0,12,4,17>, <13,0,13,13,24>, <13,0,18,0,11>, <13,0,19,0,11>, <13,0,19,7,4>, <13,4,4,3,18>, <13,4,4,11,3>, <13,4,4,18,4>, <13,4,13,19,0>, <13,4,19,19,24>, <13,4,22,4,11>, <13,14,3,0,11>, <13,14,13,4,19>, <13,14,13,24,11>, <13,14,19,0,11>, <13,14,19,4,17>, <14,1,4,18,4>, <14,2,7,13,0>, <14,12,8,13,0>, <14,13,18,4,19>, <14,17,0,14,13>, <14,17,8,4,11>, <14,18,4,11,0>, <14,19,19,0,17>, <14,21,8,11,4>, <14,21,14,8,3>, <14,21,20,11,0>, <14,25,0,17,10>, <17,0,1,0,19>, <17,0,2,14,13>, <17,0,12,4,3>, <17,0,13,6,4>, <17,0,18,15,24>, <17,0,19,4,3>, <17,0,19,4,17>, <17,4,1,20,3>, <17,4,1,20,19>, <17,4,2,14,13>, <17,4,3,0,13>, <17,4,5,4,11>, <17,4,6,4,18>, <17,4,13,4,18>, <17,4,13,10,24>, <17,4,15,4,22>, <17,4,17,14,22>, <17,4,17,20,13>, <17,4,19,0,13>, <17,8,0,19,0>, <17,14,1,8,13>, <17,14,3,6,4>, <17,14,15,4,17>, <17,14,19,0,11>, <17,20,3,0,18>, <18,0,11,0,11>, <18,0,11,0,24>, <18,0,13,3,24>, <18,0,24,0,11>, <18,10,4,4,19>, <18,14,22,4,11>, <19,0,19,4,18>})
table([V20,V21,V22,V23,V24],{<0,0,17,14,13>, <0,1,0,18,4>, <0,1,1,0,18>, <0,1,3,0,11>, <0,1,4,0,12>, <0,1,4,11,4>, <0,1,13,4,17>, <0,1,17,0,12>, <0,1,17,8,12>, <0,2,0,13,0>, <0,2,0,17,0>, <0,2,0,19,4>, <0,2,14,8,13>, <0,3,3,8,4>, <0,4,6,11,4>, <0,11,0,3,0>, <0,11,0,19,4>, <0,11,1,0,13>, <0,11,11,14,22>, <0,11,14,18,0>, <0,11,20,11,0>, <0,12,15,11,24>, <0,13,0,13,0>, <0,13,4,11,4>, <0,13,4,13,19>, <0,13,10,11,4>, <0,17,0,2,0>, <0,17,0,8,13>, <0,17,0,12,20>, <0,17,0,17,0>, <0,17,3,4,1>, <0,17,4,4,10>, <0,17,4,13,0>, <0,17,4,19,4>, <0,17,14,12,0>, <0,17,20,11,14>, <0,22,0,17,3>, <1,0,2,14,13>, <1,0,3,14,13>, <1,0,19,14,13>, <1,4,5,8,19>, <1,4,13,8,13>, <1,4,19,8,18>, <1,11,14,17,4>, <1,14,18,20,13>, <1,17,0,2,4>, <1,17,0,21,0>, <1,17,0,21,14>, <1,17,0,25,4>, <1,17,4,1,0>, <1,17,4,12,4>, <1,17,4,21,0>, <1,17,14,12,0>, <1,17,14,18,4>, <1,20,17,4,19>, <2,11,8,13,4>, <2,11,8,19,4>, <2,17,14,17,4>, <3,4,12,8,19>, <3,4,13,8,12>, <4,12,4,13,3>, <4,13,0,19,4>, <4,20,17,20,18>, <8,3,8,14,19>, <8,13,4,17,19>, <8,19,0,11,0>, <11,0,3,4,17>, <11,0,18,4,17>, <11,0,24,4,17>, <12,0,13,13,24>, <12,0,17,0,11>, <12,0,17,10,0>, <12,4,19,0,11>, <12,14,13,0,11>, <13,0,12,4,17>, <13,0,13,13,24>, <13,0,18,0,11>, <13,0,19,0,11>, <13,0,19,7,4>, <13,4,4,3,18>, <13,4,4,11,3>, <13,4,4,18,4>, <13,4,13,19,0>, <13,4,19,19,24>, <13,4,22,4,11>, <13,14,3,0,11>, <13,14,13,4,19>, <13,14,13,24,11>, <13,14,19,0,11>, <13,14,19,4,17>, <14,1,4,18,4>, <14,2,7,13,0>, <14,12,8,13,0>, <14,13,18,4,19>, <14,17,0,14,13>, <14,17,8,4,11>, <14,18,4,11,0>, <14,19,19,0,17>, <14,21,8,11,4>, <14,21,14,8,3>, <14,21,20,11,0>, <14,25,0,17,10>, <17,0,1,0,19>, <17,0,2,14,13>, <17,0,12,4,3>, <17,0,13,6,4>, <17,0,18,15,24>, <17,0,19,4,3>, <17,0,19,4,17>, <17,4,1,20,3>, <17,4,1,20,19>, <17,4,2,14,13>, <17,4,3,0,13>, <17,4,5,4,11>, <17,4,6,4,18>, <17,4,13,4,18>, <17,4,13,10,24>, <17,4,15,4,22>, <17,4,17,14,22>, <17,4,17,20,13>, <17,4,19,0,13>, <17,8,0,19,0>, <17,14,1,8,13>, <17,14,3,6,4>, <17,14,15,4,17>, <17,14,19,0,11>, <17,20,3,0,18>, <18,0,11,0,11>, <18,0,11,0,24>, <18,0,13,3,24>, <18,0,24,0,11>, <18,10,4,4,19>, <18,14,22,4,11>, <19,0,19,4,18>})
table([V15,V16,V17,V18,V19],{<0,0,17,14,13>, <0,1,0,18,4>, <0,1,1,0,18>, <0,1,3,0,11>, <0,1,4,0,12>, <0,1,4,11,4>, <0,1,13,4,17>, <0,1,17,0,12>, <0,1,17,8,12>, <0,2,0,13,0>, <0,2,0,17,0>, <0,2,0,19,4>, <0,2,14,8,13>, <0,3,3,8,4>, <0,4,6,11,4>, <0,11,0,3,0>, <0,11,0,19,4>, <0,11,1,0,13>, <0,11,11,14,22>, <0,11,14,18,0>, <0,11,20,11,0>, <0,12,15,11,24>, <0,13,0,13,0>, <0,13,4,11,4>, <0,13,4,13,19>, <0,13,10,11,4>, <0,17,0,2,0>, <0,17,0,8,13>, <0,17,0,12,20>, <0,17,0,17,0>, <0,17,3,4,1>, <0,17,4,4,10>, <0,17,4,13,0>, <0,17,4,19,4>, <0,17,14,12,0>, <0,17,20,11,14>, <0,22,0,17,3>, <1,0,2,14,13>, <1,0,3,14,13>, <1,0,19,14,13>, <1,4,5,8,19>, <1,4,13,8,13>, <1,4,19,8,18>, <1,11,14,17,4>, <1,14,18,20,13>, <1,17,0,2,4>, <1,17,0,21,0>, <1,17,0,21,14>, <1,17,0,25,4>, <1,17,4,1,0>, <1,17,4,12,4>, <1,17,4,21,0>, <1,17,14,12,0>, <1,17,14,18,4>, <1,20,17,4,19>, <2,11,8,13,4>, <2,11,8,19,4>, <2,17,14,17,4>, <3,4,12,8,19>, <3,4,13,8,12>, <4,12,4,13,3>, <4,13,0,19,4>, <4,20,17,20,18>, <8,3,8,14,19>, <8,13,4,17,19>, <8,19,0,11,0>, <11,0,3,4,17>, <11,0,18,4,17>, <11,0,24,4,17>, <12,0,13,13,24>, <12,0,17,0,11>, <12,0,17,10,0>, <12,4,19,0,11>, <12,14,13,0,11>, <13,0,12,4,17>, <13,0,13,13,24>, <13,0,18,0,11>, <13,0,19,0,11>, <13,0,19,7,4>, <13,4,4,3,18>, <13,4,4,11,3>, <13,4,4,18,4>, <13,4,13,19,0>, <13,4,19,19,24>, <13,4,22,4,11>, <13,14,3,0,11>, <13,14,13,4,19>, <13,14,13,24,11>, <13,14,19,0,11>, <13,14,19,4,17>, <14,1,4,18,4>, <14,2,7,13,0>, <14,12,8,13,0>, <14,13,18,4,19>, <14,17,0,14,13>, <14,17,8,4,11>, <14,18,4,11,0>, <14,19,19,0,17>, <14,21,8,11,4>, <14,21,14,8,3>, <14,21,20,11,0>, <14,25,0,17,10>, <17,0,1,0,19>, <17,0,2,14,13>, <17,0,12,4,3>, <17,0,13,6,4>, <17,0,18,15,24>, <17,0,19,4,3>, <17,0,19,4,17>, <17,4,1,20,3>, <17,4,1,20,19>, <17,4,2,14,13>, <17,4,3,0,13>, <17,4,5,4,11>, <17,4,6,4,18>, <17,4,13,4,18>, <17,4,13,10,24>, <17,4,15,4,22>, <17,4,17,14,22>, <17,4,17,20,13>, <17,4,19,0,13>, <17,8,0,19,0>, <17,14,1,8,13>, <17,14,3,6,4>, <17,14,15,4,17>, <17,14,19,0,11>, <17,20,3,0,18>, <18,0,11,0,11>, <18,0,11,0,24>, <18,0,13,3,24>, <18,0,24,0,11>, <18,10,4,4,19>, <18,14,22,4,11>, <19,0,19,4,18>})
table([V10,V11,V12,V13,V14],{<0,0,17,14,13>, <0,1,0,18,4>, <0,1,1,0,18>, <0,1,3,0,11>, <0,1,4,0,12>, <0,1,4,11,4>, <0,1,13,4,17>, <0,1,17,0,12>, <0,1,17,8,12>, <0,2,0,13,0>, <0,2,0,17,0>, <0,2,0,19,4>, <0,2,14,8,13>, <0,3,3,8,4>, <0,4,6,11,4>, <0,11,0,3,0>, <0,11,0,19,4>, <0,11,1,0,13>, <0,11,11,14,22>, <0,11,14,18,0>, <0,11,20,11,0>, <0,12,15,11,24>, <0,13,0,13,0>, <0,13,4,11,4>, <0,13,4,13,19>, <0,13,10,11,4>, <0,17,0,2,0>, <0,17,0,8,13>, <0,17,0,12,20>, <0,17,0,17,0>, <0,17,3,4,1>, <0,17,4,4,10>, <0,17,4,13,0>, <0,17,4,19,4>, <0,17,14,12,0>, <0,17,20,11,14>, <0,22,0,17,3>, <1,0,2,14,13>, <1,0,3,14,13>, <1,0,19,14,13>, <1,4,5,8,19>, <1,4,13,8,13>, <1,4,19,8,18>, <1,11,14,17,4>, <1,14,18,20,13>, <1,17,0,2,4>, <1,17,0,21,0>, <1,17,0,21,14>, <1,17,0,25,4>, <1,17,4,1,0>, <1,17,4,12,4>, <1,17,4,21,0>, <1,17,14,12,0>, <1,17,14,18,4>, <1,20,17,4,19>, <2,11,8,13,4>, <2,11,8,19,4>, <2,17,14,17,4>, <3,4,12,8,19>, <3,4,13,8,12>, <4,12,4,13,3>, <4,13,0,19,4>, <4,20,17,20,18>, <8,3,8,14,19>, <8,13,4,17,19>, <8,19,0,11,0>, <11,0,3,4,17>, <11,0,18,4,17>, <11,0,24,4,17>, <12,0,13,13,24>, <12,0,17,0,11>, <12,0,17,10,0>, <12,4,19,0,11>, <12,14,13,0,11>, <13,0,12,4,17>, <13,0,13,13,24>, <13,0,18,0,11>, <13,0,19,0,11>, <13,0,19,7,4>, <13,4,4,3,18>, <13,4,4,11,3>, <13,4,4,18,4>, <13,4,13,19,0>, <13,4,19,19,24>, <13,4,22,4,11>, <13,14,3,0,11>, <13,14,13,4,19>, <13,14,13,24,11>, <13,14,19,0,11>, <13,14,19,4,17>, <14,1,4,18,4>, <14,2,7,13,0>, <14,12,8,13,0>, <14,13,18,4,19>, <14,17,0,14,13>, <14,17,8,4,11>, <14,18,4,11,0>, <14,19,19,0,17>, <14,21,8,11,4>, <14,21,14,8,3>, <14,21,20,11,0>, <14,25,0,17,10>, <17,0,1,0,19>, <17,0,2,14,13>, <17,0,12,4,3>, <17,0,13,6,4>, <17,0,18,15,24>, <17,0,19,4,3>, <17,0,19,4,17>, <17,4,1,20,3>, <17,4,1,20,19>, <17,4,2,14,13>, <17,4,3,0,13>, <17,4,5,4,11>, <17,4,6,4,18>, <17,4,13,4,18>, <17,4,13,10,24>, <17,4,15,4,22>, <17,4,17,14,22>, <17,4,17,20,13>, <17,4,19,0,13>, <17,8,0,19,0>, <17,14,1,8,13>, <17,14,3,6,4>, <17,14,15,4,17>, <17,14,19,0,11>, <17,20,3,0,18>, <18,0,11,0,11>, <18,0,11,0,24>, <18,0,13,3,24>, <18,0,24,0,11>, <18,10,4,4,19>, <18,14,22,4,11>, <19,0,19,4,18>})
table([V5,V6,V7,V8,V9],{<0,0,17,14,13>, <0,1,0,18,4>, <0,1,1,0,18>, <0,1,3,0,11>, <0,1,4,0,12>, <0,1,4,11,4>, <0,1,13,4,17>, <0,1,17,0,12>, <0,1,17,8,12>, <0,2,0,13,0>, <0,2,0,17,0>, <0,2,0,19,4>, <0,2,14,8,13>, <0,3,3,8,4>, <0,4,6,11,4>, <0,11,0,3,0>, <0,11,0,19,4>, <0,11,1,0,13>, <0,11,11,14,22>, <0,11,14,18,0>, <0,11,20,11,0>, <0,12,15,11,24>, <0,13,0,13,0>, <0,13,4,11,4>, <0,13,4,13,19>, <0,13,10,11,4>, <0,17,0,2,0>, <0,17,0,8,13>, <0,17,0,12,20>, <0,17,0,17,0>, <0,17,3,4,1>, <0,17,4,4,10>, <0,17,4,13,0>, <0,17,4,19,4>, <0,17,14,12,0>, <0,17,20,11,14>, <0,22,0,17,3>, <1,0,2,14,13>, <1,0,3,14,13>, <1,0,19,14,13>, <1,4,5,8,19>, <1,4,13,8,13>, <1,4,19,8,18>, <1,11,14,17,4>, <1,14,18,20,13>, <1,17,0,2,4>, <1,17,0,21,0>, <1,17,0,21,14>, <1,17,0,25,4>, <1,17,4,1,0>, <1,17,4,12,4>, <1,17,4,21,0>, <1,17,14,12,0>, <1,17,14,18,4>, <1,20,17,4,19>, <2,11,8,13,4>, <2,11,8,19,4>, <2,17,14,17,4>, <3,4,12,8,19>, <3,4,13,8,12>, <4,12,4,13,3>, <4,13,0,19,4>, <4,20,17,20,18>, <8,3,8,14,19>, <8,13,4,17,19>, <8,19,0,11,0>, <11,0,3,4,17>, <11,0,18,4,17>, <11,0,24,4,17>, <12,0,13,13,24>, <12,0,17,0,11>, <12,0,17,10,0>, <12,4,19,0,11>, <12,14,13,0,11>, <13,0,12,4,17>, <13,0,13,13,24>, <13,0,18,0,11>, <13,0,19,0,11>, <13,0,19,7,4>, <13,4,4,3,18>, <13,4,4,11,3>, <13,4,4,18,4>, <13,4,13,19,0>, <13,4,19,19,24>, <13,4,22,4,11>, <13,14,3,0,11>, <13,14,13,4,19>, <13,14,13,24,11>, <13,14,19,0,11>, <13,14,19,4,17>, <14,1,4,18,4>, <14,2,7,13,0>, <14,12,8,13,0>, <14,13,18,4,19>, <14,17,0,14,13>, <14,17,8,4,11>, <14,18,4,11,0>, <14,19,19,0,17>, <14,21,8,11,4>, <14,21,14,8,3>, <14,21,20,11,0>, <14,25,0,17,10>, <17,0,1,0,19>, <17,0,2,14,13>, <17,0,12,4,3>, <17,0,13,6,4>, <17,0,18,15,24>, <17,0,19,4,3>, <17,0,19,4,17>, <17,4,1,20,3>, <17,4,1,20,19>, <17,4,2,14,13>, <17,4,3,0,13>, <17,4,5,4,11>, <17,4,6,4,18>, <17,4,13,4,18>, <17,4,13,10,24>, <17,4,15,4,22>, <17,4,17,14,22>, <17,4,17,20,13>, <17,4,19,0,13>, <17,8,0,19,0>, <17,14,1,8,13>, <17,14,3,6,4>, <17,14,15,4,17>, <17,14,19,0,11>, <17,20,3,0,18>, <18,0,11,0,11>, <18,0,11,0,24>, <18,0,13,3,24>, <18,0,24,0,11>, <18,10,4,4,19>, <18,14,22,4,11>, <19,0,19,4,18>})
table([V0,V1,V2,V3,V4],{<0,0,17,14,13>, <0,1,0,18,4>, <0,1,1,0,18>, <0,1,3,0,11>, <0,1,4,0,12>, <0,1,4,11,4>, <0,1,13,4,17>, <0,1,17,0,12>, <0,1,17,8,12>, <0,2,0,13,0>, <0,2,0,17,0>, <0,2,0,19,4>, <0,2,14,8,13>, <0,3,3,8,4>, <0,4,6,11,4>, <0,11,0,3,0>, <0,11,0,19,4>, <0,11,1,0,13>, <0,11,11,14,22>, <0,11,14,18,0>, <0,11,20,11,0>, <0,12,15,11,24>, <0,13,0,13,0>, <0,13,4,11,4>, <0,13,4,13,19>, <0,13,10,11,4>, <0,17,0,2,0>, <0,17,0,8,13>, <0,17,0,12,20>, <0,17,0,17,0>, <0,17,3,4,1>, <0,17,4,4,10>, <0,17,4,13,0>, <0,17,4,19,4>, <0,17,14,12,0>, <0,17,20,11,14>, <0,22,0,17,3>, <1,0,2,14,13>, <1,0,3,14,13>, <1,0,19,14,13>, <1,4,5,8,19>, <1,4,13,8,13>, <1,4,19,8,18>, <1,11,14,17,4>, <1,14,18,20,13>, <1,17,0,2,4>, <1,17,0,21,0>, <1,17,0,21,14>, <1,17,0,25,4>, <1,17,4,1,0>, <1,17,4,12,4>, <1,17,4,21,0>, <1,17,14,12,0>, <1,17,14,18,4>, <1,20,17,4,19>, <2,11,8,13,4>, <2,11,8,19,4>, <2,17,14,17,4>, <3,4,12,8,19>, <3,4,13,8,12>, <4,12,4,13,3>, <4,13,0,19,4>, <4,20,17,20,18>, <8,3,8,14,19>, <8,13,4,17,19>, <8,19,0,11,0>, <11,0,3,4,17>, <11,0,18,4,17>, <11,0,24,4,17>, <12,0,13,13,24>, <12,0,17,0,11>, <12,0,17,10,0>, <12,4,19,0,11>, <12,14,13,0,11>, <13,0,12,4,17>, <13,0,13,13,24>, <13,0,18,0,11>, <13,0,19,0,11>, <13,0,19,7,4>, <13,4,4,3,18>, <13,4,4,11,3>, <13,4,4,18,4>, <13,4,13,19,0>, <13,4,19,19,24>, <13,4,22,4,11>, <13,14,3,0,11>, <13,14,13,4,19>, <13,14,13,24,11>, <13,14,19,0,11>, <13,14,19,4,17>, <14,1,4,18,4>, <14,2,7,13,0>, <14,12,8,13,0>, <14,13,18,4,19>, <14,17,0,14,13>, <14,17,8,4,11>, <14,18,4,11,0>, <14,19,19,0,17>, <14,21,8,11,4>, <14,21,14,8,3>, <14,21,20,11,0>, <14,25,0,17,10>, <17,0,1,0,19>, <17,0,2,14,13>, <17,0,12,4,3>, <17,0,13,6,4>, <17,0,18,15,24>, <17,0,19,4,3>, <17,0,19,4,17>, <17,4,1,20,3>, <17,4,1,20,19>, <17,4,2,14,13>, <17,4,3,0,13>, <17,4,5,4,11>, <17,4,6,4,18>, <17,4,13,4,18>, <17,4,13,10,24>, <17,4,15,4,22>, <17,4,17,14,22>, <17,4,17,20,13>, <17,4,19,0,13>, <17,8,0,19,0>, <17,14,1,8,13>, <17,14,3,6,4>, <17,14,15,4,17>, <17,14,19,0,11>, <17,20,3,0,18>, <18,0,11,0,11>, <18,0,11,0,24>, <18,0,13,3,24>, <18,0,24,0,11>, <18,10,4,4,19>, <18,14,22,4,11>, <19,0,19,4,18>})

**EOF**
