MINION 3

#This file has been automatically generated by TAILOR v0.2
#bug-reports: andrea@cs.st-and.ac.uk

# amount of common subexpressions used:0
# amount of inferred common subexpressions used:0
# amount of original variables saved (over direct equality):0
# amount of constraints:715
# amount of auxiliary variables: 450

**VARIABLES**
DISCRETE V0 {0..101}
DISCRETE V1 {10..111}
DISCRETE V2 {18..119}
DISCRETE V3 {34..135}
DISCRETE V4 {44..145}
DISCRETE V5 {0..110}
DISCRETE V6 {7..117}
DISCRETE V7 {18..128}
DISCRETE V8 {31..141}
DISCRETE V9 {35..145}
DISCRETE V10 {0..113}
DISCRETE V11 {4..117}
DISCRETE V12 {15..128}
DISCRETE V13 {26..139}
DISCRETE V14 {33..146}
DISCRETE V15 {0..103}
DISCRETE V16 {7..110}
DISCRETE V17 {15..118}
DISCRETE V18 {27..130}
DISCRETE V19 {38..141}
DISCRETE V20 {0..112}
DISCRETE V21 {4..116}
DISCRETE V22 {15..127}
DISCRETE V23 {25..137}
DISCRETE V24 {33..145}
DISCRETE V25 {0..110}
DISCRETE V26 {8..118}
DISCRETE V27 {11..121}
DISCRETE V28 {25..135}
DISCRETE V29 {32..142}
DISCRETE V30 {0..110}
DISCRETE V31 {5..115}
DISCRETE V32 {15..125}
DISCRETE V33 {25..135}
DISCRETE V34 {29..139}
DISCRETE V35 {0..105}
DISCRETE V36 {9..114}
DISCRETE V37 {15..120}
DISCRETE V38 {28..133}
DISCRETE V39 {36..141}
DISCRETE V40 {0..109}
DISCRETE V41 {10..119}
DISCRETE V42 {13..122}
DISCRETE V43 {26..135}
DISCRETE V44 {29..138}
DISCRETE V45 {0..101}
DISCRETE V46 {5..106}
DISCRETE V47 {15..116}
DISCRETE V48 {30..131}
DISCRETE V49 {40..141}

# auxiliary variables
BOOL aux0 
BOOL aux1 
BOOL aux2 
BOOL aux3 
BOOL aux4 
BOOL aux5 
BOOL aux6 
BOOL aux7 
BOOL aux8 
BOOL aux9 
BOOL aux10 
BOOL aux11 
BOOL aux12 
BOOL aux13 
BOOL aux14 
BOOL aux15 
BOOL aux16 
BOOL aux17 
BOOL aux18 
BOOL aux19 
BOOL aux20 
BOOL aux21 
BOOL aux22 
BOOL aux23 
BOOL aux24 
BOOL aux25 
BOOL aux26 
BOOL aux27 
BOOL aux28 
BOOL aux29 
BOOL aux30 
BOOL aux31 
BOOL aux32 
BOOL aux33 
BOOL aux34 
BOOL aux35 
BOOL aux36 
BOOL aux37 
BOOL aux38 
BOOL aux39 
BOOL aux40 
BOOL aux41 
BOOL aux42 
BOOL aux43 
BOOL aux44 
BOOL aux45 
BOOL aux46 
BOOL aux47 
BOOL aux48 
BOOL aux49 
BOOL aux50 
BOOL aux51 
BOOL aux52 
BOOL aux53 
BOOL aux54 
BOOL aux55 
BOOL aux56 
BOOL aux57 
BOOL aux58 
BOOL aux59 
BOOL aux60 
BOOL aux61 
BOOL aux62 
BOOL aux63 
BOOL aux64 
BOOL aux65 
BOOL aux66 
BOOL aux67 
BOOL aux68 
BOOL aux69 
BOOL aux70 
BOOL aux71 
BOOL aux72 
BOOL aux73 
BOOL aux74 
BOOL aux75 
BOOL aux76 
BOOL aux77 
BOOL aux78 
BOOL aux79 
BOOL aux80 
BOOL aux81 
BOOL aux82 
BOOL aux83 
BOOL aux84 
BOOL aux85 
BOOL aux86 
BOOL aux87 
BOOL aux88 
BOOL aux89 
BOOL aux90 
BOOL aux91 
BOOL aux92 
BOOL aux93 
BOOL aux94 
BOOL aux95 
BOOL aux96 
BOOL aux97 
BOOL aux98 
BOOL aux99 
BOOL aux100 
BOOL aux101 
BOOL aux102 
BOOL aux103 
BOOL aux104 
BOOL aux105 
BOOL aux106 
BOOL aux107 
BOOL aux108 
BOOL aux109 
BOOL aux110 
BOOL aux111 
BOOL aux112 
BOOL aux113 
BOOL aux114 
BOOL aux115 
BOOL aux116 
BOOL aux117 
BOOL aux118 
BOOL aux119 
BOOL aux120 
BOOL aux121 
BOOL aux122 
BOOL aux123 
BOOL aux124 
BOOL aux125 
BOOL aux126 
BOOL aux127 
BOOL aux128 
BOOL aux129 
BOOL aux130 
BOOL aux131 
BOOL aux132 
BOOL aux133 
BOOL aux134 
BOOL aux135 
BOOL aux136 
BOOL aux137 
BOOL aux138 
BOOL aux139 
BOOL aux140 
BOOL aux141 
BOOL aux142 
BOOL aux143 
BOOL aux144 
BOOL aux145 
BOOL aux146 
BOOL aux147 
BOOL aux148 
BOOL aux149 
BOOL aux150 
BOOL aux151 
BOOL aux152 
BOOL aux153 
BOOL aux154 
BOOL aux155 
BOOL aux156 
BOOL aux157 
BOOL aux158 
BOOL aux159 
BOOL aux160 
BOOL aux161 
BOOL aux162 
BOOL aux163 
BOOL aux164 
BOOL aux165 
BOOL aux166 
BOOL aux167 
BOOL aux168 
BOOL aux169 
BOOL aux170 
BOOL aux171 
BOOL aux172 
BOOL aux173 
BOOL aux174 
BOOL aux175 
BOOL aux176 
BOOL aux177 
BOOL aux178 
BOOL aux179 
BOOL aux180 
BOOL aux181 
BOOL aux182 
BOOL aux183 
BOOL aux184 
BOOL aux185 
BOOL aux186 
BOOL aux187 
BOOL aux188 
BOOL aux189 
BOOL aux190 
BOOL aux191 
BOOL aux192 
BOOL aux193 
BOOL aux194 
BOOL aux195 
BOOL aux196 
BOOL aux197 
BOOL aux198 
BOOL aux199 
BOOL aux200 
BOOL aux201 
BOOL aux202 
BOOL aux203 
BOOL aux204 
BOOL aux205 
BOOL aux206 
BOOL aux207 
BOOL aux208 
BOOL aux209 
BOOL aux210 
BOOL aux211 
BOOL aux212 
BOOL aux213 
BOOL aux214 
BOOL aux215 
BOOL aux216 
BOOL aux217 
BOOL aux218 
BOOL aux219 
BOOL aux220 
BOOL aux221 
BOOL aux222 
BOOL aux223 
BOOL aux224 
BOOL aux225 
BOOL aux226 
BOOL aux227 
BOOL aux228 
BOOL aux229 
BOOL aux230 
BOOL aux231 
BOOL aux232 
BOOL aux233 
BOOL aux234 
BOOL aux235 
BOOL aux236 
BOOL aux237 
BOOL aux238 
BOOL aux239 
BOOL aux240 
BOOL aux241 
BOOL aux242 
BOOL aux243 
BOOL aux244 
BOOL aux245 
BOOL aux246 
BOOL aux247 
BOOL aux248 
BOOL aux249 
BOOL aux250 
BOOL aux251 
BOOL aux252 
BOOL aux253 
BOOL aux254 
BOOL aux255 
BOOL aux256 
BOOL aux257 
BOOL aux258 
BOOL aux259 
BOOL aux260 
BOOL aux261 
BOOL aux262 
BOOL aux263 
BOOL aux264 
BOOL aux265 
BOOL aux266 
BOOL aux267 
BOOL aux268 
BOOL aux269 
BOOL aux270 
BOOL aux271 
BOOL aux272 
BOOL aux273 
BOOL aux274 
BOOL aux275 
BOOL aux276 
BOOL aux277 
BOOL aux278 
BOOL aux279 
BOOL aux280 
BOOL aux281 
BOOL aux282 
BOOL aux283 
BOOL aux284 
BOOL aux285 
BOOL aux286 
BOOL aux287 
BOOL aux288 
BOOL aux289 
BOOL aux290 
BOOL aux291 
BOOL aux292 
BOOL aux293 
BOOL aux294 
BOOL aux295 
BOOL aux296 
BOOL aux297 
BOOL aux298 
BOOL aux299 
BOOL aux300 
BOOL aux301 
BOOL aux302 
BOOL aux303 
BOOL aux304 
BOOL aux305 
BOOL aux306 
BOOL aux307 
BOOL aux308 
BOOL aux309 
BOOL aux310 
BOOL aux311 
BOOL aux312 
BOOL aux313 
BOOL aux314 
BOOL aux315 
BOOL aux316 
BOOL aux317 
BOOL aux318 
BOOL aux319 
BOOL aux320 
BOOL aux321 
BOOL aux322 
BOOL aux323 
BOOL aux324 
BOOL aux325 
BOOL aux326 
BOOL aux327 
BOOL aux328 
BOOL aux329 
BOOL aux330 
BOOL aux331 
BOOL aux332 
BOOL aux333 
BOOL aux334 
BOOL aux335 
BOOL aux336 
BOOL aux337 
BOOL aux338 
BOOL aux339 
BOOL aux340 
BOOL aux341 
BOOL aux342 
BOOL aux343 
BOOL aux344 
BOOL aux345 
BOOL aux346 
BOOL aux347 
BOOL aux348 
BOOL aux349 
BOOL aux350 
BOOL aux351 
BOOL aux352 
BOOL aux353 
BOOL aux354 
BOOL aux355 
BOOL aux356 
BOOL aux357 
BOOL aux358 
BOOL aux359 
BOOL aux360 
BOOL aux361 
BOOL aux362 
BOOL aux363 
BOOL aux364 
BOOL aux365 
BOOL aux366 
BOOL aux367 
BOOL aux368 
BOOL aux369 
BOOL aux370 
BOOL aux371 
BOOL aux372 
BOOL aux373 
BOOL aux374 
BOOL aux375 
BOOL aux376 
BOOL aux377 
BOOL aux378 
BOOL aux379 
BOOL aux380 
BOOL aux381 
BOOL aux382 
BOOL aux383 
BOOL aux384 
BOOL aux385 
BOOL aux386 
BOOL aux387 
BOOL aux388 
BOOL aux389 
BOOL aux390 
BOOL aux391 
BOOL aux392 
BOOL aux393 
BOOL aux394 
BOOL aux395 
BOOL aux396 
BOOL aux397 
BOOL aux398 
BOOL aux399 
BOOL aux400 
BOOL aux401 
BOOL aux402 
BOOL aux403 
BOOL aux404 
BOOL aux405 
BOOL aux406 
BOOL aux407 
BOOL aux408 
BOOL aux409 
BOOL aux410 
BOOL aux411 
BOOL aux412 
BOOL aux413 
BOOL aux414 
BOOL aux415 
BOOL aux416 
BOOL aux417 
BOOL aux418 
BOOL aux419 
BOOL aux420 
BOOL aux421 
BOOL aux422 
BOOL aux423 
BOOL aux424 
BOOL aux425 
BOOL aux426 
BOOL aux427 
BOOL aux428 
BOOL aux429 
BOOL aux430 
BOOL aux431 
BOOL aux432 
BOOL aux433 
BOOL aux434 
BOOL aux435 
BOOL aux436 
BOOL aux437 
BOOL aux438 
BOOL aux439 
BOOL aux440 
BOOL aux441 
BOOL aux442 
BOOL aux443 
BOOL aux444 
BOOL aux445 
BOOL aux446 
BOOL aux447 
BOOL aux448 
BOOL aux449 

# aliases

**SEARCH**

PRINT [
[V0],[V1],[V2],[V3],[V4],[V5],[V6],[V7],
[V8],[V9],[V10],[V11],[V12],[V13],[V14],[V15],
[V16],[V17],[V18],[V19],[V20],[V21],[V22],[V23],
[V24],[V25],[V26],[V27],[V28],[V29],[V30],[V31],
[V32],[V33],[V34],[V35],[V36],[V37],[V38],[V39],
[V40],[V41],[V42],[V43],[V44],[V45],[V46],[V47],
[V48],[V49]]

VARORDER [
V0,V1,V2,V3,V4,V5,V6,V7,
V8,V9,V10,V11,V12,V13,V14,V15,
V16,V17,V18,V19,V20,V21,V22,V23,
V24,V25,V26,V27,V28,V29,V30,V31,
V32,V33,V34,V35,V36,V37,V38,V39,
V40,V41,V42,V43,V44,V45,V46,V47,
V48,V49,
aux0,aux1,aux2,aux3,aux4,aux5,aux6,aux7,
aux8,aux9,aux10,aux11,aux12,aux13,aux14,aux15,
aux16,aux17,aux18,aux19,aux20,aux21,aux22,aux23,
aux24,aux25,aux26,aux27,aux28,aux29,aux30,aux31,
aux32,aux33,aux34,aux35,aux36,aux37,aux38,aux39,
aux40,aux41,aux42,aux43,aux44,aux45,aux46,aux47,
aux48,aux49,aux50,aux51,aux52,aux53,aux54,aux55,
aux56,aux57,aux58,aux59,aux60,aux61,aux62,aux63,
aux64,aux65,aux66,aux67,aux68,aux69,aux70,aux71,
aux72,aux73,aux74,aux75,aux76,aux77,aux78,aux79,
aux80,aux81,aux82,aux83,aux84,aux85,aux86,aux87,
aux88,aux89,aux90,aux91,aux92,aux93,aux94,aux95,
aux96,aux97,aux98,aux99,aux100,aux101,aux102,aux103,
aux104,aux105,aux106,aux107,aux108,aux109,aux110,aux111,
aux112,aux113,aux114,aux115,aux116,aux117,aux118,aux119,
aux120,aux121,aux122,aux123,aux124,aux125,aux126,aux127,
aux128,aux129,aux130,aux131,aux132,aux133,aux134,aux135,
aux136,aux137,aux138,aux139,aux140,aux141,aux142,aux143,
aux144,aux145,aux146,aux147,aux148,aux149,aux150,aux151,
aux152,aux153,aux154,aux155,aux156,aux157,aux158,aux159,
aux160,aux161,aux162,aux163,aux164,aux165,aux166,aux167,
aux168,aux169,aux170,aux171,aux172,aux173,aux174,aux175,
aux176,aux177,aux178,aux179,aux180,aux181,aux182,aux183,
aux184,aux185,aux186,aux187,aux188,aux189,aux190,aux191,
aux192,aux193,aux194,aux195,aux196,aux197,aux198,aux199,
aux200,aux201,aux202,aux203,aux204,aux205,aux206,aux207,
aux208,aux209,aux210,aux211,aux212,aux213,aux214,aux215,
aux216,aux217,aux218,aux219,aux220,aux221,aux222,aux223,
aux224,aux225,aux226,aux227,aux228,aux229,aux230,aux231,
aux232,aux233,aux234,aux235,aux236,aux237,aux238,aux239,
aux240,aux241,aux242,aux243,aux244,aux245,aux246,aux247,
aux248,aux249,aux250,aux251,aux252,aux253,aux254,aux255,
aux256,aux257,aux258,aux259,aux260,aux261,aux262,aux263,
aux264,aux265,aux266,aux267,aux268,aux269,aux270,aux271,
aux272,aux273,aux274,aux275,aux276,aux277,aux278,aux279,
aux280,aux281,aux282,aux283,aux284,aux285,aux286,aux287,
aux288,aux289,aux290,aux291,aux292,aux293,aux294,aux295,
aux296,aux297,aux298,aux299,aux300,aux301,aux302,aux303,
aux304,aux305,aux306,aux307,aux308,aux309,aux310,aux311,
aux312,aux313,aux314,aux315,aux316,aux317,aux318,aux319,
aux320,aux321,aux322,aux323,aux324,aux325,aux326,aux327,
aux328,aux329,aux330,aux331,aux332,aux333,aux334,aux335,
aux336,aux337,aux338,aux339,aux340,aux341,aux342,aux343,
aux344,aux345,aux346,aux347,aux348,aux349,aux350,aux351,
aux352,aux353,aux354,aux355,aux356,aux357,aux358,aux359,
aux360,aux361,aux362,aux363,aux364,aux365,aux366,aux367,
aux368,aux369,aux370,aux371,aux372,aux373,aux374,aux375,
aux376,aux377,aux378,aux379,aux380,aux381,aux382,aux383,
aux384,aux385,aux386,aux387,aux388,aux389,aux390,aux391,
aux392,aux393,aux394,aux395,aux396,aux397,aux398,aux399,
aux400,aux401,aux402,aux403,aux404,aux405,aux406,aux407,
aux408,aux409,aux410,aux411,aux412,aux413,aux414,aux415,
aux416,aux417,aux418,aux419,aux420,aux421,aux422,aux423,
aux424,aux425,aux426,aux427,aux428,aux429,aux430,aux431,
aux432,aux433,aux434,aux435,aux436,aux437,aux438,aux439,
aux440,aux441,aux442,aux443,aux444,aux445,aux446,aux447,
aux448,aux449]


**CONSTRAINTS**

reify(sumleq([5,V45], V44), aux448)
reify(sumleq([11,V44], V45), aux449)
watchsumgeq([aux449,aux448], 1)
reify(sumleq([10,V46], V43), aux446)
reify(sumleq([3,V43], V46), aux447)
watchsumgeq([aux447,aux446], 1)
reify(sumleq([15,V47], V42), aux444)
reify(sumleq([13,V42], V47), aux445)
watchsumgeq([aux445,aux444], 1)
reify(sumleq([10,V48], V41), aux442)
reify(sumleq([3,V41], V48), aux443)
watchsumgeq([aux443,aux442], 1)
reify(sumleq([8,V49], V40), aux440)
reify(sumleq([10,V40], V49), aux441)
watchsumgeq([aux441,aux440], 1)
reify(sumleq([5,V45], V39), aux438)
reify(sumleq([8,V39], V45), aux439)
watchsumgeq([aux439,aux438], 1)
reify(sumleq([11,V44], V39), aux436)
reify(sumleq([8,V39], V44), aux437)
watchsumgeq([aux437,aux436], 1)
reify(sumleq([10,V48], V38), aux434)
reify(sumleq([8,V38], V48), aux435)
watchsumgeq([aux435,aux434], 1)
reify(sumleq([3,V41], V38), aux432)
reify(sumleq([8,V38], V41), aux433)
watchsumgeq([aux433,aux432], 1)
reify(sumleq([15,V47], V37), aux430)
reify(sumleq([13,V37], V47), aux431)
watchsumgeq([aux431,aux430], 1)
reify(sumleq([13,V42], V37), aux428)
reify(sumleq([13,V37], V42), aux429)
watchsumgeq([aux429,aux428], 1)
reify(sumleq([8,V49], V36), aux426)
reify(sumleq([6,V36], V49), aux427)
watchsumgeq([aux427,aux426], 1)
reify(sumleq([10,V40], V36), aux424)
reify(sumleq([6,V36], V40), aux425)
watchsumgeq([aux425,aux424], 1)
reify(sumleq([10,V46], V35), aux422)
reify(sumleq([9,V35], V46), aux423)
watchsumgeq([aux423,aux422], 1)
reify(sumleq([3,V43], V35), aux420)
reify(sumleq([9,V35], V43), aux421)
watchsumgeq([aux421,aux420], 1)
reify(sumleq([8,V49], V34), aux418)
reify(sumleq([10,V34], V49), aux419)
watchsumgeq([aux419,aux418], 1)
reify(sumleq([10,V40], V34), aux416)
reify(sumleq([10,V34], V40), aux417)
watchsumgeq([aux417,aux416], 1)
reify(sumleq([6,V36], V34), aux414)
reify(sumleq([10,V34], V36), aux415)
watchsumgeq([aux415,aux414], 1)
reify(sumleq([5,V45], V33), aux412)
reify(sumleq([4,V33], V45), aux413)
watchsumgeq([aux413,aux412], 1)
reify(sumleq([11,V44], V33), aux410)
reify(sumleq([4,V33], V44), aux411)
watchsumgeq([aux411,aux410], 1)
reify(sumleq([8,V39], V33), aux408)
reify(sumleq([4,V33], V39), aux409)
watchsumgeq([aux409,aux408], 1)
reify(sumleq([15,V47], V32), aux406)
reify(sumleq([10,V32], V47), aux407)
watchsumgeq([aux407,aux406], 1)
reify(sumleq([13,V42], V32), aux404)
reify(sumleq([10,V32], V42), aux405)
watchsumgeq([aux405,aux404], 1)
reify(sumleq([13,V37], V32), aux402)
reify(sumleq([10,V32], V37), aux403)
watchsumgeq([aux403,aux402], 1)
reify(sumleq([10,V48], V31), aux400)
reify(sumleq([10,V31], V48), aux401)
watchsumgeq([aux401,aux400], 1)
reify(sumleq([3,V41], V31), aux398)
reify(sumleq([10,V31], V41), aux399)
watchsumgeq([aux399,aux398], 1)
reify(sumleq([8,V38], V31), aux396)
reify(sumleq([10,V31], V38), aux397)
watchsumgeq([aux397,aux396], 1)
reify(sumleq([10,V46], V30), aux394)
reify(sumleq([5,V30], V46), aux395)
watchsumgeq([aux395,aux394], 1)
reify(sumleq([3,V43], V30), aux392)
reify(sumleq([5,V30], V43), aux393)
watchsumgeq([aux393,aux392], 1)
reify(sumleq([9,V35], V30), aux390)
reify(sumleq([5,V30], V35), aux391)
watchsumgeq([aux391,aux390], 1)
reify(sumleq([10,V46], V29), aux388)
reify(sumleq([7,V29], V46), aux389)
watchsumgeq([aux389,aux388], 1)
reify(sumleq([3,V43], V29), aux386)
reify(sumleq([7,V29], V43), aux387)
watchsumgeq([aux387,aux386], 1)
reify(sumleq([9,V35], V29), aux384)
reify(sumleq([7,V29], V35), aux385)
watchsumgeq([aux385,aux384], 1)
reify(sumleq([5,V30], V29), aux382)
reify(sumleq([7,V29], V30), aux383)
watchsumgeq([aux383,aux382], 1)
reify(sumleq([10,V48], V28), aux380)
reify(sumleq([7,V28], V48), aux381)
watchsumgeq([aux381,aux380], 1)
reify(sumleq([3,V41], V28), aux378)
reify(sumleq([7,V28], V41), aux379)
watchsumgeq([aux379,aux378], 1)
reify(sumleq([8,V38], V28), aux376)
reify(sumleq([7,V28], V38), aux377)
watchsumgeq([aux377,aux376], 1)
reify(sumleq([10,V31], V28), aux374)
reify(sumleq([7,V28], V31), aux375)
watchsumgeq([aux375,aux374], 1)
reify(sumleq([15,V47], V27), aux372)
reify(sumleq([14,V27], V47), aux373)
watchsumgeq([aux373,aux372], 1)
reify(sumleq([13,V42], V27), aux370)
reify(sumleq([14,V27], V42), aux371)
watchsumgeq([aux371,aux370], 1)
reify(sumleq([13,V37], V27), aux368)
reify(sumleq([14,V27], V37), aux369)
watchsumgeq([aux369,aux368], 1)
reify(sumleq([10,V32], V27), aux366)
reify(sumleq([14,V27], V32), aux367)
watchsumgeq([aux367,aux366], 1)
reify(sumleq([5,V45], V26), aux364)
reify(sumleq([3,V26], V45), aux365)
watchsumgeq([aux365,aux364], 1)
reify(sumleq([11,V44], V26), aux362)
reify(sumleq([3,V26], V44), aux363)
watchsumgeq([aux363,aux362], 1)
reify(sumleq([8,V39], V26), aux360)
reify(sumleq([3,V26], V39), aux361)
watchsumgeq([aux361,aux360], 1)
reify(sumleq([4,V33], V26), aux358)
reify(sumleq([3,V26], V33), aux359)
watchsumgeq([aux359,aux358], 1)
reify(sumleq([8,V49], V25), aux356)
reify(sumleq([8,V25], V49), aux357)
watchsumgeq([aux357,aux356], 1)
reify(sumleq([10,V40], V25), aux354)
reify(sumleq([8,V25], V40), aux355)
watchsumgeq([aux355,aux354], 1)
reify(sumleq([6,V36], V25), aux352)
reify(sumleq([8,V25], V36), aux353)
watchsumgeq([aux353,aux352], 1)
reify(sumleq([10,V34], V25), aux350)
reify(sumleq([8,V25], V34), aux351)
watchsumgeq([aux351,aux350], 1)
reify(sumleq([8,V49], V24), aux348)
reify(sumleq([4,V24], V49), aux349)
watchsumgeq([aux349,aux348], 1)
reify(sumleq([10,V40], V24), aux346)
reify(sumleq([4,V24], V40), aux347)
watchsumgeq([aux347,aux346], 1)
reify(sumleq([6,V36], V24), aux344)
reify(sumleq([4,V24], V36), aux345)
watchsumgeq([aux345,aux344], 1)
reify(sumleq([10,V34], V24), aux342)
reify(sumleq([4,V24], V34), aux343)
watchsumgeq([aux343,aux342], 1)
reify(sumleq([8,V25], V24), aux340)
reify(sumleq([4,V24], V25), aux341)
watchsumgeq([aux341,aux340], 1)
reify(sumleq([5,V45], V23), aux338)
reify(sumleq([8,V23], V45), aux339)
watchsumgeq([aux339,aux338], 1)
reify(sumleq([11,V44], V23), aux336)
reify(sumleq([8,V23], V44), aux337)
watchsumgeq([aux337,aux336], 1)
reify(sumleq([8,V39], V23), aux334)
reify(sumleq([8,V23], V39), aux335)
watchsumgeq([aux335,aux334], 1)
reify(sumleq([4,V33], V23), aux332)
reify(sumleq([8,V23], V33), aux333)
watchsumgeq([aux333,aux332], 1)
reify(sumleq([3,V26], V23), aux330)
reify(sumleq([8,V23], V26), aux331)
watchsumgeq([aux331,aux330], 1)
reify(sumleq([15,V47], V22), aux328)
reify(sumleq([10,V22], V47), aux329)
watchsumgeq([aux329,aux328], 1)
reify(sumleq([13,V42], V22), aux326)
reify(sumleq([10,V22], V42), aux327)
watchsumgeq([aux327,aux326], 1)
reify(sumleq([13,V37], V22), aux324)
reify(sumleq([10,V22], V37), aux325)
watchsumgeq([aux325,aux324], 1)
reify(sumleq([10,V32], V22), aux322)
reify(sumleq([10,V22], V32), aux323)
watchsumgeq([aux323,aux322], 1)
reify(sumleq([14,V27], V22), aux320)
reify(sumleq([10,V22], V27), aux321)
watchsumgeq([aux321,aux320], 1)
reify(sumleq([10,V46], V21), aux318)
reify(sumleq([11,V21], V46), aux319)
watchsumgeq([aux319,aux318], 1)
reify(sumleq([3,V43], V21), aux316)
reify(sumleq([11,V21], V43), aux317)
watchsumgeq([aux317,aux316], 1)
reify(sumleq([9,V35], V21), aux314)
reify(sumleq([11,V21], V35), aux315)
watchsumgeq([aux315,aux314], 1)
reify(sumleq([5,V30], V21), aux312)
reify(sumleq([11,V21], V30), aux313)
watchsumgeq([aux313,aux312], 1)
reify(sumleq([7,V29], V21), aux310)
reify(sumleq([11,V21], V29), aux311)
watchsumgeq([aux311,aux310], 1)
reify(sumleq([10,V48], V20), aux308)
reify(sumleq([4,V20], V48), aux309)
watchsumgeq([aux309,aux308], 1)
reify(sumleq([3,V41], V20), aux306)
reify(sumleq([4,V20], V41), aux307)
watchsumgeq([aux307,aux306], 1)
reify(sumleq([8,V38], V20), aux304)
reify(sumleq([4,V20], V38), aux305)
watchsumgeq([aux305,aux304], 1)
reify(sumleq([10,V31], V20), aux302)
reify(sumleq([4,V20], V31), aux303)
watchsumgeq([aux303,aux302], 1)
reify(sumleq([7,V28], V20), aux300)
reify(sumleq([4,V20], V28), aux301)
watchsumgeq([aux301,aux300], 1)
reify(sumleq([10,V48], V19), aux298)
reify(sumleq([8,V19], V48), aux299)
watchsumgeq([aux299,aux298], 1)
reify(sumleq([3,V41], V19), aux296)
reify(sumleq([8,V19], V41), aux297)
watchsumgeq([aux297,aux296], 1)
reify(sumleq([8,V38], V19), aux294)
reify(sumleq([8,V19], V38), aux295)
watchsumgeq([aux295,aux294], 1)
reify(sumleq([10,V31], V19), aux292)
reify(sumleq([8,V19], V31), aux293)
watchsumgeq([aux293,aux292], 1)
reify(sumleq([7,V28], V19), aux290)
reify(sumleq([8,V19], V28), aux291)
watchsumgeq([aux291,aux290], 1)
reify(sumleq([4,V20], V19), aux288)
reify(sumleq([8,V19], V20), aux289)
watchsumgeq([aux289,aux288], 1)
reify(sumleq([5,V45], V18), aux286)
reify(sumleq([11,V18], V45), aux287)
watchsumgeq([aux287,aux286], 1)
reify(sumleq([11,V44], V18), aux284)
reify(sumleq([11,V18], V44), aux285)
watchsumgeq([aux285,aux284], 1)
reify(sumleq([8,V39], V18), aux282)
reify(sumleq([11,V18], V39), aux283)
watchsumgeq([aux283,aux282], 1)
reify(sumleq([4,V33], V18), aux280)
reify(sumleq([11,V18], V33), aux281)
watchsumgeq([aux281,aux280], 1)
reify(sumleq([3,V26], V18), aux278)
reify(sumleq([11,V18], V26), aux279)
watchsumgeq([aux279,aux278], 1)
reify(sumleq([8,V23], V18), aux276)
reify(sumleq([11,V18], V23), aux277)
watchsumgeq([aux277,aux276], 1)
reify(sumleq([15,V47], V17), aux274)
reify(sumleq([12,V17], V47), aux275)
watchsumgeq([aux275,aux274], 1)
reify(sumleq([13,V42], V17), aux272)
reify(sumleq([12,V17], V42), aux273)
watchsumgeq([aux273,aux272], 1)
reify(sumleq([13,V37], V17), aux270)
reify(sumleq([12,V17], V37), aux271)
watchsumgeq([aux271,aux270], 1)
reify(sumleq([10,V32], V17), aux268)
reify(sumleq([12,V17], V32), aux269)
watchsumgeq([aux269,aux268], 1)
reify(sumleq([14,V27], V17), aux266)
reify(sumleq([12,V17], V27), aux267)
watchsumgeq([aux267,aux266], 1)
reify(sumleq([10,V22], V17), aux264)
reify(sumleq([12,V17], V22), aux265)
watchsumgeq([aux265,aux264], 1)
reify(sumleq([8,V49], V16), aux262)
reify(sumleq([8,V16], V49), aux263)
watchsumgeq([aux263,aux262], 1)
reify(sumleq([10,V40], V16), aux260)
reify(sumleq([8,V16], V40), aux261)
watchsumgeq([aux261,aux260], 1)
reify(sumleq([6,V36], V16), aux258)
reify(sumleq([8,V16], V36), aux259)
watchsumgeq([aux259,aux258], 1)
reify(sumleq([10,V34], V16), aux256)
reify(sumleq([8,V16], V34), aux257)
watchsumgeq([aux257,aux256], 1)
reify(sumleq([8,V25], V16), aux254)
reify(sumleq([8,V16], V25), aux255)
watchsumgeq([aux255,aux254], 1)
reify(sumleq([4,V24], V16), aux252)
reify(sumleq([8,V16], V24), aux253)
watchsumgeq([aux253,aux252], 1)
reify(sumleq([10,V46], V15), aux250)
reify(sumleq([7,V15], V46), aux251)
watchsumgeq([aux251,aux250], 1)
reify(sumleq([3,V43], V15), aux248)
reify(sumleq([7,V15], V43), aux249)
watchsumgeq([aux249,aux248], 1)
reify(sumleq([9,V35], V15), aux246)
reify(sumleq([7,V15], V35), aux247)
watchsumgeq([aux247,aux246], 1)
reify(sumleq([5,V30], V15), aux244)
reify(sumleq([7,V15], V30), aux245)
watchsumgeq([aux245,aux244], 1)
reify(sumleq([7,V29], V15), aux242)
reify(sumleq([7,V15], V29), aux243)
watchsumgeq([aux243,aux242], 1)
reify(sumleq([11,V21], V15), aux240)
reify(sumleq([7,V15], V21), aux241)
watchsumgeq([aux241,aux240], 1)
reify(sumleq([10,V46], V14), aux238)
reify(sumleq([3,V14], V46), aux239)
watchsumgeq([aux239,aux238], 1)
reify(sumleq([3,V43], V14), aux236)
reify(sumleq([3,V14], V43), aux237)
watchsumgeq([aux237,aux236], 1)
reify(sumleq([9,V35], V14), aux234)
reify(sumleq([3,V14], V35), aux235)
watchsumgeq([aux235,aux234], 1)
reify(sumleq([5,V30], V14), aux232)
reify(sumleq([3,V14], V30), aux233)
watchsumgeq([aux233,aux232], 1)
reify(sumleq([7,V29], V14), aux230)
reify(sumleq([3,V14], V29), aux231)
watchsumgeq([aux231,aux230], 1)
reify(sumleq([11,V21], V14), aux228)
reify(sumleq([3,V14], V21), aux229)
watchsumgeq([aux229,aux228], 1)
reify(sumleq([7,V15], V14), aux226)
reify(sumleq([3,V14], V15), aux227)
watchsumgeq([aux227,aux226], 1)
reify(sumleq([8,V49], V13), aux224)
reify(sumleq([7,V13], V49), aux225)
watchsumgeq([aux225,aux224], 1)
reify(sumleq([10,V40], V13), aux222)
reify(sumleq([7,V13], V40), aux223)
watchsumgeq([aux223,aux222], 1)
reify(sumleq([6,V36], V13), aux220)
reify(sumleq([7,V13], V36), aux221)
watchsumgeq([aux221,aux220], 1)
reify(sumleq([10,V34], V13), aux218)
reify(sumleq([7,V13], V34), aux219)
watchsumgeq([aux219,aux218], 1)
reify(sumleq([8,V25], V13), aux216)
reify(sumleq([7,V13], V25), aux217)
watchsumgeq([aux217,aux216], 1)
reify(sumleq([4,V24], V13), aux214)
reify(sumleq([7,V13], V24), aux215)
watchsumgeq([aux215,aux214], 1)
reify(sumleq([8,V16], V13), aux212)
reify(sumleq([7,V13], V16), aux213)
watchsumgeq([aux213,aux212], 1)
reify(sumleq([15,V47], V12), aux210)
reify(sumleq([11,V12], V47), aux211)
watchsumgeq([aux211,aux210], 1)
reify(sumleq([13,V42], V12), aux208)
reify(sumleq([11,V12], V42), aux209)
watchsumgeq([aux209,aux208], 1)
reify(sumleq([13,V37], V12), aux206)
reify(sumleq([11,V12], V37), aux207)
watchsumgeq([aux207,aux206], 1)
reify(sumleq([10,V32], V12), aux204)
reify(sumleq([11,V12], V32), aux205)
watchsumgeq([aux205,aux204], 1)
reify(sumleq([14,V27], V12), aux202)
reify(sumleq([11,V12], V27), aux203)
watchsumgeq([aux203,aux202], 1)
reify(sumleq([10,V22], V12), aux200)
reify(sumleq([11,V12], V22), aux201)
watchsumgeq([aux201,aux200], 1)
reify(sumleq([12,V17], V12), aux198)
reify(sumleq([11,V12], V17), aux199)
watchsumgeq([aux199,aux198], 1)
reify(sumleq([10,V48], V11), aux196)
reify(sumleq([11,V11], V48), aux197)
watchsumgeq([aux197,aux196], 1)
reify(sumleq([3,V41], V11), aux194)
reify(sumleq([11,V11], V41), aux195)
watchsumgeq([aux195,aux194], 1)
reify(sumleq([8,V38], V11), aux192)
reify(sumleq([11,V11], V38), aux193)
watchsumgeq([aux193,aux192], 1)
reify(sumleq([10,V31], V11), aux190)
reify(sumleq([11,V11], V31), aux191)
watchsumgeq([aux191,aux190], 1)
reify(sumleq([7,V28], V11), aux188)
reify(sumleq([11,V11], V28), aux189)
watchsumgeq([aux189,aux188], 1)
reify(sumleq([4,V20], V11), aux186)
reify(sumleq([11,V11], V20), aux187)
watchsumgeq([aux187,aux186], 1)
reify(sumleq([8,V19], V11), aux184)
reify(sumleq([11,V11], V19), aux185)
watchsumgeq([aux185,aux184], 1)
reify(sumleq([5,V45], V10), aux182)
reify(sumleq([4,V10], V45), aux183)
watchsumgeq([aux183,aux182], 1)
reify(sumleq([11,V44], V10), aux180)
reify(sumleq([4,V10], V44), aux181)
watchsumgeq([aux181,aux180], 1)
reify(sumleq([8,V39], V10), aux178)
reify(sumleq([4,V10], V39), aux179)
watchsumgeq([aux179,aux178], 1)
reify(sumleq([4,V33], V10), aux176)
reify(sumleq([4,V10], V33), aux177)
watchsumgeq([aux177,aux176], 1)
reify(sumleq([3,V26], V10), aux174)
reify(sumleq([4,V10], V26), aux175)
watchsumgeq([aux175,aux174], 1)
reify(sumleq([8,V23], V10), aux172)
reify(sumleq([4,V10], V23), aux173)
watchsumgeq([aux173,aux172], 1)
reify(sumleq([11,V18], V10), aux170)
reify(sumleq([4,V10], V18), aux171)
watchsumgeq([aux171,aux170], 1)
reify(sumleq([8,V49], V9), aux168)
reify(sumleq([4,V9], V49), aux169)
watchsumgeq([aux169,aux168], 1)
reify(sumleq([10,V40], V9), aux166)
reify(sumleq([4,V9], V40), aux167)
watchsumgeq([aux167,aux166], 1)
reify(sumleq([6,V36], V9), aux164)
reify(sumleq([4,V9], V36), aux165)
watchsumgeq([aux165,aux164], 1)
reify(sumleq([10,V34], V9), aux162)
reify(sumleq([4,V9], V34), aux163)
watchsumgeq([aux163,aux162], 1)
reify(sumleq([8,V25], V9), aux160)
reify(sumleq([4,V9], V25), aux161)
watchsumgeq([aux161,aux160], 1)
reify(sumleq([4,V24], V9), aux158)
reify(sumleq([4,V9], V24), aux159)
watchsumgeq([aux159,aux158], 1)
reify(sumleq([8,V16], V9), aux156)
reify(sumleq([4,V9], V16), aux157)
watchsumgeq([aux157,aux156], 1)
reify(sumleq([7,V13], V9), aux154)
reify(sumleq([4,V9], V13), aux155)
watchsumgeq([aux155,aux154], 1)
reify(sumleq([10,V48], V8), aux152)
reify(sumleq([4,V8], V48), aux153)
watchsumgeq([aux153,aux152], 1)
reify(sumleq([3,V41], V8), aux150)
reify(sumleq([4,V8], V41), aux151)
watchsumgeq([aux151,aux150], 1)
reify(sumleq([8,V38], V8), aux148)
reify(sumleq([4,V8], V38), aux149)
watchsumgeq([aux149,aux148], 1)
reify(sumleq([10,V31], V8), aux146)
reify(sumleq([4,V8], V31), aux147)
watchsumgeq([aux147,aux146], 1)
reify(sumleq([7,V28], V8), aux144)
reify(sumleq([4,V8], V28), aux145)
watchsumgeq([aux145,aux144], 1)
reify(sumleq([4,V20], V8), aux142)
reify(sumleq([4,V8], V20), aux143)
watchsumgeq([aux143,aux142], 1)
reify(sumleq([8,V19], V8), aux140)
reify(sumleq([4,V8], V19), aux141)
watchsumgeq([aux141,aux140], 1)
reify(sumleq([11,V11], V8), aux138)
reify(sumleq([4,V8], V11), aux139)
watchsumgeq([aux139,aux138], 1)
reify(sumleq([15,V47], V7), aux136)
reify(sumleq([13,V7], V47), aux137)
watchsumgeq([aux137,aux136], 1)
reify(sumleq([13,V42], V7), aux134)
reify(sumleq([13,V7], V42), aux135)
watchsumgeq([aux135,aux134], 1)
reify(sumleq([13,V37], V7), aux132)
reify(sumleq([13,V7], V37), aux133)
watchsumgeq([aux133,aux132], 1)
reify(sumleq([10,V32], V7), aux130)
reify(sumleq([13,V7], V32), aux131)
watchsumgeq([aux131,aux130], 1)
reify(sumleq([14,V27], V7), aux128)
reify(sumleq([13,V7], V27), aux129)
watchsumgeq([aux129,aux128], 1)
reify(sumleq([10,V22], V7), aux126)
reify(sumleq([13,V7], V22), aux127)
watchsumgeq([aux127,aux126], 1)
reify(sumleq([12,V17], V7), aux124)
reify(sumleq([13,V7], V17), aux125)
watchsumgeq([aux125,aux124], 1)
reify(sumleq([11,V12], V7), aux122)
reify(sumleq([13,V7], V12), aux123)
watchsumgeq([aux123,aux122], 1)
reify(sumleq([5,V45], V6), aux120)
reify(sumleq([11,V6], V45), aux121)
watchsumgeq([aux121,aux120], 1)
reify(sumleq([11,V44], V6), aux118)
reify(sumleq([11,V6], V44), aux119)
watchsumgeq([aux119,aux118], 1)
reify(sumleq([8,V39], V6), aux116)
reify(sumleq([11,V6], V39), aux117)
watchsumgeq([aux117,aux116], 1)
reify(sumleq([4,V33], V6), aux114)
reify(sumleq([11,V6], V33), aux115)
watchsumgeq([aux115,aux114], 1)
reify(sumleq([3,V26], V6), aux112)
reify(sumleq([11,V6], V26), aux113)
watchsumgeq([aux113,aux112], 1)
reify(sumleq([8,V23], V6), aux110)
reify(sumleq([11,V6], V23), aux111)
watchsumgeq([aux111,aux110], 1)
reify(sumleq([11,V18], V6), aux108)
reify(sumleq([11,V6], V18), aux109)
watchsumgeq([aux109,aux108], 1)
reify(sumleq([4,V10], V6), aux106)
reify(sumleq([11,V6], V10), aux107)
watchsumgeq([aux107,aux106], 1)
reify(sumleq([10,V46], V5), aux104)
reify(sumleq([7,V5], V46), aux105)
watchsumgeq([aux105,aux104], 1)
reify(sumleq([3,V43], V5), aux102)
reify(sumleq([7,V5], V43), aux103)
watchsumgeq([aux103,aux102], 1)
reify(sumleq([9,V35], V5), aux100)
reify(sumleq([7,V5], V35), aux101)
watchsumgeq([aux101,aux100], 1)
reify(sumleq([5,V30], V5), aux98)
reify(sumleq([7,V5], V30), aux99)
watchsumgeq([aux99,aux98], 1)
reify(sumleq([7,V29], V5), aux96)
reify(sumleq([7,V5], V29), aux97)
watchsumgeq([aux97,aux96], 1)
reify(sumleq([11,V21], V5), aux94)
reify(sumleq([7,V5], V21), aux95)
watchsumgeq([aux95,aux94], 1)
reify(sumleq([7,V15], V5), aux92)
reify(sumleq([7,V5], V15), aux93)
watchsumgeq([aux93,aux92], 1)
reify(sumleq([3,V14], V5), aux90)
reify(sumleq([7,V5], V14), aux91)
watchsumgeq([aux91,aux90], 1)
reify(sumleq([5,V45], V4), aux88)
reify(sumleq([4,V4], V45), aux89)
watchsumgeq([aux89,aux88], 1)
reify(sumleq([11,V44], V4), aux86)
reify(sumleq([4,V4], V44), aux87)
watchsumgeq([aux87,aux86], 1)
reify(sumleq([8,V39], V4), aux84)
reify(sumleq([4,V4], V39), aux85)
watchsumgeq([aux85,aux84], 1)
reify(sumleq([4,V33], V4), aux82)
reify(sumleq([4,V4], V33), aux83)
watchsumgeq([aux83,aux82], 1)
reify(sumleq([3,V26], V4), aux80)
reify(sumleq([4,V4], V26), aux81)
watchsumgeq([aux81,aux80], 1)
reify(sumleq([8,V23], V4), aux78)
reify(sumleq([4,V4], V23), aux79)
watchsumgeq([aux79,aux78], 1)
reify(sumleq([11,V18], V4), aux76)
reify(sumleq([4,V4], V18), aux77)
watchsumgeq([aux77,aux76], 1)
reify(sumleq([4,V10], V4), aux74)
reify(sumleq([4,V4], V10), aux75)
watchsumgeq([aux75,aux74], 1)
reify(sumleq([11,V6], V4), aux72)
reify(sumleq([4,V4], V6), aux73)
watchsumgeq([aux73,aux72], 1)
reify(sumleq([10,V46], V3), aux70)
reify(sumleq([10,V3], V46), aux71)
watchsumgeq([aux71,aux70], 1)
reify(sumleq([3,V43], V3), aux68)
reify(sumleq([10,V3], V43), aux69)
watchsumgeq([aux69,aux68], 1)
reify(sumleq([9,V35], V3), aux66)
reify(sumleq([10,V3], V35), aux67)
watchsumgeq([aux67,aux66], 1)
reify(sumleq([5,V30], V3), aux64)
reify(sumleq([10,V3], V30), aux65)
watchsumgeq([aux65,aux64], 1)
reify(sumleq([7,V29], V3), aux62)
reify(sumleq([10,V3], V29), aux63)
watchsumgeq([aux63,aux62], 1)
reify(sumleq([11,V21], V3), aux60)
reify(sumleq([10,V3], V21), aux61)
watchsumgeq([aux61,aux60], 1)
reify(sumleq([7,V15], V3), aux58)
reify(sumleq([10,V3], V15), aux59)
watchsumgeq([aux59,aux58], 1)
reify(sumleq([3,V14], V3), aux56)
reify(sumleq([10,V3], V14), aux57)
watchsumgeq([aux57,aux56], 1)
reify(sumleq([7,V5], V3), aux54)
reify(sumleq([10,V3], V5), aux55)
watchsumgeq([aux55,aux54], 1)
reify(sumleq([15,V47], V2), aux52)
reify(sumleq([16,V2], V47), aux53)
watchsumgeq([aux53,aux52], 1)
reify(sumleq([13,V42], V2), aux50)
reify(sumleq([16,V2], V42), aux51)
watchsumgeq([aux51,aux50], 1)
reify(sumleq([13,V37], V2), aux48)
reify(sumleq([16,V2], V37), aux49)
watchsumgeq([aux49,aux48], 1)
reify(sumleq([10,V32], V2), aux46)
reify(sumleq([16,V2], V32), aux47)
watchsumgeq([aux47,aux46], 1)
reify(sumleq([14,V27], V2), aux44)
reify(sumleq([16,V2], V27), aux45)
watchsumgeq([aux45,aux44], 1)
reify(sumleq([10,V22], V2), aux42)
reify(sumleq([16,V2], V22), aux43)
watchsumgeq([aux43,aux42], 1)
reify(sumleq([12,V17], V2), aux40)
reify(sumleq([16,V2], V17), aux41)
watchsumgeq([aux41,aux40], 1)
reify(sumleq([11,V12], V2), aux38)
reify(sumleq([16,V2], V12), aux39)
watchsumgeq([aux39,aux38], 1)
reify(sumleq([13,V7], V2), aux36)
reify(sumleq([16,V2], V7), aux37)
watchsumgeq([aux37,aux36], 1)
reify(sumleq([10,V48], V1), aux34)
reify(sumleq([8,V1], V48), aux35)
watchsumgeq([aux35,aux34], 1)
reify(sumleq([3,V41], V1), aux32)
reify(sumleq([8,V1], V41), aux33)
watchsumgeq([aux33,aux32], 1)
reify(sumleq([8,V38], V1), aux30)
reify(sumleq([8,V1], V38), aux31)
watchsumgeq([aux31,aux30], 1)
reify(sumleq([10,V31], V1), aux28)
reify(sumleq([8,V1], V31), aux29)
watchsumgeq([aux29,aux28], 1)
reify(sumleq([7,V28], V1), aux26)
reify(sumleq([8,V1], V28), aux27)
watchsumgeq([aux27,aux26], 1)
reify(sumleq([4,V20], V1), aux24)
reify(sumleq([8,V1], V20), aux25)
watchsumgeq([aux25,aux24], 1)
reify(sumleq([8,V19], V1), aux22)
reify(sumleq([8,V1], V19), aux23)
watchsumgeq([aux23,aux22], 1)
reify(sumleq([11,V11], V1), aux20)
reify(sumleq([8,V1], V11), aux21)
watchsumgeq([aux21,aux20], 1)
reify(sumleq([4,V8], V1), aux18)
reify(sumleq([8,V1], V8), aux19)
watchsumgeq([aux19,aux18], 1)
reify(sumleq([8,V49], V0), aux16)
reify(sumleq([10,V0], V49), aux17)
watchsumgeq([aux17,aux16], 1)
reify(sumleq([10,V40], V0), aux14)
reify(sumleq([10,V0], V40), aux15)
watchsumgeq([aux15,aux14], 1)
reify(sumleq([6,V36], V0), aux12)
reify(sumleq([10,V0], V36), aux13)
watchsumgeq([aux13,aux12], 1)
reify(sumleq([10,V34], V0), aux10)
reify(sumleq([10,V0], V34), aux11)
watchsumgeq([aux11,aux10], 1)
reify(sumleq([8,V25], V0), aux8)
reify(sumleq([10,V0], V25), aux9)
watchsumgeq([aux9,aux8], 1)
reify(sumleq([4,V24], V0), aux6)
reify(sumleq([10,V0], V24), aux7)
watchsumgeq([aux7,aux6], 1)
reify(sumleq([8,V16], V0), aux4)
reify(sumleq([10,V0], V16), aux5)
watchsumgeq([aux5,aux4], 1)
reify(sumleq([7,V13], V0), aux2)
reify(sumleq([10,V0], V13), aux3)
watchsumgeq([aux3,aux2], 1)
reify(sumleq([4,V9], V0), aux0)
reify(sumleq([10,V0], V9), aux1)
watchsumgeq([aux1,aux0], 1)
sumleq([10,V48], V49)
sumleq([15,V47], V48)
sumleq([10,V46], V47)
sumleq([5,V45], V46)
sumleq([3,V43], V44)
sumleq([13,V42], V43)
sumleq([3,V41], V42)
sumleq([10,V40], V41)
sumleq([8,V38], V39)
sumleq([13,V37], V38)
sumleq([6,V36], V37)
sumleq([9,V35], V36)
sumleq([4,V33], V34)
sumleq([10,V32], V33)
sumleq([10,V31], V32)
sumleq([5,V30], V31)
sumleq([7,V28], V29)
sumleq([14,V27], V28)
sumleq([3,V26], V27)
sumleq([8,V25], V26)
sumleq([8,V23], V24)
sumleq([10,V22], V23)
sumleq([11,V21], V22)
sumleq([4,V20], V21)
sumleq([11,V18], V19)
sumleq([12,V17], V18)
sumleq([8,V16], V17)
sumleq([7,V15], V16)
sumleq([7,V13], V14)
sumleq([11,V12], V13)
sumleq([11,V11], V12)
sumleq([4,V10], V11)
sumleq([4,V8], V9)
sumleq([13,V7], V8)
sumleq([11,V6], V7)
sumleq([7,V5], V6)
sumleq([10,V3], V4)
sumleq([16,V2], V3)
sumleq([8,V1], V2)
sumleq([10,V0], V1)

**EOF**
