MINION 3

#This file has been automatically generated by TAILOR v0.2
#bug-reports: andrea@cs.st-and.ac.uk

# amount of common subexpressions used:0
# amount of inferred common subexpressions used:0
# amount of original variables saved (over direct equality):0
# amount of constraints:13
# amount of auxiliary variables: 0

**VARIABLES**
DISCRETE V0 {1..2}
DISCRETE V1 {0..80}
DISCRETE V2 {0..80}
DISCRETE V3 {0..80}
DISCRETE V4 {0..80}
DISCRETE V5 {0..80}
DISCRETE V6 {0..80}
DISCRETE V7 {0..80}
DISCRETE V8 {0..80}
DISCRETE V9 {0..80}
DISCRETE V10 {0..80}
DISCRETE V11 {0..80}
DISCRETE V12 {0..80}
DISCRETE V13 {78..79}

# aliases

**SEARCH**

PRINT [
[V0],[V1],[V2],[V3],[V4],[V5],[V6],[V7],
[V8],[V9],[V10],[V11],[V12],[V13]]

VARORDER [
V0,V1,V2,V3,V4,V5,V6,V7,
V8,V9,V10,V11,V12,V13]


**CONSTRAINTS**

table([V12,V13],{<73,79>, <75,78>, <78,79>, <79,78>, <80,78>, <80,79>})
table([V11,V12],{<0,1>, <0,2>, <1,0>, <1,2>, <1,7>, <2,0>, <2,1>, <2,5>, <3,4>, <3,5>, <3,6>, <4,3>, <4,5>, <4,22>, <5,2>, <5,3>, <5,4>, <6,3>, <6,7>, <6,8>, <7,1>, <7,6>, <7,8>, <8,6>, <8,7>, <8,17>, <9,10>, <9,11>, <9,18>, <10,9>, <10,11>, <10,16>, <11,9>, <11,10>, <11,14>, <12,13>, <12,14>, <12,15>, <13,12>, <13,14>, <13,67>, <14,11>, <14,12>, <14,13>, <15,12>, <15,16>, <15,17>, <16,10>, <16,15>, <16,17>, <17,8>, <17,15>, <17,16>, <18,9>, <18,19>, <18,20>, <19,18>, <19,20>, <19,25>, <20,18>, <20,19>, <20,23>, <21,22>, <21,23>, <21,24>, <22,4>, <22,21>, <22,23>, <23,20>, <23,21>, <23,22>, <24,21>, <24,25>, <24,26>, <25,19>, <25,24>, <25,26>, <26,24>, <26,25>, <26,53>, <27,28>, <27,29>, <27,54>, <28,27>, <28,29>, <28,34>, <29,27>, <29,28>, <29,32>, <30,31>, <30,32>, <30,33>, <31,30>, <31,32>, <31,49>, <32,29>, <32,30>, <32,31>, <33,30>, <33,34>, <33,35>, <34,28>, <34,33>, <34,35>, <35,33>, <35,34>, <35,44>, <36,37>, <36,38>, <36,45>, <37,36>, <37,38>, <37,43>, <38,36>, <38,37>, <38,41>, <39,40>, <39,41>, <39,42>, <40,39>, <40,41>, <41,38>, <41,39>, <41,40>, <42,39>, <42,43>, <42,44>, <43,37>, <43,42>, <43,44>, <44,35>, <44,42>, <44,43>, <45,36>, <45,46>, <45,47>, <46,45>, <46,47>, <46,52>, <47,45>, <47,46>, <47,50>, <48,49>, <48,50>, <48,51>, <49,31>, <49,48>, <49,50>, <50,47>, <50,48>, <50,49>, <51,48>, <51,52>, <51,53>, <52,46>, <52,51>, <52,53>, <53,26>, <53,51>, <53,52>, <54,27>, <54,55>, <54,56>, <55,54>, <55,56>, <55,61>, <56,54>, <56,55>, <56,59>, <57,58>, <57,59>, <57,60>, <58,57>, <58,59>, <58,76>, <59,56>, <59,57>, <59,58>, <60,57>, <60,61>, <60,62>, <61,55>, <61,60>, <61,62>, <62,60>, <62,61>, <62,71>, <63,64>, <63,65>, <63,72>, <64,63>, <64,65>, <64,70>, <65,63>, <65,64>, <65,68>, <66,67>, <66,68>, <66,69>, <67,13>, <67,66>, <67,68>, <68,65>, <68,66>, <68,67>, <69,66>, <69,70>, <69,71>, <70,64>, <70,69>, <70,71>, <71,62>, <71,69>, <71,70>, <72,63>, <72,73>, <72,74>, <73,72>, <73,74>, <73,79>, <74,72>, <74,73>, <74,77>, <75,76>, <75,77>, <75,78>, <76,58>, <76,75>, <76,77>, <77,74>, <77,75>, <77,76>, <78,75>, <78,79>, <78,80>, <79,73>, <79,78>, <79,80>, <80,78>, <80,79>})
table([V10,V11],{<0,1>, <0,2>, <1,0>, <1,2>, <1,7>, <2,0>, <2,1>, <2,5>, <3,4>, <3,5>, <3,6>, <4,3>, <4,5>, <4,22>, <5,2>, <5,3>, <5,4>, <6,3>, <6,7>, <6,8>, <7,1>, <7,6>, <7,8>, <8,6>, <8,7>, <8,17>, <9,10>, <9,11>, <9,18>, <10,9>, <10,11>, <10,16>, <11,9>, <11,10>, <11,14>, <12,13>, <12,14>, <12,15>, <13,12>, <13,14>, <13,67>, <14,11>, <14,12>, <14,13>, <15,12>, <15,16>, <15,17>, <16,10>, <16,15>, <16,17>, <17,8>, <17,15>, <17,16>, <18,9>, <18,19>, <18,20>, <19,18>, <19,20>, <19,25>, <20,18>, <20,19>, <20,23>, <21,22>, <21,23>, <21,24>, <22,4>, <22,21>, <22,23>, <23,20>, <23,21>, <23,22>, <24,21>, <24,25>, <24,26>, <25,19>, <25,24>, <25,26>, <26,24>, <26,25>, <26,53>, <27,28>, <27,29>, <27,54>, <28,27>, <28,29>, <28,34>, <29,27>, <29,28>, <29,32>, <30,31>, <30,32>, <30,33>, <31,30>, <31,32>, <31,49>, <32,29>, <32,30>, <32,31>, <33,30>, <33,34>, <33,35>, <34,28>, <34,33>, <34,35>, <35,33>, <35,34>, <35,44>, <36,37>, <36,38>, <36,45>, <37,36>, <37,38>, <37,43>, <38,36>, <38,37>, <38,41>, <39,40>, <39,41>, <39,42>, <40,39>, <40,41>, <41,38>, <41,39>, <41,40>, <42,39>, <42,43>, <42,44>, <43,37>, <43,42>, <43,44>, <44,35>, <44,42>, <44,43>, <45,36>, <45,46>, <45,47>, <46,45>, <46,47>, <46,52>, <47,45>, <47,46>, <47,50>, <48,49>, <48,50>, <48,51>, <49,31>, <49,48>, <49,50>, <50,47>, <50,48>, <50,49>, <51,48>, <51,52>, <51,53>, <52,46>, <52,51>, <52,53>, <53,26>, <53,51>, <53,52>, <54,27>, <54,55>, <54,56>, <55,54>, <55,56>, <55,61>, <56,54>, <56,55>, <56,59>, <57,58>, <57,59>, <57,60>, <58,57>, <58,59>, <58,76>, <59,56>, <59,57>, <59,58>, <60,57>, <60,61>, <60,62>, <61,55>, <61,60>, <61,62>, <62,60>, <62,61>, <62,71>, <63,64>, <63,65>, <63,72>, <64,63>, <64,65>, <64,70>, <65,63>, <65,64>, <65,68>, <66,67>, <66,68>, <66,69>, <67,13>, <67,66>, <67,68>, <68,65>, <68,66>, <68,67>, <69,66>, <69,70>, <69,71>, <70,64>, <70,69>, <70,71>, <71,62>, <71,69>, <71,70>, <72,63>, <72,73>, <72,74>, <73,72>, <73,74>, <73,79>, <74,72>, <74,73>, <74,77>, <75,76>, <75,77>, <75,78>, <76,58>, <76,75>, <76,77>, <77,74>, <77,75>, <77,76>, <78,75>, <78,79>, <78,80>, <79,73>, <79,78>, <79,80>, <80,78>, <80,79>})
table([V9,V10],{<0,1>, <0,2>, <1,0>, <1,2>, <1,7>, <2,0>, <2,1>, <2,5>, <3,4>, <3,5>, <3,6>, <4,3>, <4,5>, <4,22>, <5,2>, <5,3>, <5,4>, <6,3>, <6,7>, <6,8>, <7,1>, <7,6>, <7,8>, <8,6>, <8,7>, <8,17>, <9,10>, <9,11>, <9,18>, <10,9>, <10,11>, <10,16>, <11,9>, <11,10>, <11,14>, <12,13>, <12,14>, <12,15>, <13,12>, <13,14>, <13,67>, <14,11>, <14,12>, <14,13>, <15,12>, <15,16>, <15,17>, <16,10>, <16,15>, <16,17>, <17,8>, <17,15>, <17,16>, <18,9>, <18,19>, <18,20>, <19,18>, <19,20>, <19,25>, <20,18>, <20,19>, <20,23>, <21,22>, <21,23>, <21,24>, <22,4>, <22,21>, <22,23>, <23,20>, <23,21>, <23,22>, <24,21>, <24,25>, <24,26>, <25,19>, <25,24>, <25,26>, <26,24>, <26,25>, <26,53>, <27,28>, <27,29>, <27,54>, <28,27>, <28,29>, <28,34>, <29,27>, <29,28>, <29,32>, <30,31>, <30,32>, <30,33>, <31,30>, <31,32>, <31,49>, <32,29>, <32,30>, <32,31>, <33,30>, <33,34>, <33,35>, <34,28>, <34,33>, <34,35>, <35,33>, <35,34>, <35,44>, <36,37>, <36,38>, <36,45>, <37,36>, <37,38>, <37,43>, <38,36>, <38,37>, <38,41>, <39,40>, <39,41>, <39,42>, <40,39>, <40,41>, <41,38>, <41,39>, <41,40>, <42,39>, <42,43>, <42,44>, <43,37>, <43,42>, <43,44>, <44,35>, <44,42>, <44,43>, <45,36>, <45,46>, <45,47>, <46,45>, <46,47>, <46,52>, <47,45>, <47,46>, <47,50>, <48,49>, <48,50>, <48,51>, <49,31>, <49,48>, <49,50>, <50,47>, <50,48>, <50,49>, <51,48>, <51,52>, <51,53>, <52,46>, <52,51>, <52,53>, <53,26>, <53,51>, <53,52>, <54,27>, <54,55>, <54,56>, <55,54>, <55,56>, <55,61>, <56,54>, <56,55>, <56,59>, <57,58>, <57,59>, <57,60>, <58,57>, <58,59>, <58,76>, <59,56>, <59,57>, <59,58>, <60,57>, <60,61>, <60,62>, <61,55>, <61,60>, <61,62>, <62,60>, <62,61>, <62,71>, <63,64>, <63,65>, <63,72>, <64,63>, <64,65>, <64,70>, <65,63>, <65,64>, <65,68>, <66,67>, <66,68>, <66,69>, <67,13>, <67,66>, <67,68>, <68,65>, <68,66>, <68,67>, <69,66>, <69,70>, <69,71>, <70,64>, <70,69>, <70,71>, <71,62>, <71,69>, <71,70>, <72,63>, <72,73>, <72,74>, <73,72>, <73,74>, <73,79>, <74,72>, <74,73>, <74,77>, <75,76>, <75,77>, <75,78>, <76,58>, <76,75>, <76,77>, <77,74>, <77,75>, <77,76>, <78,75>, <78,79>, <78,80>, <79,73>, <79,78>, <79,80>, <80,78>, <80,79>})
table([V8,V9],{<0,1>, <0,2>, <1,0>, <1,2>, <1,7>, <2,0>, <2,1>, <2,5>, <3,4>, <3,5>, <3,6>, <4,3>, <4,5>, <4,22>, <5,2>, <5,3>, <5,4>, <6,3>, <6,7>, <6,8>, <7,1>, <7,6>, <7,8>, <8,6>, <8,7>, <8,17>, <9,10>, <9,11>, <9,18>, <10,9>, <10,11>, <10,16>, <11,9>, <11,10>, <11,14>, <12,13>, <12,14>, <12,15>, <13,12>, <13,14>, <13,67>, <14,11>, <14,12>, <14,13>, <15,12>, <15,16>, <15,17>, <16,10>, <16,15>, <16,17>, <17,8>, <17,15>, <17,16>, <18,9>, <18,19>, <18,20>, <19,18>, <19,20>, <19,25>, <20,18>, <20,19>, <20,23>, <21,22>, <21,23>, <21,24>, <22,4>, <22,21>, <22,23>, <23,20>, <23,21>, <23,22>, <24,21>, <24,25>, <24,26>, <25,19>, <25,24>, <25,26>, <26,24>, <26,25>, <26,53>, <27,28>, <27,29>, <27,54>, <28,27>, <28,29>, <28,34>, <29,27>, <29,28>, <29,32>, <30,31>, <30,32>, <30,33>, <31,30>, <31,32>, <31,49>, <32,29>, <32,30>, <32,31>, <33,30>, <33,34>, <33,35>, <34,28>, <34,33>, <34,35>, <35,33>, <35,34>, <35,44>, <36,37>, <36,38>, <36,45>, <37,36>, <37,38>, <37,43>, <38,36>, <38,37>, <38,41>, <39,40>, <39,41>, <39,42>, <40,39>, <40,41>, <41,38>, <41,39>, <41,40>, <42,39>, <42,43>, <42,44>, <43,37>, <43,42>, <43,44>, <44,35>, <44,42>, <44,43>, <45,36>, <45,46>, <45,47>, <46,45>, <46,47>, <46,52>, <47,45>, <47,46>, <47,50>, <48,49>, <48,50>, <48,51>, <49,31>, <49,48>, <49,50>, <50,47>, <50,48>, <50,49>, <51,48>, <51,52>, <51,53>, <52,46>, <52,51>, <52,53>, <53,26>, <53,51>, <53,52>, <54,27>, <54,55>, <54,56>, <55,54>, <55,56>, <55,61>, <56,54>, <56,55>, <56,59>, <57,58>, <57,59>, <57,60>, <58,57>, <58,59>, <58,76>, <59,56>, <59,57>, <59,58>, <60,57>, <60,61>, <60,62>, <61,55>, <61,60>, <61,62>, <62,60>, <62,61>, <62,71>, <63,64>, <63,65>, <63,72>, <64,63>, <64,65>, <64,70>, <65,63>, <65,64>, <65,68>, <66,67>, <66,68>, <66,69>, <67,13>, <67,66>, <67,68>, <68,65>, <68,66>, <68,67>, <69,66>, <69,70>, <69,71>, <70,64>, <70,69>, <70,71>, <71,62>, <71,69>, <71,70>, <72,63>, <72,73>, <72,74>, <73,72>, <73,74>, <73,79>, <74,72>, <74,73>, <74,77>, <75,76>, <75,77>, <75,78>, <76,58>, <76,75>, <76,77>, <77,74>, <77,75>, <77,76>, <78,75>, <78,79>, <78,80>, <79,73>, <79,78>, <79,80>, <80,78>, <80,79>})
table([V7,V8],{<0,1>, <0,2>, <1,0>, <1,2>, <1,7>, <2,0>, <2,1>, <2,5>, <3,4>, <3,5>, <3,6>, <4,3>, <4,5>, <4,22>, <5,2>, <5,3>, <5,4>, <6,3>, <6,7>, <6,8>, <7,1>, <7,6>, <7,8>, <8,6>, <8,7>, <8,17>, <9,10>, <9,11>, <9,18>, <10,9>, <10,11>, <10,16>, <11,9>, <11,10>, <11,14>, <12,13>, <12,14>, <12,15>, <13,12>, <13,14>, <13,67>, <14,11>, <14,12>, <14,13>, <15,12>, <15,16>, <15,17>, <16,10>, <16,15>, <16,17>, <17,8>, <17,15>, <17,16>, <18,9>, <18,19>, <18,20>, <19,18>, <19,20>, <19,25>, <20,18>, <20,19>, <20,23>, <21,22>, <21,23>, <21,24>, <22,4>, <22,21>, <22,23>, <23,20>, <23,21>, <23,22>, <24,21>, <24,25>, <24,26>, <25,19>, <25,24>, <25,26>, <26,24>, <26,25>, <26,53>, <27,28>, <27,29>, <27,54>, <28,27>, <28,29>, <28,34>, <29,27>, <29,28>, <29,32>, <30,31>, <30,32>, <30,33>, <31,30>, <31,32>, <31,49>, <32,29>, <32,30>, <32,31>, <33,30>, <33,34>, <33,35>, <34,28>, <34,33>, <34,35>, <35,33>, <35,34>, <35,44>, <36,37>, <36,38>, <36,45>, <37,36>, <37,38>, <37,43>, <38,36>, <38,37>, <38,41>, <39,40>, <39,41>, <39,42>, <40,39>, <40,41>, <41,38>, <41,39>, <41,40>, <42,39>, <42,43>, <42,44>, <43,37>, <43,42>, <43,44>, <44,35>, <44,42>, <44,43>, <45,36>, <45,46>, <45,47>, <46,45>, <46,47>, <46,52>, <47,45>, <47,46>, <47,50>, <48,49>, <48,50>, <48,51>, <49,31>, <49,48>, <49,50>, <50,47>, <50,48>, <50,49>, <51,48>, <51,52>, <51,53>, <52,46>, <52,51>, <52,53>, <53,26>, <53,51>, <53,52>, <54,27>, <54,55>, <54,56>, <55,54>, <55,56>, <55,61>, <56,54>, <56,55>, <56,59>, <57,58>, <57,59>, <57,60>, <58,57>, <58,59>, <58,76>, <59,56>, <59,57>, <59,58>, <60,57>, <60,61>, <60,62>, <61,55>, <61,60>, <61,62>, <62,60>, <62,61>, <62,71>, <63,64>, <63,65>, <63,72>, <64,63>, <64,65>, <64,70>, <65,63>, <65,64>, <65,68>, <66,67>, <66,68>, <66,69>, <67,13>, <67,66>, <67,68>, <68,65>, <68,66>, <68,67>, <69,66>, <69,70>, <69,71>, <70,64>, <70,69>, <70,71>, <71,62>, <71,69>, <71,70>, <72,63>, <72,73>, <72,74>, <73,72>, <73,74>, <73,79>, <74,72>, <74,73>, <74,77>, <75,76>, <75,77>, <75,78>, <76,58>, <76,75>, <76,77>, <77,74>, <77,75>, <77,76>, <78,75>, <78,79>, <78,80>, <79,73>, <79,78>, <79,80>, <80,78>, <80,79>})
table([V6,V7],{<0,1>, <0,2>, <1,0>, <1,2>, <1,7>, <2,0>, <2,1>, <2,5>, <3,4>, <3,5>, <3,6>, <4,3>, <4,5>, <4,22>, <5,2>, <5,3>, <5,4>, <6,3>, <6,7>, <6,8>, <7,1>, <7,6>, <7,8>, <8,6>, <8,7>, <8,17>, <9,10>, <9,11>, <9,18>, <10,9>, <10,11>, <10,16>, <11,9>, <11,10>, <11,14>, <12,13>, <12,14>, <12,15>, <13,12>, <13,14>, <13,67>, <14,11>, <14,12>, <14,13>, <15,12>, <15,16>, <15,17>, <16,10>, <16,15>, <16,17>, <17,8>, <17,15>, <17,16>, <18,9>, <18,19>, <18,20>, <19,18>, <19,20>, <19,25>, <20,18>, <20,19>, <20,23>, <21,22>, <21,23>, <21,24>, <22,4>, <22,21>, <22,23>, <23,20>, <23,21>, <23,22>, <24,21>, <24,25>, <24,26>, <25,19>, <25,24>, <25,26>, <26,24>, <26,25>, <26,53>, <27,28>, <27,29>, <27,54>, <28,27>, <28,29>, <28,34>, <29,27>, <29,28>, <29,32>, <30,31>, <30,32>, <30,33>, <31,30>, <31,32>, <31,49>, <32,29>, <32,30>, <32,31>, <33,30>, <33,34>, <33,35>, <34,28>, <34,33>, <34,35>, <35,33>, <35,34>, <35,44>, <36,37>, <36,38>, <36,45>, <37,36>, <37,38>, <37,43>, <38,36>, <38,37>, <38,41>, <39,40>, <39,41>, <39,42>, <40,39>, <40,41>, <41,38>, <41,39>, <41,40>, <42,39>, <42,43>, <42,44>, <43,37>, <43,42>, <43,44>, <44,35>, <44,42>, <44,43>, <45,36>, <45,46>, <45,47>, <46,45>, <46,47>, <46,52>, <47,45>, <47,46>, <47,50>, <48,49>, <48,50>, <48,51>, <49,31>, <49,48>, <49,50>, <50,47>, <50,48>, <50,49>, <51,48>, <51,52>, <51,53>, <52,46>, <52,51>, <52,53>, <53,26>, <53,51>, <53,52>, <54,27>, <54,55>, <54,56>, <55,54>, <55,56>, <55,61>, <56,54>, <56,55>, <56,59>, <57,58>, <57,59>, <57,60>, <58,57>, <58,59>, <58,76>, <59,56>, <59,57>, <59,58>, <60,57>, <60,61>, <60,62>, <61,55>, <61,60>, <61,62>, <62,60>, <62,61>, <62,71>, <63,64>, <63,65>, <63,72>, <64,63>, <64,65>, <64,70>, <65,63>, <65,64>, <65,68>, <66,67>, <66,68>, <66,69>, <67,13>, <67,66>, <67,68>, <68,65>, <68,66>, <68,67>, <69,66>, <69,70>, <69,71>, <70,64>, <70,69>, <70,71>, <71,62>, <71,69>, <71,70>, <72,63>, <72,73>, <72,74>, <73,72>, <73,74>, <73,79>, <74,72>, <74,73>, <74,77>, <75,76>, <75,77>, <75,78>, <76,58>, <76,75>, <76,77>, <77,74>, <77,75>, <77,76>, <78,75>, <78,79>, <78,80>, <79,73>, <79,78>, <79,80>, <80,78>, <80,79>})
table([V5,V6],{<0,1>, <0,2>, <1,0>, <1,2>, <1,7>, <2,0>, <2,1>, <2,5>, <3,4>, <3,5>, <3,6>, <4,3>, <4,5>, <4,22>, <5,2>, <5,3>, <5,4>, <6,3>, <6,7>, <6,8>, <7,1>, <7,6>, <7,8>, <8,6>, <8,7>, <8,17>, <9,10>, <9,11>, <9,18>, <10,9>, <10,11>, <10,16>, <11,9>, <11,10>, <11,14>, <12,13>, <12,14>, <12,15>, <13,12>, <13,14>, <13,67>, <14,11>, <14,12>, <14,13>, <15,12>, <15,16>, <15,17>, <16,10>, <16,15>, <16,17>, <17,8>, <17,15>, <17,16>, <18,9>, <18,19>, <18,20>, <19,18>, <19,20>, <19,25>, <20,18>, <20,19>, <20,23>, <21,22>, <21,23>, <21,24>, <22,4>, <22,21>, <22,23>, <23,20>, <23,21>, <23,22>, <24,21>, <24,25>, <24,26>, <25,19>, <25,24>, <25,26>, <26,24>, <26,25>, <26,53>, <27,28>, <27,29>, <27,54>, <28,27>, <28,29>, <28,34>, <29,27>, <29,28>, <29,32>, <30,31>, <30,32>, <30,33>, <31,30>, <31,32>, <31,49>, <32,29>, <32,30>, <32,31>, <33,30>, <33,34>, <33,35>, <34,28>, <34,33>, <34,35>, <35,33>, <35,34>, <35,44>, <36,37>, <36,38>, <36,45>, <37,36>, <37,38>, <37,43>, <38,36>, <38,37>, <38,41>, <39,40>, <39,41>, <39,42>, <40,39>, <40,41>, <41,38>, <41,39>, <41,40>, <42,39>, <42,43>, <42,44>, <43,37>, <43,42>, <43,44>, <44,35>, <44,42>, <44,43>, <45,36>, <45,46>, <45,47>, <46,45>, <46,47>, <46,52>, <47,45>, <47,46>, <47,50>, <48,49>, <48,50>, <48,51>, <49,31>, <49,48>, <49,50>, <50,47>, <50,48>, <50,49>, <51,48>, <51,52>, <51,53>, <52,46>, <52,51>, <52,53>, <53,26>, <53,51>, <53,52>, <54,27>, <54,55>, <54,56>, <55,54>, <55,56>, <55,61>, <56,54>, <56,55>, <56,59>, <57,58>, <57,59>, <57,60>, <58,57>, <58,59>, <58,76>, <59,56>, <59,57>, <59,58>, <60,57>, <60,61>, <60,62>, <61,55>, <61,60>, <61,62>, <62,60>, <62,61>, <62,71>, <63,64>, <63,65>, <63,72>, <64,63>, <64,65>, <64,70>, <65,63>, <65,64>, <65,68>, <66,67>, <66,68>, <66,69>, <67,13>, <67,66>, <67,68>, <68,65>, <68,66>, <68,67>, <69,66>, <69,70>, <69,71>, <70,64>, <70,69>, <70,71>, <71,62>, <71,69>, <71,70>, <72,63>, <72,73>, <72,74>, <73,72>, <73,74>, <73,79>, <74,72>, <74,73>, <74,77>, <75,76>, <75,77>, <75,78>, <76,58>, <76,75>, <76,77>, <77,74>, <77,75>, <77,76>, <78,75>, <78,79>, <78,80>, <79,73>, <79,78>, <79,80>, <80,78>, <80,79>})
table([V4,V5],{<0,1>, <0,2>, <1,0>, <1,2>, <1,7>, <2,0>, <2,1>, <2,5>, <3,4>, <3,5>, <3,6>, <4,3>, <4,5>, <4,22>, <5,2>, <5,3>, <5,4>, <6,3>, <6,7>, <6,8>, <7,1>, <7,6>, <7,8>, <8,6>, <8,7>, <8,17>, <9,10>, <9,11>, <9,18>, <10,9>, <10,11>, <10,16>, <11,9>, <11,10>, <11,14>, <12,13>, <12,14>, <12,15>, <13,12>, <13,14>, <13,67>, <14,11>, <14,12>, <14,13>, <15,12>, <15,16>, <15,17>, <16,10>, <16,15>, <16,17>, <17,8>, <17,15>, <17,16>, <18,9>, <18,19>, <18,20>, <19,18>, <19,20>, <19,25>, <20,18>, <20,19>, <20,23>, <21,22>, <21,23>, <21,24>, <22,4>, <22,21>, <22,23>, <23,20>, <23,21>, <23,22>, <24,21>, <24,25>, <24,26>, <25,19>, <25,24>, <25,26>, <26,24>, <26,25>, <26,53>, <27,28>, <27,29>, <27,54>, <28,27>, <28,29>, <28,34>, <29,27>, <29,28>, <29,32>, <30,31>, <30,32>, <30,33>, <31,30>, <31,32>, <31,49>, <32,29>, <32,30>, <32,31>, <33,30>, <33,34>, <33,35>, <34,28>, <34,33>, <34,35>, <35,33>, <35,34>, <35,44>, <36,37>, <36,38>, <36,45>, <37,36>, <37,38>, <37,43>, <38,36>, <38,37>, <38,41>, <39,40>, <39,41>, <39,42>, <40,39>, <40,41>, <41,38>, <41,39>, <41,40>, <42,39>, <42,43>, <42,44>, <43,37>, <43,42>, <43,44>, <44,35>, <44,42>, <44,43>, <45,36>, <45,46>, <45,47>, <46,45>, <46,47>, <46,52>, <47,45>, <47,46>, <47,50>, <48,49>, <48,50>, <48,51>, <49,31>, <49,48>, <49,50>, <50,47>, <50,48>, <50,49>, <51,48>, <51,52>, <51,53>, <52,46>, <52,51>, <52,53>, <53,26>, <53,51>, <53,52>, <54,27>, <54,55>, <54,56>, <55,54>, <55,56>, <55,61>, <56,54>, <56,55>, <56,59>, <57,58>, <57,59>, <57,60>, <58,57>, <58,59>, <58,76>, <59,56>, <59,57>, <59,58>, <60,57>, <60,61>, <60,62>, <61,55>, <61,60>, <61,62>, <62,60>, <62,61>, <62,71>, <63,64>, <63,65>, <63,72>, <64,63>, <64,65>, <64,70>, <65,63>, <65,64>, <65,68>, <66,67>, <66,68>, <66,69>, <67,13>, <67,66>, <67,68>, <68,65>, <68,66>, <68,67>, <69,66>, <69,70>, <69,71>, <70,64>, <70,69>, <70,71>, <71,62>, <71,69>, <71,70>, <72,63>, <72,73>, <72,74>, <73,72>, <73,74>, <73,79>, <74,72>, <74,73>, <74,77>, <75,76>, <75,77>, <75,78>, <76,58>, <76,75>, <76,77>, <77,74>, <77,75>, <77,76>, <78,75>, <78,79>, <78,80>, <79,73>, <79,78>, <79,80>, <80,78>, <80,79>})
table([V3,V4],{<0,1>, <0,2>, <1,0>, <1,2>, <1,7>, <2,0>, <2,1>, <2,5>, <3,4>, <3,5>, <3,6>, <4,3>, <4,5>, <4,22>, <5,2>, <5,3>, <5,4>, <6,3>, <6,7>, <6,8>, <7,1>, <7,6>, <7,8>, <8,6>, <8,7>, <8,17>, <9,10>, <9,11>, <9,18>, <10,9>, <10,11>, <10,16>, <11,9>, <11,10>, <11,14>, <12,13>, <12,14>, <12,15>, <13,12>, <13,14>, <13,67>, <14,11>, <14,12>, <14,13>, <15,12>, <15,16>, <15,17>, <16,10>, <16,15>, <16,17>, <17,8>, <17,15>, <17,16>, <18,9>, <18,19>, <18,20>, <19,18>, <19,20>, <19,25>, <20,18>, <20,19>, <20,23>, <21,22>, <21,23>, <21,24>, <22,4>, <22,21>, <22,23>, <23,20>, <23,21>, <23,22>, <24,21>, <24,25>, <24,26>, <25,19>, <25,24>, <25,26>, <26,24>, <26,25>, <26,53>, <27,28>, <27,29>, <27,54>, <28,27>, <28,29>, <28,34>, <29,27>, <29,28>, <29,32>, <30,31>, <30,32>, <30,33>, <31,30>, <31,32>, <31,49>, <32,29>, <32,30>, <32,31>, <33,30>, <33,34>, <33,35>, <34,28>, <34,33>, <34,35>, <35,33>, <35,34>, <35,44>, <36,37>, <36,38>, <36,45>, <37,36>, <37,38>, <37,43>, <38,36>, <38,37>, <38,41>, <39,40>, <39,41>, <39,42>, <40,39>, <40,41>, <41,38>, <41,39>, <41,40>, <42,39>, <42,43>, <42,44>, <43,37>, <43,42>, <43,44>, <44,35>, <44,42>, <44,43>, <45,36>, <45,46>, <45,47>, <46,45>, <46,47>, <46,52>, <47,45>, <47,46>, <47,50>, <48,49>, <48,50>, <48,51>, <49,31>, <49,48>, <49,50>, <50,47>, <50,48>, <50,49>, <51,48>, <51,52>, <51,53>, <52,46>, <52,51>, <52,53>, <53,26>, <53,51>, <53,52>, <54,27>, <54,55>, <54,56>, <55,54>, <55,56>, <55,61>, <56,54>, <56,55>, <56,59>, <57,58>, <57,59>, <57,60>, <58,57>, <58,59>, <58,76>, <59,56>, <59,57>, <59,58>, <60,57>, <60,61>, <60,62>, <61,55>, <61,60>, <61,62>, <62,60>, <62,61>, <62,71>, <63,64>, <63,65>, <63,72>, <64,63>, <64,65>, <64,70>, <65,63>, <65,64>, <65,68>, <66,67>, <66,68>, <66,69>, <67,13>, <67,66>, <67,68>, <68,65>, <68,66>, <68,67>, <69,66>, <69,70>, <69,71>, <70,64>, <70,69>, <70,71>, <71,62>, <71,69>, <71,70>, <72,63>, <72,73>, <72,74>, <73,72>, <73,74>, <73,79>, <74,72>, <74,73>, <74,77>, <75,76>, <75,77>, <75,78>, <76,58>, <76,75>, <76,77>, <77,74>, <77,75>, <77,76>, <78,75>, <78,79>, <78,80>, <79,73>, <79,78>, <79,80>, <80,78>, <80,79>})
table([V2,V3],{<0,1>, <0,2>, <1,0>, <1,2>, <1,7>, <2,0>, <2,1>, <2,5>, <3,4>, <3,5>, <3,6>, <4,3>, <4,5>, <4,22>, <5,2>, <5,3>, <5,4>, <6,3>, <6,7>, <6,8>, <7,1>, <7,6>, <7,8>, <8,6>, <8,7>, <8,17>, <9,10>, <9,11>, <9,18>, <10,9>, <10,11>, <10,16>, <11,9>, <11,10>, <11,14>, <12,13>, <12,14>, <12,15>, <13,12>, <13,14>, <13,67>, <14,11>, <14,12>, <14,13>, <15,12>, <15,16>, <15,17>, <16,10>, <16,15>, <16,17>, <17,8>, <17,15>, <17,16>, <18,9>, <18,19>, <18,20>, <19,18>, <19,20>, <19,25>, <20,18>, <20,19>, <20,23>, <21,22>, <21,23>, <21,24>, <22,4>, <22,21>, <22,23>, <23,20>, <23,21>, <23,22>, <24,21>, <24,25>, <24,26>, <25,19>, <25,24>, <25,26>, <26,24>, <26,25>, <26,53>, <27,28>, <27,29>, <27,54>, <28,27>, <28,29>, <28,34>, <29,27>, <29,28>, <29,32>, <30,31>, <30,32>, <30,33>, <31,30>, <31,32>, <31,49>, <32,29>, <32,30>, <32,31>, <33,30>, <33,34>, <33,35>, <34,28>, <34,33>, <34,35>, <35,33>, <35,34>, <35,44>, <36,37>, <36,38>, <36,45>, <37,36>, <37,38>, <37,43>, <38,36>, <38,37>, <38,41>, <39,40>, <39,41>, <39,42>, <40,39>, <40,41>, <41,38>, <41,39>, <41,40>, <42,39>, <42,43>, <42,44>, <43,37>, <43,42>, <43,44>, <44,35>, <44,42>, <44,43>, <45,36>, <45,46>, <45,47>, <46,45>, <46,47>, <46,52>, <47,45>, <47,46>, <47,50>, <48,49>, <48,50>, <48,51>, <49,31>, <49,48>, <49,50>, <50,47>, <50,48>, <50,49>, <51,48>, <51,52>, <51,53>, <52,46>, <52,51>, <52,53>, <53,26>, <53,51>, <53,52>, <54,27>, <54,55>, <54,56>, <55,54>, <55,56>, <55,61>, <56,54>, <56,55>, <56,59>, <57,58>, <57,59>, <57,60>, <58,57>, <58,59>, <58,76>, <59,56>, <59,57>, <59,58>, <60,57>, <60,61>, <60,62>, <61,55>, <61,60>, <61,62>, <62,60>, <62,61>, <62,71>, <63,64>, <63,65>, <63,72>, <64,63>, <64,65>, <64,70>, <65,63>, <65,64>, <65,68>, <66,67>, <66,68>, <66,69>, <67,13>, <67,66>, <67,68>, <68,65>, <68,66>, <68,67>, <69,66>, <69,70>, <69,71>, <70,64>, <70,69>, <70,71>, <71,62>, <71,69>, <71,70>, <72,63>, <72,73>, <72,74>, <73,72>, <73,74>, <73,79>, <74,72>, <74,73>, <74,77>, <75,76>, <75,77>, <75,78>, <76,58>, <76,75>, <76,77>, <77,74>, <77,75>, <77,76>, <78,75>, <78,79>, <78,80>, <79,73>, <79,78>, <79,80>, <80,78>, <80,79>})
table([V1,V2],{<0,1>, <0,2>, <1,0>, <1,2>, <1,7>, <2,0>, <2,1>, <2,5>, <3,4>, <3,5>, <3,6>, <4,3>, <4,5>, <4,22>, <5,2>, <5,3>, <5,4>, <6,3>, <6,7>, <6,8>, <7,1>, <7,6>, <7,8>, <8,6>, <8,7>, <8,17>, <9,10>, <9,11>, <9,18>, <10,9>, <10,11>, <10,16>, <11,9>, <11,10>, <11,14>, <12,13>, <12,14>, <12,15>, <13,12>, <13,14>, <13,67>, <14,11>, <14,12>, <14,13>, <15,12>, <15,16>, <15,17>, <16,10>, <16,15>, <16,17>, <17,8>, <17,15>, <17,16>, <18,9>, <18,19>, <18,20>, <19,18>, <19,20>, <19,25>, <20,18>, <20,19>, <20,23>, <21,22>, <21,23>, <21,24>, <22,4>, <22,21>, <22,23>, <23,20>, <23,21>, <23,22>, <24,21>, <24,25>, <24,26>, <25,19>, <25,24>, <25,26>, <26,24>, <26,25>, <26,53>, <27,28>, <27,29>, <27,54>, <28,27>, <28,29>, <28,34>, <29,27>, <29,28>, <29,32>, <30,31>, <30,32>, <30,33>, <31,30>, <31,32>, <31,49>, <32,29>, <32,30>, <32,31>, <33,30>, <33,34>, <33,35>, <34,28>, <34,33>, <34,35>, <35,33>, <35,34>, <35,44>, <36,37>, <36,38>, <36,45>, <37,36>, <37,38>, <37,43>, <38,36>, <38,37>, <38,41>, <39,40>, <39,41>, <39,42>, <40,39>, <40,41>, <41,38>, <41,39>, <41,40>, <42,39>, <42,43>, <42,44>, <43,37>, <43,42>, <43,44>, <44,35>, <44,42>, <44,43>, <45,36>, <45,46>, <45,47>, <46,45>, <46,47>, <46,52>, <47,45>, <47,46>, <47,50>, <48,49>, <48,50>, <48,51>, <49,31>, <49,48>, <49,50>, <50,47>, <50,48>, <50,49>, <51,48>, <51,52>, <51,53>, <52,46>, <52,51>, <52,53>, <53,26>, <53,51>, <53,52>, <54,27>, <54,55>, <54,56>, <55,54>, <55,56>, <55,61>, <56,54>, <56,55>, <56,59>, <57,58>, <57,59>, <57,60>, <58,57>, <58,59>, <58,76>, <59,56>, <59,57>, <59,58>, <60,57>, <60,61>, <60,62>, <61,55>, <61,60>, <61,62>, <62,60>, <62,61>, <62,71>, <63,64>, <63,65>, <63,72>, <64,63>, <64,65>, <64,70>, <65,63>, <65,64>, <65,68>, <66,67>, <66,68>, <66,69>, <67,13>, <67,66>, <67,68>, <68,65>, <68,66>, <68,67>, <69,66>, <69,70>, <69,71>, <70,64>, <70,69>, <70,71>, <71,62>, <71,69>, <71,70>, <72,63>, <72,73>, <72,74>, <73,72>, <73,74>, <73,79>, <74,72>, <74,73>, <74,77>, <75,76>, <75,77>, <75,78>, <76,58>, <76,75>, <76,77>, <77,74>, <77,75>, <77,76>, <78,75>, <78,79>, <78,80>, <79,73>, <79,78>, <79,80>, <80,78>, <80,79>})
table([V0,V1],{<1,0>, <1,2>, <1,7>, <2,0>, <2,1>, <2,5>})

**EOF**
