MINION 3

#This file has been automatically generated by TAILOR v0.2
#bug-reports: andrea@cs.st-and.ac.uk

# amount of common subexpressions used:0
# amount of inferred common subexpressions used:0
# amount of original variables saved (over direct equality):0
# amount of constraints:1275
# amount of auxiliary variables: 0

**VARIABLES**
DISCRETE V0 {0..49}
DISCRETE V1 {0..49}
DISCRETE V2 {0..49}
DISCRETE V3 {0..49}
DISCRETE V4 {0..49}
DISCRETE V5 {0..49}
DISCRETE V6 {0..49}
DISCRETE V7 {0..49}
DISCRETE V8 {0..49}
DISCRETE V9 {0..49}
DISCRETE V10 {0..49}
DISCRETE V11 {0..49}
DISCRETE V12 {0..49}
DISCRETE V13 {0..49}
DISCRETE V14 {0..49}
DISCRETE V15 {0..49}
DISCRETE V16 {0..49}
DISCRETE V17 {0..49}
DISCRETE V18 {0..49}
DISCRETE V19 {0..49}
DISCRETE V20 {0..49}
DISCRETE V21 {0..49}
DISCRETE V22 {0..49}
DISCRETE V23 {0..49}
DISCRETE V24 {0..49}
DISCRETE V25 {0..49}
DISCRETE V26 {0..49}
DISCRETE V27 {0..49}
DISCRETE V28 {0..49}
DISCRETE V29 {0..49}
DISCRETE V30 {0..49}
DISCRETE V31 {0..49}
DISCRETE V32 {0..49}
DISCRETE V33 {0..49}
DISCRETE V34 {0..49}
DISCRETE V35 {0..49}
DISCRETE V36 {0..49}
DISCRETE V37 {0..49}
DISCRETE V38 {0..49}
DISCRETE V39 {0..49}
DISCRETE V40 {0..49}
DISCRETE V41 {0..49}
DISCRETE V42 {0..49}
DISCRETE V43 {0..49}
DISCRETE V44 {0..49}
DISCRETE V45 {0..49}
DISCRETE V46 {0..49}
DISCRETE V47 {0..49}
DISCRETE V48 {0..49}
DISCRETE V49 {0..49}

# aliases

**SEARCH**

PRINT [
[V0],[V1],[V2],[V3],[V4],[V5],[V6],[V7],
[V8],[V9],[V10],[V11],[V12],[V13],[V14],[V15],
[V16],[V17],[V18],[V19],[V20],[V21],[V22],[V23],
[V24],[V25],[V26],[V27],[V28],[V29],[V30],[V31],
[V32],[V33],[V34],[V35],[V36],[V37],[V38],[V39],
[V40],[V41],[V42],[V43],[V44],[V45],[V46],[V47],
[V48],[V49]]

VARORDER [
V0,V1,V2,V3,V4,V5,V6,V7,
V8,V9,V10,V11,V12,V13,V14,V15,
V16,V17,V18,V19,V20,V21,V22,V23,
V24,V25,V26,V27,V28,V29,V30,V31,
V32,V33,V34,V35,V36,V37,V38,V39,
V40,V41,V42,V43,V44,V45,V46,V47,
V48,V49]


**CONSTRAINTS**

weightedsumgeq([1,-1], [V49,V24], 26)
weightedsumleq([1,-1], [V49,V24], 26)
weightedsumgeq([1,-1], [V48,V23], 25)
weightedsumleq([1,-1], [V48,V23], 25)
weightedsumgeq([1,-1], [V47,V22], 24)
weightedsumleq([1,-1], [V47,V22], 24)
weightedsumgeq([1,-1], [V46,V21], 23)
weightedsumleq([1,-1], [V46,V21], 23)
weightedsumgeq([1,-1], [V45,V20], 22)
weightedsumleq([1,-1], [V45,V20], 22)
weightedsumgeq([1,-1], [V44,V19], 21)
weightedsumleq([1,-1], [V44,V19], 21)
weightedsumgeq([1,-1], [V43,V18], 20)
weightedsumleq([1,-1], [V43,V18], 20)
weightedsumgeq([1,-1], [V42,V17], 19)
weightedsumleq([1,-1], [V42,V17], 19)
weightedsumgeq([1,-1], [V41,V16], 18)
weightedsumleq([1,-1], [V41,V16], 18)
weightedsumgeq([1,-1], [V40,V15], 17)
weightedsumleq([1,-1], [V40,V15], 17)
weightedsumgeq([1,-1], [V39,V14], 16)
weightedsumleq([1,-1], [V39,V14], 16)
weightedsumgeq([1,-1], [V38,V13], 15)
weightedsumleq([1,-1], [V38,V13], 15)
weightedsumgeq([1,-1], [V37,V12], 14)
weightedsumleq([1,-1], [V37,V12], 14)
weightedsumgeq([1,-1], [V36,V11], 13)
weightedsumleq([1,-1], [V36,V11], 13)
weightedsumgeq([1,-1], [V35,V10], 12)
weightedsumleq([1,-1], [V35,V10], 12)
weightedsumgeq([1,-1], [V34,V9], 11)
weightedsumleq([1,-1], [V34,V9], 11)
weightedsumgeq([1,-1], [V33,V8], 10)
weightedsumleq([1,-1], [V33,V8], 10)
weightedsumgeq([1,-1], [V32,V7], 9)
weightedsumleq([1,-1], [V32,V7], 9)
weightedsumgeq([1,-1], [V31,V6], 8)
weightedsumleq([1,-1], [V31,V6], 8)
weightedsumgeq([1,-1], [V30,V5], 7)
weightedsumleq([1,-1], [V30,V5], 7)
weightedsumgeq([1,-1], [V29,V4], 6)
weightedsumleq([1,-1], [V29,V4], 6)
weightedsumgeq([1,-1], [V28,V3], 5)
weightedsumleq([1,-1], [V28,V3], 5)
weightedsumgeq([1,-1], [V27,V2], 4)
weightedsumleq([1,-1], [V27,V2], 4)
weightedsumgeq([1,-1], [V26,V1], 3)
weightedsumleq([1,-1], [V26,V1], 3)
weightedsumgeq([1,-1], [V25,V0], 2)
weightedsumleq([1,-1], [V25,V0], 2)
diseq(V48, V49)
diseq(V47, V49)
diseq(V47, V48)
diseq(V46, V49)
diseq(V46, V48)
diseq(V46, V47)
diseq(V45, V49)
diseq(V45, V48)
diseq(V45, V47)
diseq(V45, V46)
diseq(V44, V49)
diseq(V44, V48)
diseq(V44, V47)
diseq(V44, V46)
diseq(V44, V45)
diseq(V43, V49)
diseq(V43, V48)
diseq(V43, V47)
diseq(V43, V46)
diseq(V43, V45)
diseq(V43, V44)
diseq(V42, V49)
diseq(V42, V48)
diseq(V42, V47)
diseq(V42, V46)
diseq(V42, V45)
diseq(V42, V44)
diseq(V42, V43)
diseq(V41, V49)
diseq(V41, V48)
diseq(V41, V47)
diseq(V41, V46)
diseq(V41, V45)
diseq(V41, V44)
diseq(V41, V43)
diseq(V41, V42)
diseq(V40, V49)
diseq(V40, V48)
diseq(V40, V47)
diseq(V40, V46)
diseq(V40, V45)
diseq(V40, V44)
diseq(V40, V43)
diseq(V40, V42)
diseq(V40, V41)
diseq(V39, V49)
diseq(V39, V48)
diseq(V39, V47)
diseq(V39, V46)
diseq(V39, V45)
diseq(V39, V44)
diseq(V39, V43)
diseq(V39, V42)
diseq(V39, V41)
diseq(V39, V40)
diseq(V38, V49)
diseq(V38, V48)
diseq(V38, V47)
diseq(V38, V46)
diseq(V38, V45)
diseq(V38, V44)
diseq(V38, V43)
diseq(V38, V42)
diseq(V38, V41)
diseq(V38, V40)
diseq(V38, V39)
diseq(V37, V49)
diseq(V37, V48)
diseq(V37, V47)
diseq(V37, V46)
diseq(V37, V45)
diseq(V37, V44)
diseq(V37, V43)
diseq(V37, V42)
diseq(V37, V41)
diseq(V37, V40)
diseq(V37, V39)
diseq(V37, V38)
diseq(V36, V49)
diseq(V36, V48)
diseq(V36, V47)
diseq(V36, V46)
diseq(V36, V45)
diseq(V36, V44)
diseq(V36, V43)
diseq(V36, V42)
diseq(V36, V41)
diseq(V36, V40)
diseq(V36, V39)
diseq(V36, V38)
diseq(V36, V37)
diseq(V35, V49)
diseq(V35, V48)
diseq(V35, V47)
diseq(V35, V46)
diseq(V35, V45)
diseq(V35, V44)
diseq(V35, V43)
diseq(V35, V42)
diseq(V35, V41)
diseq(V35, V40)
diseq(V35, V39)
diseq(V35, V38)
diseq(V35, V37)
diseq(V35, V36)
diseq(V34, V49)
diseq(V34, V48)
diseq(V34, V47)
diseq(V34, V46)
diseq(V34, V45)
diseq(V34, V44)
diseq(V34, V43)
diseq(V34, V42)
diseq(V34, V41)
diseq(V34, V40)
diseq(V34, V39)
diseq(V34, V38)
diseq(V34, V37)
diseq(V34, V36)
diseq(V34, V35)
diseq(V33, V49)
diseq(V33, V48)
diseq(V33, V47)
diseq(V33, V46)
diseq(V33, V45)
diseq(V33, V44)
diseq(V33, V43)
diseq(V33, V42)
diseq(V33, V41)
diseq(V33, V40)
diseq(V33, V39)
diseq(V33, V38)
diseq(V33, V37)
diseq(V33, V36)
diseq(V33, V35)
diseq(V33, V34)
diseq(V32, V49)
diseq(V32, V48)
diseq(V32, V47)
diseq(V32, V46)
diseq(V32, V45)
diseq(V32, V44)
diseq(V32, V43)
diseq(V32, V42)
diseq(V32, V41)
diseq(V32, V40)
diseq(V32, V39)
diseq(V32, V38)
diseq(V32, V37)
diseq(V32, V36)
diseq(V32, V35)
diseq(V32, V34)
diseq(V32, V33)
diseq(V31, V49)
diseq(V31, V48)
diseq(V31, V47)
diseq(V31, V46)
diseq(V31, V45)
diseq(V31, V44)
diseq(V31, V43)
diseq(V31, V42)
diseq(V31, V41)
diseq(V31, V40)
diseq(V31, V39)
diseq(V31, V38)
diseq(V31, V37)
diseq(V31, V36)
diseq(V31, V35)
diseq(V31, V34)
diseq(V31, V33)
diseq(V31, V32)
diseq(V30, V49)
diseq(V30, V48)
diseq(V30, V47)
diseq(V30, V46)
diseq(V30, V45)
diseq(V30, V44)
diseq(V30, V43)
diseq(V30, V42)
diseq(V30, V41)
diseq(V30, V40)
diseq(V30, V39)
diseq(V30, V38)
diseq(V30, V37)
diseq(V30, V36)
diseq(V30, V35)
diseq(V30, V34)
diseq(V30, V33)
diseq(V30, V32)
diseq(V30, V31)
diseq(V29, V49)
diseq(V29, V48)
diseq(V29, V47)
diseq(V29, V46)
diseq(V29, V45)
diseq(V29, V44)
diseq(V29, V43)
diseq(V29, V42)
diseq(V29, V41)
diseq(V29, V40)
diseq(V29, V39)
diseq(V29, V38)
diseq(V29, V37)
diseq(V29, V36)
diseq(V29, V35)
diseq(V29, V34)
diseq(V29, V33)
diseq(V29, V32)
diseq(V29, V31)
diseq(V29, V30)
diseq(V28, V49)
diseq(V28, V48)
diseq(V28, V47)
diseq(V28, V46)
diseq(V28, V45)
diseq(V28, V44)
diseq(V28, V43)
diseq(V28, V42)
diseq(V28, V41)
diseq(V28, V40)
diseq(V28, V39)
diseq(V28, V38)
diseq(V28, V37)
diseq(V28, V36)
diseq(V28, V35)
diseq(V28, V34)
diseq(V28, V33)
diseq(V28, V32)
diseq(V28, V31)
diseq(V28, V30)
diseq(V28, V29)
diseq(V27, V49)
diseq(V27, V48)
diseq(V27, V47)
diseq(V27, V46)
diseq(V27, V45)
diseq(V27, V44)
diseq(V27, V43)
diseq(V27, V42)
diseq(V27, V41)
diseq(V27, V40)
diseq(V27, V39)
diseq(V27, V38)
diseq(V27, V37)
diseq(V27, V36)
diseq(V27, V35)
diseq(V27, V34)
diseq(V27, V33)
diseq(V27, V32)
diseq(V27, V31)
diseq(V27, V30)
diseq(V27, V29)
diseq(V27, V28)
diseq(V26, V49)
diseq(V26, V48)
diseq(V26, V47)
diseq(V26, V46)
diseq(V26, V45)
diseq(V26, V44)
diseq(V26, V43)
diseq(V26, V42)
diseq(V26, V41)
diseq(V26, V40)
diseq(V26, V39)
diseq(V26, V38)
diseq(V26, V37)
diseq(V26, V36)
diseq(V26, V35)
diseq(V26, V34)
diseq(V26, V33)
diseq(V26, V32)
diseq(V26, V31)
diseq(V26, V30)
diseq(V26, V29)
diseq(V26, V28)
diseq(V26, V27)
diseq(V25, V49)
diseq(V25, V48)
diseq(V25, V47)
diseq(V25, V46)
diseq(V25, V45)
diseq(V25, V44)
diseq(V25, V43)
diseq(V25, V42)
diseq(V25, V41)
diseq(V25, V40)
diseq(V25, V39)
diseq(V25, V38)
diseq(V25, V37)
diseq(V25, V36)
diseq(V25, V35)
diseq(V25, V34)
diseq(V25, V33)
diseq(V25, V32)
diseq(V25, V31)
diseq(V25, V30)
diseq(V25, V29)
diseq(V25, V28)
diseq(V25, V27)
diseq(V25, V26)
diseq(V24, V49)
diseq(V24, V48)
diseq(V24, V47)
diseq(V24, V46)
diseq(V24, V45)
diseq(V24, V44)
diseq(V24, V43)
diseq(V24, V42)
diseq(V24, V41)
diseq(V24, V40)
diseq(V24, V39)
diseq(V24, V38)
diseq(V24, V37)
diseq(V24, V36)
diseq(V24, V35)
diseq(V24, V34)
diseq(V24, V33)
diseq(V24, V32)
diseq(V24, V31)
diseq(V24, V30)
diseq(V24, V29)
diseq(V24, V28)
diseq(V24, V27)
diseq(V24, V26)
diseq(V24, V25)
diseq(V23, V49)
diseq(V23, V48)
diseq(V23, V47)
diseq(V23, V46)
diseq(V23, V45)
diseq(V23, V44)
diseq(V23, V43)
diseq(V23, V42)
diseq(V23, V41)
diseq(V23, V40)
diseq(V23, V39)
diseq(V23, V38)
diseq(V23, V37)
diseq(V23, V36)
diseq(V23, V35)
diseq(V23, V34)
diseq(V23, V33)
diseq(V23, V32)
diseq(V23, V31)
diseq(V23, V30)
diseq(V23, V29)
diseq(V23, V28)
diseq(V23, V27)
diseq(V23, V26)
diseq(V23, V25)
diseq(V23, V24)
diseq(V22, V49)
diseq(V22, V48)
diseq(V22, V47)
diseq(V22, V46)
diseq(V22, V45)
diseq(V22, V44)
diseq(V22, V43)
diseq(V22, V42)
diseq(V22, V41)
diseq(V22, V40)
diseq(V22, V39)
diseq(V22, V38)
diseq(V22, V37)
diseq(V22, V36)
diseq(V22, V35)
diseq(V22, V34)
diseq(V22, V33)
diseq(V22, V32)
diseq(V22, V31)
diseq(V22, V30)
diseq(V22, V29)
diseq(V22, V28)
diseq(V22, V27)
diseq(V22, V26)
diseq(V22, V25)
diseq(V22, V24)
diseq(V22, V23)
diseq(V21, V49)
diseq(V21, V48)
diseq(V21, V47)
diseq(V21, V46)
diseq(V21, V45)
diseq(V21, V44)
diseq(V21, V43)
diseq(V21, V42)
diseq(V21, V41)
diseq(V21, V40)
diseq(V21, V39)
diseq(V21, V38)
diseq(V21, V37)
diseq(V21, V36)
diseq(V21, V35)
diseq(V21, V34)
diseq(V21, V33)
diseq(V21, V32)
diseq(V21, V31)
diseq(V21, V30)
diseq(V21, V29)
diseq(V21, V28)
diseq(V21, V27)
diseq(V21, V26)
diseq(V21, V25)
diseq(V21, V24)
diseq(V21, V23)
diseq(V21, V22)
diseq(V20, V49)
diseq(V20, V48)
diseq(V20, V47)
diseq(V20, V46)
diseq(V20, V45)
diseq(V20, V44)
diseq(V20, V43)
diseq(V20, V42)
diseq(V20, V41)
diseq(V20, V40)
diseq(V20, V39)
diseq(V20, V38)
diseq(V20, V37)
diseq(V20, V36)
diseq(V20, V35)
diseq(V20, V34)
diseq(V20, V33)
diseq(V20, V32)
diseq(V20, V31)
diseq(V20, V30)
diseq(V20, V29)
diseq(V20, V28)
diseq(V20, V27)
diseq(V20, V26)
diseq(V20, V25)
diseq(V20, V24)
diseq(V20, V23)
diseq(V20, V22)
diseq(V20, V21)
diseq(V19, V49)
diseq(V19, V48)
diseq(V19, V47)
diseq(V19, V46)
diseq(V19, V45)
diseq(V19, V44)
diseq(V19, V43)
diseq(V19, V42)
diseq(V19, V41)
diseq(V19, V40)
diseq(V19, V39)
diseq(V19, V38)
diseq(V19, V37)
diseq(V19, V36)
diseq(V19, V35)
diseq(V19, V34)
diseq(V19, V33)
diseq(V19, V32)
diseq(V19, V31)
diseq(V19, V30)
diseq(V19, V29)
diseq(V19, V28)
diseq(V19, V27)
diseq(V19, V26)
diseq(V19, V25)
diseq(V19, V24)
diseq(V19, V23)
diseq(V19, V22)
diseq(V19, V21)
diseq(V19, V20)
diseq(V18, V49)
diseq(V18, V48)
diseq(V18, V47)
diseq(V18, V46)
diseq(V18, V45)
diseq(V18, V44)
diseq(V18, V43)
diseq(V18, V42)
diseq(V18, V41)
diseq(V18, V40)
diseq(V18, V39)
diseq(V18, V38)
diseq(V18, V37)
diseq(V18, V36)
diseq(V18, V35)
diseq(V18, V34)
diseq(V18, V33)
diseq(V18, V32)
diseq(V18, V31)
diseq(V18, V30)
diseq(V18, V29)
diseq(V18, V28)
diseq(V18, V27)
diseq(V18, V26)
diseq(V18, V25)
diseq(V18, V24)
diseq(V18, V23)
diseq(V18, V22)
diseq(V18, V21)
diseq(V18, V20)
diseq(V18, V19)
diseq(V17, V49)
diseq(V17, V48)
diseq(V17, V47)
diseq(V17, V46)
diseq(V17, V45)
diseq(V17, V44)
diseq(V17, V43)
diseq(V17, V42)
diseq(V17, V41)
diseq(V17, V40)
diseq(V17, V39)
diseq(V17, V38)
diseq(V17, V37)
diseq(V17, V36)
diseq(V17, V35)
diseq(V17, V34)
diseq(V17, V33)
diseq(V17, V32)
diseq(V17, V31)
diseq(V17, V30)
diseq(V17, V29)
diseq(V17, V28)
diseq(V17, V27)
diseq(V17, V26)
diseq(V17, V25)
diseq(V17, V24)
diseq(V17, V23)
diseq(V17, V22)
diseq(V17, V21)
diseq(V17, V20)
diseq(V17, V19)
diseq(V17, V18)
diseq(V16, V49)
diseq(V16, V48)
diseq(V16, V47)
diseq(V16, V46)
diseq(V16, V45)
diseq(V16, V44)
diseq(V16, V43)
diseq(V16, V42)
diseq(V16, V41)
diseq(V16, V40)
diseq(V16, V39)
diseq(V16, V38)
diseq(V16, V37)
diseq(V16, V36)
diseq(V16, V35)
diseq(V16, V34)
diseq(V16, V33)
diseq(V16, V32)
diseq(V16, V31)
diseq(V16, V30)
diseq(V16, V29)
diseq(V16, V28)
diseq(V16, V27)
diseq(V16, V26)
diseq(V16, V25)
diseq(V16, V24)
diseq(V16, V23)
diseq(V16, V22)
diseq(V16, V21)
diseq(V16, V20)
diseq(V16, V19)
diseq(V16, V18)
diseq(V16, V17)
diseq(V15, V49)
diseq(V15, V48)
diseq(V15, V47)
diseq(V15, V46)
diseq(V15, V45)
diseq(V15, V44)
diseq(V15, V43)
diseq(V15, V42)
diseq(V15, V41)
diseq(V15, V40)
diseq(V15, V39)
diseq(V15, V38)
diseq(V15, V37)
diseq(V15, V36)
diseq(V15, V35)
diseq(V15, V34)
diseq(V15, V33)
diseq(V15, V32)
diseq(V15, V31)
diseq(V15, V30)
diseq(V15, V29)
diseq(V15, V28)
diseq(V15, V27)
diseq(V15, V26)
diseq(V15, V25)
diseq(V15, V24)
diseq(V15, V23)
diseq(V15, V22)
diseq(V15, V21)
diseq(V15, V20)
diseq(V15, V19)
diseq(V15, V18)
diseq(V15, V17)
diseq(V15, V16)
diseq(V14, V49)
diseq(V14, V48)
diseq(V14, V47)
diseq(V14, V46)
diseq(V14, V45)
diseq(V14, V44)
diseq(V14, V43)
diseq(V14, V42)
diseq(V14, V41)
diseq(V14, V40)
diseq(V14, V39)
diseq(V14, V38)
diseq(V14, V37)
diseq(V14, V36)
diseq(V14, V35)
diseq(V14, V34)
diseq(V14, V33)
diseq(V14, V32)
diseq(V14, V31)
diseq(V14, V30)
diseq(V14, V29)
diseq(V14, V28)
diseq(V14, V27)
diseq(V14, V26)
diseq(V14, V25)
diseq(V14, V24)
diseq(V14, V23)
diseq(V14, V22)
diseq(V14, V21)
diseq(V14, V20)
diseq(V14, V19)
diseq(V14, V18)
diseq(V14, V17)
diseq(V14, V16)
diseq(V14, V15)
diseq(V13, V49)
diseq(V13, V48)
diseq(V13, V47)
diseq(V13, V46)
diseq(V13, V45)
diseq(V13, V44)
diseq(V13, V43)
diseq(V13, V42)
diseq(V13, V41)
diseq(V13, V40)
diseq(V13, V39)
diseq(V13, V38)
diseq(V13, V37)
diseq(V13, V36)
diseq(V13, V35)
diseq(V13, V34)
diseq(V13, V33)
diseq(V13, V32)
diseq(V13, V31)
diseq(V13, V30)
diseq(V13, V29)
diseq(V13, V28)
diseq(V13, V27)
diseq(V13, V26)
diseq(V13, V25)
diseq(V13, V24)
diseq(V13, V23)
diseq(V13, V22)
diseq(V13, V21)
diseq(V13, V20)
diseq(V13, V19)
diseq(V13, V18)
diseq(V13, V17)
diseq(V13, V16)
diseq(V13, V15)
diseq(V13, V14)
diseq(V12, V49)
diseq(V12, V48)
diseq(V12, V47)
diseq(V12, V46)
diseq(V12, V45)
diseq(V12, V44)
diseq(V12, V43)
diseq(V12, V42)
diseq(V12, V41)
diseq(V12, V40)
diseq(V12, V39)
diseq(V12, V38)
diseq(V12, V37)
diseq(V12, V36)
diseq(V12, V35)
diseq(V12, V34)
diseq(V12, V33)
diseq(V12, V32)
diseq(V12, V31)
diseq(V12, V30)
diseq(V12, V29)
diseq(V12, V28)
diseq(V12, V27)
diseq(V12, V26)
diseq(V12, V25)
diseq(V12, V24)
diseq(V12, V23)
diseq(V12, V22)
diseq(V12, V21)
diseq(V12, V20)
diseq(V12, V19)
diseq(V12, V18)
diseq(V12, V17)
diseq(V12, V16)
diseq(V12, V15)
diseq(V12, V14)
diseq(V12, V13)
diseq(V11, V49)
diseq(V11, V48)
diseq(V11, V47)
diseq(V11, V46)
diseq(V11, V45)
diseq(V11, V44)
diseq(V11, V43)
diseq(V11, V42)
diseq(V11, V41)
diseq(V11, V40)
diseq(V11, V39)
diseq(V11, V38)
diseq(V11, V37)
diseq(V11, V36)
diseq(V11, V35)
diseq(V11, V34)
diseq(V11, V33)
diseq(V11, V32)
diseq(V11, V31)
diseq(V11, V30)
diseq(V11, V29)
diseq(V11, V28)
diseq(V11, V27)
diseq(V11, V26)
diseq(V11, V25)
diseq(V11, V24)
diseq(V11, V23)
diseq(V11, V22)
diseq(V11, V21)
diseq(V11, V20)
diseq(V11, V19)
diseq(V11, V18)
diseq(V11, V17)
diseq(V11, V16)
diseq(V11, V15)
diseq(V11, V14)
diseq(V11, V13)
diseq(V11, V12)
diseq(V10, V49)
diseq(V10, V48)
diseq(V10, V47)
diseq(V10, V46)
diseq(V10, V45)
diseq(V10, V44)
diseq(V10, V43)
diseq(V10, V42)
diseq(V10, V41)
diseq(V10, V40)
diseq(V10, V39)
diseq(V10, V38)
diseq(V10, V37)
diseq(V10, V36)
diseq(V10, V35)
diseq(V10, V34)
diseq(V10, V33)
diseq(V10, V32)
diseq(V10, V31)
diseq(V10, V30)
diseq(V10, V29)
diseq(V10, V28)
diseq(V10, V27)
diseq(V10, V26)
diseq(V10, V25)
diseq(V10, V24)
diseq(V10, V23)
diseq(V10, V22)
diseq(V10, V21)
diseq(V10, V20)
diseq(V10, V19)
diseq(V10, V18)
diseq(V10, V17)
diseq(V10, V16)
diseq(V10, V15)
diseq(V10, V14)
diseq(V10, V13)
diseq(V10, V12)
diseq(V10, V11)
diseq(V9, V49)
diseq(V9, V48)
diseq(V9, V47)
diseq(V9, V46)
diseq(V9, V45)
diseq(V9, V44)
diseq(V9, V43)
diseq(V9, V42)
diseq(V9, V41)
diseq(V9, V40)
diseq(V9, V39)
diseq(V9, V38)
diseq(V9, V37)
diseq(V9, V36)
diseq(V9, V35)
diseq(V9, V34)
diseq(V9, V33)
diseq(V9, V32)
diseq(V9, V31)
diseq(V9, V30)
diseq(V9, V29)
diseq(V9, V28)
diseq(V9, V27)
diseq(V9, V26)
diseq(V9, V25)
diseq(V9, V24)
diseq(V9, V23)
diseq(V9, V22)
diseq(V9, V21)
diseq(V9, V20)
diseq(V9, V19)
diseq(V9, V18)
diseq(V9, V17)
diseq(V9, V16)
diseq(V9, V15)
diseq(V9, V14)
diseq(V9, V13)
diseq(V9, V12)
diseq(V9, V11)
diseq(V9, V10)
diseq(V8, V49)
diseq(V8, V48)
diseq(V8, V47)
diseq(V8, V46)
diseq(V8, V45)
diseq(V8, V44)
diseq(V8, V43)
diseq(V8, V42)
diseq(V8, V41)
diseq(V8, V40)
diseq(V8, V39)
diseq(V8, V38)
diseq(V8, V37)
diseq(V8, V36)
diseq(V8, V35)
diseq(V8, V34)
diseq(V8, V33)
diseq(V8, V32)
diseq(V8, V31)
diseq(V8, V30)
diseq(V8, V29)
diseq(V8, V28)
diseq(V8, V27)
diseq(V8, V26)
diseq(V8, V25)
diseq(V8, V24)
diseq(V8, V23)
diseq(V8, V22)
diseq(V8, V21)
diseq(V8, V20)
diseq(V8, V19)
diseq(V8, V18)
diseq(V8, V17)
diseq(V8, V16)
diseq(V8, V15)
diseq(V8, V14)
diseq(V8, V13)
diseq(V8, V12)
diseq(V8, V11)
diseq(V8, V10)
diseq(V8, V9)
diseq(V7, V49)
diseq(V7, V48)
diseq(V7, V47)
diseq(V7, V46)
diseq(V7, V45)
diseq(V7, V44)
diseq(V7, V43)
diseq(V7, V42)
diseq(V7, V41)
diseq(V7, V40)
diseq(V7, V39)
diseq(V7, V38)
diseq(V7, V37)
diseq(V7, V36)
diseq(V7, V35)
diseq(V7, V34)
diseq(V7, V33)
diseq(V7, V32)
diseq(V7, V31)
diseq(V7, V30)
diseq(V7, V29)
diseq(V7, V28)
diseq(V7, V27)
diseq(V7, V26)
diseq(V7, V25)
diseq(V7, V24)
diseq(V7, V23)
diseq(V7, V22)
diseq(V7, V21)
diseq(V7, V20)
diseq(V7, V19)
diseq(V7, V18)
diseq(V7, V17)
diseq(V7, V16)
diseq(V7, V15)
diseq(V7, V14)
diseq(V7, V13)
diseq(V7, V12)
diseq(V7, V11)
diseq(V7, V10)
diseq(V7, V9)
diseq(V7, V8)
diseq(V6, V49)
diseq(V6, V48)
diseq(V6, V47)
diseq(V6, V46)
diseq(V6, V45)
diseq(V6, V44)
diseq(V6, V43)
diseq(V6, V42)
diseq(V6, V41)
diseq(V6, V40)
diseq(V6, V39)
diseq(V6, V38)
diseq(V6, V37)
diseq(V6, V36)
diseq(V6, V35)
diseq(V6, V34)
diseq(V6, V33)
diseq(V6, V32)
diseq(V6, V31)
diseq(V6, V30)
diseq(V6, V29)
diseq(V6, V28)
diseq(V6, V27)
diseq(V6, V26)
diseq(V6, V25)
diseq(V6, V24)
diseq(V6, V23)
diseq(V6, V22)
diseq(V6, V21)
diseq(V6, V20)
diseq(V6, V19)
diseq(V6, V18)
diseq(V6, V17)
diseq(V6, V16)
diseq(V6, V15)
diseq(V6, V14)
diseq(V6, V13)
diseq(V6, V12)
diseq(V6, V11)
diseq(V6, V10)
diseq(V6, V9)
diseq(V6, V8)
diseq(V6, V7)
diseq(V5, V49)
diseq(V5, V48)
diseq(V5, V47)
diseq(V5, V46)
diseq(V5, V45)
diseq(V5, V44)
diseq(V5, V43)
diseq(V5, V42)
diseq(V5, V41)
diseq(V5, V40)
diseq(V5, V39)
diseq(V5, V38)
diseq(V5, V37)
diseq(V5, V36)
diseq(V5, V35)
diseq(V5, V34)
diseq(V5, V33)
diseq(V5, V32)
diseq(V5, V31)
diseq(V5, V30)
diseq(V5, V29)
diseq(V5, V28)
diseq(V5, V27)
diseq(V5, V26)
diseq(V5, V25)
diseq(V5, V24)
diseq(V5, V23)
diseq(V5, V22)
diseq(V5, V21)
diseq(V5, V20)
diseq(V5, V19)
diseq(V5, V18)
diseq(V5, V17)
diseq(V5, V16)
diseq(V5, V15)
diseq(V5, V14)
diseq(V5, V13)
diseq(V5, V12)
diseq(V5, V11)
diseq(V5, V10)
diseq(V5, V9)
diseq(V5, V8)
diseq(V5, V7)
diseq(V5, V6)
diseq(V4, V49)
diseq(V4, V48)
diseq(V4, V47)
diseq(V4, V46)
diseq(V4, V45)
diseq(V4, V44)
diseq(V4, V43)
diseq(V4, V42)
diseq(V4, V41)
diseq(V4, V40)
diseq(V4, V39)
diseq(V4, V38)
diseq(V4, V37)
diseq(V4, V36)
diseq(V4, V35)
diseq(V4, V34)
diseq(V4, V33)
diseq(V4, V32)
diseq(V4, V31)
diseq(V4, V30)
diseq(V4, V29)
diseq(V4, V28)
diseq(V4, V27)
diseq(V4, V26)
diseq(V4, V25)
diseq(V4, V24)
diseq(V4, V23)
diseq(V4, V22)
diseq(V4, V21)
diseq(V4, V20)
diseq(V4, V19)
diseq(V4, V18)
diseq(V4, V17)
diseq(V4, V16)
diseq(V4, V15)
diseq(V4, V14)
diseq(V4, V13)
diseq(V4, V12)
diseq(V4, V11)
diseq(V4, V10)
diseq(V4, V9)
diseq(V4, V8)
diseq(V4, V7)
diseq(V4, V6)
diseq(V4, V5)
diseq(V3, V49)
diseq(V3, V48)
diseq(V3, V47)
diseq(V3, V46)
diseq(V3, V45)
diseq(V3, V44)
diseq(V3, V43)
diseq(V3, V42)
diseq(V3, V41)
diseq(V3, V40)
diseq(V3, V39)
diseq(V3, V38)
diseq(V3, V37)
diseq(V3, V36)
diseq(V3, V35)
diseq(V3, V34)
diseq(V3, V33)
diseq(V3, V32)
diseq(V3, V31)
diseq(V3, V30)
diseq(V3, V29)
diseq(V3, V28)
diseq(V3, V27)
diseq(V3, V26)
diseq(V3, V25)
diseq(V3, V24)
diseq(V3, V23)
diseq(V3, V22)
diseq(V3, V21)
diseq(V3, V20)
diseq(V3, V19)
diseq(V3, V18)
diseq(V3, V17)
diseq(V3, V16)
diseq(V3, V15)
diseq(V3, V14)
diseq(V3, V13)
diseq(V3, V12)
diseq(V3, V11)
diseq(V3, V10)
diseq(V3, V9)
diseq(V3, V8)
diseq(V3, V7)
diseq(V3, V6)
diseq(V3, V5)
diseq(V3, V4)
diseq(V2, V49)
diseq(V2, V48)
diseq(V2, V47)
diseq(V2, V46)
diseq(V2, V45)
diseq(V2, V44)
diseq(V2, V43)
diseq(V2, V42)
diseq(V2, V41)
diseq(V2, V40)
diseq(V2, V39)
diseq(V2, V38)
diseq(V2, V37)
diseq(V2, V36)
diseq(V2, V35)
diseq(V2, V34)
diseq(V2, V33)
diseq(V2, V32)
diseq(V2, V31)
diseq(V2, V30)
diseq(V2, V29)
diseq(V2, V28)
diseq(V2, V27)
diseq(V2, V26)
diseq(V2, V25)
diseq(V2, V24)
diseq(V2, V23)
diseq(V2, V22)
diseq(V2, V21)
diseq(V2, V20)
diseq(V2, V19)
diseq(V2, V18)
diseq(V2, V17)
diseq(V2, V16)
diseq(V2, V15)
diseq(V2, V14)
diseq(V2, V13)
diseq(V2, V12)
diseq(V2, V11)
diseq(V2, V10)
diseq(V2, V9)
diseq(V2, V8)
diseq(V2, V7)
diseq(V2, V6)
diseq(V2, V5)
diseq(V2, V4)
diseq(V2, V3)
diseq(V1, V49)
diseq(V1, V48)
diseq(V1, V47)
diseq(V1, V46)
diseq(V1, V45)
diseq(V1, V44)
diseq(V1, V43)
diseq(V1, V42)
diseq(V1, V41)
diseq(V1, V40)
diseq(V1, V39)
diseq(V1, V38)
diseq(V1, V37)
diseq(V1, V36)
diseq(V1, V35)
diseq(V1, V34)
diseq(V1, V33)
diseq(V1, V32)
diseq(V1, V31)
diseq(V1, V30)
diseq(V1, V29)
diseq(V1, V28)
diseq(V1, V27)
diseq(V1, V26)
diseq(V1, V25)
diseq(V1, V24)
diseq(V1, V23)
diseq(V1, V22)
diseq(V1, V21)
diseq(V1, V20)
diseq(V1, V19)
diseq(V1, V18)
diseq(V1, V17)
diseq(V1, V16)
diseq(V1, V15)
diseq(V1, V14)
diseq(V1, V13)
diseq(V1, V12)
diseq(V1, V11)
diseq(V1, V10)
diseq(V1, V9)
diseq(V1, V8)
diseq(V1, V7)
diseq(V1, V6)
diseq(V1, V5)
diseq(V1, V4)
diseq(V1, V3)
diseq(V1, V2)
diseq(V0, V49)
diseq(V0, V48)
diseq(V0, V47)
diseq(V0, V46)
diseq(V0, V45)
diseq(V0, V44)
diseq(V0, V43)
diseq(V0, V42)
diseq(V0, V41)
diseq(V0, V40)
diseq(V0, V39)
diseq(V0, V38)
diseq(V0, V37)
diseq(V0, V36)
diseq(V0, V35)
diseq(V0, V34)
diseq(V0, V33)
diseq(V0, V32)
diseq(V0, V31)
diseq(V0, V30)
diseq(V0, V29)
diseq(V0, V28)
diseq(V0, V27)
diseq(V0, V26)
diseq(V0, V25)
diseq(V0, V24)
diseq(V0, V23)
diseq(V0, V22)
diseq(V0, V21)
diseq(V0, V20)
diseq(V0, V19)
diseq(V0, V18)
diseq(V0, V17)
diseq(V0, V16)
diseq(V0, V15)
diseq(V0, V14)
diseq(V0, V13)
diseq(V0, V12)
diseq(V0, V11)
diseq(V0, V10)
diseq(V0, V9)
diseq(V0, V8)
diseq(V0, V7)
diseq(V0, V6)
diseq(V0, V5)
diseq(V0, V4)
diseq(V0, V3)
diseq(V0, V2)
diseq(V0, V1)

**EOF**
