MINION 3

#This file has been automatically generated by TAILOR v0.2
#bug-reports: andrea@cs.st-and.ac.uk

# amount of common subexpressions used:0
# amount of inferred common subexpressions used:0
# amount of original variables saved (over direct equality):0
# amount of constraints:16
# amount of auxiliary variables: 0

**VARIABLES**
DISCRETE V0 {0..3}
DISCRETE V1 {0..3}
DISCRETE V2 {0..3}
DISCRETE V3 {0..3}
DISCRETE V4 {0..3}
DISCRETE V5 {0..3}
DISCRETE V6 {0..3}
DISCRETE V7 {0..3}
DISCRETE V8 {0..3}
DISCRETE V9 {0..3}
DISCRETE V10 {0..3}
DISCRETE V11 {0..3}
DISCRETE V12 {0..3}
DISCRETE V13 {0..3}
DISCRETE V14 {0..3}
DISCRETE V15 {0..3}

# aliases

**SEARCH**

PRINT [
[V0],[V1],[V2],[V3],[V4],[V5],[V6],[V7],
[V8],[V9],[V10],[V11],[V12],[V13],[V14],[V15]]

VARORDER [
V0,V1,V2,V3,V4,V5,V6,V7,
V8,V9,V10,V11,V12,V13,V14,V15]


**CONSTRAINTS**

alldiff([ V3, V6, V9, V12])
alldiff([ V2, V5, V8, V15])
alldiff([ V1, V4, V11, V14])
alldiff([ V0, V7, V10, V13])
alldiff([ V0, V5, V10, V15])
alldiff([ V4, V9, V14, V3])
alldiff([ V8, V13, V2, V7])
alldiff([ V12, V1, V6, V11])
alldiff([ V3, V7, V11, V15])
alldiff([ V2, V6, V10, V14])
alldiff([ V1, V5, V9, V13])
alldiff([ V0, V4, V8, V12])
alldiff([ V12, V13, V14, V15])
alldiff([ V8, V9, V10, V11])
alldiff([ V4, V5, V6, V7])
alldiff([ V0, V1, V2, V3])

**EOF**
