MINION 3

#This file has been automatically generated by TAILOR v0.2
#bug-reports: andrea@cs.st-and.ac.uk

# amount of common subexpressions used:0
# amount of inferred common subexpressions used:0
# amount of original variables saved (over direct equality):0
# amount of constraints:90
# amount of auxiliary variables: 0

**VARIABLES**
DISCRETE V0 {0..8}
DISCRETE V1 {0..8}
DISCRETE V2 {0..8}
DISCRETE V3 {0..8}
DISCRETE V4 {0..8}
DISCRETE V5 {0..8}
DISCRETE V6 {0..8}
DISCRETE V7 {0..8}
DISCRETE V8 {0..8}
DISCRETE V9 {0..8}
DISCRETE V10 {0..8}
DISCRETE V11 {0..8}

# aliases

**SEARCH**

PRINT [
[V0],[V1],[V2],[V3],[V4],[V5],[V6],[V7],
[V8],[V9],[V10],[V11]]

VARORDER [
V0,V1,V2,V3,V4,V5,V6,V7,
V8,V9,V10,V11]


**CONSTRAINTS**

diseq(V6, V11)
diseq(V4, V11)
diseq(V4, V6)
diseq(V5, V10)
diseq(V4, V10)
diseq(V4, V5)
diseq(V7, V11)
diseq(V3, V11)
diseq(V3, V7)
diseq(V6, V10)
diseq(V3, V10)
diseq(V3, V6)
diseq(V5, V9)
diseq(V3, V9)
diseq(V3, V5)
diseq(V4, V8)
diseq(V3, V8)
diseq(V3, V4)
diseq(V8, V11)
diseq(V2, V11)
diseq(V2, V8)
diseq(V7, V10)
diseq(V2, V10)
diseq(V2, V7)
diseq(V6, V9)
diseq(V2, V9)
diseq(V2, V6)
diseq(V5, V8)
diseq(V2, V8)
diseq(V2, V5)
diseq(V4, V7)
diseq(V2, V7)
diseq(V2, V4)
diseq(V3, V6)
diseq(V2, V6)
diseq(V2, V3)
diseq(V9, V11)
diseq(V1, V11)
diseq(V1, V9)
diseq(V8, V10)
diseq(V1, V10)
diseq(V1, V8)
diseq(V7, V9)
diseq(V1, V9)
diseq(V1, V7)
diseq(V6, V8)
diseq(V1, V8)
diseq(V1, V6)
diseq(V5, V7)
diseq(V1, V7)
diseq(V1, V5)
diseq(V4, V6)
diseq(V1, V6)
diseq(V1, V4)
diseq(V3, V5)
diseq(V1, V5)
diseq(V1, V3)
diseq(V2, V4)
diseq(V1, V4)
diseq(V1, V2)
diseq(V10, V11)
diseq(V0, V11)
diseq(V0, V10)
diseq(V9, V10)
diseq(V0, V10)
diseq(V0, V9)
diseq(V8, V9)
diseq(V0, V9)
diseq(V0, V8)
diseq(V7, V8)
diseq(V0, V8)
diseq(V0, V7)
diseq(V6, V7)
diseq(V0, V7)
diseq(V0, V6)
diseq(V5, V6)
diseq(V0, V6)
diseq(V0, V5)
diseq(V4, V5)
diseq(V0, V5)
diseq(V0, V4)
diseq(V3, V4)
diseq(V0, V4)
diseq(V0, V3)
diseq(V2, V3)
diseq(V0, V3)
diseq(V0, V2)
diseq(V1, V2)
diseq(V0, V2)
diseq(V0, V1)

**EOF**
