MINION 3

#This file has been automatically generated by TAILOR v0.2
#bug-reports: andrea@cs.st-and.ac.uk

# amount of common subexpressions used:0
# amount of inferred common subexpressions used:0
# amount of original variables saved (over direct equality):0
# amount of constraints:69
# amount of auxiliary variables: 0

**VARIABLES**
BOUND V0 {1..256}
BOUND V1 {1..256}
BOUND V2 {1..256}
BOUND V3 {1..256}
BOUND V4 {1..256}
BOUND V5 {1..256}
BOUND V6 {1..256}
BOUND V7 {1..256}
BOUND V8 {1..256}
BOUND V9 {1..256}
BOUND V10 {1..256}
BOUND V11 {1..256}
BOUND V12 {1..256}
BOUND V13 {1..256}
BOUND V14 {1..256}
BOUND V15 {1..256}
BOUND V16 {1..256}
BOUND V17 {1..256}
BOUND V18 {1..256}
BOUND V19 {1..256}
BOUND V20 {1..256}
BOUND V21 {1..256}
BOUND V22 {1..256}
BOUND V23 {1..256}
BOUND V24 {1..256}
BOUND V25 {1..256}
BOUND V26 {1..256}
BOUND V27 {1..256}
BOUND V28 {1..256}
BOUND V29 {1..256}
BOUND V30 {1..256}
BOUND V31 {1..256}
BOUND V32 {1..256}
BOUND V33 {1..256}
BOUND V34 {1..256}
BOUND V35 {1..256}
BOUND V36 {1..256}
BOUND V37 {1..256}
BOUND V38 {1..256}
BOUND V39 {1..256}
BOUND V40 {1..256}
BOUND V41 {1..256}
BOUND V42 {1..256}
BOUND V43 {1..256}
BOUND V44 {1..256}
BOUND V45 {1..256}
BOUND V46 {1..256}
BOUND V47 {1..256}
BOUND V48 {1..256}
BOUND V49 {1..256}
BOUND V50 {1..256}
BOUND V51 {1..256}
BOUND V52 {1..256}
BOUND V53 {1..256}
BOUND V54 {1..256}
BOUND V55 {1..256}
BOUND V56 {1..256}
BOUND V57 {1..256}
BOUND V58 {1..256}
BOUND V59 {1..256}
BOUND V60 {1..256}
BOUND V61 {1..256}
BOUND V62 {1..256}
BOUND V63 {1..256}
BOUND V64 {1..256}
BOUND V65 {1..256}
BOUND V66 {1..256}
BOUND V67 {1..256}
BOUND V68 {1..256}
BOUND V69 {1..256}
BOUND V70 {1..256}
BOUND V71 {1..256}
BOUND V72 {1..256}
BOUND V73 {1..256}
BOUND V74 {1..256}
BOUND V75 {1..256}
BOUND V76 {1..256}
BOUND V77 {1..256}
BOUND V78 {1..256}
BOUND V79 {1..256}
BOUND V80 {1..256}
BOUND V81 {1..256}
BOUND V82 {1..256}
BOUND V83 {1..256}
BOUND V84 {1..256}
BOUND V85 {1..256}
BOUND V86 {1..256}
BOUND V87 {1..256}
BOUND V88 {1..256}
BOUND V89 {1..256}
BOUND V90 {1..256}
BOUND V91 {1..256}
BOUND V92 {1..256}
BOUND V93 {1..256}
BOUND V94 {1..256}
BOUND V95 {1..256}
BOUND V96 {1..256}
BOUND V97 {1..256}
BOUND V98 {1..256}
BOUND V99 {1..256}
BOUND V100 {1..256}
BOUND V101 {1..256}
BOUND V102 {1..256}
BOUND V103 {1..256}
BOUND V104 {1..256}
BOUND V105 {1..256}
BOUND V106 {1..256}
BOUND V107 {1..256}
BOUND V108 {1..256}
BOUND V109 {1..256}
BOUND V110 {1..256}
BOUND V111 {1..256}
BOUND V112 {1..256}
BOUND V113 {1..256}
BOUND V114 {1..256}
BOUND V115 {1..256}
BOUND V116 {1..256}
BOUND V117 {1..256}
BOUND V118 {1..256}
BOUND V119 {1..256}
BOUND V120 {1..256}
BOUND V121 {1..256}
BOUND V122 {1..256}
BOUND V123 {1..256}
BOUND V124 {1..256}
BOUND V125 {1..256}
BOUND V126 {1..256}
BOUND V127 {1..256}
BOUND V128 {1..256}
BOUND V129 {1..256}
BOUND V130 {1..256}
BOUND V131 {1..256}
BOUND V132 {1..256}
BOUND V133 {1..256}
BOUND V134 {1..256}
BOUND V135 {1..256}
BOUND V136 {1..256}
BOUND V137 {1..256}
BOUND V138 {1..256}
BOUND V139 {1..256}
BOUND V140 {1..256}
BOUND V141 {1..256}
BOUND V142 {1..256}
BOUND V143 {1..256}
BOUND V144 {1..256}
BOUND V145 {1..256}
BOUND V146 {1..256}
BOUND V147 {1..256}
BOUND V148 {1..256}
BOUND V149 {1..256}
BOUND V150 {1..256}
BOUND V151 {1..256}
BOUND V152 {1..256}
BOUND V153 {1..256}
BOUND V154 {1..256}
BOUND V155 {1..256}
BOUND V156 {1..256}
BOUND V157 {1..256}
BOUND V158 {1..256}
BOUND V159 {1..256}
BOUND V160 {1..256}
BOUND V161 {1..256}
BOUND V162 {1..256}
BOUND V163 {1..256}
BOUND V164 {1..256}
BOUND V165 {1..256}
BOUND V166 {1..256}
BOUND V167 {1..256}
BOUND V168 {1..256}
BOUND V169 {1..256}
BOUND V170 {1..256}
BOUND V171 {1..256}
BOUND V172 {1..256}
BOUND V173 {1..256}
BOUND V174 {1..256}
BOUND V175 {1..256}
BOUND V176 {1..256}
BOUND V177 {1..256}
BOUND V178 {1..256}
BOUND V179 {1..256}
BOUND V180 {1..256}
BOUND V181 {1..256}
BOUND V182 {1..256}
BOUND V183 {1..256}
BOUND V184 {1..256}
BOUND V185 {1..256}
BOUND V186 {1..256}
BOUND V187 {1..256}
BOUND V188 {1..256}
BOUND V189 {1..256}
BOUND V190 {1..256}
BOUND V191 {1..256}
BOUND V192 {1..256}
BOUND V193 {1..256}
BOUND V194 {1..256}
BOUND V195 {1..256}
BOUND V196 {1..256}
BOUND V197 {1..256}
BOUND V198 {1..256}
BOUND V199 {1..256}
BOUND V200 {1..256}
BOUND V201 {1..256}
BOUND V202 {1..256}
BOUND V203 {1..256}
BOUND V204 {1..256}
BOUND V205 {1..256}
BOUND V206 {1..256}
BOUND V207 {1..256}
BOUND V208 {1..256}
BOUND V209 {1..256}
BOUND V210 {1..256}
BOUND V211 {1..256}
BOUND V212 {1..256}
BOUND V213 {1..256}
BOUND V214 {1..256}
BOUND V215 {1..256}
BOUND V216 {1..256}
BOUND V217 {1..256}
BOUND V218 {1..256}
BOUND V219 {1..256}
BOUND V220 {1..256}
BOUND V221 {1..256}
BOUND V222 {1..256}
BOUND V223 {1..256}
BOUND V224 {1..256}
BOUND V225 {1..256}
BOUND V226 {1..256}
BOUND V227 {1..256}
BOUND V228 {1..256}
BOUND V229 {1..256}
BOUND V230 {1..256}
BOUND V231 {1..256}
BOUND V232 {1..256}
BOUND V233 {1..256}
BOUND V234 {1..256}
BOUND V235 {1..256}
BOUND V236 {1..256}
BOUND V237 {1..256}
BOUND V238 {1..256}
BOUND V239 {1..256}
BOUND V240 {1..256}
BOUND V241 {1..256}
BOUND V242 {1..256}
BOUND V243 {1..256}
BOUND V244 {1..256}
BOUND V245 {1..256}
BOUND V246 {1..256}
BOUND V247 {1..256}
BOUND V248 {1..256}
BOUND V249 {1..256}
BOUND V250 {1..256}
BOUND V251 {1..256}
BOUND V252 {1..256}
BOUND V253 {1..256}
BOUND V254 {1..256}
BOUND V255 {1..256}

# aliases

**SEARCH**

PRINT [
[V0],[V1],[V2],[V3],[V4],[V5],[V6],[V7],
[V8],[V9],[V10],[V11],[V12],[V13],[V14],[V15],
[V16],[V17],[V18],[V19],[V20],[V21],[V22],[V23],
[V24],[V25],[V26],[V27],[V28],[V29],[V30],[V31],
[V32],[V33],[V34],[V35],[V36],[V37],[V38],[V39],
[V40],[V41],[V42],[V43],[V44],[V45],[V46],[V47],
[V48],[V49],[V50],[V51],[V52],[V53],[V54],[V55],
[V56],[V57],[V58],[V59],[V60],[V61],[V62],[V63],
[V64],[V65],[V66],[V67],[V68],[V69],[V70],[V71],
[V72],[V73],[V74],[V75],[V76],[V77],[V78],[V79],
[V80],[V81],[V82],[V83],[V84],[V85],[V86],[V87],
[V88],[V89],[V90],[V91],[V92],[V93],[V94],[V95],
[V96],[V97],[V98],[V99],[V100],[V101],[V102],[V103],
[V104],[V105],[V106],[V107],[V108],[V109],[V110],[V111],
[V112],[V113],[V114],[V115],[V116],[V117],[V118],[V119],
[V120],[V121],[V122],[V123],[V124],[V125],[V126],[V127],
[V128],[V129],[V130],[V131],[V132],[V133],[V134],[V135],
[V136],[V137],[V138],[V139],[V140],[V141],[V142],[V143],
[V144],[V145],[V146],[V147],[V148],[V149],[V150],[V151],
[V152],[V153],[V154],[V155],[V156],[V157],[V158],[V159],
[V160],[V161],[V162],[V163],[V164],[V165],[V166],[V167],
[V168],[V169],[V170],[V171],[V172],[V173],[V174],[V175],
[V176],[V177],[V178],[V179],[V180],[V181],[V182],[V183],
[V184],[V185],[V186],[V187],[V188],[V189],[V190],[V191],
[V192],[V193],[V194],[V195],[V196],[V197],[V198],[V199],
[V200],[V201],[V202],[V203],[V204],[V205],[V206],[V207],
[V208],[V209],[V210],[V211],[V212],[V213],[V214],[V215],
[V216],[V217],[V218],[V219],[V220],[V221],[V222],[V223],
[V224],[V225],[V226],[V227],[V228],[V229],[V230],[V231],
[V232],[V233],[V234],[V235],[V236],[V237],[V238],[V239],
[V240],[V241],[V242],[V243],[V244],[V245],[V246],[V247],
[V248],[V249],[V250],[V251],[V252],[V253],[V254],[V255]]

VARORDER [
V0,V1,V2,V3,V4,V5,V6,V7,
V8,V9,V10,V11,V12,V13,V14,V15,
V16,V17,V18,V19,V20,V21,V22,V23,
V24,V25,V26,V27,V28,V29,V30,V31,
V32,V33,V34,V35,V36,V37,V38,V39,
V40,V41,V42,V43,V44,V45,V46,V47,
V48,V49,V50,V51,V52,V53,V54,V55,
V56,V57,V58,V59,V60,V61,V62,V63,
V64,V65,V66,V67,V68,V69,V70,V71,
V72,V73,V74,V75,V76,V77,V78,V79,
V80,V81,V82,V83,V84,V85,V86,V87,
V88,V89,V90,V91,V92,V93,V94,V95,
V96,V97,V98,V99,V100,V101,V102,V103,
V104,V105,V106,V107,V108,V109,V110,V111,
V112,V113,V114,V115,V116,V117,V118,V119,
V120,V121,V122,V123,V124,V125,V126,V127,
V128,V129,V130,V131,V132,V133,V134,V135,
V136,V137,V138,V139,V140,V141,V142,V143,
V144,V145,V146,V147,V148,V149,V150,V151,
V152,V153,V154,V155,V156,V157,V158,V159,
V160,V161,V162,V163,V164,V165,V166,V167,
V168,V169,V170,V171,V172,V173,V174,V175,
V176,V177,V178,V179,V180,V181,V182,V183,
V184,V185,V186,V187,V188,V189,V190,V191,
V192,V193,V194,V195,V196,V197,V198,V199,
V200,V201,V202,V203,V204,V205,V206,V207,
V208,V209,V210,V211,V212,V213,V214,V215,
V216,V217,V218,V219,V220,V221,V222,V223,
V224,V225,V226,V227,V228,V229,V230,V231,
V232,V233,V234,V235,V236,V237,V238,V239,
V240,V241,V242,V243,V244,V245,V246,V247,
V248,V249,V250,V251,V252,V253,V254,V255]


**CONSTRAINTS**

alldiff([ V0, V1, V2, V3, V4, V5, V6, V7, V8, V9, V10, V11, V12, V13, V14, V15, V16, V17, V18, V19, V20, V21, V22, V23, V24, V25, V26, V27, V28, V29, V30, V31, V32, V33, V34, V35, V36, V37, V38, V39, V40, V41, V42, V43, V44, V45, V46, V47, V48, V49, V50, V51, V52, V53, V54, V55, V56, V57, V58, V59, V60, V61, V62, V63, V64, V65, V66, V67, V68, V69, V70, V71, V72, V73, V74, V75, V76, V77, V78, V79, V80, V81, V82, V83, V84, V85, V86, V87, V88, V89, V90, V91, V92, V93, V94, V95, V96, V97, V98, V99, V100, V101, V102, V103, V104, V105, V106, V107, V108, V109, V110, V111, V112, V113, V114, V115, V116, V117, V118, V119, V120, V121, V122, V123, V124, V125, V126, V127, V128, V129, V130, V131, V132, V133, V134, V135, V136, V137, V138, V139, V140, V141, V142, V143, V144, V145, V146, V147, V148, V149, V150, V151, V152, V153, V154, V155, V156, V157, V158, V159, V160, V161, V162, V163, V164, V165, V166, V167, V168, V169, V170, V171, V172, V173, V174, V175, V176, V177, V178, V179, V180, V181, V182, V183, V184, V185, V186, V187, V188, V189, V190, V191, V192, V193, V194, V195, V196, V197, V198, V199, V200, V201, V202, V203, V204, V205, V206, V207, V208, V209, V210, V211, V212, V213, V214, V215, V216, V217, V218, V219, V220, V221, V222, V223, V224, V225, V226, V227, V228, V229, V230, V231, V232, V233, V234, V235, V236, V237, V238, V239, V240, V241, V242, V243, V244, V245, V246, V247, V248, V249, V250, V251, V252, V253, V254, V255])
sumleq([V105,V120,V135,V15,V150,V165,V180,V195,V210,V225,V240,V30,V45,V60,V75,V90], 2056)
sumgeq([V105,V120,V135,V15,V150,V165,V180,V195,V210,V225,V240,V30,V45,V60,V75,V90], 2056)
sumleq([V0,V102,V119,V136,V153,V17,V170,V187,V204,V221,V238,V255,V34,V51,V68,V85], 2056)
sumgeq([V0,V102,V119,V136,V153,V17,V170,V187,V204,V221,V238,V255,V34,V51,V68,V85], 2056)
sumleq([V111,V127,V143,V15,V159,V175,V191,V207,V223,V239,V255,V31,V47,V63,V79,V95], 2056)
sumgeq([V111,V127,V143,V15,V159,V175,V191,V207,V223,V239,V255,V31,V47,V63,V79,V95], 2056)
sumleq([V110,V126,V14,V142,V158,V174,V190,V206,V222,V238,V254,V30,V46,V62,V78,V94], 2056)
sumgeq([V110,V126,V14,V142,V158,V174,V190,V206,V222,V238,V254,V30,V46,V62,V78,V94], 2056)
sumleq([V109,V125,V13,V141,V157,V173,V189,V205,V221,V237,V253,V29,V45,V61,V77,V93], 2056)
sumgeq([V109,V125,V13,V141,V157,V173,V189,V205,V221,V237,V253,V29,V45,V61,V77,V93], 2056)
sumleq([V108,V12,V124,V140,V156,V172,V188,V204,V220,V236,V252,V28,V44,V60,V76,V92], 2056)
sumgeq([V108,V12,V124,V140,V156,V172,V188,V204,V220,V236,V252,V28,V44,V60,V76,V92], 2056)
sumleq([V107,V11,V123,V139,V155,V171,V187,V203,V219,V235,V251,V27,V43,V59,V75,V91], 2056)
sumgeq([V107,V11,V123,V139,V155,V171,V187,V203,V219,V235,V251,V27,V43,V59,V75,V91], 2056)
sumleq([V10,V106,V122,V138,V154,V170,V186,V202,V218,V234,V250,V26,V42,V58,V74,V90], 2056)
sumgeq([V10,V106,V122,V138,V154,V170,V186,V202,V218,V234,V250,V26,V42,V58,V74,V90], 2056)
sumleq([V105,V121,V137,V153,V169,V185,V201,V217,V233,V249,V25,V41,V57,V73,V89,V9], 2056)
sumgeq([V105,V121,V137,V153,V169,V185,V201,V217,V233,V249,V25,V41,V57,V73,V89,V9], 2056)
sumleq([V104,V120,V136,V152,V168,V184,V200,V216,V232,V24,V248,V40,V56,V72,V8,V88], 2056)
sumgeq([V104,V120,V136,V152,V168,V184,V200,V216,V232,V24,V248,V40,V56,V72,V8,V88], 2056)
sumleq([V103,V119,V135,V151,V167,V183,V199,V215,V23,V231,V247,V39,V55,V7,V71,V87], 2056)
sumgeq([V103,V119,V135,V151,V167,V183,V199,V215,V23,V231,V247,V39,V55,V7,V71,V87], 2056)
sumleq([V102,V118,V134,V150,V166,V182,V198,V214,V22,V230,V246,V38,V54,V6,V70,V86], 2056)
sumgeq([V102,V118,V134,V150,V166,V182,V198,V214,V22,V230,V246,V38,V54,V6,V70,V86], 2056)
sumleq([V101,V117,V133,V149,V165,V181,V197,V21,V213,V229,V245,V37,V5,V53,V69,V85], 2056)
sumgeq([V101,V117,V133,V149,V165,V181,V197,V21,V213,V229,V245,V37,V5,V53,V69,V85], 2056)
sumleq([V100,V116,V132,V148,V164,V180,V196,V20,V212,V228,V244,V36,V4,V52,V68,V84], 2056)
sumgeq([V100,V116,V132,V148,V164,V180,V196,V20,V212,V228,V244,V36,V4,V52,V68,V84], 2056)
sumleq([V115,V131,V147,V163,V179,V19,V195,V211,V227,V243,V3,V35,V51,V67,V83,V99], 2056)
sumgeq([V115,V131,V147,V163,V179,V19,V195,V211,V227,V243,V3,V35,V51,V67,V83,V99], 2056)
sumleq([V114,V130,V146,V162,V178,V18,V194,V2,V210,V226,V242,V34,V50,V66,V82,V98], 2056)
sumgeq([V114,V130,V146,V162,V178,V18,V194,V2,V210,V226,V242,V34,V50,V66,V82,V98], 2056)
sumleq([V1,V113,V129,V145,V161,V17,V177,V193,V209,V225,V241,V33,V49,V65,V81,V97], 2056)
sumgeq([V1,V113,V129,V145,V161,V17,V177,V193,V209,V225,V241,V33,V49,V65,V81,V97], 2056)
sumleq([V0,V112,V128,V144,V16,V160,V176,V192,V208,V224,V240,V32,V48,V64,V80,V96], 2056)
sumgeq([V0,V112,V128,V144,V16,V160,V176,V192,V208,V224,V240,V32,V48,V64,V80,V96], 2056)
sumleq([V240,V241,V242,V243,V244,V245,V246,V247,V248,V249,V250,V251,V252,V253,V254,V255], 2056)
sumgeq([V240,V241,V242,V243,V244,V245,V246,V247,V248,V249,V250,V251,V252,V253,V254,V255], 2056)
sumleq([V224,V225,V226,V227,V228,V229,V230,V231,V232,V233,V234,V235,V236,V237,V238,V239], 2056)
sumgeq([V224,V225,V226,V227,V228,V229,V230,V231,V232,V233,V234,V235,V236,V237,V238,V239], 2056)
sumleq([V208,V209,V210,V211,V212,V213,V214,V215,V216,V217,V218,V219,V220,V221,V222,V223], 2056)
sumgeq([V208,V209,V210,V211,V212,V213,V214,V215,V216,V217,V218,V219,V220,V221,V222,V223], 2056)
sumleq([V192,V193,V194,V195,V196,V197,V198,V199,V200,V201,V202,V203,V204,V205,V206,V207], 2056)
sumgeq([V192,V193,V194,V195,V196,V197,V198,V199,V200,V201,V202,V203,V204,V205,V206,V207], 2056)
sumleq([V176,V177,V178,V179,V180,V181,V182,V183,V184,V185,V186,V187,V188,V189,V190,V191], 2056)
sumgeq([V176,V177,V178,V179,V180,V181,V182,V183,V184,V185,V186,V187,V188,V189,V190,V191], 2056)
sumleq([V160,V161,V162,V163,V164,V165,V166,V167,V168,V169,V170,V171,V172,V173,V174,V175], 2056)
sumgeq([V160,V161,V162,V163,V164,V165,V166,V167,V168,V169,V170,V171,V172,V173,V174,V175], 2056)
sumleq([V144,V145,V146,V147,V148,V149,V150,V151,V152,V153,V154,V155,V156,V157,V158,V159], 2056)
sumgeq([V144,V145,V146,V147,V148,V149,V150,V151,V152,V153,V154,V155,V156,V157,V158,V159], 2056)
sumleq([V128,V129,V130,V131,V132,V133,V134,V135,V136,V137,V138,V139,V140,V141,V142,V143], 2056)
sumgeq([V128,V129,V130,V131,V132,V133,V134,V135,V136,V137,V138,V139,V140,V141,V142,V143], 2056)
sumleq([V112,V113,V114,V115,V116,V117,V118,V119,V120,V121,V122,V123,V124,V125,V126,V127], 2056)
sumgeq([V112,V113,V114,V115,V116,V117,V118,V119,V120,V121,V122,V123,V124,V125,V126,V127], 2056)
sumleq([V100,V101,V102,V103,V104,V105,V106,V107,V108,V109,V110,V111,V96,V97,V98,V99], 2056)
sumgeq([V100,V101,V102,V103,V104,V105,V106,V107,V108,V109,V110,V111,V96,V97,V98,V99], 2056)
sumleq([V80,V81,V82,V83,V84,V85,V86,V87,V88,V89,V90,V91,V92,V93,V94,V95], 2056)
sumgeq([V80,V81,V82,V83,V84,V85,V86,V87,V88,V89,V90,V91,V92,V93,V94,V95], 2056)
sumleq([V64,V65,V66,V67,V68,V69,V70,V71,V72,V73,V74,V75,V76,V77,V78,V79], 2056)
sumgeq([V64,V65,V66,V67,V68,V69,V70,V71,V72,V73,V74,V75,V76,V77,V78,V79], 2056)
sumleq([V48,V49,V50,V51,V52,V53,V54,V55,V56,V57,V58,V59,V60,V61,V62,V63], 2056)
sumgeq([V48,V49,V50,V51,V52,V53,V54,V55,V56,V57,V58,V59,V60,V61,V62,V63], 2056)
sumleq([V32,V33,V34,V35,V36,V37,V38,V39,V40,V41,V42,V43,V44,V45,V46,V47], 2056)
sumgeq([V32,V33,V34,V35,V36,V37,V38,V39,V40,V41,V42,V43,V44,V45,V46,V47], 2056)
sumleq([V16,V17,V18,V19,V20,V21,V22,V23,V24,V25,V26,V27,V28,V29,V30,V31], 2056)
sumgeq([V16,V17,V18,V19,V20,V21,V22,V23,V24,V25,V26,V27,V28,V29,V30,V31], 2056)
sumleq([V0,V1,V10,V11,V12,V13,V14,V15,V2,V3,V4,V5,V6,V7,V8,V9], 2056)
sumgeq([V0,V1,V10,V11,V12,V13,V14,V15,V2,V3,V4,V5,V6,V7,V8,V9], 2056)

**EOF**
