MINION 3

#This file has been automatically generated by TAILOR v0.2
#bug-reports: andrea@cs.st-and.ac.uk

# amount of common subexpressions used:0
# amount of inferred common subexpressions used:0
# amount of original variables saved (over direct equality):0
# amount of constraints:11
# amount of auxiliary variables: 0

**VARIABLES**
BOOL V0 
BOOL V1 
BOOL V2 
BOOL V3 
BOOL V4 
BOOL V5 
BOOL V6 
BOOL V7 
BOOL V8 
BOOL V9 
BOOL V10 
BOOL V11 
BOOL V12 
BOOL V13 
BOOL V14 
BOOL V15 
BOOL V16 
BOOL V17 
BOOL V18 
BOOL V19 
BOOL V20 
BOOL V21 
BOOL V22 
BOOL V23 
BOOL V24 
BOOL V25 
BOOL V26 
BOOL V27 

# aliases

**SEARCH**

PRINT [
[V0],[V1],[V2],[V3],[V4],[V5],[V6],[V7],
[V8],[V9],[V10],[V11],[V12],[V13],[V14],[V15],
[V16],[V17],[V18],[V19],[V20],[V21],[V22],[V23],
[V24],[V25],[V26],[V27]]

VARORDER [
V0,V1,V2,V3,V4,V5,V6,V7,
V8,V9,V10,V11,V12,V13,V14,V15,
V16,V17,V18,V19,V20,V21,V22,V23,
V24,V25,V26,V27]


**CONSTRAINTS**

weightedsumgeq([60,80,90,100,100,120,140,160,200,205,220,220,300,300,320,400,400,400,450,480,520,580,650,950,1100,1300,2550,3100], [V18,V17,V2,V0,V12,V7,V11,V8,V26,V6,V1,V25,V24,V4,V15,V10,V3,V5,V23,V16,V27,V9,V14,V22,V21,V13,V19,V20], 12400)
weightedsumleq([60,80,90,100,100,120,140,160,200,205,220,220,300,300,320,400,400,400,450,480,520,580,650,950,1100,1300,2550,3100], [V18,V17,V2,V0,V12,V7,V11,V8,V26,V6,V1,V25,V24,V4,V15,V10,V3,V5,V23,V16,V27,V9,V14,V22,V21,V13,V19,V20], 12400)
weightedsumleq([3,3,7,8,9,10,10,15,15,16,18,20,20,20,20,22,25,25,28,29,30,30,35,42,50,55,60,120], [V0,V18,V17,V1,V2,V26,V8,V25,V7,V6,V12,V11,V14,V15,V5,V16,V22,V24,V27,V4,V23,V9,V3,V10,V19,V21,V20,V13], 490)
weightedsumleq([2,3,6,7,9,10,10,12,12,15,15,18,18,18,20,20,25,25,25,28,29,30,30,40,42,50,60,110], [V18,V0,V1,V17,V2,V26,V8,V6,V7,V15,V25,V11,V12,V16,V14,V5,V22,V23,V24,V27,V4,V3,V9,V19,V10,V21,V20,V13], 470)
weightedsumleq([3,5,14,6,10,42,12,20,6,1,50,5,20,10,20,10,20,30,20,4,5,100,9,18,12,20,20,4], [V0,V2,V4,V6,V8,V10,V12,V14,V16,V18,V20,V22,V24,V26,V27,V25,V23,V21,V19,V17,V15,V13,V11,V9,V7,V5,V3,V1], 400)
weightedsumleq([2,5,5,6,7,9,11,15,17,18,20,20,20,20,21,21,25,25,29,35,40,40,50,55,55,70,70,110], [V18,V0,V17,V26,V2,V7,V1,V25,V12,V8,V15,V22,V24,V27,V11,V6,V14,V16,V9,V13,V4,V5,V23,V21,V3,V10,V20,V19], 572)
weightedsumleq([1,5,5,6,7,7,11,15,15,15,17,18,19,20,20,21,25,25,29,30,40,40,50,50,55,70,70,100], [V18,V0,V17,V26,V2,V7,V1,V15,V24,V25,V12,V8,V6,V22,V27,V11,V14,V16,V9,V13,V4,V5,V23,V3,V21,V10,V20,V19], 532)
weightedsumleq([1,3,5,5,5,5,6,9,10,10,11,13,16,16,18,20,20,24,25,30,30,30,40,40,50,60,60,80], [V18,V26,V0,V17,V25,V7,V2,V1,V15,V24,V12,V16,V11,V6,V8,V22,V27,V9,V14,V13,V23,V4,V3,V5,V21,V10,V20,V19], 462)
weightedsumleq([3,3,3,3,4,5,5,5,6,6,8,10,10,12,14,20,20,20,20,30,30,40,40], [V0,V12,V17,V7,V2,V14,V16,V24,V1,V11,V6,V22,V27,V8,V9,V13,V19,V3,V4,V20,V5,V10,V21], 272)
weightedsumleq([6,8,8,10,13,17,25,27,28,28,32,40,40,44,55,60,70,75,80,90,90,100,100,120,130,160,240,290], [V18,V0,V26,V17,V2,V25,V7,V24,V27,V8,V11,V12,V14,V1,V16,V15,V23,V6,V21,V22,V5,V3,V4,V9,V10,V13,V19,V20], 1210)
weightedsumleq([3,5,6,8,8,12,13,15,18,20,20,24,28,30,30,32,40,45,50,50,70,80,80,90,120,130,180,220], [V18,V25,V17,V0,V26,V24,V2,V7,V27,V12,V16,V1,V8,V15,V22,V11,V14,V6,V21,V23,V4,V3,V5,V9,V13,V10,V19,V20], 930)

**EOF**
