MINION 3

#This file has been automatically generated by TAILOR v0.2
#bug-reports: andrea@cs.st-and.ac.uk

# amount of common subexpressions used:0
# amount of inferred common subexpressions used:0
# amount of original variables saved (over direct equality):0
# amount of constraints:10
# amount of auxiliary variables: 0

**VARIABLES**
BOOL V0 
BOOL V1 
BOOL V2 
BOOL V3 
BOOL V4 
BOOL V5 

# aliases

**SEARCH**

PRINT [
[V0],[V1],[V2],[V3],[V4],[V5]]

VARORDER [
V0,V1,V2,V3,V4,V5]


**CONSTRAINTS**

weightedsumgeq([100,500,600,1200,2000,2400], [V0,V4,V1,V2,V5,V3], 3800)
weightedsumleq([100,500,600,1200,2000,2400], [V0,V4,V1,V2,V5,V3], 3800)
weightedsumleq([3,4,8,4,8,2], [V0,V2,V4,V5,V3,V1], 24)
weightedsumleq([3,4,8], [V0,V2,V4], 18)
weightedsumleq([5,6,8,13,20,48], [V0,V4,V2,V1,V5,V3], 48)
weightedsumleq([5,6,8,13,20,42], [V0,V4,V2,V1,V5,V3], 44)
weightedsumleq([5,6,8,10,12,32], [V0,V4,V2,V1,V5,V3], 36)
weightedsumleq([3,4,4,6,6,18], [V0,V2,V5,V1,V4,V3], 20)
weightedsumleq([8,12,13,22,41,75], [V0,V1,V2,V4,V5,V3], 96)
weightedsumleq([8,12,13,22,41,64], [V0,V1,V2,V4,V5,V3], 80)

**EOF**
