MINION 3

#This file has been automatically generated by TAILOR v0.2
#bug-reports: andrea@cs.st-and.ac.uk

# amount of common subexpressions used:0
# amount of inferred common subexpressions used:0
# amount of original variables saved (over direct equality):0
# amount of constraints:1
# amount of auxiliary variables: 0

**VARIABLES**
DISCRETE V0 {0..9}
DISCRETE V1 {0..9}
DISCRETE V2 {0..9}
DISCRETE V3 {0..9}
DISCRETE V4 {0..9}
DISCRETE V5 {0..9}
DISCRETE V6 {0..9}
DISCRETE V7 {0..9}
DISCRETE V8 {0..9}
DISCRETE V9 {0..9}
DISCRETE V10 {0..9}

# aliases

**SEARCH**

PRINT [
[V0],[V1],[V2],[V3],[V4],[V5],[V6],[V7],
[V8],[V9],[V10]]

VARORDER [
V0,V1,V2,V3,V4,V5,V6,V7,
V8,V9,V10]


**CONSTRAINTS**

alldiff([ V0, V1, V2, V3, V4, V5, V6, V7, V8, V9, V10])

**EOF**
