MINION 3

#This file has been automatically generated by TAILOR v0.2
#bug-reports: andrea@cs.st-and.ac.uk

# amount of common subexpressions used:0
# amount of inferred common subexpressions used:0
# amount of original variables saved (over direct equality):0
# amount of constraints:435
# amount of auxiliary variables: 0

**VARIABLES**
DISCRETE V0 {0..28}
DISCRETE V1 {0..28}
DISCRETE V2 {0..28}
DISCRETE V3 {0..28}
DISCRETE V4 {0..28}
DISCRETE V5 {0..28}
DISCRETE V6 {0..28}
DISCRETE V7 {0..28}
DISCRETE V8 {0..28}
DISCRETE V9 {0..28}
DISCRETE V10 {0..28}
DISCRETE V11 {0..28}
DISCRETE V12 {0..28}
DISCRETE V13 {0..28}
DISCRETE V14 {0..28}
DISCRETE V15 {0..28}
DISCRETE V16 {0..28}
DISCRETE V17 {0..28}
DISCRETE V18 {0..28}
DISCRETE V19 {0..28}
DISCRETE V20 {0..28}
DISCRETE V21 {0..28}
DISCRETE V22 {0..28}
DISCRETE V23 {0..28}
DISCRETE V24 {0..28}
DISCRETE V25 {0..28}
DISCRETE V26 {0..28}
DISCRETE V27 {0..28}
DISCRETE V28 {0..28}
DISCRETE V29 {0..28}

# aliases

**SEARCH**

PRINT [
[V0],[V1],[V2],[V3],[V4],[V5],[V6],[V7],
[V8],[V9],[V10],[V11],[V12],[V13],[V14],[V15],
[V16],[V17],[V18],[V19],[V20],[V21],[V22],[V23],
[V24],[V25],[V26],[V27],[V28],[V29]]

VARORDER [
V0,V1,V2,V3,V4,V5,V6,V7,
V8,V9,V10,V11,V12,V13,V14,V15,
V16,V17,V18,V19,V20,V21,V22,V23,
V24,V25,V26,V27,V28,V29]


**CONSTRAINTS**

diseq(V28, V29)
diseq(V27, V29)
diseq(V27, V28)
diseq(V26, V29)
diseq(V26, V28)
diseq(V26, V27)
diseq(V25, V29)
diseq(V25, V28)
diseq(V25, V27)
diseq(V25, V26)
diseq(V24, V29)
diseq(V24, V28)
diseq(V24, V27)
diseq(V24, V26)
diseq(V24, V25)
diseq(V23, V29)
diseq(V23, V28)
diseq(V23, V27)
diseq(V23, V26)
diseq(V23, V25)
diseq(V23, V24)
diseq(V22, V29)
diseq(V22, V28)
diseq(V22, V27)
diseq(V22, V26)
diseq(V22, V25)
diseq(V22, V24)
diseq(V22, V23)
diseq(V21, V29)
diseq(V21, V28)
diseq(V21, V27)
diseq(V21, V26)
diseq(V21, V25)
diseq(V21, V24)
diseq(V21, V23)
diseq(V21, V22)
diseq(V20, V29)
diseq(V20, V28)
diseq(V20, V27)
diseq(V20, V26)
diseq(V20, V25)
diseq(V20, V24)
diseq(V20, V23)
diseq(V20, V22)
diseq(V20, V21)
diseq(V19, V29)
diseq(V19, V28)
diseq(V19, V27)
diseq(V19, V26)
diseq(V19, V25)
diseq(V19, V24)
diseq(V19, V23)
diseq(V19, V22)
diseq(V19, V21)
diseq(V19, V20)
diseq(V18, V29)
diseq(V18, V28)
diseq(V18, V27)
diseq(V18, V26)
diseq(V18, V25)
diseq(V18, V24)
diseq(V18, V23)
diseq(V18, V22)
diseq(V18, V21)
diseq(V18, V20)
diseq(V18, V19)
diseq(V17, V29)
diseq(V17, V28)
diseq(V17, V27)
diseq(V17, V26)
diseq(V17, V25)
diseq(V17, V24)
diseq(V17, V23)
diseq(V17, V22)
diseq(V17, V21)
diseq(V17, V20)
diseq(V17, V19)
diseq(V17, V18)
diseq(V16, V29)
diseq(V16, V28)
diseq(V16, V27)
diseq(V16, V26)
diseq(V16, V25)
diseq(V16, V24)
diseq(V16, V23)
diseq(V16, V22)
diseq(V16, V21)
diseq(V16, V20)
diseq(V16, V19)
diseq(V16, V18)
diseq(V16, V17)
diseq(V15, V29)
diseq(V15, V28)
diseq(V15, V27)
diseq(V15, V26)
diseq(V15, V25)
diseq(V15, V24)
diseq(V15, V23)
diseq(V15, V22)
diseq(V15, V21)
diseq(V15, V20)
diseq(V15, V19)
diseq(V15, V18)
diseq(V15, V17)
diseq(V15, V16)
diseq(V14, V29)
diseq(V14, V28)
diseq(V14, V27)
diseq(V14, V26)
diseq(V14, V25)
diseq(V14, V24)
diseq(V14, V23)
diseq(V14, V22)
diseq(V14, V21)
diseq(V14, V20)
diseq(V14, V19)
diseq(V14, V18)
diseq(V14, V17)
diseq(V14, V16)
diseq(V14, V15)
diseq(V13, V29)
diseq(V13, V28)
diseq(V13, V27)
diseq(V13, V26)
diseq(V13, V25)
diseq(V13, V24)
diseq(V13, V23)
diseq(V13, V22)
diseq(V13, V21)
diseq(V13, V20)
diseq(V13, V19)
diseq(V13, V18)
diseq(V13, V17)
diseq(V13, V16)
diseq(V13, V15)
diseq(V13, V14)
diseq(V12, V29)
diseq(V12, V28)
diseq(V12, V27)
diseq(V12, V26)
diseq(V12, V25)
diseq(V12, V24)
diseq(V12, V23)
diseq(V12, V22)
diseq(V12, V21)
diseq(V12, V20)
diseq(V12, V19)
diseq(V12, V18)
diseq(V12, V17)
diseq(V12, V16)
diseq(V12, V15)
diseq(V12, V14)
diseq(V12, V13)
diseq(V11, V29)
diseq(V11, V28)
diseq(V11, V27)
diseq(V11, V26)
diseq(V11, V25)
diseq(V11, V24)
diseq(V11, V23)
diseq(V11, V22)
diseq(V11, V21)
diseq(V11, V20)
diseq(V11, V19)
diseq(V11, V18)
diseq(V11, V17)
diseq(V11, V16)
diseq(V11, V15)
diseq(V11, V14)
diseq(V11, V13)
diseq(V11, V12)
diseq(V10, V29)
diseq(V10, V28)
diseq(V10, V27)
diseq(V10, V26)
diseq(V10, V25)
diseq(V10, V24)
diseq(V10, V23)
diseq(V10, V22)
diseq(V10, V21)
diseq(V10, V20)
diseq(V10, V19)
diseq(V10, V18)
diseq(V10, V17)
diseq(V10, V16)
diseq(V10, V15)
diseq(V10, V14)
diseq(V10, V13)
diseq(V10, V12)
diseq(V10, V11)
diseq(V29, V9)
diseq(V28, V9)
diseq(V27, V9)
diseq(V26, V9)
diseq(V25, V9)
diseq(V24, V9)
diseq(V23, V9)
diseq(V22, V9)
diseq(V21, V9)
diseq(V20, V9)
diseq(V19, V9)
diseq(V18, V9)
diseq(V17, V9)
diseq(V16, V9)
diseq(V15, V9)
diseq(V14, V9)
diseq(V13, V9)
diseq(V12, V9)
diseq(V11, V9)
diseq(V10, V9)
diseq(V29, V8)
diseq(V28, V8)
diseq(V27, V8)
diseq(V26, V8)
diseq(V25, V8)
diseq(V24, V8)
diseq(V23, V8)
diseq(V22, V8)
diseq(V21, V8)
diseq(V20, V8)
diseq(V19, V8)
diseq(V18, V8)
diseq(V17, V8)
diseq(V16, V8)
diseq(V15, V8)
diseq(V14, V8)
diseq(V13, V8)
diseq(V12, V8)
diseq(V11, V8)
diseq(V10, V8)
diseq(V8, V9)
diseq(V29, V7)
diseq(V28, V7)
diseq(V27, V7)
diseq(V26, V7)
diseq(V25, V7)
diseq(V24, V7)
diseq(V23, V7)
diseq(V22, V7)
diseq(V21, V7)
diseq(V20, V7)
diseq(V19, V7)
diseq(V18, V7)
diseq(V17, V7)
diseq(V16, V7)
diseq(V15, V7)
diseq(V14, V7)
diseq(V13, V7)
diseq(V12, V7)
diseq(V11, V7)
diseq(V10, V7)
diseq(V7, V9)
diseq(V7, V8)
diseq(V29, V6)
diseq(V28, V6)
diseq(V27, V6)
diseq(V26, V6)
diseq(V25, V6)
diseq(V24, V6)
diseq(V23, V6)
diseq(V22, V6)
diseq(V21, V6)
diseq(V20, V6)
diseq(V19, V6)
diseq(V18, V6)
diseq(V17, V6)
diseq(V16, V6)
diseq(V15, V6)
diseq(V14, V6)
diseq(V13, V6)
diseq(V12, V6)
diseq(V11, V6)
diseq(V10, V6)
diseq(V6, V9)
diseq(V6, V8)
diseq(V6, V7)
diseq(V29, V5)
diseq(V28, V5)
diseq(V27, V5)
diseq(V26, V5)
diseq(V25, V5)
diseq(V24, V5)
diseq(V23, V5)
diseq(V22, V5)
diseq(V21, V5)
diseq(V20, V5)
diseq(V19, V5)
diseq(V18, V5)
diseq(V17, V5)
diseq(V16, V5)
diseq(V15, V5)
diseq(V14, V5)
diseq(V13, V5)
diseq(V12, V5)
diseq(V11, V5)
diseq(V10, V5)
diseq(V5, V9)
diseq(V5, V8)
diseq(V5, V7)
diseq(V5, V6)
diseq(V29, V4)
diseq(V28, V4)
diseq(V27, V4)
diseq(V26, V4)
diseq(V25, V4)
diseq(V24, V4)
diseq(V23, V4)
diseq(V22, V4)
diseq(V21, V4)
diseq(V20, V4)
diseq(V19, V4)
diseq(V18, V4)
diseq(V17, V4)
diseq(V16, V4)
diseq(V15, V4)
diseq(V14, V4)
diseq(V13, V4)
diseq(V12, V4)
diseq(V11, V4)
diseq(V10, V4)
diseq(V4, V9)
diseq(V4, V8)
diseq(V4, V7)
diseq(V4, V6)
diseq(V4, V5)
diseq(V29, V3)
diseq(V28, V3)
diseq(V27, V3)
diseq(V26, V3)
diseq(V25, V3)
diseq(V24, V3)
diseq(V23, V3)
diseq(V22, V3)
diseq(V21, V3)
diseq(V20, V3)
diseq(V19, V3)
diseq(V18, V3)
diseq(V17, V3)
diseq(V16, V3)
diseq(V15, V3)
diseq(V14, V3)
diseq(V13, V3)
diseq(V12, V3)
diseq(V11, V3)
diseq(V10, V3)
diseq(V3, V9)
diseq(V3, V8)
diseq(V3, V7)
diseq(V3, V6)
diseq(V3, V5)
diseq(V3, V4)
diseq(V2, V29)
diseq(V2, V28)
diseq(V2, V27)
diseq(V2, V26)
diseq(V2, V25)
diseq(V2, V24)
diseq(V2, V23)
diseq(V2, V22)
diseq(V2, V21)
diseq(V2, V20)
diseq(V19, V2)
diseq(V18, V2)
diseq(V17, V2)
diseq(V16, V2)
diseq(V15, V2)
diseq(V14, V2)
diseq(V13, V2)
diseq(V12, V2)
diseq(V11, V2)
diseq(V10, V2)
diseq(V2, V9)
diseq(V2, V8)
diseq(V2, V7)
diseq(V2, V6)
diseq(V2, V5)
diseq(V2, V4)
diseq(V2, V3)
diseq(V1, V29)
diseq(V1, V28)
diseq(V1, V27)
diseq(V1, V26)
diseq(V1, V25)
diseq(V1, V24)
diseq(V1, V23)
diseq(V1, V22)
diseq(V1, V21)
diseq(V1, V20)
diseq(V1, V19)
diseq(V1, V18)
diseq(V1, V17)
diseq(V1, V16)
diseq(V1, V15)
diseq(V1, V14)
diseq(V1, V13)
diseq(V1, V12)
diseq(V1, V11)
diseq(V1, V10)
diseq(V1, V9)
diseq(V1, V8)
diseq(V1, V7)
diseq(V1, V6)
diseq(V1, V5)
diseq(V1, V4)
diseq(V1, V3)
diseq(V1, V2)
diseq(V0, V29)
diseq(V0, V28)
diseq(V0, V27)
diseq(V0, V26)
diseq(V0, V25)
diseq(V0, V24)
diseq(V0, V23)
diseq(V0, V22)
diseq(V0, V21)
diseq(V0, V20)
diseq(V0, V19)
diseq(V0, V18)
diseq(V0, V17)
diseq(V0, V16)
diseq(V0, V15)
diseq(V0, V14)
diseq(V0, V13)
diseq(V0, V12)
diseq(V0, V11)
diseq(V0, V10)
diseq(V0, V9)
diseq(V0, V8)
diseq(V0, V7)
diseq(V0, V6)
diseq(V0, V5)
diseq(V0, V4)
diseq(V0, V3)
diseq(V0, V2)
diseq(V0, V1)

**EOF**
