MINION 3

#This file has been automatically generated by TAILOR v0.2
#bug-reports: andrea@cs.st-and.ac.uk

# amount of common subexpressions used:0
# amount of inferred common subexpressions used:0
# amount of original variables saved (over direct equality):0
# amount of constraints:40
# amount of auxiliary variables: 0

**VARIABLES**
DISCRETE V0 {2..29}
DISCRETE V1 {2..29}
DISCRETE V2 {2..29}
DISCRETE V3 {2..29}
DISCRETE V4 {2..29}
DISCRETE V5 {2..29}
DISCRETE V6 {2..29}
DISCRETE V7 {2..29}
DISCRETE V8 {2..29}
DISCRETE V9 {2..29}
DISCRETE V10 {2..29}
DISCRETE V11 {2..29}
DISCRETE V12 {2..29}
DISCRETE V13 {2..29}
DISCRETE V14 {2..29}
DISCRETE V15 {2..29}
DISCRETE V16 {2..29}
DISCRETE V17 {2..29}
DISCRETE V18 {2..29}
DISCRETE V19 {2..29}
DISCRETE V20 {2..29}
DISCRETE V21 {2..29}
DISCRETE V22 {2..29}
DISCRETE V23 {2..29}
DISCRETE V24 {2..29}
DISCRETE V25 {2..29}
DISCRETE V26 {2..29}
DISCRETE V27 {2..29}
DISCRETE V28 {2..29}
DISCRETE V29 {2..29}
DISCRETE V30 {2..29}
DISCRETE V31 {2..29}
DISCRETE V32 {2..29}
DISCRETE V33 {2..29}
DISCRETE V34 {2..29}
DISCRETE V35 {2..29}
DISCRETE V36 {2..29}
DISCRETE V37 {2..29}
DISCRETE V38 {2..29}
DISCRETE V39 {2..29}
DISCRETE V40 {2..29}
DISCRETE V41 {2..29}
DISCRETE V42 {2..29}
DISCRETE V43 {2..29}
DISCRETE V44 {2..29}
DISCRETE V45 {2..29}
DISCRETE V46 {2..29}
DISCRETE V47 {2..29}
DISCRETE V48 {2..29}
DISCRETE V49 {2..29}
DISCRETE V50 {2..29}
DISCRETE V51 {2..29}
DISCRETE V52 {2..29}
DISCRETE V53 {2..29}
DISCRETE V54 {2..29}
DISCRETE V55 {2..29}
DISCRETE V56 {2..29}
DISCRETE V57 {2..29}
DISCRETE V58 {2..29}
DISCRETE V59 {2..29}
DISCRETE V60 {2..29}
DISCRETE V61 {2..29}
DISCRETE V62 {2..29}
DISCRETE V63 {2..29}
DISCRETE V64 {2..29}
DISCRETE V65 {2..29}
DISCRETE V66 {2..29}
DISCRETE V67 {2..29}
DISCRETE V68 {2..29}
DISCRETE V69 {2..29}
DISCRETE V70 {2..29}
DISCRETE V71 {2..29}
DISCRETE V72 {2..29}
DISCRETE V73 {2..29}
DISCRETE V74 {2..29}
DISCRETE V75 {2..29}
DISCRETE V76 {2..29}
DISCRETE V77 {2..29}
DISCRETE V78 {2..29}
DISCRETE V79 {2..29}
DISCRETE V80 {2..29}
DISCRETE V81 {2..29}
DISCRETE V82 {2..29}
DISCRETE V83 {2..29}
DISCRETE V84 {2..29}
DISCRETE V85 {2..29}
DISCRETE V86 {2..29}
DISCRETE V87 {2..29}
DISCRETE V88 {2..29}
DISCRETE V89 {2..29}
DISCRETE V90 {2..29}
DISCRETE V91 {2..29}
DISCRETE V92 {2..29}
DISCRETE V93 {2..29}
DISCRETE V94 {2..29}
DISCRETE V95 {2..29}
DISCRETE V96 {2..29}
DISCRETE V97 {2..29}
DISCRETE V98 {2..29}
DISCRETE V99 {2..29}

# aliases

**SEARCH**

PRINT [
[V0],[V1],[V2],[V3],[V4],[V5],[V6],[V7],
[V8],[V9],[V10],[V11],[V12],[V13],[V14],[V15],
[V16],[V17],[V18],[V19],[V20],[V21],[V22],[V23],
[V24],[V25],[V26],[V27],[V28],[V29],[V30],[V31],
[V32],[V33],[V34],[V35],[V36],[V37],[V38],[V39],
[V40],[V41],[V42],[V43],[V44],[V45],[V46],[V47],
[V48],[V49],[V50],[V51],[V52],[V53],[V54],[V55],
[V56],[V57],[V58],[V59],[V60],[V61],[V62],[V63],
[V64],[V65],[V66],[V67],[V68],[V69],[V70],[V71],
[V72],[V73],[V74],[V75],[V76],[V77],[V78],[V79],
[V80],[V81],[V82],[V83],[V84],[V85],[V86],[V87],
[V88],[V89],[V90],[V91],[V92],[V93],[V94],[V95],
[V96],[V97],[V98],[V99]]

VARORDER [
V0,V1,V2,V3,V4,V5,V6,V7,
V8,V9,V10,V11,V12,V13,V14,V15,
V16,V17,V18,V19,V20,V21,V22,V23,
V24,V25,V26,V27,V28,V29,V30,V31,
V32,V33,V34,V35,V36,V37,V38,V39,
V40,V41,V42,V43,V44,V45,V46,V47,
V48,V49,V50,V51,V52,V53,V54,V55,
V56,V57,V58,V59,V60,V61,V62,V63,
V64,V65,V66,V67,V68,V69,V70,V71,
V72,V73,V74,V75,V76,V77,V78,V79,
V80,V81,V82,V83,V84,V85,V86,V87,
V88,V89,V90,V91,V92,V93,V94,V95,
V96,V97,V98,V99]


**CONSTRAINTS**

weightedsumgeq([3,5], [V96,V84], 166)
weightedsumleq([3,5], [V96,V84], 166)
weightedsumgeq([-29,-19,19], [V4,V40,V28], -393)
weightedsumleq([-29,-19,19], [V4,V40,V28], -393)
weightedsumgeq([7,17,19], [V1,V9,V42], 227)
weightedsumleq([7,17,19], [V1,V9,V42], 227)
weightedsumgeq([-19,17,29], [V36,V84,V56], 403)
weightedsumleq([-19,17,29], [V36,V84,V56], 403)
weightedsumgeq([-29,-3,23], [V96,V99,V13], 87)
weightedsumleq([-29,-3,23], [V96,V99,V13], 87)
weightedsumgeq([-7,2], [V71,V79], -87)
weightedsumleq([-7,2], [V71,V79], -87)
weightedsumgeq([-11,17], [V58,V8], 306)
weightedsumleq([-11,17], [V58,V8], 306)
weightedsumgeq([-23,-3], [V30,V5], -706)
weightedsumleq([-23,-3], [V30,V5], -706)
weightedsumgeq([-29,23], [V28,V46], -22)
weightedsumleq([-29,23], [V28,V46], -22)
weightedsumgeq([-11,13], [V42,V7], 32)
weightedsumleq([-11,13], [V42,V7], 32)
weightedsumgeq([11,29], [V25,V5], 399)
weightedsumleq([11,29], [V25,V5], 399)
weightedsumgeq([-29,-2,17], [V88,V43,V17], -88)
weightedsumleq([-29,-2,17], [V88,V43,V17], -88)
weightedsumgeq([-7,17], [V28,V29], 88)
weightedsumleq([-7,17], [V28,V29], 88)
weightedsumgeq([-23,-11], [V37,V7], -446)
weightedsumleq([-23,-11], [V37,V7], -446)
weightedsumgeq([-13,-7], [V27,V56], -126)
weightedsumleq([-13,-7], [V27,V56], -126)
weightedsumgeq([-13,-2,11], [V21,V41,V88], -192)
weightedsumleq([-13,-2,11], [V21,V41,V88], -192)
weightedsumgeq([-23,29], [V68,V40], 680)
weightedsumleq([-23,29], [V68,V40], 680)
weightedsumgeq([-23,-17,-7], [V24,V53,V6], -268)
weightedsumleq([-23,-17,-7], [V24,V53,V6], -268)
weightedsumgeq([-19,-3,-2], [V31,V71,V19], -168)
weightedsumleq([-19,-3,-2], [V31,V71,V19], -168)
weightedsumgeq([-5,2,5], [V97,V1,V92], 34)
weightedsumleq([-5,2,5], [V97,V1,V92], 34)

**EOF**
