MINION 3

#This file has been automatically generated by TAILOR v0.2
#bug-reports: andrea@cs.st-and.ac.uk

# amount of common subexpressions used:0
# amount of inferred common subexpressions used:0
# amount of original variables saved (over direct equality):0
# amount of constraints:160
# amount of auxiliary variables: 0

**VARIABLES**
DISCRETE V0 {2..29}
DISCRETE V1 {2..29}
DISCRETE V2 {2..29}
DISCRETE V3 {2..29}
DISCRETE V4 {2..29}
DISCRETE V5 {2..29}
DISCRETE V6 {2..29}
DISCRETE V7 {2..29}
DISCRETE V8 {2..29}
DISCRETE V9 {2..29}
DISCRETE V10 {2..29}
DISCRETE V11 {2..29}
DISCRETE V12 {2..29}
DISCRETE V13 {2..29}
DISCRETE V14 {2..29}
DISCRETE V15 {2..29}
DISCRETE V16 {2..29}
DISCRETE V17 {2..29}
DISCRETE V18 {2..29}
DISCRETE V19 {2..29}
DISCRETE V20 {2..29}
DISCRETE V21 {2..29}
DISCRETE V22 {2..29}
DISCRETE V23 {2..29}
DISCRETE V24 {2..29}
DISCRETE V25 {2..29}
DISCRETE V26 {2..29}
DISCRETE V27 {2..29}
DISCRETE V28 {2..29}
DISCRETE V29 {2..29}
DISCRETE V30 {2..29}
DISCRETE V31 {2..29}
DISCRETE V32 {2..29}
DISCRETE V33 {2..29}
DISCRETE V34 {2..29}
DISCRETE V35 {2..29}
DISCRETE V36 {2..29}
DISCRETE V37 {2..29}
DISCRETE V38 {2..29}
DISCRETE V39 {2..29}
DISCRETE V40 {2..29}
DISCRETE V41 {2..29}
DISCRETE V42 {2..29}
DISCRETE V43 {2..29}
DISCRETE V44 {2..29}
DISCRETE V45 {2..29}
DISCRETE V46 {2..29}
DISCRETE V47 {2..29}
DISCRETE V48 {2..29}
DISCRETE V49 {2..29}
DISCRETE V50 {2..29}
DISCRETE V51 {2..29}
DISCRETE V52 {2..29}
DISCRETE V53 {2..29}
DISCRETE V54 {2..29}
DISCRETE V55 {2..29}
DISCRETE V56 {2..29}
DISCRETE V57 {2..29}
DISCRETE V58 {2..29}
DISCRETE V59 {2..29}
DISCRETE V60 {2..29}
DISCRETE V61 {2..29}
DISCRETE V62 {2..29}
DISCRETE V63 {2..29}
DISCRETE V64 {2..29}
DISCRETE V65 {2..29}
DISCRETE V66 {2..29}
DISCRETE V67 {2..29}
DISCRETE V68 {2..29}
DISCRETE V69 {2..29}
DISCRETE V70 {2..29}
DISCRETE V71 {2..29}
DISCRETE V72 {2..29}
DISCRETE V73 {2..29}
DISCRETE V74 {2..29}
DISCRETE V75 {2..29}
DISCRETE V76 {2..29}
DISCRETE V77 {2..29}
DISCRETE V78 {2..29}
DISCRETE V79 {2..29}
DISCRETE V80 {2..29}
DISCRETE V81 {2..29}
DISCRETE V82 {2..29}
DISCRETE V83 {2..29}
DISCRETE V84 {2..29}
DISCRETE V85 {2..29}
DISCRETE V86 {2..29}
DISCRETE V87 {2..29}
DISCRETE V88 {2..29}
DISCRETE V89 {2..29}
DISCRETE V90 {2..29}
DISCRETE V91 {2..29}
DISCRETE V92 {2..29}
DISCRETE V93 {2..29}
DISCRETE V94 {2..29}
DISCRETE V95 {2..29}
DISCRETE V96 {2..29}
DISCRETE V97 {2..29}
DISCRETE V98 {2..29}
DISCRETE V99 {2..29}

# aliases

**SEARCH**

PRINT [
[V0],[V1],[V2],[V3],[V4],[V5],[V6],[V7],
[V8],[V9],[V10],[V11],[V12],[V13],[V14],[V15],
[V16],[V17],[V18],[V19],[V20],[V21],[V22],[V23],
[V24],[V25],[V26],[V27],[V28],[V29],[V30],[V31],
[V32],[V33],[V34],[V35],[V36],[V37],[V38],[V39],
[V40],[V41],[V42],[V43],[V44],[V45],[V46],[V47],
[V48],[V49],[V50],[V51],[V52],[V53],[V54],[V55],
[V56],[V57],[V58],[V59],[V60],[V61],[V62],[V63],
[V64],[V65],[V66],[V67],[V68],[V69],[V70],[V71],
[V72],[V73],[V74],[V75],[V76],[V77],[V78],[V79],
[V80],[V81],[V82],[V83],[V84],[V85],[V86],[V87],
[V88],[V89],[V90],[V91],[V92],[V93],[V94],[V95],
[V96],[V97],[V98],[V99]]

VARORDER [
V0,V1,V2,V3,V4,V5,V6,V7,
V8,V9,V10,V11,V12,V13,V14,V15,
V16,V17,V18,V19,V20,V21,V22,V23,
V24,V25,V26,V27,V28,V29,V30,V31,
V32,V33,V34,V35,V36,V37,V38,V39,
V40,V41,V42,V43,V44,V45,V46,V47,
V48,V49,V50,V51,V52,V53,V54,V55,
V56,V57,V58,V59,V60,V61,V62,V63,
V64,V65,V66,V67,V68,V69,V70,V71,
V72,V73,V74,V75,V76,V77,V78,V79,
V80,V81,V82,V83,V84,V85,V86,V87,
V88,V89,V90,V91,V92,V93,V94,V95,
V96,V97,V98,V99]


**CONSTRAINTS**

weightedsumgeq([-17,13], [V66,V45], -42)
weightedsumleq([-17,13], [V66,V45], -42)
weightedsumgeq([-19,-17,-11,-7,2], [V64,V4,V33,V38,V24], -706)
weightedsumleq([-19,-17,-11,-7,2], [V64,V4,V33,V38,V24], -706)
weightedsumgeq([-5,-5,7,17,23], [V35,V43,V53,V51,V13], 730)
weightedsumleq([-5,-5,7,17,23], [V35,V43,V53,V51,V13], 730)
weightedsumgeq([-29,5,5,11,23], [V54,V1,V63,V27,V33], 293)
weightedsumleq([-29,5,5,11,23], [V54,V1,V63,V27,V33], 293)
weightedsumgeq([-23,-11,23], [V79,V44,V28], 270)
weightedsumleq([-23,-11,23], [V79,V44,V28], 270)
weightedsumgeq([-17,-11,2,13,23,29,29], [V13,V76,V66,V35,V9,V84,V94], 1244)
weightedsumleq([-17,-11,2,13,23,29,29], [V13,V76,V66,V35,V9,V84,V94], 1244)
weightedsumgeq([-11,-5,13,17,29], [V1,V33,V82,V28,V23], 1083)
weightedsumleq([-11,-5,13,17,29], [V1,V33,V82,V28,V23], 1083)
weightedsumgeq([-13,-3,-2,17], [V69,V30,V42,V61], -119)
weightedsumleq([-13,-3,-2,17], [V69,V30,V42,V61], -119)
weightedsumgeq([-29,-23,-7,-2,17,17,19], [V46,V86,V35,V16,V12,V77,V70], -535)
weightedsumleq([-29,-23,-7,-2,17,17,19], [V46,V86,V35,V16,V12,V77,V70], -535)
weightedsumgeq([-17,29], [V47,V81], 480)
weightedsumleq([-17,29], [V47,V81], 480)
weightedsumgeq([-11,-3,2,2,5,29], [V58,V41,V54,V69,V10,V53], -53)
weightedsumleq([-11,-3,2,2,5,29], [V58,V41,V54,V69,V10,V53], -53)
weightedsumgeq([5,11], [V51,V89], 404)
weightedsumleq([5,11], [V51,V89], 404)
weightedsumgeq([-19,5], [V25,V2], 57)
weightedsumleq([-19,5], [V25,V2], 57)
weightedsumgeq([-11,-5,-3,2,5,11,11], [V22,V44,V30,V20,V38,V61,V8], 132)
weightedsumleq([-11,-5,-3,2,5,11,11], [V22,V44,V30,V20,V38,V61,V8], 132)
weightedsumgeq([-23,-19,-19,-7,-2,2,5], [V38,V61,V69,V54,V18,V92,V57], -762)
weightedsumleq([-23,-19,-19,-7,-2,2,5], [V38,V61,V69,V54,V18,V92,V57], -762)
weightedsumgeq([-23,-17], [V10,V58], -404)
weightedsumleq([-23,-17], [V10,V58], -404)
weightedsumgeq([-29,-23,-7,2], [V20,V65,V14,V90], -425)
weightedsumleq([-29,-23,-7,2], [V20,V65,V14,V90], -425)
weightedsumgeq([-23,-11,-7,2,2,5], [V13,V22,V71,V0,V61,V42], -912)
weightedsumleq([-23,-11,-7,2,2,5], [V13,V22,V71,V0,V61,V42], -912)
weightedsumgeq([-17,-7,-7,-7,5,11,23], [V68,V54,V73,V81,V8,V96,V95], -43)
weightedsumleq([-17,-7,-7,-7,5,11,23], [V68,V54,V73,V81,V8,V96,V95], -43)
weightedsumgeq([-17,2,7,19,19,29], [V21,V53,V87,V20,V5,V28], 489)
weightedsumleq([-17,2,7,19,19,29], [V21,V53,V87,V20,V5,V28], 489)
weightedsumgeq([-17,-11,-7,-3,-2,3,17], [V57,V83,V11,V14,V97,V39,V18], -375)
weightedsumleq([-17,-11,-7,-3,-2,3,17], [V57,V83,V11,V14,V97,V39,V18], -375)
weightedsumgeq([-7,-3,5,7], [V94,V51,V54,V75], -36)
weightedsumleq([-7,-3,5,7], [V94,V51,V54,V75], -36)
weightedsumgeq([-17,3,19], [V70,V66,V15], 187)
weightedsumleq([-17,3,19], [V70,V66,V15], 187)
weightedsumgeq([-2,2], [V79,V81], 42)
weightedsumleq([-2,2], [V79,V81], 42)
weightedsumgeq([-17,-13,-5,2,5,17,17], [V69,V82,V53,V7,V86,V34,V84], 375)
weightedsumleq([-17,-13,-5,2,5,17,17], [V69,V82,V53,V7,V86,V34,V84], 375)
weightedsumgeq([-11,13,17,29], [V16,V75,V30,V29], 1095)
weightedsumleq([-11,13,17,29], [V16,V75,V30,V29], 1095)
weightedsumgeq([-13,-11,-11,-7,-2,11], [V14,V49,V6,V97,V15,V25], -431)
weightedsumleq([-13,-11,-11,-7,-2,11], [V14,V49,V6,V97,V15,V25], -431)
weightedsumgeq([-23,-17,-13,2,5,17,23], [V63,V53,V10,V20,V25,V42,V86], -308)
weightedsumleq([-23,-17,-13,2,5,17,23], [V63,V53,V10,V20,V25,V42,V86], -308)
weightedsumgeq([-29,-11,-11,17,29], [V51,V35,V6,V65,V30], 173)
weightedsumleq([-29,-11,-11,17,29], [V51,V35,V6,V65,V30], 173)
weightedsumgeq([-19,-13,-11,2,5,29], [V98,V53,V40,V37,V50,V76], -166)
weightedsumleq([-19,-13,-11,2,5,29], [V98,V53,V40,V37,V50,V76], -166)
weightedsumgeq([-7,13], [V11,V61], 36)
weightedsumleq([-7,13], [V11,V61], 36)
weightedsumgeq([-23,-11,-5,5,7,13], [V34,V57,V56,V21,V46,V25], -412)
weightedsumleq([-23,-11,-5,5,7,13], [V34,V57,V56,V21,V46,V25], -412)
weightedsumgeq([-29,2,7,7,17,23], [V91,V99,V25,V33,V50,V66], 685)
weightedsumleq([-29,2,7,7,17,23], [V91,V99,V25,V33,V50,V66], 685)
weightedsumgeq([-29,-29,-19,-11,-2,-2,19], [V34,V57,V35,V60,V69,V89,V2], -1138)
weightedsumleq([-29,-29,-19,-11,-2,-2,19], [V34,V57,V35,V60,V69,V89,V2], -1138)
weightedsumgeq([-29,-13,-7,-2,23,29,29], [V49,V43,V30,V69,V24,V86,V87], -271)
weightedsumleq([-29,-13,-7,-2,23,29,29], [V49,V43,V30,V69,V24,V86,V87], -271)
weightedsumgeq([-11,-2,2,3,11,13,23], [V62,V5,V10,V80,V26,V93,V59], 343)
weightedsumleq([-11,-2,2,3,11,13,23], [V62,V5,V10,V80,V26,V93,V59], 343)
weightedsumgeq([-17,5], [V75,V67], -178)
weightedsumleq([-17,5], [V75,V67], -178)
weightedsumgeq([-29,-17,-11,-7,5,7,29], [V59,V51,V0,V19,V64,V90,V44], -133)
weightedsumleq([-29,-17,-11,-7,5,7,29], [V59,V51,V0,V19,V64,V90,V44], -133)
weightedsumgeq([-23,-19,-5,-3,-2,13], [V33,V95,V35,V9,V93,V64], -553)
weightedsumleq([-23,-19,-5,-3,-2,13], [V33,V95,V35,V9,V93,V64], -553)
weightedsumgeq([-29,-23,2,11], [V75,V12,V36,V32], -528)
weightedsumleq([-29,-23,2,11], [V75,V12,V36,V32], -528)
weightedsumgeq([-3,-3,2,5], [V17,V65,V41,V51], 9)
weightedsumleq([-3,-3,2,5], [V17,V65,V41,V51], 9)
weightedsumgeq([-29,-7,3], [V82,V54,V6], -561)
weightedsumleq([-29,-7,3], [V82,V54,V6], -561)
weightedsumgeq([-11,-5,-3,5,7,19], [V93,V27,V34,V61,V97,V85], 18)
weightedsumleq([-11,-5,-3,5,7,19], [V93,V27,V34,V61,V97,V85], 18)
weightedsumgeq([-23,-19,-17,-3,17,23,23], [V28,V87,V95,V17,V57,V66,V68], -44)
weightedsumleq([-23,-19,-17,-3,17,23,23], [V28,V87,V95,V17,V57,V66,V68], -44)
weightedsumgeq([-23,-2], [V55,V15], -195)
weightedsumleq([-23,-2], [V55,V15], -195)
weightedsumgeq([2,19], [V36,V43], 565)
weightedsumleq([2,19], [V36,V43], 565)
weightedsumgeq([-5,-2,17], [V20,V30,V14], 46)
weightedsumleq([-5,-2,17], [V20,V30,V14], 46)
weightedsumgeq([-19,-13,-13,-11,-11,3,19], [V62,V6,V8,V32,V76,V82,V9], -875)
weightedsumleq([-19,-13,-13,-11,-11,3,19], [V62,V6,V8,V32,V76,V82,V9], -875)
weightedsumgeq([-2,19,29], [V54,V13,V50], 720)
weightedsumleq([-2,19,29], [V54,V13,V50], 720)
weightedsumgeq([-19,3,29], [V67,V53,V38], -458)
weightedsumleq([-19,3,29], [V67,V53,V38], -458)
weightedsumgeq([-5,3,17,23,29], [V15,V98,V10,V84,V89], 1403)
weightedsumleq([-5,3,17,23,29], [V15,V98,V10,V84,V89], 1403)
weightedsumgeq([-7,-3,5,7,29], [V62,V35,V72,V48,V78], 185)
weightedsumleq([-7,-3,5,7,29], [V62,V35,V72,V48,V78], 185)
weightedsumgeq([11,29], [V47,V14], 324)
weightedsumleq([11,29], [V47,V14], 324)
weightedsumgeq([-7,5,11], [V30,V83,V27], -11)
weightedsumleq([-7,5,11], [V30,V83,V27], -11)
weightedsumgeq([-23,-17,-7,-3,5], [V70,V60,V26,V96,V42], -545)
weightedsumleq([-23,-17,-7,-3,5], [V70,V60,V26,V96,V42], -545)
weightedsumgeq([-3,2], [V71,V58], -5)
weightedsumleq([-3,2], [V71,V58], -5)
weightedsumgeq([-23,-19,-13,-7,2,13,19], [V10,V35,V28,V53,V19,V62,V94], -9)
weightedsumleq([-23,-19,-13,-7,2,13,19], [V10,V35,V28,V53,V19,V62,V94], -9)
weightedsumgeq([-23,5], [V93,V82], -444)
weightedsumleq([-23,5], [V93,V82], -444)
weightedsumgeq([-13,13], [V91,V11], 221)
weightedsumleq([-13,13], [V91,V11], 221)
weightedsumgeq([-3,17], [V99,V50], 32)
weightedsumleq([-3,17], [V99,V50], 32)
weightedsumgeq([-29,-5,2,2,17,17], [V12,V16,V21,V38,V39,V85], 256)
weightedsumleq([-29,-5,2,2,17,17], [V12,V16,V21,V38,V39,V85], 256)
weightedsumgeq([-3,-3,5], [V15,V92,V62], -47)
weightedsumleq([-3,-3,5], [V15,V92,V62], -47)
weightedsumgeq([-29,-23,-7,-3,7,13,29], [V70,V7,V74,V14,V81,V38,V0], -129)
weightedsumleq([-29,-23,-7,-3,7,13,29], [V70,V7,V74,V14,V81,V38,V0], -129)
weightedsumgeq([-17,-2,17,19], [V84,V6,V38,V33], 63)
weightedsumleq([-17,-2,17,19], [V84,V6,V38,V33], 63)
weightedsumgeq([-7,-5,-2,3,5,13], [V31,V90,V46,V70,V27,V14], 53)
weightedsumleq([-7,-5,-2,3,5,13], [V31,V90,V46,V70,V27,V14], 53)
weightedsumgeq([-29,-23,-13], [V49,V0,V43], -596)
weightedsumleq([-29,-23,-13], [V49,V0,V43], -596)
weightedsumgeq([-11,-5,13], [V27,V39,V51], 119)
weightedsumleq([-11,-5,13], [V27,V39,V51], 119)
weightedsumgeq([-19,2,2,17,19], [V94,V21,V36,V48,V28], 91)
weightedsumleq([-19,2,2,17,19], [V94,V21,V36,V48,V28], 91)
weightedsumgeq([-23,-7,-2,5,29], [V46,V33,V49,V53,V68], -481)
weightedsumleq([-23,-7,-2,5,29], [V46,V33,V49,V53,V68], -481)
weightedsumgeq([-11,5,5,7,23,23], [V6,V44,V89,V8,V42,V58], 676)
weightedsumleq([-11,5,5,7,23,23], [V6,V44,V89,V8,V42,V58], 676)
weightedsumgeq([-11,-5,7,13], [V94,V36,V69,V50], -130)
weightedsumleq([-11,-5,7,13], [V94,V36,V69,V50], -130)
weightedsumgeq([-17,2,5,11,11,11,13], [V69,V99,V72,V20,V30,V50,V25], 215)
weightedsumleq([-17,2,5,11,11,11,13], [V69,V99,V72,V20,V30,V50,V25], 215)
weightedsumgeq([-29,2,5,29], [V72,V36,V87,V56], 29)
weightedsumleq([-29,2,5,29], [V72,V36,V87,V56], 29)
weightedsumgeq([-29,-3,-2,2,17,23], [V96,V99,V94,V84,V95,V13], 160)
weightedsumleq([-29,-3,-2,2,17,23], [V96,V99,V94,V84,V95,V13], 160)
weightedsumgeq([3,11,13,13], [V1,V36,V22,V78], 466)
weightedsumleq([3,11,13,13], [V1,V36,V22,V78], 466)
weightedsumgeq([-11,13,29,29], [V42,V7,V5,V86], 612)
weightedsumleq([-11,13,29,29], [V42,V7,V5,V86], 612)
weightedsumgeq([-29,-2,17], [V88,V43,V17], -88)
weightedsumleq([-29,-2,17], [V88,V43,V17], -88)
weightedsumgeq([-23,-19,-11,3,23], [V21,V29,V76,V43,V93], -281)
weightedsumleq([-23,-19,-11,3,23], [V21,V29,V76,V43,V93], -281)
weightedsumgeq([-19,-17,-3,2,3,11,23], [V91,V87,V51,V93,V28,V64,V79], 196)
weightedsumleq([-19,-17,-3,2,3,11,23], [V91,V87,V51,V93,V28,V64,V79], 196)
weightedsumgeq([-29,-19,-13,-11,-3,7,19], [V40,V17,V81,V89,V86,V97,V27], -1551)
weightedsumleq([-29,-19,-13,-11,-3,7,19], [V40,V17,V81,V89,V86,V97,V27], -1551)

**EOF**
