MINION 3

#This file has been automatically generated by TAILOR v0.2
#bug-reports: andrea@cs.st-and.ac.uk

# amount of common subexpressions used:0
# amount of inferred common subexpressions used:0
# amount of original variables saved (over direct equality):0
# amount of constraints:98
# amount of auxiliary variables: 0

**VARIABLES**
DISCRETE V0 {0..0}
DISCRETE V1 {2..6}
DISCRETE V2 {1..6}
DISCRETE V3 {1..6}
DISCRETE V4 {1..6}
DISCRETE V5 {1..6}
DISCRETE V6 {1..5}
DISCRETE V7 {2..6}
DISCRETE V8 {1..1}
DISCRETE V9 {0..6}
DISCRETE V10 {0..6}
DISCRETE V11 {0..6}
DISCRETE V12 {0..6}
DISCRETE V13 {0..5}
DISCRETE V14 {1..6}
DISCRETE V15 {0..6}
DISCRETE V16 {2..2}
DISCRETE V17 {0..6}
DISCRETE V18 {0..6}
DISCRETE V19 {0..6}
DISCRETE V20 {0..5}
DISCRETE V21 {1..6}
DISCRETE V22 {0..6}
DISCRETE V23 {0..6}
DISCRETE V24 {3..3}
DISCRETE V25 {0..6}
DISCRETE V26 {0..6}
DISCRETE V27 {0..5}
DISCRETE V28 {1..6}
DISCRETE V29 {0..6}
DISCRETE V30 {0..6}
DISCRETE V31 {0..6}
DISCRETE V32 {4..4}
DISCRETE V33 {0..6}
DISCRETE V34 {0..5}
DISCRETE V35 {1..6}
DISCRETE V36 {0..6}
DISCRETE V37 {0..6}
DISCRETE V38 {0..6}
DISCRETE V39 {0..6}
DISCRETE V40 {5..5}
DISCRETE V41 {0..4}
DISCRETE V42 {1..5}
DISCRETE V43 {0..5}
DISCRETE V44 {0..5}
DISCRETE V45 {0..5}
DISCRETE V46 {0..5}
DISCRETE V47 {0..4}
DISCRETE V48 {6..6}
DISCRETE V49 {0..6}
DISCRETE V50 {1..1}
DISCRETE V51 {0..6}
DISCRETE V52 {2..2}
DISCRETE V53 {0..6}
DISCRETE V54 {3..3}
DISCRETE V55 {0..6}
DISCRETE V56 {4..4}
DISCRETE V57 {0..6}
DISCRETE V58 {5..5}
DISCRETE V59 {0..6}
DISCRETE V60 {6..6}
DISCRETE V61 {0..6}
DISCRETE V62 {0..0}
DISCRETE V63 {0..6}
DISCRETE V64 {2..2}
DISCRETE V65 {0..6}
DISCRETE V66 {3..3}
DISCRETE V67 {0..6}
DISCRETE V68 {4..4}
DISCRETE V69 {0..6}
DISCRETE V70 {5..5}
DISCRETE V71 {0..6}
DISCRETE V72 {6..6}
DISCRETE V73 {0..6}
DISCRETE V74 {0..0}
DISCRETE V75 {0..6}
DISCRETE V76 {1..1}
DISCRETE V77 {0..6}
DISCRETE V78 {3..3}
DISCRETE V79 {0..6}
DISCRETE V80 {4..4}
DISCRETE V81 {0..6}
DISCRETE V82 {5..5}
DISCRETE V83 {0..6}
DISCRETE V84 {6..6}
DISCRETE V85 {0..6}
DISCRETE V86 {0..0}
DISCRETE V87 {0..6}
DISCRETE V88 {1..1}
DISCRETE V89 {0..6}
DISCRETE V90 {2..2}
DISCRETE V91 {0..6}
DISCRETE V92 {4..4}
DISCRETE V93 {0..6}
DISCRETE V94 {5..5}
DISCRETE V95 {0..6}
DISCRETE V96 {6..6}
DISCRETE V97 {0..6}
DISCRETE V98 {0..0}
DISCRETE V99 {0..6}
DISCRETE V100 {1..1}
DISCRETE V101 {0..6}
DISCRETE V102 {2..2}
DISCRETE V103 {0..6}
DISCRETE V104 {3..3}
DISCRETE V105 {0..6}
DISCRETE V106 {5..5}
DISCRETE V107 {0..6}
DISCRETE V108 {6..6}
DISCRETE V109 {0..6}
DISCRETE V110 {0..0}
DISCRETE V111 {0..6}
DISCRETE V112 {1..1}
DISCRETE V113 {0..6}
DISCRETE V114 {2..2}
DISCRETE V115 {0..6}
DISCRETE V116 {3..3}
DISCRETE V117 {0..6}
DISCRETE V118 {4..4}
DISCRETE V119 {0..6}
DISCRETE V120 {6..6}
DISCRETE V121 {0..6}
DISCRETE V122 {0..0}
DISCRETE V123 {0..6}
DISCRETE V124 {1..1}
DISCRETE V125 {0..6}
DISCRETE V126 {2..2}
DISCRETE V127 {0..6}
DISCRETE V128 {3..3}
DISCRETE V129 {0..6}
DISCRETE V130 {4..4}
DISCRETE V131 {0..6}
DISCRETE V132 {5..5}

# aliases

**SEARCH**

PRINT [
[V0],[V1],[V2],[V3],[V4],[V5],[V6],[V7],
[V8],[V9],[V10],[V11],[V12],[V13],[V14],[V15],
[V16],[V17],[V18],[V19],[V20],[V21],[V22],[V23],
[V24],[V25],[V26],[V27],[V28],[V29],[V30],[V31],
[V32],[V33],[V34],[V35],[V36],[V37],[V38],[V39],
[V40],[V41],[V42],[V43],[V44],[V45],[V46],[V47],
[V48],[V49],[V50],[V51],[V52],[V53],[V54],[V55],
[V56],[V57],[V58],[V59],[V60],[V61],[V62],[V63],
[V64],[V65],[V66],[V67],[V68],[V69],[V70],[V71],
[V72],[V73],[V74],[V75],[V76],[V77],[V78],[V79],
[V80],[V81],[V82],[V83],[V84],[V85],[V86],[V87],
[V88],[V89],[V90],[V91],[V92],[V93],[V94],[V95],
[V96],[V97],[V98],[V99],[V100],[V101],[V102],[V103],
[V104],[V105],[V106],[V107],[V108],[V109],[V110],[V111],
[V112],[V113],[V114],[V115],[V116],[V117],[V118],[V119],
[V120],[V121],[V122],[V123],[V124],[V125],[V126],[V127],
[V128],[V129],[V130],[V131],[V132]]

VARORDER [
V0,V1,V2,V3,V4,V5,V6,V7,
V8,V9,V10,V11,V12,V13,V14,V15,
V16,V17,V18,V19,V20,V21,V22,V23,
V24,V25,V26,V27,V28,V29,V30,V31,
V32,V33,V34,V35,V36,V37,V38,V39,
V40,V41,V42,V43,V44,V45,V46,V47,
V48,V49,V50,V51,V52,V53,V54,V55,
V56,V57,V58,V59,V60,V61,V62,V63,
V64,V65,V66,V67,V68,V69,V70,V71,
V72,V73,V74,V75,V76,V77,V78,V79,
V80,V81,V82,V83,V84,V85,V86,V87,
V88,V89,V90,V91,V92,V93,V94,V95,
V96,V97,V98,V99,V100,V101,V102,V103,
V104,V105,V106,V107,V108,V109,V110,V111,
V112,V113,V114,V115,V116,V117,V118,V119,
V120,V121,V122,V123,V124,V125,V126,V127,
V128,V129,V130,V131,V132]


**CONSTRAINTS**

alldiff([ V1, V2, V3, V4, V5, V6])
alldiff([ V7, V14, V21, V28, V35, V42])
alldiff([ V7, V9, V10, V11, V12, V13])
alldiff([ V1, V15, V22, V29, V36, V43])
alldiff([ V14, V15, V17, V18, V19, V20])
alldiff([ V2, V9, V23, V30, V37, V44])
alldiff([ V21, V22, V23, V25, V26, V27])
alldiff([ V3, V10, V17, V31, V38, V45])
alldiff([ V28, V29, V30, V31, V33, V34])
alldiff([ V4, V11, V18, V25, V39, V46])
alldiff([ V35, V36, V37, V38, V39, V41])
alldiff([ V5, V12, V19, V26, V33, V47])
alldiff([ V42, V43, V44, V45, V46, V47])
alldiff([ V6, V13, V20, V27, V34, V41])
watchelement([ 0, V1, V2, V3, V4, V5, V6], V7, V49)
watchelement([ 0, V1, V2, V3, V4, V5, V6], V49, 1)
watchelement([ 0, V1, V2, V3, V4, V5, V6], V14, V51)
watchelement([ 0, V1, V2, V3, V4, V5, V6], V51, 2)
watchelement([ 0, V1, V2, V3, V4, V5, V6], V21, V53)
watchelement([ 0, V1, V2, V3, V4, V5, V6], V53, 3)
watchelement([ 0, V1, V2, V3, V4, V5, V6], V28, V55)
watchelement([ 0, V1, V2, V3, V4, V5, V6], V55, 4)
watchelement([ 0, V1, V2, V3, V4, V5, V6], V35, V57)
watchelement([ 0, V1, V2, V3, V4, V5, V6], V57, 5)
watchelement([ 0, V1, V2, V3, V4, V5, V6], V42, V59)
watchelement([ 0, V1, V2, V3, V4, V5, V6], V59, 6)
watchelement([ V7, 1, V9, V10, V11, V12, V13], V1, V61)
watchelement([ V7, 1, V9, V10, V11, V12, V13], V61, 0)
watchelement([ V7, 1, V9, V10, V11, V12, V13], V15, V63)
watchelement([ V7, 1, V9, V10, V11, V12, V13], V63, 2)
watchelement([ V7, 1, V9, V10, V11, V12, V13], V22, V65)
watchelement([ V7, 1, V9, V10, V11, V12, V13], V65, 3)
watchelement([ V7, 1, V9, V10, V11, V12, V13], V29, V67)
watchelement([ V7, 1, V9, V10, V11, V12, V13], V67, 4)
watchelement([ V7, 1, V9, V10, V11, V12, V13], V36, V69)
watchelement([ V7, 1, V9, V10, V11, V12, V13], V69, 5)
watchelement([ V7, 1, V9, V10, V11, V12, V13], V43, V71)
watchelement([ V7, 1, V9, V10, V11, V12, V13], V71, 6)
watchelement([ V14, V15, 2, V17, V18, V19, V20], V2, V73)
watchelement([ V14, V15, 2, V17, V18, V19, V20], V73, 0)
watchelement([ V14, V15, 2, V17, V18, V19, V20], V9, V75)
watchelement([ V14, V15, 2, V17, V18, V19, V20], V75, 1)
watchelement([ V14, V15, 2, V17, V18, V19, V20], V23, V77)
watchelement([ V14, V15, 2, V17, V18, V19, V20], V77, 3)
watchelement([ V14, V15, 2, V17, V18, V19, V20], V30, V79)
watchelement([ V14, V15, 2, V17, V18, V19, V20], V79, 4)
watchelement([ V14, V15, 2, V17, V18, V19, V20], V37, V81)
watchelement([ V14, V15, 2, V17, V18, V19, V20], V81, 5)
watchelement([ V14, V15, 2, V17, V18, V19, V20], V44, V83)
watchelement([ V14, V15, 2, V17, V18, V19, V20], V83, 6)
watchelement([ V21, V22, V23, 3, V25, V26, V27], V3, V85)
watchelement([ V21, V22, V23, 3, V25, V26, V27], V85, 0)
watchelement([ V21, V22, V23, 3, V25, V26, V27], V10, V87)
watchelement([ V21, V22, V23, 3, V25, V26, V27], V87, 1)
watchelement([ V21, V22, V23, 3, V25, V26, V27], V17, V89)
watchelement([ V21, V22, V23, 3, V25, V26, V27], V89, 2)
watchelement([ V21, V22, V23, 3, V25, V26, V27], V31, V91)
watchelement([ V21, V22, V23, 3, V25, V26, V27], V91, 4)
watchelement([ V21, V22, V23, 3, V25, V26, V27], V38, V93)
watchelement([ V21, V22, V23, 3, V25, V26, V27], V93, 5)
watchelement([ V21, V22, V23, 3, V25, V26, V27], V45, V95)
watchelement([ V21, V22, V23, 3, V25, V26, V27], V95, 6)
watchelement([ V28, V29, V30, V31, 4, V33, V34], V4, V97)
watchelement([ V28, V29, V30, V31, 4, V33, V34], V97, 0)
watchelement([ V28, V29, V30, V31, 4, V33, V34], V11, V99)
watchelement([ V28, V29, V30, V31, 4, V33, V34], V99, 1)
watchelement([ V28, V29, V30, V31, 4, V33, V34], V18, V101)
watchelement([ V28, V29, V30, V31, 4, V33, V34], V101, 2)
watchelement([ V28, V29, V30, V31, 4, V33, V34], V25, V103)
watchelement([ V28, V29, V30, V31, 4, V33, V34], V103, 3)
watchelement([ V28, V29, V30, V31, 4, V33, V34], V39, V105)
watchelement([ V28, V29, V30, V31, 4, V33, V34], V105, 5)
watchelement([ V28, V29, V30, V31, 4, V33, V34], V46, V107)
watchelement([ V28, V29, V30, V31, 4, V33, V34], V107, 6)
watchelement([ V35, V36, V37, V38, V39, 5, V41], V5, V109)
watchelement([ V35, V36, V37, V38, V39, 5, V41], V109, 0)
watchelement([ V35, V36, V37, V38, V39, 5, V41], V12, V111)
watchelement([ V35, V36, V37, V38, V39, 5, V41], V111, 1)
watchelement([ V35, V36, V37, V38, V39, 5, V41], V19, V113)
watchelement([ V35, V36, V37, V38, V39, 5, V41], V113, 2)
watchelement([ V35, V36, V37, V38, V39, 5, V41], V26, V115)
watchelement([ V35, V36, V37, V38, V39, 5, V41], V115, 3)
watchelement([ V35, V36, V37, V38, V39, 5, V41], V33, V117)
watchelement([ V35, V36, V37, V38, V39, 5, V41], V117, 4)
watchelement([ V35, V36, V37, V38, V39, 5, V41], V47, V119)
watchelement([ V35, V36, V37, V38, V39, 5, V41], V119, 6)
watchelement([ V42, V43, V44, V45, V46, V47, 6], V6, V121)
watchelement([ V42, V43, V44, V45, V46, V47, 6], V121, 0)
watchelement([ V42, V43, V44, V45, V46, V47, 6], V13, V123)
watchelement([ V42, V43, V44, V45, V46, V47, 6], V123, 1)
watchelement([ V42, V43, V44, V45, V46, V47, 6], V20, V125)
watchelement([ V42, V43, V44, V45, V46, V47, 6], V125, 2)
watchelement([ V42, V43, V44, V45, V46, V47, 6], V27, V127)
watchelement([ V42, V43, V44, V45, V46, V47, 6], V127, 3)
watchelement([ V42, V43, V44, V45, V46, V47, 6], V34, V129)
watchelement([ V42, V43, V44, V45, V46, V47, 6], V129, 4)
watchelement([ V42, V43, V44, V45, V46, V47, 6], V41, V131)
watchelement([ V42, V43, V44, V45, V46, V47, 6], V131, 5)
diseq(V2, 2)
diseq(V3, 3)
diseq(V4, 4)
diseq(V5, 5)
diseq(V9, 1)
diseq(V9, 2)
diseq(V10, 1)
diseq(V10, 3)
diseq(V11, 1)
diseq(V11, 4)
diseq(V12, 1)
diseq(V12, 5)
diseq(V13, 1)
diseq(V14, 2)
diseq(V15, 1)
diseq(V15, 2)
diseq(V17, 2)
diseq(V17, 3)
diseq(V18, 2)
diseq(V18, 4)
diseq(V19, 2)
diseq(V19, 5)
diseq(V20, 2)
diseq(V21, 3)
diseq(V22, 1)
diseq(V22, 3)
diseq(V23, 2)
diseq(V23, 3)
diseq(V25, 3)
diseq(V25, 4)
diseq(V26, 3)
diseq(V26, 5)
diseq(V27, 3)
diseq(V28, 4)
diseq(V29, 1)
diseq(V29, 4)
diseq(V30, 2)
diseq(V30, 4)
diseq(V31, 3)
diseq(V31, 4)
diseq(V33, 4)
diseq(V33, 5)
diseq(V34, 4)
diseq(V35, 5)
diseq(V36, 1)
diseq(V36, 5)
diseq(V37, 2)
diseq(V37, 5)
diseq(V38, 3)
diseq(V38, 5)
diseq(V39, 4)
diseq(V39, 5)
diseq(V43, 1)
diseq(V44, 2)
diseq(V45, 3)
diseq(V46, 4)

**EOF**
