MINION 3

#This file has been automatically generated by TAILOR v0.2
#bug-reports: andrea@cs.st-and.ac.uk

# amount of common subexpressions used:0
# amount of inferred common subexpressions used:0
# amount of original variables saved (over direct equality):0
# amount of constraints:50
# amount of auxiliary variables: 0

**VARIABLES**
DISCRETE V0 {0..0}
DISCRETE V1 {2..4}
DISCRETE V2 {1..4}
DISCRETE V3 {1..4}
DISCRETE V4 {1..3}
DISCRETE V5 {2..4}
DISCRETE V6 {1..1}
DISCRETE V7 {0..4}
DISCRETE V8 {0..4}
DISCRETE V9 {0..3}
DISCRETE V10 {1..4}
DISCRETE V11 {0..4}
DISCRETE V12 {2..2}
DISCRETE V13 {0..4}
DISCRETE V14 {0..3}
DISCRETE V15 {1..4}
DISCRETE V16 {0..4}
DISCRETE V17 {0..4}
DISCRETE V18 {3..3}
DISCRETE V19 {0..2}
DISCRETE V20 {1..3}
DISCRETE V21 {0..3}
DISCRETE V22 {0..3}
DISCRETE V23 {0..2}
DISCRETE V24 {4..4}
DISCRETE V25 {0..4}
DISCRETE V26 {1..1}
DISCRETE V27 {0..4}
DISCRETE V28 {2..2}
DISCRETE V29 {0..4}
DISCRETE V30 {3..3}
DISCRETE V31 {0..4}
DISCRETE V32 {4..4}
DISCRETE V33 {0..4}
DISCRETE V34 {0..0}
DISCRETE V35 {0..4}
DISCRETE V36 {2..2}
DISCRETE V37 {0..4}
DISCRETE V38 {3..3}
DISCRETE V39 {0..4}
DISCRETE V40 {4..4}
DISCRETE V41 {0..4}
DISCRETE V42 {0..0}
DISCRETE V43 {0..4}
DISCRETE V44 {1..1}
DISCRETE V45 {0..4}
DISCRETE V46 {3..3}
DISCRETE V47 {0..4}
DISCRETE V48 {4..4}
DISCRETE V49 {0..4}
DISCRETE V50 {0..0}
DISCRETE V51 {0..4}
DISCRETE V52 {1..1}
DISCRETE V53 {0..4}
DISCRETE V54 {2..2}
DISCRETE V55 {0..4}
DISCRETE V56 {4..4}
DISCRETE V57 {0..4}
DISCRETE V58 {0..0}
DISCRETE V59 {0..4}
DISCRETE V60 {1..1}
DISCRETE V61 {0..4}
DISCRETE V62 {2..2}
DISCRETE V63 {0..4}
DISCRETE V64 {3..3}

# aliases

**SEARCH**

PRINT [
[V0],[V1],[V2],[V3],[V4],[V5],[V6],[V7],
[V8],[V9],[V10],[V11],[V12],[V13],[V14],[V15],
[V16],[V17],[V18],[V19],[V20],[V21],[V22],[V23],
[V24],[V25],[V26],[V27],[V28],[V29],[V30],[V31],
[V32],[V33],[V34],[V35],[V36],[V37],[V38],[V39],
[V40],[V41],[V42],[V43],[V44],[V45],[V46],[V47],
[V48],[V49],[V50],[V51],[V52],[V53],[V54],[V55],
[V56],[V57],[V58],[V59],[V60],[V61],[V62],[V63],
[V64]]

VARORDER [
V0,V1,V2,V3,V4,V5,V6,V7,
V8,V9,V10,V11,V12,V13,V14,V15,
V16,V17,V18,V19,V20,V21,V22,V23,
V24,V25,V26,V27,V28,V29,V30,V31,
V32,V33,V34,V35,V36,V37,V38,V39,
V40,V41,V42,V43,V44,V45,V46,V47,
V48,V49,V50,V51,V52,V53,V54,V55,
V56,V57,V58,V59,V60,V61,V62,V63,
V64]


**CONSTRAINTS**

alldiff([ V1, V2, V3, V4])
alldiff([ V5, V10, V15, V20])
alldiff([ V5, V7, V8, V9])
alldiff([ V1, V11, V16, V21])
alldiff([ V10, V11, V13, V14])
alldiff([ V2, V7, V17, V22])
alldiff([ V15, V16, V17, V19])
alldiff([ V3, V8, V13, V23])
alldiff([ V20, V21, V22, V23])
alldiff([ V4, V9, V14, V19])
watchelement([ 0, V1, V2, V3, V4], V5, V25)
watchelement([ 0, V1, V2, V3, V4], V25, 1)
watchelement([ 0, V1, V2, V3, V4], V10, V27)
watchelement([ 0, V1, V2, V3, V4], V27, 2)
watchelement([ 0, V1, V2, V3, V4], V15, V29)
watchelement([ 0, V1, V2, V3, V4], V29, 3)
watchelement([ 0, V1, V2, V3, V4], V20, V31)
watchelement([ 0, V1, V2, V3, V4], V31, 4)
watchelement([ V5, 1, V7, V8, V9], V1, V33)
watchelement([ V5, 1, V7, V8, V9], V33, 0)
watchelement([ V5, 1, V7, V8, V9], V11, V35)
watchelement([ V5, 1, V7, V8, V9], V35, 2)
watchelement([ V5, 1, V7, V8, V9], V16, V37)
watchelement([ V5, 1, V7, V8, V9], V37, 3)
watchelement([ V5, 1, V7, V8, V9], V21, V39)
watchelement([ V5, 1, V7, V8, V9], V39, 4)
watchelement([ V10, V11, 2, V13, V14], V2, V41)
watchelement([ V10, V11, 2, V13, V14], V41, 0)
watchelement([ V10, V11, 2, V13, V14], V7, V43)
watchelement([ V10, V11, 2, V13, V14], V43, 1)
watchelement([ V10, V11, 2, V13, V14], V17, V45)
watchelement([ V10, V11, 2, V13, V14], V45, 3)
watchelement([ V10, V11, 2, V13, V14], V22, V47)
watchelement([ V10, V11, 2, V13, V14], V47, 4)
watchelement([ V15, V16, V17, 3, V19], V3, V49)
watchelement([ V15, V16, V17, 3, V19], V49, 0)
watchelement([ V15, V16, V17, 3, V19], V8, V51)
watchelement([ V15, V16, V17, 3, V19], V51, 1)
watchelement([ V15, V16, V17, 3, V19], V13, V53)
watchelement([ V15, V16, V17, 3, V19], V53, 2)
watchelement([ V15, V16, V17, 3, V19], V23, V55)
watchelement([ V15, V16, V17, 3, V19], V55, 4)
watchelement([ V20, V21, V22, V23, 4], V4, V57)
watchelement([ V20, V21, V22, V23, 4], V57, 0)
watchelement([ V20, V21, V22, V23, 4], V9, V59)
watchelement([ V20, V21, V22, V23, 4], V59, 1)
watchelement([ V20, V21, V22, V23, 4], V14, V61)
watchelement([ V20, V21, V22, V23, 4], V61, 2)
watchelement([ V20, V21, V22, V23, 4], V19, V63)
watchelement([ V20, V21, V22, V23, 4], V63, 3)
diseq(V2, 2)
diseq(V3, 3)
diseq(V7, 1)
diseq(V7, 2)
diseq(V8, 1)
diseq(V8, 3)
diseq(V9, 1)
diseq(V10, 2)
diseq(V11, 1)
diseq(V11, 2)
diseq(V13, 2)
diseq(V13, 3)
diseq(V14, 2)
diseq(V15, 3)
diseq(V16, 1)
diseq(V16, 3)
diseq(V17, 2)
diseq(V17, 3)
diseq(V21, 1)
diseq(V22, 2)

**EOF**
