MINION 3

#This file has been automatically generated by TAILOR v0.2
#bug-reports: andrea@cs.st-and.ac.uk

# amount of common subexpressions used:0
# amount of inferred common subexpressions used:0
# amount of original variables saved (over direct equality):0
# amount of constraints:79
# amount of auxiliary variables: 0

**VARIABLES**
DISCRETE V0 {0..0}
DISCRETE V1 {2..4}
DISCRETE V2 {1..4}
DISCRETE V3 {1..4}
DISCRETE V4 {1..3}
DISCRETE V5 {2..4}
DISCRETE V6 {1..1}
DISCRETE V7 {0..4}
DISCRETE V8 {0..4}
DISCRETE V9 {0..3}
DISCRETE V10 {1..4}
DISCRETE V11 {0..4}
DISCRETE V12 {2..2}
DISCRETE V13 {0..4}
DISCRETE V14 {0..3}
DISCRETE V15 {1..4}
DISCRETE V16 {0..4}
DISCRETE V17 {0..4}
DISCRETE V18 {3..3}
DISCRETE V19 {0..2}
DISCRETE V20 {1..3}
DISCRETE V21 {0..3}
DISCRETE V22 {0..3}
DISCRETE V23 {0..2}
DISCRETE V24 {4..4}
DISCRETE V25 {0..20}
DISCRETE V26 {0..20}
DISCRETE V27 {0..0}
DISCRETE V28 {0..24}
DISCRETE V29 {0..0}
DISCRETE V30 {0..24}
DISCRETE V31 {0..0}
DISCRETE V32 {0..24}
DISCRETE V33 {0..0}
DISCRETE V34 {0..24}
DISCRETE V35 {0..0}
DISCRETE V36 {0..24}
DISCRETE V37 {1..1}
DISCRETE V38 {0..20}
DISCRETE V39 {0..24}
DISCRETE V40 {1..1}
DISCRETE V41 {0..24}
DISCRETE V42 {1..1}
DISCRETE V43 {0..24}
DISCRETE V44 {1..1}
DISCRETE V45 {0..24}
DISCRETE V46 {1..1}
DISCRETE V47 {0..24}
DISCRETE V48 {2..2}
DISCRETE V49 {0..24}
DISCRETE V50 {2..2}
DISCRETE V51 {0..20}
DISCRETE V52 {0..24}
DISCRETE V53 {2..2}
DISCRETE V54 {0..24}
DISCRETE V55 {2..2}
DISCRETE V56 {0..24}
DISCRETE V57 {2..2}
DISCRETE V58 {0..24}
DISCRETE V59 {3..3}
DISCRETE V60 {0..24}
DISCRETE V61 {3..3}
DISCRETE V62 {0..24}
DISCRETE V63 {3..3}
DISCRETE V64 {0..20}
DISCRETE V65 {0..24}
DISCRETE V66 {3..3}
DISCRETE V67 {0..24}
DISCRETE V68 {3..3}
DISCRETE V69 {0..24}
DISCRETE V70 {4..4}
DISCRETE V71 {0..24}
DISCRETE V72 {4..4}
DISCRETE V73 {0..24}
DISCRETE V74 {4..4}
DISCRETE V75 {0..24}
DISCRETE V76 {4..4}
DISCRETE V77 {0..20}
DISCRETE V78 {0..24}
DISCRETE V79 {4..4}

# aliases

**SEARCH**

PRINT [
[V0],[V1],[V2],[V3],[V4],[V5],[V6],[V7],
[V8],[V9],[V10],[V11],[V12],[V13],[V14],[V15],
[V16],[V17],[V18],[V19],[V20],[V21],[V22],[V23],
[V24],[V25],[V26],[V27],[V28],[V29],[V30],[V31],
[V32],[V33],[V34],[V35],[V36],[V37],[V38],[V39],
[V40],[V41],[V42],[V43],[V44],[V45],[V46],[V47],
[V48],[V49],[V50],[V51],[V52],[V53],[V54],[V55],
[V56],[V57],[V58],[V59],[V60],[V61],[V62],[V63],
[V64],[V65],[V66],[V67],[V68],[V69],[V70],[V71],
[V72],[V73],[V74],[V75],[V76],[V77],[V78],[V79]]

VARORDER [
V0,V1,V2,V3,V4,V5,V6,V7,
V8,V9,V10,V11,V12,V13,V14,V15,
V16,V17,V18,V19,V20,V21,V22,V23,
V24,V25,V26,V27,V28,V29,V30,V31,
V32,V33,V34,V35,V36,V37,V38,V39,
V40,V41,V42,V43,V44,V45,V46,V47,
V48,V49,V50,V51,V52,V53,V54,V55,
V56,V57,V58,V59,V60,V61,V62,V63,
V64,V65,V66,V67,V68,V69,V70,V71,
V72,V73,V74,V75,V76,V77,V78,V79]


**CONSTRAINTS**

alldiff([ V1, V2, V3, V4])
alldiff([ V5, V10, V15, V20])
alldiff([ V5, V7, V8, V9])
alldiff([ V1, V11, V16, V21])
alldiff([ V10, V11, V13, V14])
alldiff([ V2, V7, V17, V22])
alldiff([ V15, V16, V17, V19])
alldiff([ V3, V8, V13, V23])
alldiff([ V20, V21, V22, V23])
alldiff([ V4, V9, V14, V19])
watchelement([ 0, V1, V2, V3, V4, V5, 1, V7, V8, V9, V10, V11, 2, V13, V14, V15, V16, V17, 3, V19, V20, V21, V22, V23, 4], V26, 0)
weightedsumgeq([1,5], [V5,V1], V28)
weightedsumleq([1,5], [V5,V1], V28)
watchelement([ 0, V1, V2, V3, V4, V5, 1, V7, V8, V9, V10, V11, 2, V13, V14, V15, V16, V17, 3, V19, V20, V21, V22, V23, 4], V28, 0)
weightedsumgeq([1,5], [V10,V2], V30)
weightedsumleq([1,5], [V10,V2], V30)
watchelement([ 0, V1, V2, V3, V4, V5, 1, V7, V8, V9, V10, V11, 2, V13, V14, V15, V16, V17, 3, V19, V20, V21, V22, V23, 4], V30, 0)
weightedsumgeq([1,5], [V15,V3], V32)
weightedsumleq([1,5], [V15,V3], V32)
watchelement([ 0, V1, V2, V3, V4, V5, 1, V7, V8, V9, V10, V11, 2, V13, V14, V15, V16, V17, 3, V19, V20, V21, V22, V23, 4], V32, 0)
weightedsumgeq([1,5], [V20,V4], V34)
weightedsumleq([1,5], [V20,V4], V34)
watchelement([ 0, V1, V2, V3, V4, V5, 1, V7, V8, V9, V10, V11, 2, V13, V14, V15, V16, V17, 3, V19, V20, V21, V22, V23, 4], V34, 0)
weightedsumgeq([1,5], [V1,V5], V36)
weightedsumleq([1,5], [V1,V5], V36)
watchelement([ 0, V1, V2, V3, V4, V5, 1, V7, V8, V9, V10, V11, 2, V13, V14, V15, V16, V17, 3, V19, V20, V21, V22, V23, 4], V36, 1)
eq(6, V39)
watchelement([ 0, V1, V2, V3, V4, V5, 1, V7, V8, V9, V10, V11, 2, V13, V14, V15, V16, V17, 3, V19, V20, V21, V22, V23, 4], V39, 1)
weightedsumgeq([1,5], [V11,V7], V41)
weightedsumleq([1,5], [V11,V7], V41)
watchelement([ 0, V1, V2, V3, V4, V5, 1, V7, V8, V9, V10, V11, 2, V13, V14, V15, V16, V17, 3, V19, V20, V21, V22, V23, 4], V41, 1)
weightedsumgeq([1,5], [V16,V8], V43)
weightedsumleq([1,5], [V16,V8], V43)
watchelement([ 0, V1, V2, V3, V4, V5, 1, V7, V8, V9, V10, V11, 2, V13, V14, V15, V16, V17, 3, V19, V20, V21, V22, V23, 4], V43, 1)
weightedsumgeq([1,5], [V21,V9], V45)
weightedsumleq([1,5], [V21,V9], V45)
watchelement([ 0, V1, V2, V3, V4, V5, 1, V7, V8, V9, V10, V11, 2, V13, V14, V15, V16, V17, 3, V19, V20, V21, V22, V23, 4], V45, 1)
weightedsumgeq([1,5], [V2,V10], V47)
weightedsumleq([1,5], [V2,V10], V47)
watchelement([ 0, V1, V2, V3, V4, V5, 1, V7, V8, V9, V10, V11, 2, V13, V14, V15, V16, V17, 3, V19, V20, V21, V22, V23, 4], V47, 2)
weightedsumgeq([1,5], [V7,V11], V49)
weightedsumleq([1,5], [V7,V11], V49)
watchelement([ 0, V1, V2, V3, V4, V5, 1, V7, V8, V9, V10, V11, 2, V13, V14, V15, V16, V17, 3, V19, V20, V21, V22, V23, 4], V49, 2)
eq(12, V52)
watchelement([ 0, V1, V2, V3, V4, V5, 1, V7, V8, V9, V10, V11, 2, V13, V14, V15, V16, V17, 3, V19, V20, V21, V22, V23, 4], V52, 2)
weightedsumgeq([1,5], [V17,V13], V54)
weightedsumleq([1,5], [V17,V13], V54)
watchelement([ 0, V1, V2, V3, V4, V5, 1, V7, V8, V9, V10, V11, 2, V13, V14, V15, V16, V17, 3, V19, V20, V21, V22, V23, 4], V54, 2)
weightedsumgeq([1,5], [V22,V14], V56)
weightedsumleq([1,5], [V22,V14], V56)
watchelement([ 0, V1, V2, V3, V4, V5, 1, V7, V8, V9, V10, V11, 2, V13, V14, V15, V16, V17, 3, V19, V20, V21, V22, V23, 4], V56, 2)
weightedsumgeq([1,5], [V3,V15], V58)
weightedsumleq([1,5], [V3,V15], V58)
watchelement([ 0, V1, V2, V3, V4, V5, 1, V7, V8, V9, V10, V11, 2, V13, V14, V15, V16, V17, 3, V19, V20, V21, V22, V23, 4], V58, 3)
weightedsumgeq([1,5], [V8,V16], V60)
weightedsumleq([1,5], [V8,V16], V60)
watchelement([ 0, V1, V2, V3, V4, V5, 1, V7, V8, V9, V10, V11, 2, V13, V14, V15, V16, V17, 3, V19, V20, V21, V22, V23, 4], V60, 3)
weightedsumgeq([1,5], [V13,V17], V62)
weightedsumleq([1,5], [V13,V17], V62)
watchelement([ 0, V1, V2, V3, V4, V5, 1, V7, V8, V9, V10, V11, 2, V13, V14, V15, V16, V17, 3, V19, V20, V21, V22, V23, 4], V62, 3)
eq(18, V65)
watchelement([ 0, V1, V2, V3, V4, V5, 1, V7, V8, V9, V10, V11, 2, V13, V14, V15, V16, V17, 3, V19, V20, V21, V22, V23, 4], V65, 3)
weightedsumgeq([1,5], [V23,V19], V67)
weightedsumleq([1,5], [V23,V19], V67)
watchelement([ 0, V1, V2, V3, V4, V5, 1, V7, V8, V9, V10, V11, 2, V13, V14, V15, V16, V17, 3, V19, V20, V21, V22, V23, 4], V67, 3)
weightedsumgeq([1,5], [V4,V20], V69)
weightedsumleq([1,5], [V4,V20], V69)
watchelement([ 0, V1, V2, V3, V4, V5, 1, V7, V8, V9, V10, V11, 2, V13, V14, V15, V16, V17, 3, V19, V20, V21, V22, V23, 4], V69, 4)
weightedsumgeq([1,5], [V9,V21], V71)
weightedsumleq([1,5], [V9,V21], V71)
watchelement([ 0, V1, V2, V3, V4, V5, 1, V7, V8, V9, V10, V11, 2, V13, V14, V15, V16, V17, 3, V19, V20, V21, V22, V23, 4], V71, 4)
weightedsumgeq([1,5], [V14,V22], V73)
weightedsumleq([1,5], [V14,V22], V73)
watchelement([ 0, V1, V2, V3, V4, V5, 1, V7, V8, V9, V10, V11, 2, V13, V14, V15, V16, V17, 3, V19, V20, V21, V22, V23, 4], V73, 4)
weightedsumgeq([1,5], [V19,V23], V75)
weightedsumleq([1,5], [V19,V23], V75)
watchelement([ 0, V1, V2, V3, V4, V5, 1, V7, V8, V9, V10, V11, 2, V13, V14, V15, V16, V17, 3, V19, V20, V21, V22, V23, 4], V75, 4)
eq(24, V78)
watchelement([ 0, V1, V2, V3, V4, V5, 1, V7, V8, V9, V10, V11, 2, V13, V14, V15, V16, V17, 3, V19, V20, V21, V22, V23, 4], V78, 4)
diseq(V2, 2)
diseq(V3, 3)
diseq(V7, 1)
diseq(V7, 2)
diseq(V8, 1)
diseq(V8, 3)
diseq(V9, 1)
diseq(V10, 2)
diseq(V11, 1)
diseq(V11, 2)
diseq(V13, 2)
diseq(V13, 3)
diseq(V14, 2)
diseq(V15, 3)
diseq(V16, 1)
diseq(V16, 3)
diseq(V17, 2)
diseq(V17, 3)
diseq(V21, 1)
diseq(V22, 2)

**EOF**
