MINION 3

#This file has been automatically generated by TAILOR v0.2
#bug-reports: andrea@cs.st-and.ac.uk

# amount of common subexpressions used:0
# amount of inferred common subexpressions used:0
# amount of original variables saved (over direct equality):0
# amount of constraints:131
# amount of auxiliary variables: 0

**VARIABLES**
DISCRETE V0 {0..0}
DISCRETE V1 {2..4}
DISCRETE V2 {1..4}
DISCRETE V3 {1..4}
DISCRETE V4 {1..3}
DISCRETE V5 {2..4}
DISCRETE V6 {1..1}
DISCRETE V7 {0..4}
DISCRETE V8 {0..4}
DISCRETE V9 {0..3}
DISCRETE V10 {1..4}
DISCRETE V11 {0..4}
DISCRETE V12 {2..2}
DISCRETE V13 {0..4}
DISCRETE V14 {0..3}
DISCRETE V15 {1..4}
DISCRETE V16 {0..4}
DISCRETE V17 {0..4}
DISCRETE V18 {3..3}
DISCRETE V19 {0..2}
DISCRETE V20 {1..3}
DISCRETE V21 {0..3}
DISCRETE V22 {0..3}
DISCRETE V23 {0..2}
DISCRETE V24 {4..4}
DISCRETE V25 {0..20}
DISCRETE V26 {0..0}
DISCRETE V27 {1..21}
DISCRETE V28 {0..4}
DISCRETE V29 {0..4}
DISCRETE V30 {2..22}
DISCRETE V31 {0..4}
DISCRETE V32 {0..4}
DISCRETE V33 {3..23}
DISCRETE V34 {0..4}
DISCRETE V35 {0..4}
DISCRETE V36 {4..24}
DISCRETE V37 {0..4}
DISCRETE V38 {0..4}
DISCRETE V39 {0..20}
DISCRETE V40 {0..4}
DISCRETE V41 {5..9}
DISCRETE V42 {0..4}
DISCRETE V43 {0..20}
DISCRETE V44 {1..21}
DISCRETE V45 {0..4}
DISCRETE V46 {5..9}
DISCRETE V47 {0..4}
DISCRETE V48 {2..22}
DISCRETE V49 {0..4}
DISCRETE V50 {5..9}
DISCRETE V51 {0..4}
DISCRETE V52 {3..23}
DISCRETE V53 {0..4}
DISCRETE V54 {5..9}
DISCRETE V55 {0..4}
DISCRETE V56 {4..24}
DISCRETE V57 {0..4}
DISCRETE V58 {5..9}
DISCRETE V59 {0..4}
DISCRETE V60 {0..20}
DISCRETE V61 {0..4}
DISCRETE V62 {10..14}
DISCRETE V63 {0..4}
DISCRETE V64 {1..21}
DISCRETE V65 {0..4}
DISCRETE V66 {10..14}
DISCRETE V67 {0..4}
DISCRETE V68 {0..20}
DISCRETE V69 {2..22}
DISCRETE V70 {0..4}
DISCRETE V71 {10..14}
DISCRETE V72 {0..4}
DISCRETE V73 {3..23}
DISCRETE V74 {0..4}
DISCRETE V75 {10..14}
DISCRETE V76 {0..4}
DISCRETE V77 {4..24}
DISCRETE V78 {0..4}
DISCRETE V79 {10..14}
DISCRETE V80 {0..4}
DISCRETE V81 {0..20}
DISCRETE V82 {0..4}
DISCRETE V83 {15..19}
DISCRETE V84 {0..4}
DISCRETE V85 {1..21}
DISCRETE V86 {0..4}
DISCRETE V87 {15..19}
DISCRETE V88 {0..4}
DISCRETE V89 {2..22}
DISCRETE V90 {0..4}
DISCRETE V91 {15..19}
DISCRETE V92 {0..4}
DISCRETE V93 {0..20}
DISCRETE V94 {3..23}
DISCRETE V95 {0..4}
DISCRETE V96 {15..19}
DISCRETE V97 {0..4}
DISCRETE V98 {4..24}
DISCRETE V99 {0..4}
DISCRETE V100 {15..19}
DISCRETE V101 {0..4}
DISCRETE V102 {0..20}
DISCRETE V103 {0..4}
DISCRETE V104 {20..24}
DISCRETE V105 {0..4}
DISCRETE V106 {1..21}
DISCRETE V107 {0..4}
DISCRETE V108 {20..24}
DISCRETE V109 {0..4}
DISCRETE V110 {2..22}
DISCRETE V111 {0..4}
DISCRETE V112 {20..24}
DISCRETE V113 {0..4}
DISCRETE V114 {3..23}
DISCRETE V115 {0..4}
DISCRETE V116 {20..24}
DISCRETE V117 {0..4}
DISCRETE V118 {0..20}
DISCRETE V119 {4..24}
DISCRETE V120 {0..4}
DISCRETE V121 {20..24}
DISCRETE V122 {0..4}

# aliases

**SEARCH**

PRINT [
[V0],[V1],[V2],[V3],[V4],[V5],[V6],[V7],
[V8],[V9],[V10],[V11],[V12],[V13],[V14],[V15],
[V16],[V17],[V18],[V19],[V20],[V21],[V22],[V23],
[V24],[V25],[V26],[V27],[V28],[V29],[V30],[V31],
[V32],[V33],[V34],[V35],[V36],[V37],[V38],[V39],
[V40],[V41],[V42],[V43],[V44],[V45],[V46],[V47],
[V48],[V49],[V50],[V51],[V52],[V53],[V54],[V55],
[V56],[V57],[V58],[V59],[V60],[V61],[V62],[V63],
[V64],[V65],[V66],[V67],[V68],[V69],[V70],[V71],
[V72],[V73],[V74],[V75],[V76],[V77],[V78],[V79],
[V80],[V81],[V82],[V83],[V84],[V85],[V86],[V87],
[V88],[V89],[V90],[V91],[V92],[V93],[V94],[V95],
[V96],[V97],[V98],[V99],[V100],[V101],[V102],[V103],
[V104],[V105],[V106],[V107],[V108],[V109],[V110],[V111],
[V112],[V113],[V114],[V115],[V116],[V117],[V118],[V119],
[V120],[V121],[V122]]

VARORDER [
V0,V1,V2,V3,V4,V5,V6,V7,
V8,V9,V10,V11,V12,V13,V14,V15,
V16,V17,V18,V19,V20,V21,V22,V23,
V24,V25,V26,V27,V28,V29,V30,V31,
V32,V33,V34,V35,V36,V37,V38,V39,
V40,V41,V42,V43,V44,V45,V46,V47,
V48,V49,V50,V51,V52,V53,V54,V55,
V56,V57,V58,V59,V60,V61,V62,V63,
V64,V65,V66,V67,V68,V69,V70,V71,
V72,V73,V74,V75,V76,V77,V78,V79,
V80,V81,V82,V83,V84,V85,V86,V87,
V88,V89,V90,V91,V92,V93,V94,V95,
V96,V97,V98,V99,V100,V101,V102,V103,
V104,V105,V106,V107,V108,V109,V110,V111,
V112,V113,V114,V115,V116,V117,V118,V119,
V120,V121,V122]


**CONSTRAINTS**

alldiff([ V1, V2, V3, V4])
alldiff([ V5, V10, V15, V20])
alldiff([ V5, V7, V8, V9])
alldiff([ V1, V11, V16, V21])
alldiff([ V10, V11, V13, V14])
alldiff([ V2, V7, V17, V22])
alldiff([ V15, V16, V17, V19])
alldiff([ V3, V8, V13, V23])
alldiff([ V20, V21, V22, V23])
alldiff([ V4, V9, V14, V19])
watchelement([ 0, V1, V2, V3, V4, V5, 1, V7, V8, V9, V10, V11, 2, V13, V14, V15, V16, V17, 3, V19, V20, V21, V22, V23, 4], V25, 0)
weightedsumgeq([1,5], [1,V5], V27)
weightedsumleq([1,5], [1,V5], V27)
watchelement([ 0, V1, V2, V3, V4, V5, 1, V7, V8, V9, V10, V11, 2, V13, V14, V15, V16, V17, 3, V19, V20, V21, V22, V23, 4], V27, V29)
watchelement([ 0, V1, V2, V3, V4, V5, 1, V7, V8, V9, V10, V11, 2, V13, V14, V15, V16, V17, 3, V19, V20, V21, V22, V23, 4], V5, V29)
weightedsumgeq([1,5], [2,V10], V30)
weightedsumleq([1,5], [2,V10], V30)
watchelement([ 0, V1, V2, V3, V4, V5, 1, V7, V8, V9, V10, V11, 2, V13, V14, V15, V16, V17, 3, V19, V20, V21, V22, V23, 4], V30, V32)
watchelement([ 0, V1, V2, V3, V4, V5, 1, V7, V8, V9, V10, V11, 2, V13, V14, V15, V16, V17, 3, V19, V20, V21, V22, V23, 4], V10, V32)
weightedsumgeq([1,5], [3,V15], V33)
weightedsumleq([1,5], [3,V15], V33)
watchelement([ 0, V1, V2, V3, V4, V5, 1, V7, V8, V9, V10, V11, 2, V13, V14, V15, V16, V17, 3, V19, V20, V21, V22, V23, 4], V33, V35)
watchelement([ 0, V1, V2, V3, V4, V5, 1, V7, V8, V9, V10, V11, 2, V13, V14, V15, V16, V17, 3, V19, V20, V21, V22, V23, 4], V15, V35)
weightedsumgeq([1,5], [4,V20], V36)
weightedsumleq([1,5], [4,V20], V36)
watchelement([ 0, V1, V2, V3, V4, V5, 1, V7, V8, V9, V10, V11, 2, V13, V14, V15, V16, V17, 3, V19, V20, V21, V22, V23, 4], V36, V38)
watchelement([ 0, V1, V2, V3, V4, V5, 1, V7, V8, V9, V10, V11, 2, V13, V14, V15, V16, V17, 3, V19, V20, V21, V22, V23, 4], V20, V38)
product(5,V1, V39)
watchelement([ 0, V1, V2, V3, V4, V5, 1, V7, V8, V9, V10, V11, 2, V13, V14, V15, V16, V17, 3, V19, V20, V21, V22, V23, 4], V39, V42)
sumleq([5,V1], V41)
sumgeq([5,V1], V41)
watchelement([ 0, V1, V2, V3, V4, V5, 1, V7, V8, V9, V10, V11, 2, V13, V14, V15, V16, V17, 3, V19, V20, V21, V22, V23, 4], V41, V42)
eq(6, V44)
watchelement([ 0, V1, V2, V3, V4, V5, 1, V7, V8, V9, V10, V11, 2, V13, V14, V15, V16, V17, 3, V19, V20, V21, V22, V23, 4], V44, V47)
watchelement([ 0, V1, V2, V3, V4, V5, 1, V7, V8, V9, V10, V11, 2, V13, V14, V15, V16, V17, 3, V19, V20, V21, V22, V23, 4], V46, V47)
weightedsumgeq([1,5], [2,V11], V48)
weightedsumleq([1,5], [2,V11], V48)
watchelement([ 0, V1, V2, V3, V4, V5, 1, V7, V8, V9, V10, V11, 2, V13, V14, V15, V16, V17, 3, V19, V20, V21, V22, V23, 4], V48, V51)
sumleq([5,V11], V50)
sumgeq([5,V11], V50)
watchelement([ 0, V1, V2, V3, V4, V5, 1, V7, V8, V9, V10, V11, 2, V13, V14, V15, V16, V17, 3, V19, V20, V21, V22, V23, 4], V50, V51)
weightedsumgeq([1,5], [3,V16], V52)
weightedsumleq([1,5], [3,V16], V52)
watchelement([ 0, V1, V2, V3, V4, V5, 1, V7, V8, V9, V10, V11, 2, V13, V14, V15, V16, V17, 3, V19, V20, V21, V22, V23, 4], V52, V55)
sumleq([5,V16], V54)
sumgeq([5,V16], V54)
watchelement([ 0, V1, V2, V3, V4, V5, 1, V7, V8, V9, V10, V11, 2, V13, V14, V15, V16, V17, 3, V19, V20, V21, V22, V23, 4], V54, V55)
weightedsumgeq([1,5], [4,V21], V56)
weightedsumleq([1,5], [4,V21], V56)
watchelement([ 0, V1, V2, V3, V4, V5, 1, V7, V8, V9, V10, V11, 2, V13, V14, V15, V16, V17, 3, V19, V20, V21, V22, V23, 4], V56, V59)
sumleq([5,V21], V58)
sumgeq([5,V21], V58)
watchelement([ 0, V1, V2, V3, V4, V5, 1, V7, V8, V9, V10, V11, 2, V13, V14, V15, V16, V17, 3, V19, V20, V21, V22, V23, 4], V58, V59)
product(5,V2, V60)
watchelement([ 0, V1, V2, V3, V4, V5, 1, V7, V8, V9, V10, V11, 2, V13, V14, V15, V16, V17, 3, V19, V20, V21, V22, V23, 4], V60, V63)
sumleq([10,V2], V62)
sumgeq([10,V2], V62)
watchelement([ 0, V1, V2, V3, V4, V5, 1, V7, V8, V9, V10, V11, 2, V13, V14, V15, V16, V17, 3, V19, V20, V21, V22, V23, 4], V62, V63)
weightedsumgeq([1,5], [1,V7], V64)
weightedsumleq([1,5], [1,V7], V64)
watchelement([ 0, V1, V2, V3, V4, V5, 1, V7, V8, V9, V10, V11, 2, V13, V14, V15, V16, V17, 3, V19, V20, V21, V22, V23, 4], V64, V67)
sumleq([10,V7], V66)
sumgeq([10,V7], V66)
watchelement([ 0, V1, V2, V3, V4, V5, 1, V7, V8, V9, V10, V11, 2, V13, V14, V15, V16, V17, 3, V19, V20, V21, V22, V23, 4], V66, V67)
eq(12, V69)
watchelement([ 0, V1, V2, V3, V4, V5, 1, V7, V8, V9, V10, V11, 2, V13, V14, V15, V16, V17, 3, V19, V20, V21, V22, V23, 4], V69, V72)
watchelement([ 0, V1, V2, V3, V4, V5, 1, V7, V8, V9, V10, V11, 2, V13, V14, V15, V16, V17, 3, V19, V20, V21, V22, V23, 4], V71, V72)
weightedsumgeq([1,5], [3,V17], V73)
weightedsumleq([1,5], [3,V17], V73)
watchelement([ 0, V1, V2, V3, V4, V5, 1, V7, V8, V9, V10, V11, 2, V13, V14, V15, V16, V17, 3, V19, V20, V21, V22, V23, 4], V73, V76)
sumleq([10,V17], V75)
sumgeq([10,V17], V75)
watchelement([ 0, V1, V2, V3, V4, V5, 1, V7, V8, V9, V10, V11, 2, V13, V14, V15, V16, V17, 3, V19, V20, V21, V22, V23, 4], V75, V76)
weightedsumgeq([1,5], [4,V22], V77)
weightedsumleq([1,5], [4,V22], V77)
watchelement([ 0, V1, V2, V3, V4, V5, 1, V7, V8, V9, V10, V11, 2, V13, V14, V15, V16, V17, 3, V19, V20, V21, V22, V23, 4], V77, V80)
sumleq([10,V22], V79)
sumgeq([10,V22], V79)
watchelement([ 0, V1, V2, V3, V4, V5, 1, V7, V8, V9, V10, V11, 2, V13, V14, V15, V16, V17, 3, V19, V20, V21, V22, V23, 4], V79, V80)
product(5,V3, V81)
watchelement([ 0, V1, V2, V3, V4, V5, 1, V7, V8, V9, V10, V11, 2, V13, V14, V15, V16, V17, 3, V19, V20, V21, V22, V23, 4], V81, V84)
sumleq([15,V3], V83)
sumgeq([15,V3], V83)
watchelement([ 0, V1, V2, V3, V4, V5, 1, V7, V8, V9, V10, V11, 2, V13, V14, V15, V16, V17, 3, V19, V20, V21, V22, V23, 4], V83, V84)
weightedsumgeq([1,5], [1,V8], V85)
weightedsumleq([1,5], [1,V8], V85)
watchelement([ 0, V1, V2, V3, V4, V5, 1, V7, V8, V9, V10, V11, 2, V13, V14, V15, V16, V17, 3, V19, V20, V21, V22, V23, 4], V85, V88)
sumleq([15,V8], V87)
sumgeq([15,V8], V87)
watchelement([ 0, V1, V2, V3, V4, V5, 1, V7, V8, V9, V10, V11, 2, V13, V14, V15, V16, V17, 3, V19, V20, V21, V22, V23, 4], V87, V88)
weightedsumgeq([1,5], [2,V13], V89)
weightedsumleq([1,5], [2,V13], V89)
watchelement([ 0, V1, V2, V3, V4, V5, 1, V7, V8, V9, V10, V11, 2, V13, V14, V15, V16, V17, 3, V19, V20, V21, V22, V23, 4], V89, V92)
sumleq([15,V13], V91)
sumgeq([15,V13], V91)
watchelement([ 0, V1, V2, V3, V4, V5, 1, V7, V8, V9, V10, V11, 2, V13, V14, V15, V16, V17, 3, V19, V20, V21, V22, V23, 4], V91, V92)
eq(18, V94)
watchelement([ 0, V1, V2, V3, V4, V5, 1, V7, V8, V9, V10, V11, 2, V13, V14, V15, V16, V17, 3, V19, V20, V21, V22, V23, 4], V94, V97)
watchelement([ 0, V1, V2, V3, V4, V5, 1, V7, V8, V9, V10, V11, 2, V13, V14, V15, V16, V17, 3, V19, V20, V21, V22, V23, 4], V96, V97)
weightedsumgeq([1,5], [4,V23], V98)
weightedsumleq([1,5], [4,V23], V98)
watchelement([ 0, V1, V2, V3, V4, V5, 1, V7, V8, V9, V10, V11, 2, V13, V14, V15, V16, V17, 3, V19, V20, V21, V22, V23, 4], V98, V101)
sumleq([15,V23], V100)
sumgeq([15,V23], V100)
watchelement([ 0, V1, V2, V3, V4, V5, 1, V7, V8, V9, V10, V11, 2, V13, V14, V15, V16, V17, 3, V19, V20, V21, V22, V23, 4], V100, V101)
product(5,V4, V102)
watchelement([ 0, V1, V2, V3, V4, V5, 1, V7, V8, V9, V10, V11, 2, V13, V14, V15, V16, V17, 3, V19, V20, V21, V22, V23, 4], V102, V105)
sumleq([20,V4], V104)
sumgeq([20,V4], V104)
watchelement([ 0, V1, V2, V3, V4, V5, 1, V7, V8, V9, V10, V11, 2, V13, V14, V15, V16, V17, 3, V19, V20, V21, V22, V23, 4], V104, V105)
weightedsumgeq([1,5], [1,V9], V106)
weightedsumleq([1,5], [1,V9], V106)
watchelement([ 0, V1, V2, V3, V4, V5, 1, V7, V8, V9, V10, V11, 2, V13, V14, V15, V16, V17, 3, V19, V20, V21, V22, V23, 4], V106, V109)
sumleq([20,V9], V108)
sumgeq([20,V9], V108)
watchelement([ 0, V1, V2, V3, V4, V5, 1, V7, V8, V9, V10, V11, 2, V13, V14, V15, V16, V17, 3, V19, V20, V21, V22, V23, 4], V108, V109)
weightedsumgeq([1,5], [2,V14], V110)
weightedsumleq([1,5], [2,V14], V110)
watchelement([ 0, V1, V2, V3, V4, V5, 1, V7, V8, V9, V10, V11, 2, V13, V14, V15, V16, V17, 3, V19, V20, V21, V22, V23, 4], V110, V113)
sumleq([20,V14], V112)
sumgeq([20,V14], V112)
watchelement([ 0, V1, V2, V3, V4, V5, 1, V7, V8, V9, V10, V11, 2, V13, V14, V15, V16, V17, 3, V19, V20, V21, V22, V23, 4], V112, V113)
weightedsumgeq([1,5], [3,V19], V114)
weightedsumleq([1,5], [3,V19], V114)
watchelement([ 0, V1, V2, V3, V4, V5, 1, V7, V8, V9, V10, V11, 2, V13, V14, V15, V16, V17, 3, V19, V20, V21, V22, V23, 4], V114, V117)
sumleq([20,V19], V116)
sumgeq([20,V19], V116)
watchelement([ 0, V1, V2, V3, V4, V5, 1, V7, V8, V9, V10, V11, 2, V13, V14, V15, V16, V17, 3, V19, V20, V21, V22, V23, 4], V116, V117)
eq(24, V119)
watchelement([ 0, V1, V2, V3, V4, V5, 1, V7, V8, V9, V10, V11, 2, V13, V14, V15, V16, V17, 3, V19, V20, V21, V22, V23, 4], V119, V122)
watchelement([ 0, V1, V2, V3, V4, V5, 1, V7, V8, V9, V10, V11, 2, V13, V14, V15, V16, V17, 3, V19, V20, V21, V22, V23, 4], V121, V122)
diseq(V2, 2)
diseq(V3, 3)
diseq(V7, 1)
diseq(V7, 2)
diseq(V8, 1)
diseq(V8, 3)
diseq(V9, 1)
diseq(V10, 2)
diseq(V11, 1)
diseq(V11, 2)
diseq(V13, 2)
diseq(V13, 3)
diseq(V14, 2)
diseq(V15, 3)
diseq(V16, 1)
diseq(V16, 3)
diseq(V17, 2)
diseq(V17, 3)
diseq(V21, 1)
diseq(V22, 2)

**EOF**
