MINION 3

#This file has been automatically generated by TAILOR v0.2
#bug-reports: andrea@cs.st-and.ac.uk

# amount of common subexpressions used:212
# amount of inferred common subexpressions used:0
# amount of original variables saved (over direct equality):0
# amount of constraints:739
# amount of auxiliary variables: 355

**VARIABLES**
DISCRETE V0 {0..12}
DISCRETE V1 {0..24}
DISCRETE V2 {0..24}
DISCRETE V3 {0..24}
DISCRETE V4 {0..24}
DISCRETE V5 {0..24}
DISCRETE V6 {0..24}
DISCRETE V7 {0..24}
DISCRETE V8 {0..24}
DISCRETE V9 {0..24}
DISCRETE V10 {0..24}
DISCRETE V11 {0..24}
DISCRETE V12 {0..24}
DISCRETE V13 {0..24}
DISCRETE V14 {0..24}
DISCRETE V15 {0..24}
DISCRETE V16 {0..24}
DISCRETE V17 {0..24}
DISCRETE V18 {0..24}
DISCRETE V19 {0..24}
DISCRETE V20 {0..24}
DISCRETE V21 {0..24}
DISCRETE V22 {0..24}
DISCRETE V23 {0..24}
DISCRETE V24 {0..24}
DISCRETE V25 {0..24}

# auxiliary variables
DISCRETE aux0 {0..4}
DISCRETE aux1 {0..4}
DISCRETE aux2 {-4..4}
DISCRETE aux3 {0..4}
BOOL aux4 
DISCRETE aux5 {0..4}
DISCRETE aux6 {0..4}
DISCRETE aux7 {-4..4}
DISCRETE aux8 {0..4}
BOOL aux9 
BOOL aux10 
BOOL aux11 
BOOL aux12 
BOOL aux13 
DISCRETE aux14 {0..4}
DISCRETE aux15 {-4..4}
DISCRETE aux16 {0..4}
BOOL aux17 
DISCRETE aux18 {0..4}
DISCRETE aux19 {-4..4}
DISCRETE aux20 {0..4}
BOOL aux21 
BOOL aux22 
BOOL aux23 
BOOL aux24 
BOOL aux25 
DISCRETE aux26 {0..4}
DISCRETE aux27 {-4..4}
DISCRETE aux28 {0..4}
BOOL aux29 
DISCRETE aux30 {0..4}
DISCRETE aux31 {-4..4}
DISCRETE aux32 {0..4}
BOOL aux33 
BOOL aux34 
BOOL aux35 
BOOL aux36 
BOOL aux37 
DISCRETE aux38 {0..4}
DISCRETE aux39 {-4..4}
DISCRETE aux40 {0..4}
BOOL aux41 
DISCRETE aux42 {0..4}
DISCRETE aux43 {-4..4}
DISCRETE aux44 {0..4}
BOOL aux45 
BOOL aux46 
BOOL aux47 
BOOL aux48 
BOOL aux49 
DISCRETE aux50 {0..4}
DISCRETE aux51 {-4..4}
DISCRETE aux52 {0..4}
BOOL aux53 
DISCRETE aux54 {0..4}
DISCRETE aux55 {-4..4}
DISCRETE aux56 {0..4}
BOOL aux57 
BOOL aux58 
BOOL aux59 
BOOL aux60 
BOOL aux61 
DISCRETE aux62 {0..4}
DISCRETE aux63 {-4..4}
DISCRETE aux64 {0..4}
BOOL aux65 
DISCRETE aux66 {0..4}
DISCRETE aux67 {-4..4}
DISCRETE aux68 {0..4}
BOOL aux69 
BOOL aux70 
BOOL aux71 
BOOL aux72 
BOOL aux73 
DISCRETE aux74 {0..4}
DISCRETE aux75 {-4..4}
DISCRETE aux76 {0..4}
BOOL aux77 
DISCRETE aux78 {0..4}
DISCRETE aux79 {-4..4}
DISCRETE aux80 {0..4}
BOOL aux81 
BOOL aux82 
BOOL aux83 
BOOL aux84 
BOOL aux85 
DISCRETE aux86 {0..4}
DISCRETE aux87 {-4..4}
DISCRETE aux88 {0..4}
BOOL aux89 
DISCRETE aux90 {0..4}
DISCRETE aux91 {-4..4}
DISCRETE aux92 {0..4}
BOOL aux93 
BOOL aux94 
BOOL aux95 
BOOL aux96 
BOOL aux97 
DISCRETE aux98 {0..4}
DISCRETE aux99 {-4..4}
DISCRETE aux100 {0..4}
BOOL aux101 
DISCRETE aux102 {0..4}
DISCRETE aux103 {-4..4}
DISCRETE aux104 {0..4}
BOOL aux105 
BOOL aux106 
BOOL aux107 
BOOL aux108 
BOOL aux109 
DISCRETE aux110 {0..4}
DISCRETE aux111 {-4..4}
DISCRETE aux112 {0..4}
BOOL aux113 
DISCRETE aux114 {0..4}
DISCRETE aux115 {-4..4}
DISCRETE aux116 {0..4}
BOOL aux117 
BOOL aux118 
BOOL aux119 
BOOL aux120 
BOOL aux121 
DISCRETE aux122 {0..4}
DISCRETE aux123 {-4..4}
DISCRETE aux124 {0..4}
BOOL aux125 
DISCRETE aux126 {0..4}
DISCRETE aux127 {-4..4}
DISCRETE aux128 {0..4}
BOOL aux129 
BOOL aux130 
BOOL aux131 
BOOL aux132 
BOOL aux133 
DISCRETE aux134 {0..4}
DISCRETE aux135 {-4..4}
DISCRETE aux136 {0..4}
BOOL aux137 
DISCRETE aux138 {0..4}
DISCRETE aux139 {-4..4}
DISCRETE aux140 {0..4}
BOOL aux141 
BOOL aux142 
BOOL aux143 
BOOL aux144 
BOOL aux145 
DISCRETE aux146 {0..4}
DISCRETE aux147 {-4..4}
DISCRETE aux148 {0..4}
BOOL aux149 
DISCRETE aux150 {0..4}
DISCRETE aux151 {-4..4}
DISCRETE aux152 {0..4}
BOOL aux153 
BOOL aux154 
BOOL aux155 
BOOL aux156 
BOOL aux157 
DISCRETE aux158 {0..4}
DISCRETE aux159 {-4..4}
DISCRETE aux160 {0..4}
BOOL aux161 
DISCRETE aux162 {0..4}
DISCRETE aux163 {-4..4}
DISCRETE aux164 {0..4}
BOOL aux165 
BOOL aux166 
BOOL aux167 
BOOL aux168 
BOOL aux169 
DISCRETE aux170 {0..4}
DISCRETE aux171 {-4..4}
DISCRETE aux172 {0..4}
BOOL aux173 
DISCRETE aux174 {0..4}
DISCRETE aux175 {-4..4}
DISCRETE aux176 {0..4}
BOOL aux177 
BOOL aux178 
BOOL aux179 
BOOL aux180 
BOOL aux181 
DISCRETE aux182 {0..4}
DISCRETE aux183 {-4..4}
DISCRETE aux184 {0..4}
BOOL aux185 
DISCRETE aux186 {0..4}
DISCRETE aux187 {-4..4}
DISCRETE aux188 {0..4}
BOOL aux189 
BOOL aux190 
BOOL aux191 
BOOL aux192 
BOOL aux193 
DISCRETE aux194 {0..4}
DISCRETE aux195 {-4..4}
DISCRETE aux196 {0..4}
BOOL aux197 
DISCRETE aux198 {0..4}
DISCRETE aux199 {-4..4}
DISCRETE aux200 {0..4}
BOOL aux201 
BOOL aux202 
BOOL aux203 
BOOL aux204 
BOOL aux205 
DISCRETE aux206 {0..4}
DISCRETE aux207 {-4..4}
DISCRETE aux208 {0..4}
BOOL aux209 
DISCRETE aux210 {0..4}
DISCRETE aux211 {-4..4}
DISCRETE aux212 {0..4}
BOOL aux213 
BOOL aux214 
BOOL aux215 
BOOL aux216 
BOOL aux217 
DISCRETE aux218 {0..4}
DISCRETE aux219 {-4..4}
DISCRETE aux220 {0..4}
BOOL aux221 
DISCRETE aux222 {0..4}
DISCRETE aux223 {-4..4}
DISCRETE aux224 {0..4}
BOOL aux225 
BOOL aux226 
BOOL aux227 
BOOL aux228 
BOOL aux229 
DISCRETE aux230 {0..4}
DISCRETE aux231 {-4..4}
DISCRETE aux232 {0..4}
BOOL aux233 
DISCRETE aux234 {0..4}
DISCRETE aux235 {-4..4}
DISCRETE aux236 {0..4}
BOOL aux237 
BOOL aux238 
BOOL aux239 
BOOL aux240 
BOOL aux241 
DISCRETE aux242 {0..4}
DISCRETE aux243 {-4..4}
DISCRETE aux244 {0..4}
BOOL aux245 
DISCRETE aux246 {0..4}
DISCRETE aux247 {-4..4}
DISCRETE aux248 {0..4}
BOOL aux249 
BOOL aux250 
BOOL aux251 
BOOL aux252 
BOOL aux253 
DISCRETE aux254 {0..4}
DISCRETE aux255 {-4..4}
DISCRETE aux256 {0..4}
BOOL aux257 
DISCRETE aux258 {0..4}
DISCRETE aux259 {-4..4}
DISCRETE aux260 {0..4}
BOOL aux261 
BOOL aux262 
BOOL aux263 
BOOL aux264 
BOOL aux265 
DISCRETE aux266 {0..4}
DISCRETE aux267 {-4..4}
DISCRETE aux268 {0..4}
BOOL aux269 
DISCRETE aux270 {0..4}
DISCRETE aux271 {-4..4}
DISCRETE aux272 {0..4}
BOOL aux273 
BOOL aux274 
BOOL aux275 
BOOL aux276 
BOOL aux277 
DISCRETE aux278 {0..4}
DISCRETE aux279 {-4..4}
DISCRETE aux280 {0..4}
BOOL aux281 
DISCRETE aux282 {0..4}
DISCRETE aux283 {-4..4}
DISCRETE aux284 {0..4}
BOOL aux285 
BOOL aux286 
BOOL aux287 
BOOL aux288 
BOOL aux289 
DISCRETE aux290 {0..4}
BOOL aux291 
DISCRETE aux292 {0..2}
BOOL aux293 
DISCRETE aux294 {-4..2}
DISCRETE aux295 {0..4}
DISCRETE aux296 {-4..4}
DISCRETE aux297 {0..4}
BOOL aux298 
BOOL aux299 
BOOL aux300 
DISCRETE aux301 {-4..2}
DISCRETE aux302 {0..4}
DISCRETE aux303 {-4..4}
DISCRETE aux304 {0..4}
BOOL aux305 
BOOL aux306 
BOOL aux307 
DISCRETE aux308 {-4..2}
DISCRETE aux309 {0..4}
DISCRETE aux310 {-4..4}
DISCRETE aux311 {0..4}
BOOL aux312 
BOOL aux313 
BOOL aux314 
DISCRETE aux315 {-4..2}
DISCRETE aux316 {0..4}
DISCRETE aux317 {-4..4}
DISCRETE aux318 {0..4}
BOOL aux319 
BOOL aux320 
BOOL aux321 
DISCRETE aux322 {-4..2}
DISCRETE aux323 {0..4}
DISCRETE aux324 {-4..4}
DISCRETE aux325 {0..4}
BOOL aux326 
BOOL aux327 
BOOL aux328 
DISCRETE aux329 {-4..2}
DISCRETE aux330 {0..4}
DISCRETE aux331 {-4..4}
DISCRETE aux332 {0..4}
BOOL aux333 
BOOL aux334 
BOOL aux335 
DISCRETE aux336 {-4..2}
DISCRETE aux337 {0..4}
DISCRETE aux338 {-4..4}
DISCRETE aux339 {0..4}
BOOL aux340 
BOOL aux341 
BOOL aux342 
DISCRETE aux343 {-4..2}
DISCRETE aux344 {0..4}
DISCRETE aux345 {-4..4}
DISCRETE aux346 {0..4}
BOOL aux347 
BOOL aux348 
BOOL aux349 
DISCRETE aux350 {-4..2}
DISCRETE aux351 {0..4}
DISCRETE aux352 {-4..4}
DISCRETE aux353 {0..4}
BOOL aux354 

# aliases

**SEARCH**

PRINT [
[V0],[V1],[V2],[V3],[V4],[V5],[V6],[V7],
[V8],[V9],[V10],[V11],[V12],[V13],[V14],[V15],
[V16],[V17],[V18],[V19],[V20],[V21],[V22],[V23],
[V24],[V25]]

VARORDER [
V0,V1,V2,V3,V4,V5,V6,V7,
V8,V9,V10,V11,V12,V13,V14,V15,
V16,V17,V18,V19,V20,V21,V22,V23,
V24,V25,
aux0,aux1,aux2,aux3,aux4,aux5,aux6,aux7,
aux8,aux9,aux10,aux11,aux12,aux13,aux14,aux15,
aux16,aux17,aux18,aux19,aux20,aux21,aux22,aux23,
aux24,aux25,aux26,aux27,aux28,aux29,aux30,aux31,
aux32,aux33,aux34,aux35,aux36,aux37,aux38,aux39,
aux40,aux41,aux42,aux43,aux44,aux45,aux46,aux47,
aux48,aux49,aux50,aux51,aux52,aux53,aux54,aux55,
aux56,aux57,aux58,aux59,aux60,aux61,aux62,aux63,
aux64,aux65,aux66,aux67,aux68,aux69,aux70,aux71,
aux72,aux73,aux74,aux75,aux76,aux77,aux78,aux79,
aux80,aux81,aux82,aux83,aux84,aux85,aux86,aux87,
aux88,aux89,aux90,aux91,aux92,aux93,aux94,aux95,
aux96,aux97,aux98,aux99,aux100,aux101,aux102,aux103,
aux104,aux105,aux106,aux107,aux108,aux109,aux110,aux111,
aux112,aux113,aux114,aux115,aux116,aux117,aux118,aux119,
aux120,aux121,aux122,aux123,aux124,aux125,aux126,aux127,
aux128,aux129,aux130,aux131,aux132,aux133,aux134,aux135,
aux136,aux137,aux138,aux139,aux140,aux141,aux142,aux143,
aux144,aux145,aux146,aux147,aux148,aux149,aux150,aux151,
aux152,aux153,aux154,aux155,aux156,aux157,aux158,aux159,
aux160,aux161,aux162,aux163,aux164,aux165,aux166,aux167,
aux168,aux169,aux170,aux171,aux172,aux173,aux174,aux175,
aux176,aux177,aux178,aux179,aux180,aux181,aux182,aux183,
aux184,aux185,aux186,aux187,aux188,aux189,aux190,aux191,
aux192,aux193,aux194,aux195,aux196,aux197,aux198,aux199,
aux200,aux201,aux202,aux203,aux204,aux205,aux206,aux207,
aux208,aux209,aux210,aux211,aux212,aux213,aux214,aux215,
aux216,aux217,aux218,aux219,aux220,aux221,aux222,aux223,
aux224,aux225,aux226,aux227,aux228,aux229,aux230,aux231,
aux232,aux233,aux234,aux235,aux236,aux237,aux238,aux239,
aux240,aux241,aux242,aux243,aux244,aux245,aux246,aux247,
aux248,aux249,aux250,aux251,aux252,aux253,aux254,aux255,
aux256,aux257,aux258,aux259,aux260,aux261,aux262,aux263,
aux264,aux265,aux266,aux267,aux268,aux269,aux270,aux271,
aux272,aux273,aux274,aux275,aux276,aux277,aux278,aux279,
aux280,aux281,aux282,aux283,aux284,aux285,aux286,aux287,
aux288,aux289,aux290,aux291,aux292,aux293,aux294,aux295,
aux296,aux297,aux298,aux299,aux300,aux301,aux302,aux303,
aux304,aux305,aux306,aux307,aux308,aux309,aux310,aux311,
aux312,aux313,aux314,aux315,aux316,aux317,aux318,aux319,
aux320,aux321,aux322,aux323,aux324,aux325,aux326,aux327,
aux328,aux329,aux330,aux331,aux332,aux333,aux334,aux335,
aux336,aux337,aux338,aux339,aux340,aux341,aux342,aux343,
aux344,aux345,aux346,aux347,aux348,aux349,aux350,aux351,
aux352,aux353,aux354]


**CONSTRAINTS**

reify(eq(aux290, aux258), aux348)
reify(eq(aux292, aux254), aux349)
weightedsumgeq([1,-1], [aux292,aux254], aux350)
weightedsumleq([1,-1], [aux292,aux254], aux350)
abs(aux351,aux350)
weightedsumgeq([1,-1], [aux290,aux258], aux352)
weightedsumleq([1,-1], [aux290,aux258], aux352)
abs(aux353,aux352)
reify(eq(aux351, aux353), aux354)
watchsumgeq([aux348,aux349,aux354], 1)
diseq(V0, V23)
reify(eq(aux290, aux210), aux341)
reify(eq(aux292, aux206), aux342)
weightedsumgeq([1,-1], [aux292,aux206], aux343)
weightedsumleq([1,-1], [aux292,aux206], aux343)
abs(aux344,aux343)
weightedsumgeq([1,-1], [aux290,aux210], aux345)
weightedsumleq([1,-1], [aux290,aux210], aux345)
abs(aux346,aux345)
reify(eq(aux344, aux346), aux347)
watchsumgeq([aux341,aux342,aux347], 1)
diseq(V0, V19)
reify(eq(aux290, aux186), aux334)
reify(eq(aux292, aux182), aux335)
weightedsumgeq([1,-1], [aux292,aux182], aux336)
weightedsumleq([1,-1], [aux292,aux182], aux336)
abs(aux337,aux336)
weightedsumgeq([1,-1], [aux290,aux186], aux338)
weightedsumleq([1,-1], [aux290,aux186], aux338)
abs(aux339,aux338)
reify(eq(aux337, aux339), aux340)
watchsumgeq([aux334,aux335,aux340], 1)
diseq(V0, V17)
reify(eq(aux290, aux138), aux327)
reify(eq(aux292, aux134), aux328)
weightedsumgeq([1,-1], [aux292,aux134], aux329)
weightedsumleq([1,-1], [aux292,aux134], aux329)
abs(aux330,aux329)
weightedsumgeq([1,-1], [aux290,aux138], aux331)
weightedsumleq([1,-1], [aux290,aux138], aux331)
abs(aux332,aux331)
reify(eq(aux330, aux332), aux333)
watchsumgeq([aux327,aux328,aux333], 1)
diseq(V0, V13)
reify(eq(aux290, aux114), aux320)
reify(eq(aux292, aux110), aux321)
weightedsumgeq([1,-1], [aux292,aux110], aux322)
weightedsumleq([1,-1], [aux292,aux110], aux322)
abs(aux323,aux322)
weightedsumgeq([1,-1], [aux290,aux114], aux324)
weightedsumleq([1,-1], [aux290,aux114], aux324)
abs(aux325,aux324)
reify(eq(aux323, aux325), aux326)
watchsumgeq([aux320,aux321,aux326], 1)
diseq(V0, V11)
reify(eq(aux290, aux66), aux313)
reify(eq(aux292, aux62), aux314)
weightedsumgeq([1,-1], [aux292,aux62], aux315)
weightedsumleq([1,-1], [aux292,aux62], aux315)
abs(aux316,aux315)
weightedsumgeq([1,-1], [aux290,aux66], aux317)
weightedsumleq([1,-1], [aux290,aux66], aux317)
abs(aux318,aux317)
reify(eq(aux316, aux318), aux319)
watchsumgeq([aux313,aux314,aux319], 1)
diseq(V0, V7)
reify(eq(aux290, aux42), aux306)
reify(eq(aux292, aux38), aux307)
weightedsumgeq([1,-1], [aux292,aux38], aux308)
weightedsumleq([1,-1], [aux292,aux38], aux308)
abs(aux309,aux308)
weightedsumgeq([1,-1], [aux290,aux42], aux310)
weightedsumleq([1,-1], [aux290,aux42], aux310)
abs(aux311,aux310)
reify(eq(aux309, aux311), aux312)
watchsumgeq([aux306,aux307,aux312], 1)
diseq(V0, V5)
reify(eq(aux290, aux18), aux299)
reify(eq(aux292, aux14), aux300)
weightedsumgeq([1,-1], [aux292,aux14], aux301)
weightedsumleq([1,-1], [aux292,aux14], aux301)
abs(aux302,aux301)
weightedsumgeq([1,-1], [aux290,aux18], aux303)
weightedsumleq([1,-1], [aux290,aux18], aux303)
abs(aux304,aux303)
reify(eq(aux302, aux304), aux305)
watchsumgeq([aux299,aux300,aux305], 1)
diseq(V0, V3)
modulo(V0, 5, aux290)
reify(eq(aux290, aux6), aux291)
div(V0, 5, aux292)
reify(eq(aux292, aux1), aux293)
weightedsumgeq([1,-1], [aux292,aux1], aux294)
weightedsumleq([1,-1], [aux292,aux1], aux294)
abs(aux295,aux294)
weightedsumgeq([1,-1], [aux290,aux6], aux296)
weightedsumleq([1,-1], [aux290,aux6], aux296)
abs(aux297,aux296)
reify(eq(aux295, aux297), aux298)
watchsumgeq([aux291,aux293,aux298], 1)
diseq(V0, V2)
div(V25, 5, aux278)
weightedsumgeq([1,-1], [aux266,aux278], aux279)
weightedsumleq([1,-1], [aux266,aux278], aux279)
abs(aux280,aux279)
reify(eq(2, aux280), aux281)
modulo(V25, 5, aux282)
weightedsumgeq([1,-1], [aux270,aux282], aux283)
weightedsumleq([1,-1], [aux270,aux282], aux283)
abs(aux284,aux283)
reify(eq(1, aux284), aux285)
reify(sumgeq([aux285,aux281], 2), aux286)
reify(eq(2, aux284), aux287)
reify(eq(1, aux280), aux288)
reify(sumgeq([aux288,aux287], 2), aux289)
watchsumgeq([aux289,aux286], 1)
div(V24, 5, aux266)
weightedsumgeq([1,-1], [aux254,aux266], aux267)
weightedsumleq([1,-1], [aux254,aux266], aux267)
abs(aux268,aux267)
reify(eq(2, aux268), aux269)
modulo(V24, 5, aux270)
weightedsumgeq([1,-1], [aux258,aux270], aux271)
weightedsumleq([1,-1], [aux258,aux270], aux271)
abs(aux272,aux271)
reify(eq(1, aux272), aux273)
reify(sumgeq([aux273,aux269], 2), aux274)
reify(eq(2, aux272), aux275)
reify(eq(1, aux268), aux276)
reify(sumgeq([aux276,aux275], 2), aux277)
watchsumgeq([aux277,aux274], 1)
div(V23, 5, aux254)
weightedsumgeq([1,-1], [aux242,aux254], aux255)
weightedsumleq([1,-1], [aux242,aux254], aux255)
abs(aux256,aux255)
reify(eq(2, aux256), aux257)
modulo(V23, 5, aux258)
weightedsumgeq([1,-1], [aux246,aux258], aux259)
weightedsumleq([1,-1], [aux246,aux258], aux259)
abs(aux260,aux259)
reify(eq(1, aux260), aux261)
reify(sumgeq([aux261,aux257], 2), aux262)
reify(eq(2, aux260), aux263)
reify(eq(1, aux256), aux264)
reify(sumgeq([aux264,aux263], 2), aux265)
watchsumgeq([aux265,aux262], 1)
div(V22, 5, aux242)
weightedsumgeq([1,-1], [aux230,aux242], aux243)
weightedsumleq([1,-1], [aux230,aux242], aux243)
abs(aux244,aux243)
reify(eq(2, aux244), aux245)
modulo(V22, 5, aux246)
weightedsumgeq([1,-1], [aux234,aux246], aux247)
weightedsumleq([1,-1], [aux234,aux246], aux247)
abs(aux248,aux247)
reify(eq(1, aux248), aux249)
reify(sumgeq([aux249,aux245], 2), aux250)
reify(eq(2, aux248), aux251)
reify(eq(1, aux244), aux252)
reify(sumgeq([aux252,aux251], 2), aux253)
watchsumgeq([aux253,aux250], 1)
div(V21, 5, aux230)
weightedsumgeq([1,-1], [aux218,aux230], aux231)
weightedsumleq([1,-1], [aux218,aux230], aux231)
abs(aux232,aux231)
reify(eq(2, aux232), aux233)
modulo(V21, 5, aux234)
weightedsumgeq([1,-1], [aux222,aux234], aux235)
weightedsumleq([1,-1], [aux222,aux234], aux235)
abs(aux236,aux235)
reify(eq(1, aux236), aux237)
reify(sumgeq([aux237,aux233], 2), aux238)
reify(eq(2, aux236), aux239)
reify(eq(1, aux232), aux240)
reify(sumgeq([aux240,aux239], 2), aux241)
watchsumgeq([aux241,aux238], 1)
div(V20, 5, aux218)
weightedsumgeq([1,-1], [aux206,aux218], aux219)
weightedsumleq([1,-1], [aux206,aux218], aux219)
abs(aux220,aux219)
reify(eq(2, aux220), aux221)
modulo(V20, 5, aux222)
weightedsumgeq([1,-1], [aux210,aux222], aux223)
weightedsumleq([1,-1], [aux210,aux222], aux223)
abs(aux224,aux223)
reify(eq(1, aux224), aux225)
reify(sumgeq([aux225,aux221], 2), aux226)
reify(eq(2, aux224), aux227)
reify(eq(1, aux220), aux228)
reify(sumgeq([aux228,aux227], 2), aux229)
watchsumgeq([aux229,aux226], 1)
div(V19, 5, aux206)
weightedsumgeq([1,-1], [aux194,aux206], aux207)
weightedsumleq([1,-1], [aux194,aux206], aux207)
abs(aux208,aux207)
reify(eq(2, aux208), aux209)
modulo(V19, 5, aux210)
weightedsumgeq([1,-1], [aux198,aux210], aux211)
weightedsumleq([1,-1], [aux198,aux210], aux211)
abs(aux212,aux211)
reify(eq(1, aux212), aux213)
reify(sumgeq([aux213,aux209], 2), aux214)
reify(eq(2, aux212), aux215)
reify(eq(1, aux208), aux216)
reify(sumgeq([aux216,aux215], 2), aux217)
watchsumgeq([aux217,aux214], 1)
div(V18, 5, aux194)
weightedsumgeq([1,-1], [aux182,aux194], aux195)
weightedsumleq([1,-1], [aux182,aux194], aux195)
abs(aux196,aux195)
reify(eq(2, aux196), aux197)
modulo(V18, 5, aux198)
weightedsumgeq([1,-1], [aux186,aux198], aux199)
weightedsumleq([1,-1], [aux186,aux198], aux199)
abs(aux200,aux199)
reify(eq(1, aux200), aux201)
reify(sumgeq([aux201,aux197], 2), aux202)
reify(eq(2, aux200), aux203)
reify(eq(1, aux196), aux204)
reify(sumgeq([aux204,aux203], 2), aux205)
watchsumgeq([aux205,aux202], 1)
div(V17, 5, aux182)
weightedsumgeq([1,-1], [aux170,aux182], aux183)
weightedsumleq([1,-1], [aux170,aux182], aux183)
abs(aux184,aux183)
reify(eq(2, aux184), aux185)
modulo(V17, 5, aux186)
weightedsumgeq([1,-1], [aux174,aux186], aux187)
weightedsumleq([1,-1], [aux174,aux186], aux187)
abs(aux188,aux187)
reify(eq(1, aux188), aux189)
reify(sumgeq([aux189,aux185], 2), aux190)
reify(eq(2, aux188), aux191)
reify(eq(1, aux184), aux192)
reify(sumgeq([aux192,aux191], 2), aux193)
watchsumgeq([aux193,aux190], 1)
div(V16, 5, aux170)
weightedsumgeq([1,-1], [aux158,aux170], aux171)
weightedsumleq([1,-1], [aux158,aux170], aux171)
abs(aux172,aux171)
reify(eq(2, aux172), aux173)
modulo(V16, 5, aux174)
weightedsumgeq([1,-1], [aux162,aux174], aux175)
weightedsumleq([1,-1], [aux162,aux174], aux175)
abs(aux176,aux175)
reify(eq(1, aux176), aux177)
reify(sumgeq([aux177,aux173], 2), aux178)
reify(eq(2, aux176), aux179)
reify(eq(1, aux172), aux180)
reify(sumgeq([aux180,aux179], 2), aux181)
watchsumgeq([aux181,aux178], 1)
div(V15, 5, aux158)
weightedsumgeq([1,-1], [aux146,aux158], aux159)
weightedsumleq([1,-1], [aux146,aux158], aux159)
abs(aux160,aux159)
reify(eq(2, aux160), aux161)
modulo(V15, 5, aux162)
weightedsumgeq([1,-1], [aux150,aux162], aux163)
weightedsumleq([1,-1], [aux150,aux162], aux163)
abs(aux164,aux163)
reify(eq(1, aux164), aux165)
reify(sumgeq([aux165,aux161], 2), aux166)
reify(eq(2, aux164), aux167)
reify(eq(1, aux160), aux168)
reify(sumgeq([aux168,aux167], 2), aux169)
watchsumgeq([aux169,aux166], 1)
div(V14, 5, aux146)
weightedsumgeq([1,-1], [aux134,aux146], aux147)
weightedsumleq([1,-1], [aux134,aux146], aux147)
abs(aux148,aux147)
reify(eq(2, aux148), aux149)
modulo(V14, 5, aux150)
weightedsumgeq([1,-1], [aux138,aux150], aux151)
weightedsumleq([1,-1], [aux138,aux150], aux151)
abs(aux152,aux151)
reify(eq(1, aux152), aux153)
reify(sumgeq([aux153,aux149], 2), aux154)
reify(eq(2, aux152), aux155)
reify(eq(1, aux148), aux156)
reify(sumgeq([aux156,aux155], 2), aux157)
watchsumgeq([aux157,aux154], 1)
div(V13, 5, aux134)
weightedsumgeq([1,-1], [aux122,aux134], aux135)
weightedsumleq([1,-1], [aux122,aux134], aux135)
abs(aux136,aux135)
reify(eq(2, aux136), aux137)
modulo(V13, 5, aux138)
weightedsumgeq([1,-1], [aux126,aux138], aux139)
weightedsumleq([1,-1], [aux126,aux138], aux139)
abs(aux140,aux139)
reify(eq(1, aux140), aux141)
reify(sumgeq([aux141,aux137], 2), aux142)
reify(eq(2, aux140), aux143)
reify(eq(1, aux136), aux144)
reify(sumgeq([aux144,aux143], 2), aux145)
watchsumgeq([aux145,aux142], 1)
div(V12, 5, aux122)
weightedsumgeq([1,-1], [aux110,aux122], aux123)
weightedsumleq([1,-1], [aux110,aux122], aux123)
abs(aux124,aux123)
reify(eq(2, aux124), aux125)
modulo(V12, 5, aux126)
weightedsumgeq([1,-1], [aux114,aux126], aux127)
weightedsumleq([1,-1], [aux114,aux126], aux127)
abs(aux128,aux127)
reify(eq(1, aux128), aux129)
reify(sumgeq([aux129,aux125], 2), aux130)
reify(eq(2, aux128), aux131)
reify(eq(1, aux124), aux132)
reify(sumgeq([aux132,aux131], 2), aux133)
watchsumgeq([aux133,aux130], 1)
div(V11, 5, aux110)
weightedsumgeq([1,-1], [aux98,aux110], aux111)
weightedsumleq([1,-1], [aux98,aux110], aux111)
abs(aux112,aux111)
reify(eq(2, aux112), aux113)
modulo(V11, 5, aux114)
weightedsumgeq([1,-1], [aux102,aux114], aux115)
weightedsumleq([1,-1], [aux102,aux114], aux115)
abs(aux116,aux115)
reify(eq(1, aux116), aux117)
reify(sumgeq([aux117,aux113], 2), aux118)
reify(eq(2, aux116), aux119)
reify(eq(1, aux112), aux120)
reify(sumgeq([aux120,aux119], 2), aux121)
watchsumgeq([aux121,aux118], 1)
div(V10, 5, aux98)
weightedsumgeq([1,-1], [aux86,aux98], aux99)
weightedsumleq([1,-1], [aux86,aux98], aux99)
abs(aux100,aux99)
reify(eq(2, aux100), aux101)
modulo(V10, 5, aux102)
weightedsumgeq([1,-1], [aux90,aux102], aux103)
weightedsumleq([1,-1], [aux90,aux102], aux103)
abs(aux104,aux103)
reify(eq(1, aux104), aux105)
reify(sumgeq([aux105,aux101], 2), aux106)
reify(eq(2, aux104), aux107)
reify(eq(1, aux100), aux108)
reify(sumgeq([aux108,aux107], 2), aux109)
watchsumgeq([aux109,aux106], 1)
div(V9, 5, aux86)
weightedsumgeq([1,-1], [aux74,aux86], aux87)
weightedsumleq([1,-1], [aux74,aux86], aux87)
abs(aux88,aux87)
reify(eq(2, aux88), aux89)
modulo(V9, 5, aux90)
weightedsumgeq([1,-1], [aux78,aux90], aux91)
weightedsumleq([1,-1], [aux78,aux90], aux91)
abs(aux92,aux91)
reify(eq(1, aux92), aux93)
reify(sumgeq([aux93,aux89], 2), aux94)
reify(eq(2, aux92), aux95)
reify(eq(1, aux88), aux96)
reify(sumgeq([aux96,aux95], 2), aux97)
watchsumgeq([aux97,aux94], 1)
div(V8, 5, aux74)
weightedsumgeq([1,-1], [aux62,aux74], aux75)
weightedsumleq([1,-1], [aux62,aux74], aux75)
abs(aux76,aux75)
reify(eq(2, aux76), aux77)
modulo(V8, 5, aux78)
weightedsumgeq([1,-1], [aux66,aux78], aux79)
weightedsumleq([1,-1], [aux66,aux78], aux79)
abs(aux80,aux79)
reify(eq(1, aux80), aux81)
reify(sumgeq([aux81,aux77], 2), aux82)
reify(eq(2, aux80), aux83)
reify(eq(1, aux76), aux84)
reify(sumgeq([aux84,aux83], 2), aux85)
watchsumgeq([aux85,aux82], 1)
div(V7, 5, aux62)
weightedsumgeq([1,-1], [aux50,aux62], aux63)
weightedsumleq([1,-1], [aux50,aux62], aux63)
abs(aux64,aux63)
reify(eq(2, aux64), aux65)
modulo(V7, 5, aux66)
weightedsumgeq([1,-1], [aux54,aux66], aux67)
weightedsumleq([1,-1], [aux54,aux66], aux67)
abs(aux68,aux67)
reify(eq(1, aux68), aux69)
reify(sumgeq([aux69,aux65], 2), aux70)
reify(eq(2, aux68), aux71)
reify(eq(1, aux64), aux72)
reify(sumgeq([aux72,aux71], 2), aux73)
watchsumgeq([aux73,aux70], 1)
div(V6, 5, aux50)
weightedsumgeq([1,-1], [aux38,aux50], aux51)
weightedsumleq([1,-1], [aux38,aux50], aux51)
abs(aux52,aux51)
reify(eq(2, aux52), aux53)
modulo(V6, 5, aux54)
weightedsumgeq([1,-1], [aux42,aux54], aux55)
weightedsumleq([1,-1], [aux42,aux54], aux55)
abs(aux56,aux55)
reify(eq(1, aux56), aux57)
reify(sumgeq([aux57,aux53], 2), aux58)
reify(eq(2, aux56), aux59)
reify(eq(1, aux52), aux60)
reify(sumgeq([aux60,aux59], 2), aux61)
watchsumgeq([aux61,aux58], 1)
div(V5, 5, aux38)
weightedsumgeq([1,-1], [aux26,aux38], aux39)
weightedsumleq([1,-1], [aux26,aux38], aux39)
abs(aux40,aux39)
reify(eq(2, aux40), aux41)
modulo(V5, 5, aux42)
weightedsumgeq([1,-1], [aux30,aux42], aux43)
weightedsumleq([1,-1], [aux30,aux42], aux43)
abs(aux44,aux43)
reify(eq(1, aux44), aux45)
reify(sumgeq([aux45,aux41], 2), aux46)
reify(eq(2, aux44), aux47)
reify(eq(1, aux40), aux48)
reify(sumgeq([aux48,aux47], 2), aux49)
watchsumgeq([aux49,aux46], 1)
div(V4, 5, aux26)
weightedsumgeq([1,-1], [aux14,aux26], aux27)
weightedsumleq([1,-1], [aux14,aux26], aux27)
abs(aux28,aux27)
reify(eq(2, aux28), aux29)
modulo(V4, 5, aux30)
weightedsumgeq([1,-1], [aux18,aux30], aux31)
weightedsumleq([1,-1], [aux18,aux30], aux31)
abs(aux32,aux31)
reify(eq(1, aux32), aux33)
reify(sumgeq([aux33,aux29], 2), aux34)
reify(eq(2, aux32), aux35)
reify(eq(1, aux28), aux36)
reify(sumgeq([aux36,aux35], 2), aux37)
watchsumgeq([aux37,aux34], 1)
div(V3, 5, aux14)
weightedsumgeq([1,-1], [aux1,aux14], aux15)
weightedsumleq([1,-1], [aux1,aux14], aux15)
abs(aux16,aux15)
reify(eq(2, aux16), aux17)
modulo(V3, 5, aux18)
weightedsumgeq([1,-1], [aux6,aux18], aux19)
weightedsumleq([1,-1], [aux6,aux18], aux19)
abs(aux20,aux19)
reify(eq(1, aux20), aux21)
reify(sumgeq([aux21,aux17], 2), aux22)
reify(eq(2, aux20), aux23)
reify(eq(1, aux16), aux24)
reify(sumgeq([aux24,aux23], 2), aux25)
watchsumgeq([aux25,aux22], 1)
div(V1, 5, aux0)
div(V2, 5, aux1)
weightedsumgeq([1,-1], [aux0,aux1], aux2)
weightedsumleq([1,-1], [aux0,aux1], aux2)
abs(aux3,aux2)
reify(eq(2, aux3), aux4)
modulo(V1, 5, aux5)
modulo(V2, 5, aux6)
weightedsumgeq([1,-1], [aux5,aux6], aux7)
weightedsumleq([1,-1], [aux5,aux6], aux7)
abs(aux8,aux7)
reify(eq(1, aux8), aux9)
reify(sumgeq([aux9,aux4], 2), aux10)
reify(eq(2, aux8), aux11)
reify(eq(1, aux3), aux12)
reify(sumgeq([aux12,aux11], 2), aux13)
watchsumgeq([aux13,aux10], 1)
diseq(V23, V25)
diseq(V22, V25)
diseq(V22, V24)
diseq(V21, V25)
diseq(V21, V24)
diseq(V21, V23)
diseq(V20, V25)
diseq(V20, V24)
diseq(V20, V23)
diseq(V20, V22)
diseq(V19, V25)
diseq(V19, V24)
diseq(V19, V23)
diseq(V19, V22)
diseq(V19, V21)
diseq(V18, V25)
diseq(V18, V24)
diseq(V18, V23)
diseq(V18, V22)
diseq(V18, V21)
diseq(V18, V20)
diseq(V17, V25)
diseq(V17, V24)
diseq(V17, V23)
diseq(V17, V22)
diseq(V17, V21)
diseq(V17, V20)
diseq(V17, V19)
diseq(V16, V25)
diseq(V16, V24)
diseq(V16, V23)
diseq(V16, V22)
diseq(V16, V21)
diseq(V16, V20)
diseq(V16, V19)
diseq(V16, V18)
diseq(V15, V25)
diseq(V15, V24)
diseq(V15, V23)
diseq(V15, V22)
diseq(V15, V21)
diseq(V15, V20)
diseq(V15, V19)
diseq(V15, V18)
diseq(V15, V17)
diseq(V14, V25)
diseq(V14, V24)
diseq(V14, V23)
diseq(V14, V22)
diseq(V14, V21)
diseq(V14, V20)
diseq(V14, V19)
diseq(V14, V18)
diseq(V14, V17)
diseq(V14, V16)
diseq(V13, V25)
diseq(V13, V24)
diseq(V13, V23)
diseq(V13, V22)
diseq(V13, V21)
diseq(V13, V20)
diseq(V13, V19)
diseq(V13, V18)
diseq(V13, V17)
diseq(V13, V16)
diseq(V13, V15)
diseq(V12, V25)
diseq(V12, V24)
diseq(V12, V23)
diseq(V12, V22)
diseq(V12, V21)
diseq(V12, V20)
diseq(V12, V19)
diseq(V12, V18)
diseq(V12, V17)
diseq(V12, V16)
diseq(V12, V15)
diseq(V12, V14)
diseq(V11, V25)
diseq(V11, V24)
diseq(V11, V23)
diseq(V11, V22)
diseq(V11, V21)
diseq(V11, V20)
diseq(V11, V19)
diseq(V11, V18)
diseq(V11, V17)
diseq(V11, V16)
diseq(V11, V15)
diseq(V11, V14)
diseq(V11, V13)
diseq(V10, V25)
diseq(V10, V24)
diseq(V10, V23)
diseq(V10, V22)
diseq(V10, V21)
diseq(V10, V20)
diseq(V10, V19)
diseq(V10, V18)
diseq(V10, V17)
diseq(V10, V16)
diseq(V10, V15)
diseq(V10, V14)
diseq(V10, V13)
diseq(V10, V12)
diseq(V25, V9)
diseq(V24, V9)
diseq(V23, V9)
diseq(V22, V9)
diseq(V21, V9)
diseq(V20, V9)
diseq(V19, V9)
diseq(V18, V9)
diseq(V17, V9)
diseq(V16, V9)
diseq(V15, V9)
diseq(V14, V9)
diseq(V13, V9)
diseq(V12, V9)
diseq(V11, V9)
diseq(V25, V8)
diseq(V24, V8)
diseq(V23, V8)
diseq(V22, V8)
diseq(V21, V8)
diseq(V20, V8)
diseq(V19, V8)
diseq(V18, V8)
diseq(V17, V8)
diseq(V16, V8)
diseq(V15, V8)
diseq(V14, V8)
diseq(V13, V8)
diseq(V12, V8)
diseq(V11, V8)
diseq(V10, V8)
diseq(V25, V7)
diseq(V24, V7)
diseq(V23, V7)
diseq(V22, V7)
diseq(V21, V7)
diseq(V20, V7)
diseq(V19, V7)
diseq(V18, V7)
diseq(V17, V7)
diseq(V16, V7)
diseq(V15, V7)
diseq(V14, V7)
diseq(V13, V7)
diseq(V12, V7)
diseq(V11, V7)
diseq(V10, V7)
diseq(V7, V9)
diseq(V25, V6)
diseq(V24, V6)
diseq(V23, V6)
diseq(V22, V6)
diseq(V21, V6)
diseq(V20, V6)
diseq(V19, V6)
diseq(V18, V6)
diseq(V17, V6)
diseq(V16, V6)
diseq(V15, V6)
diseq(V14, V6)
diseq(V13, V6)
diseq(V12, V6)
diseq(V11, V6)
diseq(V10, V6)
diseq(V6, V9)
diseq(V6, V8)
diseq(V25, V5)
diseq(V24, V5)
diseq(V23, V5)
diseq(V22, V5)
diseq(V21, V5)
diseq(V20, V5)
diseq(V19, V5)
diseq(V18, V5)
diseq(V17, V5)
diseq(V16, V5)
diseq(V15, V5)
diseq(V14, V5)
diseq(V13, V5)
diseq(V12, V5)
diseq(V11, V5)
diseq(V10, V5)
diseq(V5, V9)
diseq(V5, V8)
diseq(V5, V7)
diseq(V25, V4)
diseq(V24, V4)
diseq(V23, V4)
diseq(V22, V4)
diseq(V21, V4)
diseq(V20, V4)
diseq(V19, V4)
diseq(V18, V4)
diseq(V17, V4)
diseq(V16, V4)
diseq(V15, V4)
diseq(V14, V4)
diseq(V13, V4)
diseq(V12, V4)
diseq(V11, V4)
diseq(V10, V4)
diseq(V4, V9)
diseq(V4, V8)
diseq(V4, V7)
diseq(V4, V6)
diseq(V25, V3)
diseq(V24, V3)
diseq(V23, V3)
diseq(V22, V3)
diseq(V21, V3)
diseq(V20, V3)
diseq(V19, V3)
diseq(V18, V3)
diseq(V17, V3)
diseq(V16, V3)
diseq(V15, V3)
diseq(V14, V3)
diseq(V13, V3)
diseq(V12, V3)
diseq(V11, V3)
diseq(V10, V3)
diseq(V3, V9)
diseq(V3, V8)
diseq(V3, V7)
diseq(V3, V6)
diseq(V3, V5)
diseq(V2, V25)
diseq(V2, V24)
diseq(V2, V23)
diseq(V2, V22)
diseq(V2, V21)
diseq(V2, V20)
diseq(V19, V2)
diseq(V18, V2)
diseq(V17, V2)
diseq(V16, V2)
diseq(V15, V2)
diseq(V14, V2)
diseq(V13, V2)
diseq(V12, V2)
diseq(V11, V2)
diseq(V10, V2)
diseq(V2, V9)
diseq(V2, V8)
diseq(V2, V7)
diseq(V2, V6)
diseq(V2, V5)
diseq(V2, V4)
diseq(V1, V25)
diseq(V1, V24)
diseq(V1, V23)
diseq(V1, V22)
diseq(V1, V21)
diseq(V1, V20)
diseq(V1, V19)
diseq(V1, V18)
diseq(V1, V17)
diseq(V1, V16)
diseq(V1, V15)
diseq(V1, V14)
diseq(V1, V13)
diseq(V1, V12)
diseq(V1, V11)
diseq(V1, V10)
diseq(V1, V9)
diseq(V1, V8)
diseq(V1, V7)
diseq(V1, V6)
diseq(V1, V5)
diseq(V1, V4)
diseq(V1, V3)
diseq(V0, 3)
diseq(V0, 4)
diseq(V0, 5)
diseq(V0, 8)
diseq(V0, 9)
diseq(V0, 10)
diseq(V0, 11)

**EOF**
