MINION 3

#This file has been automatically generated by TAILOR v0.2
#bug-reports: andrea@cs.st-and.ac.uk

# amount of common subexpressions used:0
# amount of inferred common subexpressions used:0
# amount of original variables saved (over direct equality):0
# amount of constraints:756
# amount of auxiliary variables: 0

**VARIABLES**
DISCRETE V0 {2..2}
DISCRETE V1 {0..9}
DISCRETE V2 {9..9}
DISCRETE V3 {0..9}
DISCRETE V4 {0..9}
DISCRETE V5 {0..9}
DISCRETE V6 {8..8}
DISCRETE V7 {6..6}
DISCRETE V8 {3..3}
DISCRETE V9 {0..9}
DISCRETE V10 {5..5}
DISCRETE V11 {0..9}
DISCRETE V12 {0..9}
DISCRETE V13 {0..9}
DISCRETE V14 {8..8}
DISCRETE V15 {0..9}
DISCRETE V16 {6..6}
DISCRETE V17 {0..9}
DISCRETE V18 {0..9}
DISCRETE V19 {0..0}
DISCRETE V20 {8..8}
DISCRETE V21 {0..9}
DISCRETE V22 {0..9}
DISCRETE V23 {0..0}
DISCRETE V24 {0..9}
DISCRETE V25 {5..5}
DISCRETE V26 {7..7}
DISCRETE V27 {0..9}
DISCRETE V28 {0..9}
DISCRETE V29 {6..6}
DISCRETE V30 {4..4}
DISCRETE V31 {0..9}
DISCRETE V32 {0..9}
DISCRETE V33 {6..6}
DISCRETE V34 {0..9}
DISCRETE V35 {0..9}
DISCRETE V36 {0..9}
DISCRETE V37 {3..3}
DISCRETE V38 {0..9}
DISCRETE V39 {2..2}
DISCRETE V40 {3..3}
DISCRETE V41 {0..9}
DISCRETE V42 {8..8}
DISCRETE V43 {0..9}
DISCRETE V44 {0..9}
DISCRETE V45 {6..6}
DISCRETE V46 {0..9}
DISCRETE V47 {7..7}
DISCRETE V48 {0..9}
DISCRETE V49 {0..9}
DISCRETE V50 {0..9}
DISCRETE V51 {7..7}
DISCRETE V52 {0..9}
DISCRETE V53 {4..4}
DISCRETE V54 {0..9}
DISCRETE V55 {0..9}
DISCRETE V56 {1..1}
DISCRETE V57 {0..0}
DISCRETE V58 {0..9}
DISCRETE V59 {0..9}
DISCRETE V60 {0..9}
DISCRETE V61 {6..6}
DISCRETE V62 {3..3}
DISCRETE V63 {0..9}
DISCRETE V64 {7..7}
DISCRETE V65 {2..2}
DISCRETE V66 {0..9}
DISCRETE V67 {0..9}
DISCRETE V68 {0..9}
DISCRETE V69 {0..9}
DISCRETE V70 {0..9}
DISCRETE V71 {1..1}
DISCRETE V72 {0..9}
DISCRETE V73 {0..9}
DISCRETE V74 {6..6}
DISCRETE V75 {0..9}
DISCRETE V76 {0..9}
DISCRETE V77 {0..9}
DISCRETE V78 {8..8}
DISCRETE V79 {3..3}
DISCRETE V80 {0..9}
DISCRETE V81 {4..4}
DISCRETE V82 {0..9}
DISCRETE V83 {1..1}
DISCRETE V84 {9..9}
DISCRETE V85 {0..9}
DISCRETE V86 {0..9}
DISCRETE V87 {0..9}
DISCRETE V88 {5..5}
DISCRETE V89 {0..9}
DISCRETE V90 {0..9}
DISCRETE V91 {3..3}
DISCRETE V92 {6..6}
DISCRETE V93 {0..9}
DISCRETE V94 {0..9}
DISCRETE V95 {1..1}
DISCRETE V96 {0..9}
DISCRETE V97 {4..4}
DISCRETE V98 {2..2}
DISCRETE V99 {0..9}

# aliases

**SEARCH**

PRINT [
[V0],[V1],[V2],[V3],[V4],[V5],[V6],[V7],
[V8],[V9],[V10],[V11],[V12],[V13],[V14],[V15],
[V16],[V17],[V18],[V19],[V20],[V21],[V22],[V23],
[V24],[V25],[V26],[V27],[V28],[V29],[V30],[V31],
[V32],[V33],[V34],[V35],[V36],[V37],[V38],[V39],
[V40],[V41],[V42],[V43],[V44],[V45],[V46],[V47],
[V48],[V49],[V50],[V51],[V52],[V53],[V54],[V55],
[V56],[V57],[V58],[V59],[V60],[V61],[V62],[V63],
[V64],[V65],[V66],[V67],[V68],[V69],[V70],[V71],
[V72],[V73],[V74],[V75],[V76],[V77],[V78],[V79],
[V80],[V81],[V82],[V83],[V84],[V85],[V86],[V87],
[V88],[V89],[V90],[V91],[V92],[V93],[V94],[V95],
[V96],[V97],[V98],[V99]]

VARORDER [
V0,V1,V2,V3,V4,V5,V6,V7,
V8,V9,V10,V11,V12,V13,V14,V15,
V16,V17,V18,V19,V20,V21,V22,V23,
V24,V25,V26,V27,V28,V29,V30,V31,
V32,V33,V34,V35,V36,V37,V38,V39,
V40,V41,V42,V43,V44,V45,V46,V47,
V48,V49,V50,V51,V52,V53,V54,V55,
V56,V57,V58,V59,V60,V61,V62,V63,
V64,V65,V66,V67,V68,V69,V70,V71,
V72,V73,V74,V75,V76,V77,V78,V79,
V80,V81,V82,V83,V84,V85,V86,V87,
V88,V89,V90,V91,V92,V93,V94,V95,
V96,V97,V98,V99]


**CONSTRAINTS**

diseq(2, V99)
diseq(4, V99)
negativetable([V96,V99],{<0,0>, <1,1>, <2,2>, <3,3>, <4,4>, <5,5>, <6,6>, <7,7>, <8,8>, <9,9>})
diseq(2, V96)
diseq(4, V96)
diseq(1, V99)
diseq(1, V96)
negativetable([V94,V99],{<0,0>, <1,1>, <2,2>, <3,3>, <4,4>, <5,5>, <6,6>, <7,7>, <8,8>, <9,9>})
diseq(2, V94)
diseq(4, V94)
negativetable([V94,V96],{<0,0>, <1,1>, <2,2>, <3,3>, <4,4>, <5,5>, <6,6>, <7,7>, <8,8>, <9,9>})
diseq(1, V94)
negativetable([V93,V99],{<0,0>, <1,1>, <2,2>, <3,3>, <4,4>, <5,5>, <6,6>, <7,7>, <8,8>, <9,9>})
diseq(2, V93)
diseq(4, V93)
negativetable([V93,V96],{<0,0>, <1,1>, <2,2>, <3,3>, <4,4>, <5,5>, <6,6>, <7,7>, <8,8>, <9,9>})
diseq(1, V93)
negativetable([V93,V94],{<0,0>, <1,1>, <2,2>, <3,3>, <4,4>, <5,5>, <6,6>, <7,7>, <8,8>, <9,9>})
diseq(6, V99)
diseq(6, V96)
diseq(6, V94)
diseq(6, V93)
diseq(3, V99)
diseq(3, V96)
diseq(3, V94)
diseq(3, V93)
negativetable([V90,V99],{<0,0>, <1,1>, <2,2>, <3,3>, <4,4>, <5,5>, <6,6>, <7,7>, <8,8>, <9,9>})
diseq(2, V90)
diseq(4, V90)
negativetable([V90,V96],{<0,0>, <1,1>, <2,2>, <3,3>, <4,4>, <5,5>, <6,6>, <7,7>, <8,8>, <9,9>})
diseq(1, V90)
negativetable([V90,V94],{<0,0>, <1,1>, <2,2>, <3,3>, <4,4>, <5,5>, <6,6>, <7,7>, <8,8>, <9,9>})
negativetable([V90,V93],{<0,0>, <1,1>, <2,2>, <3,3>, <4,4>, <5,5>, <6,6>, <7,7>, <8,8>, <9,9>})
diseq(6, V90)
diseq(3, V90)
negativetable([V89,V99],{<0,0>, <1,1>, <2,2>, <3,3>, <4,4>, <5,5>, <6,6>, <7,7>, <8,8>, <9,9>})
diseq(5, V89)
negativetable([V87,V89],{<0,0>, <1,1>, <2,2>, <3,3>, <4,4>, <5,5>, <6,6>, <7,7>, <8,8>, <9,9>})
diseq(5, V87)
diseq(4, V87)
negativetable([V86,V89],{<0,0>, <1,1>, <2,2>, <3,3>, <4,4>, <5,5>, <6,6>, <7,7>, <8,8>, <9,9>})
diseq(5, V86)
negativetable([V86,V87],{<0,0>, <1,1>, <2,2>, <3,3>, <4,4>, <5,5>, <6,6>, <7,7>, <8,8>, <9,9>})
negativetable([V86,V96],{<0,0>, <1,1>, <2,2>, <3,3>, <4,4>, <5,5>, <6,6>, <7,7>, <8,8>, <9,9>})
negativetable([V85,V89],{<0,0>, <1,1>, <2,2>, <3,3>, <4,4>, <5,5>, <6,6>, <7,7>, <8,8>, <9,9>})
diseq(5, V85)
negativetable([V85,V87],{<0,0>, <1,1>, <2,2>, <3,3>, <4,4>, <5,5>, <6,6>, <7,7>, <8,8>, <9,9>})
negativetable([V85,V86],{<0,0>, <1,1>, <2,2>, <3,3>, <4,4>, <5,5>, <6,6>, <7,7>, <8,8>, <9,9>})
diseq(1, V85)
diseq(9, V89)
diseq(9, V87)
diseq(9, V86)
diseq(9, V85)
diseq(9, V94)
diseq(1, V89)
diseq(1, V87)
diseq(1, V86)
diseq(1, V85)
diseq(1, V93)
negativetable([V82,V89],{<0,0>, <1,1>, <2,2>, <3,3>, <4,4>, <5,5>, <6,6>, <7,7>, <8,8>, <9,9>})
diseq(5, V82)
negativetable([V82,V87],{<0,0>, <1,1>, <2,2>, <3,3>, <4,4>, <5,5>, <6,6>, <7,7>, <8,8>, <9,9>})
negativetable([V82,V86],{<0,0>, <1,1>, <2,2>, <3,3>, <4,4>, <5,5>, <6,6>, <7,7>, <8,8>, <9,9>})
negativetable([V82,V85],{<0,0>, <1,1>, <2,2>, <3,3>, <4,4>, <5,5>, <6,6>, <7,7>, <8,8>, <9,9>})
diseq(9, V82)
diseq(1, V82)
diseq(6, V82)
diseq(4, V89)
diseq(4, V87)
diseq(4, V86)
diseq(4, V85)
diseq(4, V82)
negativetable([V80,V89],{<0,0>, <1,1>, <2,2>, <3,3>, <4,4>, <5,5>, <6,6>, <7,7>, <8,8>, <9,9>})
diseq(5, V80)
negativetable([V80,V87],{<0,0>, <1,1>, <2,2>, <3,3>, <4,4>, <5,5>, <6,6>, <7,7>, <8,8>, <9,9>})
negativetable([V80,V86],{<0,0>, <1,1>, <2,2>, <3,3>, <4,4>, <5,5>, <6,6>, <7,7>, <8,8>, <9,9>})
negativetable([V80,V85],{<0,0>, <1,1>, <2,2>, <3,3>, <4,4>, <5,5>, <6,6>, <7,7>, <8,8>, <9,9>})
diseq(9, V80)
diseq(1, V80)
negativetable([V80,V82],{<0,0>, <1,1>, <2,2>, <3,3>, <4,4>, <5,5>, <6,6>, <7,7>, <8,8>, <9,9>})
diseq(4, V80)
negativetable([V80,V90],{<0,0>, <1,1>, <2,2>, <3,3>, <4,4>, <5,5>, <6,6>, <7,7>, <8,8>, <9,9>})
diseq(3, V99)
diseq(3, V89)
diseq(4, V77)
negativetable([V77,V87],{<0,0>, <1,1>, <2,2>, <3,3>, <4,4>, <5,5>, <6,6>, <7,7>, <8,8>, <9,9>})
diseq(3, V77)
diseq(8, V77)
diseq(3, V76)
diseq(8, V76)
negativetable([V76,V77],{<0,0>, <1,1>, <2,2>, <3,3>, <4,4>, <5,5>, <6,6>, <7,7>, <8,8>, <9,9>})
negativetable([V76,V96],{<0,0>, <1,1>, <2,2>, <3,3>, <4,4>, <5,5>, <6,6>, <7,7>, <8,8>, <9,9>})
negativetable([V76,V86],{<0,0>, <1,1>, <2,2>, <3,3>, <4,4>, <5,5>, <6,6>, <7,7>, <8,8>, <9,9>})
diseq(3, V75)
diseq(8, V75)
negativetable([V75,V77],{<0,0>, <1,1>, <2,2>, <3,3>, <4,4>, <5,5>, <6,6>, <7,7>, <8,8>, <9,9>})
negativetable([V75,V76],{<0,0>, <1,1>, <2,2>, <3,3>, <4,4>, <5,5>, <6,6>, <7,7>, <8,8>, <9,9>})
diseq(1, V75)
negativetable([V75,V85],{<0,0>, <1,1>, <2,2>, <3,3>, <4,4>, <5,5>, <6,6>, <7,7>, <8,8>, <9,9>})
diseq(6, V77)
diseq(6, V76)
diseq(6, V75)
diseq(6, V94)
diseq(3, V73)
diseq(8, V73)
negativetable([V73,V77],{<0,0>, <1,1>, <2,2>, <3,3>, <4,4>, <5,5>, <6,6>, <7,7>, <8,8>, <9,9>})
negativetable([V73,V76],{<0,0>, <1,1>, <2,2>, <3,3>, <4,4>, <5,5>, <6,6>, <7,7>, <8,8>, <9,9>})
negativetable([V73,V75],{<0,0>, <1,1>, <2,2>, <3,3>, <4,4>, <5,5>, <6,6>, <7,7>, <8,8>, <9,9>})
diseq(6, V73)
negativetable([V73,V93],{<0,0>, <1,1>, <2,2>, <3,3>, <4,4>, <5,5>, <6,6>, <7,7>, <8,8>, <9,9>})
diseq(1, V73)
diseq(3, V72)
diseq(8, V72)
negativetable([V72,V77],{<0,0>, <1,1>, <2,2>, <3,3>, <4,4>, <5,5>, <6,6>, <7,7>, <8,8>, <9,9>})
negativetable([V72,V76],{<0,0>, <1,1>, <2,2>, <3,3>, <4,4>, <5,5>, <6,6>, <7,7>, <8,8>, <9,9>})
negativetable([V72,V75],{<0,0>, <1,1>, <2,2>, <3,3>, <4,4>, <5,5>, <6,6>, <7,7>, <8,8>, <9,9>})
diseq(6, V72)
negativetable([V72,V73],{<0,0>, <1,1>, <2,2>, <3,3>, <4,4>, <5,5>, <6,6>, <7,7>, <8,8>, <9,9>})
diseq(6, V72)
negativetable([V72,V82],{<0,0>, <1,1>, <2,2>, <3,3>, <4,4>, <5,5>, <6,6>, <7,7>, <8,8>, <9,9>})
diseq(1, V77)
diseq(1, V76)
diseq(1, V75)
diseq(1, V73)
diseq(1, V72)
diseq(3, V70)
diseq(8, V70)
negativetable([V70,V77],{<0,0>, <1,1>, <2,2>, <3,3>, <4,4>, <5,5>, <6,6>, <7,7>, <8,8>, <9,9>})
negativetable([V70,V76],{<0,0>, <1,1>, <2,2>, <3,3>, <4,4>, <5,5>, <6,6>, <7,7>, <8,8>, <9,9>})
negativetable([V70,V75],{<0,0>, <1,1>, <2,2>, <3,3>, <4,4>, <5,5>, <6,6>, <7,7>, <8,8>, <9,9>})
diseq(6, V70)
negativetable([V70,V73],{<0,0>, <1,1>, <2,2>, <3,3>, <4,4>, <5,5>, <6,6>, <7,7>, <8,8>, <9,9>})
negativetable([V70,V72],{<0,0>, <1,1>, <2,2>, <3,3>, <4,4>, <5,5>, <6,6>, <7,7>, <8,8>, <9,9>})
diseq(1, V70)
negativetable([V70,V90],{<0,0>, <1,1>, <2,2>, <3,3>, <4,4>, <5,5>, <6,6>, <7,7>, <8,8>, <9,9>})
negativetable([V70,V80],{<0,0>, <1,1>, <2,2>, <3,3>, <4,4>, <5,5>, <6,6>, <7,7>, <8,8>, <9,9>})
negativetable([V69,V99],{<0,0>, <1,1>, <2,2>, <3,3>, <4,4>, <5,5>, <6,6>, <7,7>, <8,8>, <9,9>})
negativetable([V69,V89],{<0,0>, <1,1>, <2,2>, <3,3>, <4,4>, <5,5>, <6,6>, <7,7>, <8,8>, <9,9>})
diseq(3, V69)
diseq(2, V68)
diseq(5, V68)
diseq(8, V68)
negativetable([V68,V69],{<0,0>, <1,1>, <2,2>, <3,3>, <4,4>, <5,5>, <6,6>, <7,7>, <8,8>, <9,9>})
diseq(4, V67)
negativetable([V67,V87],{<0,0>, <1,1>, <2,2>, <3,3>, <4,4>, <5,5>, <6,6>, <7,7>, <8,8>, <9,9>})
negativetable([V67,V77],{<0,0>, <1,1>, <2,2>, <3,3>, <4,4>, <5,5>, <6,6>, <7,7>, <8,8>, <9,9>})
negativetable([V67,V69],{<0,0>, <1,1>, <2,2>, <3,3>, <4,4>, <5,5>, <6,6>, <7,7>, <8,8>, <9,9>})
negativetable([V67,V68],{<0,0>, <1,1>, <2,2>, <3,3>, <4,4>, <5,5>, <6,6>, <7,7>, <8,8>, <9,9>})
negativetable([V66,V96],{<0,0>, <1,1>, <2,2>, <3,3>, <4,4>, <5,5>, <6,6>, <7,7>, <8,8>, <9,9>})
negativetable([V66,V86],{<0,0>, <1,1>, <2,2>, <3,3>, <4,4>, <5,5>, <6,6>, <7,7>, <8,8>, <9,9>})
negativetable([V66,V76],{<0,0>, <1,1>, <2,2>, <3,3>, <4,4>, <5,5>, <6,6>, <7,7>, <8,8>, <9,9>})
negativetable([V66,V69],{<0,0>, <1,1>, <2,2>, <3,3>, <4,4>, <5,5>, <6,6>, <7,7>, <8,8>, <9,9>})
negativetable([V66,V68],{<0,0>, <1,1>, <2,2>, <3,3>, <4,4>, <5,5>, <6,6>, <7,7>, <8,8>, <9,9>})
negativetable([V66,V67],{<0,0>, <1,1>, <2,2>, <3,3>, <4,4>, <5,5>, <6,6>, <7,7>, <8,8>, <9,9>})
diseq(2, V69)
diseq(2, V68)
diseq(2, V67)
diseq(2, V66)
diseq(2, V85)
diseq(2, V75)
diseq(7, V69)
diseq(7, V68)
diseq(7, V67)
diseq(7, V66)
diseq(7, V94)
negativetable([V63,V69],{<0,0>, <1,1>, <2,2>, <3,3>, <4,4>, <5,5>, <6,6>, <7,7>, <8,8>, <9,9>})
negativetable([V63,V68],{<0,0>, <1,1>, <2,2>, <3,3>, <4,4>, <5,5>, <6,6>, <7,7>, <8,8>, <9,9>})
negativetable([V63,V67],{<0,0>, <1,1>, <2,2>, <3,3>, <4,4>, <5,5>, <6,6>, <7,7>, <8,8>, <9,9>})
negativetable([V63,V66],{<0,0>, <1,1>, <2,2>, <3,3>, <4,4>, <5,5>, <6,6>, <7,7>, <8,8>, <9,9>})
diseq(2, V63)
diseq(7, V63)
negativetable([V63,V93],{<0,0>, <1,1>, <2,2>, <3,3>, <4,4>, <5,5>, <6,6>, <7,7>, <8,8>, <9,9>})
diseq(1, V63)
negativetable([V63,V73],{<0,0>, <1,1>, <2,2>, <3,3>, <4,4>, <5,5>, <6,6>, <7,7>, <8,8>, <9,9>})
diseq(3, V69)
diseq(3, V68)
diseq(3, V67)
diseq(3, V66)
diseq(3, V63)
diseq(3, V82)
diseq(3, V72)
diseq(6, V69)
diseq(6, V68)
diseq(6, V67)
diseq(6, V66)
diseq(6, V63)
negativetable([V60,V69],{<0,0>, <1,1>, <2,2>, <3,3>, <4,4>, <5,5>, <6,6>, <7,7>, <8,8>, <9,9>})
negativetable([V60,V68],{<0,0>, <1,1>, <2,2>, <3,3>, <4,4>, <5,5>, <6,6>, <7,7>, <8,8>, <9,9>})
negativetable([V60,V67],{<0,0>, <1,1>, <2,2>, <3,3>, <4,4>, <5,5>, <6,6>, <7,7>, <8,8>, <9,9>})
negativetable([V60,V66],{<0,0>, <1,1>, <2,2>, <3,3>, <4,4>, <5,5>, <6,6>, <7,7>, <8,8>, <9,9>})
diseq(2, V60)
diseq(7, V60)
negativetable([V60,V63],{<0,0>, <1,1>, <2,2>, <3,3>, <4,4>, <5,5>, <6,6>, <7,7>, <8,8>, <9,9>})
diseq(3, V60)
diseq(6, V60)
negativetable([V60,V90],{<0,0>, <1,1>, <2,2>, <3,3>, <4,4>, <5,5>, <6,6>, <7,7>, <8,8>, <9,9>})
negativetable([V60,V80],{<0,0>, <1,1>, <2,2>, <3,3>, <4,4>, <5,5>, <6,6>, <7,7>, <8,8>, <9,9>})
negativetable([V60,V70],{<0,0>, <1,1>, <2,2>, <3,3>, <4,4>, <5,5>, <6,6>, <7,7>, <8,8>, <9,9>})
negativetable([V59,V99],{<0,0>, <1,1>, <2,2>, <3,3>, <4,4>, <5,5>, <6,6>, <7,7>, <8,8>, <9,9>})
negativetable([V59,V89],{<0,0>, <1,1>, <2,2>, <3,3>, <4,4>, <5,5>, <6,6>, <7,7>, <8,8>, <9,9>})
diseq(3, V59)
negativetable([V59,V69],{<0,0>, <1,1>, <2,2>, <3,3>, <4,4>, <5,5>, <6,6>, <7,7>, <8,8>, <9,9>})
diseq(2, V58)
diseq(5, V58)
diseq(8, V58)
negativetable([V58,V68],{<0,0>, <1,1>, <2,2>, <3,3>, <4,4>, <5,5>, <6,6>, <7,7>, <8,8>, <9,9>})
negativetable([V58,V59],{<0,0>, <1,1>, <2,2>, <3,3>, <4,4>, <5,5>, <6,6>, <7,7>, <8,8>, <9,9>})
diseq(0, V87)
diseq(0, V77)
diseq(0, V67)
diseq(0, V59)
diseq(0, V58)
diseq(1, V96)
diseq(1, V86)
diseq(1, V76)
diseq(1, V66)
diseq(1, V59)
diseq(1, V58)
diseq(1, V55)
negativetable([V55,V85],{<0,0>, <1,1>, <2,2>, <3,3>, <4,4>, <5,5>, <6,6>, <7,7>, <8,8>, <9,9>})
negativetable([V55,V75],{<0,0>, <1,1>, <2,2>, <3,3>, <4,4>, <5,5>, <6,6>, <7,7>, <8,8>, <9,9>})
diseq(2, V55)
negativetable([V55,V59],{<0,0>, <1,1>, <2,2>, <3,3>, <4,4>, <5,5>, <6,6>, <7,7>, <8,8>, <9,9>})
negativetable([V55,V58],{<0,0>, <1,1>, <2,2>, <3,3>, <4,4>, <5,5>, <6,6>, <7,7>, <8,8>, <9,9>})
diseq(0, V55)
diseq(1, V55)
negativetable([V54,V59],{<0,0>, <1,1>, <2,2>, <3,3>, <4,4>, <5,5>, <6,6>, <7,7>, <8,8>, <9,9>})
negativetable([V54,V58],{<0,0>, <1,1>, <2,2>, <3,3>, <4,4>, <5,5>, <6,6>, <7,7>, <8,8>, <9,9>})
diseq(0, V54)
diseq(1, V54)
negativetable([V54,V55],{<0,0>, <1,1>, <2,2>, <3,3>, <4,4>, <5,5>, <6,6>, <7,7>, <8,8>, <9,9>})
negativetable([V54,V94],{<0,0>, <1,1>, <2,2>, <3,3>, <4,4>, <5,5>, <6,6>, <7,7>, <8,8>, <9,9>})
diseq(9, V54)
diseq(6, V54)
diseq(7, V54)
diseq(4, V59)
diseq(4, V58)
diseq(4, V55)
diseq(4, V54)
diseq(4, V93)
diseq(4, V73)
diseq(4, V63)
negativetable([V52,V59],{<0,0>, <1,1>, <2,2>, <3,3>, <4,4>, <5,5>, <6,6>, <7,7>, <8,8>, <9,9>})
negativetable([V52,V58],{<0,0>, <1,1>, <2,2>, <3,3>, <4,4>, <5,5>, <6,6>, <7,7>, <8,8>, <9,9>})
diseq(0, V52)
diseq(1, V52)
negativetable([V52,V55],{<0,0>, <1,1>, <2,2>, <3,3>, <4,4>, <5,5>, <6,6>, <7,7>, <8,8>, <9,9>})
negativetable([V52,V54],{<0,0>, <1,1>, <2,2>, <3,3>, <4,4>, <5,5>, <6,6>, <7,7>, <8,8>, <9,9>})
diseq(4, V52)
diseq(6, V52)
negativetable([V52,V82],{<0,0>, <1,1>, <2,2>, <3,3>, <4,4>, <5,5>, <6,6>, <7,7>, <8,8>, <9,9>})
negativetable([V52,V72],{<0,0>, <1,1>, <2,2>, <3,3>, <4,4>, <5,5>, <6,6>, <7,7>, <8,8>, <9,9>})
diseq(3, V52)
diseq(7, V59)
diseq(7, V58)
diseq(7, V55)
diseq(7, V54)
diseq(7, V52)
negativetable([V50,V59],{<0,0>, <1,1>, <2,2>, <3,3>, <4,4>, <5,5>, <6,6>, <7,7>, <8,8>, <9,9>})
negativetable([V50,V58],{<0,0>, <1,1>, <2,2>, <3,3>, <4,4>, <5,5>, <6,6>, <7,7>, <8,8>, <9,9>})
diseq(0, V50)
diseq(1, V50)
negativetable([V50,V55],{<0,0>, <1,1>, <2,2>, <3,3>, <4,4>, <5,5>, <6,6>, <7,7>, <8,8>, <9,9>})
negativetable([V50,V54],{<0,0>, <1,1>, <2,2>, <3,3>, <4,4>, <5,5>, <6,6>, <7,7>, <8,8>, <9,9>})
diseq(4, V50)
negativetable([V50,V52],{<0,0>, <1,1>, <2,2>, <3,3>, <4,4>, <5,5>, <6,6>, <7,7>, <8,8>, <9,9>})
diseq(7, V50)
negativetable([V50,V90],{<0,0>, <1,1>, <2,2>, <3,3>, <4,4>, <5,5>, <6,6>, <7,7>, <8,8>, <9,9>})
negativetable([V50,V80],{<0,0>, <1,1>, <2,2>, <3,3>, <4,4>, <5,5>, <6,6>, <7,7>, <8,8>, <9,9>})
negativetable([V50,V70],{<0,0>, <1,1>, <2,2>, <3,3>, <4,4>, <5,5>, <6,6>, <7,7>, <8,8>, <9,9>})
negativetable([V50,V60],{<0,0>, <1,1>, <2,2>, <3,3>, <4,4>, <5,5>, <6,6>, <7,7>, <8,8>, <9,9>})
negativetable([V49,V99],{<0,0>, <1,1>, <2,2>, <3,3>, <4,4>, <5,5>, <6,6>, <7,7>, <8,8>, <9,9>})
negativetable([V49,V89],{<0,0>, <1,1>, <2,2>, <3,3>, <4,4>, <5,5>, <6,6>, <7,7>, <8,8>, <9,9>})
diseq(3, V49)
negativetable([V49,V69],{<0,0>, <1,1>, <2,2>, <3,3>, <4,4>, <5,5>, <6,6>, <7,7>, <8,8>, <9,9>})
negativetable([V49,V59],{<0,0>, <1,1>, <2,2>, <3,3>, <4,4>, <5,5>, <6,6>, <7,7>, <8,8>, <9,9>})
diseq(2, V48)
diseq(5, V48)
diseq(8, V48)
negativetable([V48,V68],{<0,0>, <1,1>, <2,2>, <3,3>, <4,4>, <5,5>, <6,6>, <7,7>, <8,8>, <9,9>})
negativetable([V48,V58],{<0,0>, <1,1>, <2,2>, <3,3>, <4,4>, <5,5>, <6,6>, <7,7>, <8,8>, <9,9>})
negativetable([V48,V49],{<0,0>, <1,1>, <2,2>, <3,3>, <4,4>, <5,5>, <6,6>, <7,7>, <8,8>, <9,9>})
diseq(7, V87)
diseq(7, V77)
diseq(7, V67)
diseq(7, V49)
diseq(7, V48)
negativetable([V46,V96],{<0,0>, <1,1>, <2,2>, <3,3>, <4,4>, <5,5>, <6,6>, <7,7>, <8,8>, <9,9>})
negativetable([V46,V86],{<0,0>, <1,1>, <2,2>, <3,3>, <4,4>, <5,5>, <6,6>, <7,7>, <8,8>, <9,9>})
negativetable([V46,V76],{<0,0>, <1,1>, <2,2>, <3,3>, <4,4>, <5,5>, <6,6>, <7,7>, <8,8>, <9,9>})
negativetable([V46,V66],{<0,0>, <1,1>, <2,2>, <3,3>, <4,4>, <5,5>, <6,6>, <7,7>, <8,8>, <9,9>})
diseq(1, V46)
negativetable([V46,V49],{<0,0>, <1,1>, <2,2>, <3,3>, <4,4>, <5,5>, <6,6>, <7,7>, <8,8>, <9,9>})
negativetable([V46,V48],{<0,0>, <1,1>, <2,2>, <3,3>, <4,4>, <5,5>, <6,6>, <7,7>, <8,8>, <9,9>})
diseq(7, V46)
diseq(6, V85)
diseq(6, V75)
diseq(6, V55)
diseq(6, V49)
diseq(6, V48)
diseq(6, V46)
negativetable([V44,V94],{<0,0>, <1,1>, <2,2>, <3,3>, <4,4>, <5,5>, <6,6>, <7,7>, <8,8>, <9,9>})
diseq(9, V44)
diseq(6, V44)
diseq(7, V44)
negativetable([V44,V54],{<0,0>, <1,1>, <2,2>, <3,3>, <4,4>, <5,5>, <6,6>, <7,7>, <8,8>, <9,9>})
negativetable([V44,V49],{<0,0>, <1,1>, <2,2>, <3,3>, <4,4>, <5,5>, <6,6>, <7,7>, <8,8>, <9,9>})
negativetable([V44,V48],{<0,0>, <1,1>, <2,2>, <3,3>, <4,4>, <5,5>, <6,6>, <7,7>, <8,8>, <9,9>})
diseq(7, V44)
negativetable([V44,V46],{<0,0>, <1,1>, <2,2>, <3,3>, <4,4>, <5,5>, <6,6>, <7,7>, <8,8>, <9,9>})
diseq(6, V44)
negativetable([V43,V49],{<0,0>, <1,1>, <2,2>, <3,3>, <4,4>, <5,5>, <6,6>, <7,7>, <8,8>, <9,9>})
negativetable([V43,V48],{<0,0>, <1,1>, <2,2>, <3,3>, <4,4>, <5,5>, <6,6>, <7,7>, <8,8>, <9,9>})
diseq(7, V43)
negativetable([V43,V46],{<0,0>, <1,1>, <2,2>, <3,3>, <4,4>, <5,5>, <6,6>, <7,7>, <8,8>, <9,9>})
diseq(6, V43)
negativetable([V43,V44],{<0,0>, <1,1>, <2,2>, <3,3>, <4,4>, <5,5>, <6,6>, <7,7>, <8,8>, <9,9>})
negativetable([V43,V93],{<0,0>, <1,1>, <2,2>, <3,3>, <4,4>, <5,5>, <6,6>, <7,7>, <8,8>, <9,9>})
diseq(1, V43)
negativetable([V43,V73],{<0,0>, <1,1>, <2,2>, <3,3>, <4,4>, <5,5>, <6,6>, <7,7>, <8,8>, <9,9>})
negativetable([V43,V63],{<0,0>, <1,1>, <2,2>, <3,3>, <4,4>, <5,5>, <6,6>, <7,7>, <8,8>, <9,9>})
diseq(4, V43)
diseq(8, V49)
diseq(8, V48)
diseq(8, V46)
diseq(8, V44)
diseq(8, V43)
diseq(8, V82)
diseq(8, V72)
diseq(8, V52)
negativetable([V41,V49],{<0,0>, <1,1>, <2,2>, <3,3>, <4,4>, <5,5>, <6,6>, <7,7>, <8,8>, <9,9>})
negativetable([V41,V48],{<0,0>, <1,1>, <2,2>, <3,3>, <4,4>, <5,5>, <6,6>, <7,7>, <8,8>, <9,9>})
diseq(7, V41)
negativetable([V41,V46],{<0,0>, <1,1>, <2,2>, <3,3>, <4,4>, <5,5>, <6,6>, <7,7>, <8,8>, <9,9>})
diseq(6, V41)
negativetable([V41,V44],{<0,0>, <1,1>, <2,2>, <3,3>, <4,4>, <5,5>, <6,6>, <7,7>, <8,8>, <9,9>})
negativetable([V41,V43],{<0,0>, <1,1>, <2,2>, <3,3>, <4,4>, <5,5>, <6,6>, <7,7>, <8,8>, <9,9>})
diseq(8, V41)
diseq(3, V41)
diseq(4, V41)
diseq(1, V41)
diseq(6, V41)
diseq(7, V41)
diseq(3, V49)
diseq(3, V48)
diseq(3, V46)
diseq(3, V44)
diseq(3, V43)
diseq(3, V41)
diseq(3, V90)
diseq(3, V80)
diseq(3, V70)
diseq(3, V60)
diseq(3, V50)
diseq(2, V99)
diseq(2, V89)
diseq(2, V69)
diseq(2, V59)
diseq(2, V49)
diseq(2, V38)
diseq(5, V38)
diseq(8, V38)
negativetable([V38,V68],{<0,0>, <1,1>, <2,2>, <3,3>, <4,4>, <5,5>, <6,6>, <7,7>, <8,8>, <9,9>})
negativetable([V38,V58],{<0,0>, <1,1>, <2,2>, <3,3>, <4,4>, <5,5>, <6,6>, <7,7>, <8,8>, <9,9>})
negativetable([V38,V48],{<0,0>, <1,1>, <2,2>, <3,3>, <4,4>, <5,5>, <6,6>, <7,7>, <8,8>, <9,9>})
diseq(2, V38)
diseq(3, V87)
diseq(3, V77)
diseq(3, V67)
diseq(3, V38)
negativetable([V36,V96],{<0,0>, <1,1>, <2,2>, <3,3>, <4,4>, <5,5>, <6,6>, <7,7>, <8,8>, <9,9>})
negativetable([V36,V86],{<0,0>, <1,1>, <2,2>, <3,3>, <4,4>, <5,5>, <6,6>, <7,7>, <8,8>, <9,9>})
negativetable([V36,V76],{<0,0>, <1,1>, <2,2>, <3,3>, <4,4>, <5,5>, <6,6>, <7,7>, <8,8>, <9,9>})
negativetable([V36,V66],{<0,0>, <1,1>, <2,2>, <3,3>, <4,4>, <5,5>, <6,6>, <7,7>, <8,8>, <9,9>})
diseq(1, V36)
negativetable([V36,V46],{<0,0>, <1,1>, <2,2>, <3,3>, <4,4>, <5,5>, <6,6>, <7,7>, <8,8>, <9,9>})
diseq(2, V36)
negativetable([V36,V38],{<0,0>, <1,1>, <2,2>, <3,3>, <4,4>, <5,5>, <6,6>, <7,7>, <8,8>, <9,9>})
diseq(3, V36)
diseq(1, V35)
negativetable([V35,V85],{<0,0>, <1,1>, <2,2>, <3,3>, <4,4>, <5,5>, <6,6>, <7,7>, <8,8>, <9,9>})
negativetable([V35,V75],{<0,0>, <1,1>, <2,2>, <3,3>, <4,4>, <5,5>, <6,6>, <7,7>, <8,8>, <9,9>})
diseq(2, V35)
negativetable([V35,V55],{<0,0>, <1,1>, <2,2>, <3,3>, <4,4>, <5,5>, <6,6>, <7,7>, <8,8>, <9,9>})
diseq(6, V35)
diseq(2, V35)
negativetable([V35,V38],{<0,0>, <1,1>, <2,2>, <3,3>, <4,4>, <5,5>, <6,6>, <7,7>, <8,8>, <9,9>})
diseq(3, V35)
negativetable([V35,V36],{<0,0>, <1,1>, <2,2>, <3,3>, <4,4>, <5,5>, <6,6>, <7,7>, <8,8>, <9,9>})
negativetable([V34,V94],{<0,0>, <1,1>, <2,2>, <3,3>, <4,4>, <5,5>, <6,6>, <7,7>, <8,8>, <9,9>})
diseq(9, V34)
diseq(6, V34)
diseq(7, V34)
negativetable([V34,V54],{<0,0>, <1,1>, <2,2>, <3,3>, <4,4>, <5,5>, <6,6>, <7,7>, <8,8>, <9,9>})
negativetable([V34,V44],{<0,0>, <1,1>, <2,2>, <3,3>, <4,4>, <5,5>, <6,6>, <7,7>, <8,8>, <9,9>})
diseq(2, V34)
negativetable([V34,V38],{<0,0>, <1,1>, <2,2>, <3,3>, <4,4>, <5,5>, <6,6>, <7,7>, <8,8>, <9,9>})
diseq(3, V34)
negativetable([V34,V36],{<0,0>, <1,1>, <2,2>, <3,3>, <4,4>, <5,5>, <6,6>, <7,7>, <8,8>, <9,9>})
negativetable([V34,V35],{<0,0>, <1,1>, <2,2>, <3,3>, <4,4>, <5,5>, <6,6>, <7,7>, <8,8>, <9,9>})
diseq(6, V93)
diseq(6, V73)
diseq(6, V63)
diseq(6, V43)
diseq(6, V38)
diseq(6, V36)
diseq(6, V35)
diseq(6, V34)
diseq(2, V32)
negativetable([V32,V38],{<0,0>, <1,1>, <2,2>, <3,3>, <4,4>, <5,5>, <6,6>, <7,7>, <8,8>, <9,9>})
diseq(3, V32)
negativetable([V32,V36],{<0,0>, <1,1>, <2,2>, <3,3>, <4,4>, <5,5>, <6,6>, <7,7>, <8,8>, <9,9>})
negativetable([V32,V35],{<0,0>, <1,1>, <2,2>, <3,3>, <4,4>, <5,5>, <6,6>, <7,7>, <8,8>, <9,9>})
negativetable([V32,V34],{<0,0>, <1,1>, <2,2>, <3,3>, <4,4>, <5,5>, <6,6>, <7,7>, <8,8>, <9,9>})
diseq(6, V32)
diseq(6, V32)
negativetable([V32,V82],{<0,0>, <1,1>, <2,2>, <3,3>, <4,4>, <5,5>, <6,6>, <7,7>, <8,8>, <9,9>})
negativetable([V32,V72],{<0,0>, <1,1>, <2,2>, <3,3>, <4,4>, <5,5>, <6,6>, <7,7>, <8,8>, <9,9>})
diseq(3, V32)
negativetable([V32,V52],{<0,0>, <1,1>, <2,2>, <3,3>, <4,4>, <5,5>, <6,6>, <7,7>, <8,8>, <9,9>})
diseq(8, V32)
diseq(2, V31)
negativetable([V31,V38],{<0,0>, <1,1>, <2,2>, <3,3>, <4,4>, <5,5>, <6,6>, <7,7>, <8,8>, <9,9>})
diseq(3, V31)
negativetable([V31,V36],{<0,0>, <1,1>, <2,2>, <3,3>, <4,4>, <5,5>, <6,6>, <7,7>, <8,8>, <9,9>})
negativetable([V31,V35],{<0,0>, <1,1>, <2,2>, <3,3>, <4,4>, <5,5>, <6,6>, <7,7>, <8,8>, <9,9>})
negativetable([V31,V34],{<0,0>, <1,1>, <2,2>, <3,3>, <4,4>, <5,5>, <6,6>, <7,7>, <8,8>, <9,9>})
diseq(6, V31)
negativetable([V31,V32],{<0,0>, <1,1>, <2,2>, <3,3>, <4,4>, <5,5>, <6,6>, <7,7>, <8,8>, <9,9>})
diseq(3, V31)
diseq(4, V31)
diseq(1, V31)
diseq(6, V31)
diseq(7, V31)
negativetable([V31,V41],{<0,0>, <1,1>, <2,2>, <3,3>, <4,4>, <5,5>, <6,6>, <7,7>, <8,8>, <9,9>})
diseq(4, V38)
diseq(4, V36)
diseq(4, V35)
diseq(4, V34)
diseq(4, V32)
diseq(4, V31)
diseq(4, V90)
diseq(4, V80)
diseq(4, V70)
diseq(4, V60)
diseq(4, V50)
diseq(6, V99)
diseq(6, V89)
diseq(6, V69)
diseq(6, V59)
diseq(6, V49)
diseq(2, V28)
diseq(5, V28)
diseq(8, V28)
negativetable([V28,V68],{<0,0>, <1,1>, <2,2>, <3,3>, <4,4>, <5,5>, <6,6>, <7,7>, <8,8>, <9,9>})
negativetable([V28,V58],{<0,0>, <1,1>, <2,2>, <3,3>, <4,4>, <5,5>, <6,6>, <7,7>, <8,8>, <9,9>})
negativetable([V28,V48],{<0,0>, <1,1>, <2,2>, <3,3>, <4,4>, <5,5>, <6,6>, <7,7>, <8,8>, <9,9>})
negativetable([V28,V38],{<0,0>, <1,1>, <2,2>, <3,3>, <4,4>, <5,5>, <6,6>, <7,7>, <8,8>, <9,9>})
diseq(6, V28)
diseq(4, V27)
negativetable([V27,V87],{<0,0>, <1,1>, <2,2>, <3,3>, <4,4>, <5,5>, <6,6>, <7,7>, <8,8>, <9,9>})
negativetable([V27,V77],{<0,0>, <1,1>, <2,2>, <3,3>, <4,4>, <5,5>, <6,6>, <7,7>, <8,8>, <9,9>})
negativetable([V27,V67],{<0,0>, <1,1>, <2,2>, <3,3>, <4,4>, <5,5>, <6,6>, <7,7>, <8,8>, <9,9>})
diseq(0, V27)
diseq(7, V27)
diseq(3, V27)
diseq(6, V27)
negativetable([V27,V28],{<0,0>, <1,1>, <2,2>, <3,3>, <4,4>, <5,5>, <6,6>, <7,7>, <8,8>, <9,9>})
diseq(7, V96)
diseq(7, V86)
diseq(7, V76)
diseq(7, V66)
diseq(7, V46)
diseq(7, V36)
diseq(7, V28)
diseq(7, V27)
diseq(5, V85)
diseq(5, V75)
diseq(5, V55)
diseq(5, V35)
diseq(5, V28)
diseq(5, V27)
negativetable([V24,V94],{<0,0>, <1,1>, <2,2>, <3,3>, <4,4>, <5,5>, <6,6>, <7,7>, <8,8>, <9,9>})
diseq(9, V24)
diseq(6, V24)
diseq(7, V24)
negativetable([V24,V54],{<0,0>, <1,1>, <2,2>, <3,3>, <4,4>, <5,5>, <6,6>, <7,7>, <8,8>, <9,9>})
negativetable([V24,V44],{<0,0>, <1,1>, <2,2>, <3,3>, <4,4>, <5,5>, <6,6>, <7,7>, <8,8>, <9,9>})
negativetable([V24,V34],{<0,0>, <1,1>, <2,2>, <3,3>, <4,4>, <5,5>, <6,6>, <7,7>, <8,8>, <9,9>})
diseq(6, V24)
negativetable([V24,V28],{<0,0>, <1,1>, <2,2>, <3,3>, <4,4>, <5,5>, <6,6>, <7,7>, <8,8>, <9,9>})
negativetable([V24,V27],{<0,0>, <1,1>, <2,2>, <3,3>, <4,4>, <5,5>, <6,6>, <7,7>, <8,8>, <9,9>})
diseq(7, V24)
diseq(5, V24)
diseq(0, V93)
diseq(0, V73)
diseq(0, V63)
diseq(0, V43)
diseq(0, V28)
diseq(0, V27)
diseq(0, V24)
diseq(6, V22)
negativetable([V22,V82],{<0,0>, <1,1>, <2,2>, <3,3>, <4,4>, <5,5>, <6,6>, <7,7>, <8,8>, <9,9>})
negativetable([V22,V72],{<0,0>, <1,1>, <2,2>, <3,3>, <4,4>, <5,5>, <6,6>, <7,7>, <8,8>, <9,9>})
diseq(3, V22)
negativetable([V22,V52],{<0,0>, <1,1>, <2,2>, <3,3>, <4,4>, <5,5>, <6,6>, <7,7>, <8,8>, <9,9>})
diseq(8, V22)
negativetable([V22,V32],{<0,0>, <1,1>, <2,2>, <3,3>, <4,4>, <5,5>, <6,6>, <7,7>, <8,8>, <9,9>})
diseq(6, V22)
negativetable([V22,V28],{<0,0>, <1,1>, <2,2>, <3,3>, <4,4>, <5,5>, <6,6>, <7,7>, <8,8>, <9,9>})
negativetable([V22,V27],{<0,0>, <1,1>, <2,2>, <3,3>, <4,4>, <5,5>, <6,6>, <7,7>, <8,8>, <9,9>})
diseq(7, V22)
diseq(5, V22)
negativetable([V22,V24],{<0,0>, <1,1>, <2,2>, <3,3>, <4,4>, <5,5>, <6,6>, <7,7>, <8,8>, <9,9>})
diseq(0, V22)
diseq(6, V21)
negativetable([V21,V28],{<0,0>, <1,1>, <2,2>, <3,3>, <4,4>, <5,5>, <6,6>, <7,7>, <8,8>, <9,9>})
negativetable([V21,V27],{<0,0>, <1,1>, <2,2>, <3,3>, <4,4>, <5,5>, <6,6>, <7,7>, <8,8>, <9,9>})
diseq(7, V21)
diseq(5, V21)
negativetable([V21,V24],{<0,0>, <1,1>, <2,2>, <3,3>, <4,4>, <5,5>, <6,6>, <7,7>, <8,8>, <9,9>})
diseq(0, V21)
negativetable([V21,V22],{<0,0>, <1,1>, <2,2>, <3,3>, <4,4>, <5,5>, <6,6>, <7,7>, <8,8>, <9,9>})
diseq(3, V21)
diseq(4, V21)
diseq(1, V21)
diseq(6, V21)
diseq(7, V21)
negativetable([V21,V41],{<0,0>, <1,1>, <2,2>, <3,3>, <4,4>, <5,5>, <6,6>, <7,7>, <8,8>, <9,9>})
negativetable([V21,V31],{<0,0>, <1,1>, <2,2>, <3,3>, <4,4>, <5,5>, <6,6>, <7,7>, <8,8>, <9,9>})
diseq(8, V28)
diseq(8, V27)
diseq(8, V24)
diseq(8, V22)
diseq(8, V21)
diseq(8, V90)
diseq(8, V80)
diseq(8, V70)
diseq(8, V60)
diseq(8, V50)
diseq(0, V99)
diseq(0, V89)
diseq(0, V69)
diseq(0, V59)
diseq(0, V49)
diseq(2, V18)
diseq(5, V18)
diseq(8, V18)
negativetable([V18,V68],{<0,0>, <1,1>, <2,2>, <3,3>, <4,4>, <5,5>, <6,6>, <7,7>, <8,8>, <9,9>})
negativetable([V18,V58],{<0,0>, <1,1>, <2,2>, <3,3>, <4,4>, <5,5>, <6,6>, <7,7>, <8,8>, <9,9>})
negativetable([V18,V48],{<0,0>, <1,1>, <2,2>, <3,3>, <4,4>, <5,5>, <6,6>, <7,7>, <8,8>, <9,9>})
negativetable([V18,V38],{<0,0>, <1,1>, <2,2>, <3,3>, <4,4>, <5,5>, <6,6>, <7,7>, <8,8>, <9,9>})
negativetable([V18,V28],{<0,0>, <1,1>, <2,2>, <3,3>, <4,4>, <5,5>, <6,6>, <7,7>, <8,8>, <9,9>})
diseq(0, V18)
diseq(4, V17)
negativetable([V17,V87],{<0,0>, <1,1>, <2,2>, <3,3>, <4,4>, <5,5>, <6,6>, <7,7>, <8,8>, <9,9>})
negativetable([V17,V77],{<0,0>, <1,1>, <2,2>, <3,3>, <4,4>, <5,5>, <6,6>, <7,7>, <8,8>, <9,9>})
negativetable([V17,V67],{<0,0>, <1,1>, <2,2>, <3,3>, <4,4>, <5,5>, <6,6>, <7,7>, <8,8>, <9,9>})
diseq(0, V17)
diseq(7, V17)
diseq(3, V17)
negativetable([V17,V27],{<0,0>, <1,1>, <2,2>, <3,3>, <4,4>, <5,5>, <6,6>, <7,7>, <8,8>, <9,9>})
diseq(0, V17)
negativetable([V17,V18],{<0,0>, <1,1>, <2,2>, <3,3>, <4,4>, <5,5>, <6,6>, <7,7>, <8,8>, <9,9>})
diseq(6, V96)
diseq(6, V86)
diseq(6, V76)
diseq(6, V66)
diseq(6, V46)
diseq(6, V36)
diseq(6, V18)
diseq(6, V17)
diseq(1, V15)
negativetable([V15,V85],{<0,0>, <1,1>, <2,2>, <3,3>, <4,4>, <5,5>, <6,6>, <7,7>, <8,8>, <9,9>})
negativetable([V15,V75],{<0,0>, <1,1>, <2,2>, <3,3>, <4,4>, <5,5>, <6,6>, <7,7>, <8,8>, <9,9>})
diseq(2, V15)
negativetable([V15,V55],{<0,0>, <1,1>, <2,2>, <3,3>, <4,4>, <5,5>, <6,6>, <7,7>, <8,8>, <9,9>})
diseq(6, V15)
negativetable([V15,V35],{<0,0>, <1,1>, <2,2>, <3,3>, <4,4>, <5,5>, <6,6>, <7,7>, <8,8>, <9,9>})
diseq(5, V15)
diseq(0, V15)
negativetable([V15,V18],{<0,0>, <1,1>, <2,2>, <3,3>, <4,4>, <5,5>, <6,6>, <7,7>, <8,8>, <9,9>})
negativetable([V15,V17],{<0,0>, <1,1>, <2,2>, <3,3>, <4,4>, <5,5>, <6,6>, <7,7>, <8,8>, <9,9>})
diseq(6, V15)
diseq(8, V94)
diseq(8, V54)
diseq(8, V44)
diseq(8, V34)
diseq(8, V24)
diseq(8, V18)
diseq(8, V17)
diseq(8, V15)
negativetable([V13,V93],{<0,0>, <1,1>, <2,2>, <3,3>, <4,4>, <5,5>, <6,6>, <7,7>, <8,8>, <9,9>})
diseq(1, V13)
negativetable([V13,V73],{<0,0>, <1,1>, <2,2>, <3,3>, <4,4>, <5,5>, <6,6>, <7,7>, <8,8>, <9,9>})
negativetable([V13,V63],{<0,0>, <1,1>, <2,2>, <3,3>, <4,4>, <5,5>, <6,6>, <7,7>, <8,8>, <9,9>})
diseq(4, V13)
negativetable([V13,V43],{<0,0>, <1,1>, <2,2>, <3,3>, <4,4>, <5,5>, <6,6>, <7,7>, <8,8>, <9,9>})
diseq(6, V13)
diseq(0, V13)
diseq(0, V13)
negativetable([V13,V18],{<0,0>, <1,1>, <2,2>, <3,3>, <4,4>, <5,5>, <6,6>, <7,7>, <8,8>, <9,9>})
negativetable([V13,V17],{<0,0>, <1,1>, <2,2>, <3,3>, <4,4>, <5,5>, <6,6>, <7,7>, <8,8>, <9,9>})
diseq(6, V13)
negativetable([V13,V15],{<0,0>, <1,1>, <2,2>, <3,3>, <4,4>, <5,5>, <6,6>, <7,7>, <8,8>, <9,9>})
diseq(8, V13)
diseq(6, V12)
negativetable([V12,V82],{<0,0>, <1,1>, <2,2>, <3,3>, <4,4>, <5,5>, <6,6>, <7,7>, <8,8>, <9,9>})
negativetable([V12,V72],{<0,0>, <1,1>, <2,2>, <3,3>, <4,4>, <5,5>, <6,6>, <7,7>, <8,8>, <9,9>})
diseq(3, V12)
negativetable([V12,V52],{<0,0>, <1,1>, <2,2>, <3,3>, <4,4>, <5,5>, <6,6>, <7,7>, <8,8>, <9,9>})
diseq(8, V12)
negativetable([V12,V32],{<0,0>, <1,1>, <2,2>, <3,3>, <4,4>, <5,5>, <6,6>, <7,7>, <8,8>, <9,9>})
negativetable([V12,V22],{<0,0>, <1,1>, <2,2>, <3,3>, <4,4>, <5,5>, <6,6>, <7,7>, <8,8>, <9,9>})
diseq(0, V12)
negativetable([V12,V18],{<0,0>, <1,1>, <2,2>, <3,3>, <4,4>, <5,5>, <6,6>, <7,7>, <8,8>, <9,9>})
negativetable([V12,V17],{<0,0>, <1,1>, <2,2>, <3,3>, <4,4>, <5,5>, <6,6>, <7,7>, <8,8>, <9,9>})
diseq(6, V12)
negativetable([V12,V15],{<0,0>, <1,1>, <2,2>, <3,3>, <4,4>, <5,5>, <6,6>, <7,7>, <8,8>, <9,9>})
diseq(8, V12)
negativetable([V12,V13],{<0,0>, <1,1>, <2,2>, <3,3>, <4,4>, <5,5>, <6,6>, <7,7>, <8,8>, <9,9>})
diseq(3, V11)
diseq(4, V11)
diseq(1, V11)
diseq(6, V11)
diseq(7, V11)
negativetable([V11,V41],{<0,0>, <1,1>, <2,2>, <3,3>, <4,4>, <5,5>, <6,6>, <7,7>, <8,8>, <9,9>})
negativetable([V11,V31],{<0,0>, <1,1>, <2,2>, <3,3>, <4,4>, <5,5>, <6,6>, <7,7>, <8,8>, <9,9>})
negativetable([V11,V21],{<0,0>, <1,1>, <2,2>, <3,3>, <4,4>, <5,5>, <6,6>, <7,7>, <8,8>, <9,9>})
diseq(0, V11)
negativetable([V11,V18],{<0,0>, <1,1>, <2,2>, <3,3>, <4,4>, <5,5>, <6,6>, <7,7>, <8,8>, <9,9>})
negativetable([V11,V17],{<0,0>, <1,1>, <2,2>, <3,3>, <4,4>, <5,5>, <6,6>, <7,7>, <8,8>, <9,9>})
diseq(6, V11)
negativetable([V11,V15],{<0,0>, <1,1>, <2,2>, <3,3>, <4,4>, <5,5>, <6,6>, <7,7>, <8,8>, <9,9>})
diseq(8, V11)
negativetable([V11,V13],{<0,0>, <1,1>, <2,2>, <3,3>, <4,4>, <5,5>, <6,6>, <7,7>, <8,8>, <9,9>})
negativetable([V11,V12],{<0,0>, <1,1>, <2,2>, <3,3>, <4,4>, <5,5>, <6,6>, <7,7>, <8,8>, <9,9>})
diseq(5, V18)
diseq(5, V17)
diseq(5, V15)
diseq(5, V13)
diseq(5, V12)
diseq(5, V11)
diseq(5, V90)
diseq(5, V80)
diseq(5, V70)
diseq(5, V60)
diseq(5, V50)
negativetable([V9,V99],{<0,0>, <1,1>, <2,2>, <3,3>, <4,4>, <5,5>, <6,6>, <7,7>, <8,8>, <9,9>})
negativetable([V9,V89],{<0,0>, <1,1>, <2,2>, <3,3>, <4,4>, <5,5>, <6,6>, <7,7>, <8,8>, <9,9>})
diseq(3, V9)
negativetable([V9,V69],{<0,0>, <1,1>, <2,2>, <3,3>, <4,4>, <5,5>, <6,6>, <7,7>, <8,8>, <9,9>})
negativetable([V9,V59],{<0,0>, <1,1>, <2,2>, <3,3>, <4,4>, <5,5>, <6,6>, <7,7>, <8,8>, <9,9>})
negativetable([V9,V49],{<0,0>, <1,1>, <2,2>, <3,3>, <4,4>, <5,5>, <6,6>, <7,7>, <8,8>, <9,9>})
diseq(2, V9)
diseq(6, V9)
diseq(0, V9)
diseq(3, V68)
diseq(3, V58)
diseq(3, V48)
diseq(3, V38)
diseq(3, V28)
diseq(3, V18)
diseq(3, V9)
diseq(6, V87)
diseq(6, V77)
diseq(6, V67)
diseq(6, V27)
diseq(6, V17)
diseq(6, V9)
diseq(8, V96)
diseq(8, V86)
diseq(8, V76)
diseq(8, V66)
diseq(8, V46)
diseq(8, V36)
diseq(8, V9)
diseq(1, V5)
negativetable([V5,V85],{<0,0>, <1,1>, <2,2>, <3,3>, <4,4>, <5,5>, <6,6>, <7,7>, <8,8>, <9,9>})
negativetable([V5,V75],{<0,0>, <1,1>, <2,2>, <3,3>, <4,4>, <5,5>, <6,6>, <7,7>, <8,8>, <9,9>})
diseq(2, V5)
negativetable([V5,V55],{<0,0>, <1,1>, <2,2>, <3,3>, <4,4>, <5,5>, <6,6>, <7,7>, <8,8>, <9,9>})
diseq(6, V5)
negativetable([V5,V35],{<0,0>, <1,1>, <2,2>, <3,3>, <4,4>, <5,5>, <6,6>, <7,7>, <8,8>, <9,9>})
diseq(5, V5)
negativetable([V5,V15],{<0,0>, <1,1>, <2,2>, <3,3>, <4,4>, <5,5>, <6,6>, <7,7>, <8,8>, <9,9>})
negativetable([V5,V9],{<0,0>, <1,1>, <2,2>, <3,3>, <4,4>, <5,5>, <6,6>, <7,7>, <8,8>, <9,9>})
diseq(3, V5)
diseq(6, V5)
diseq(8, V5)
negativetable([V4,V94],{<0,0>, <1,1>, <2,2>, <3,3>, <4,4>, <5,5>, <6,6>, <7,7>, <8,8>, <9,9>})
diseq(9, V4)
diseq(6, V4)
diseq(7, V4)
negativetable([V4,V54],{<0,0>, <1,1>, <2,2>, <3,3>, <4,4>, <5,5>, <6,6>, <7,7>, <8,8>, <9,9>})
negativetable([V4,V44],{<0,0>, <1,1>, <2,2>, <3,3>, <4,4>, <5,5>, <6,6>, <7,7>, <8,8>, <9,9>})
negativetable([V4,V34],{<0,0>, <1,1>, <2,2>, <3,3>, <4,4>, <5,5>, <6,6>, <7,7>, <8,8>, <9,9>})
negativetable([V4,V24],{<0,0>, <1,1>, <2,2>, <3,3>, <4,4>, <5,5>, <6,6>, <7,7>, <8,8>, <9,9>})
diseq(8, V4)
negativetable([V4,V9],{<0,0>, <1,1>, <2,2>, <3,3>, <4,4>, <5,5>, <6,6>, <7,7>, <8,8>, <9,9>})
diseq(3, V4)
diseq(6, V4)
diseq(8, V4)
negativetable([V4,V5],{<0,0>, <1,1>, <2,2>, <3,3>, <4,4>, <5,5>, <6,6>, <7,7>, <8,8>, <9,9>})
negativetable([V3,V93],{<0,0>, <1,1>, <2,2>, <3,3>, <4,4>, <5,5>, <6,6>, <7,7>, <8,8>, <9,9>})
diseq(1, V3)
negativetable([V3,V73],{<0,0>, <1,1>, <2,2>, <3,3>, <4,4>, <5,5>, <6,6>, <7,7>, <8,8>, <9,9>})
negativetable([V3,V63],{<0,0>, <1,1>, <2,2>, <3,3>, <4,4>, <5,5>, <6,6>, <7,7>, <8,8>, <9,9>})
diseq(4, V3)
negativetable([V3,V43],{<0,0>, <1,1>, <2,2>, <3,3>, <4,4>, <5,5>, <6,6>, <7,7>, <8,8>, <9,9>})
diseq(6, V3)
diseq(0, V3)
negativetable([V3,V13],{<0,0>, <1,1>, <2,2>, <3,3>, <4,4>, <5,5>, <6,6>, <7,7>, <8,8>, <9,9>})
negativetable([V3,V9],{<0,0>, <1,1>, <2,2>, <3,3>, <4,4>, <5,5>, <6,6>, <7,7>, <8,8>, <9,9>})
diseq(3, V3)
diseq(6, V3)
diseq(8, V3)
negativetable([V3,V5],{<0,0>, <1,1>, <2,2>, <3,3>, <4,4>, <5,5>, <6,6>, <7,7>, <8,8>, <9,9>})
negativetable([V3,V4],{<0,0>, <1,1>, <2,2>, <3,3>, <4,4>, <5,5>, <6,6>, <7,7>, <8,8>, <9,9>})
diseq(9, V82)
diseq(9, V72)
diseq(9, V52)
diseq(9, V32)
diseq(9, V22)
diseq(9, V12)
diseq(9, V9)
diseq(9, V5)
diseq(9, V4)
diseq(9, V3)
diseq(3, V1)
diseq(4, V1)
diseq(1, V1)
diseq(6, V1)
diseq(7, V1)
negativetable([V1,V41],{<0,0>, <1,1>, <2,2>, <3,3>, <4,4>, <5,5>, <6,6>, <7,7>, <8,8>, <9,9>})
negativetable([V1,V31],{<0,0>, <1,1>, <2,2>, <3,3>, <4,4>, <5,5>, <6,6>, <7,7>, <8,8>, <9,9>})
negativetable([V1,V21],{<0,0>, <1,1>, <2,2>, <3,3>, <4,4>, <5,5>, <6,6>, <7,7>, <8,8>, <9,9>})
negativetable([V1,V11],{<0,0>, <1,1>, <2,2>, <3,3>, <4,4>, <5,5>, <6,6>, <7,7>, <8,8>, <9,9>})
negativetable([V1,V9],{<0,0>, <1,1>, <2,2>, <3,3>, <4,4>, <5,5>, <6,6>, <7,7>, <8,8>, <9,9>})
diseq(3, V1)
diseq(6, V1)
diseq(8, V1)
negativetable([V1,V5],{<0,0>, <1,1>, <2,2>, <3,3>, <4,4>, <5,5>, <6,6>, <7,7>, <8,8>, <9,9>})
negativetable([V1,V4],{<0,0>, <1,1>, <2,2>, <3,3>, <4,4>, <5,5>, <6,6>, <7,7>, <8,8>, <9,9>})
negativetable([V1,V3],{<0,0>, <1,1>, <2,2>, <3,3>, <4,4>, <5,5>, <6,6>, <7,7>, <8,8>, <9,9>})
diseq(9, V1)
diseq(2, V90)
diseq(2, V80)
diseq(2, V70)
diseq(2, V60)
diseq(2, V50)
diseq(2, V9)
diseq(2, V5)
diseq(2, V4)
diseq(2, V3)
diseq(2, V1)

**EOF**
