MINION 3

#This file has been automatically generated by TAILOR v0.2
#bug-reports: andrea@cs.st-and.ac.uk

# amount of common subexpressions used:0
# amount of inferred common subexpressions used:0
# amount of original variables saved (over direct equality):0
# amount of constraints:756
# amount of auxiliary variables: 0

**VARIABLES**
DISCRETE V0 {0..9}
DISCRETE V1 {7..7}
DISCRETE V2 {0..9}
DISCRETE V3 {0..9}
DISCRETE V4 {5..5}
DISCRETE V5 {9..9}
DISCRETE V6 {0..9}
DISCRETE V7 {0..9}
DISCRETE V8 {4..4}
DISCRETE V9 {0..9}
DISCRETE V10 {8..8}
DISCRETE V11 {0..9}
DISCRETE V12 {2..2}
DISCRETE V13 {7..7}
DISCRETE V14 {1..1}
DISCRETE V15 {0..9}
DISCRETE V16 {0..9}
DISCRETE V17 {0..9}
DISCRETE V18 {0..9}
DISCRETE V19 {0..9}
DISCRETE V20 {0..9}
DISCRETE V21 {2..2}
DISCRETE V22 {0..0}
DISCRETE V23 {0..9}
DISCRETE V24 {0..9}
DISCRETE V25 {0..9}
DISCRETE V26 {5..5}
DISCRETE V27 {8..8}
DISCRETE V28 {0..9}
DISCRETE V29 {7..7}
DISCRETE V30 {9..9}
DISCRETE V31 {0..0}
DISCRETE V32 {0..9}
DISCRETE V33 {5..5}
DISCRETE V34 {0..9}
DISCRETE V35 {0..9}
DISCRETE V36 {7..7}
DISCRETE V37 {0..9}
DISCRETE V38 {0..9}
DISCRETE V39 {0..9}
DISCRETE V40 {0..9}
DISCRETE V41 {0..9}
DISCRETE V42 {1..1}
DISCRETE V43 {0..9}
DISCRETE V44 {0..9}
DISCRETE V45 {2..2}
DISCRETE V46 {0..9}
DISCRETE V47 {5..5}
DISCRETE V48 {0..9}
DISCRETE V49 {0..0}
DISCRETE V50 {0..9}
DISCRETE V51 {0..9}
DISCRETE V52 {0..9}
DISCRETE V53 {0..9}
DISCRETE V54 {0..9}
DISCRETE V55 {8..8}
DISCRETE V56 {3..3}
DISCRETE V57 {6..6}
DISCRETE V58 {7..7}
DISCRETE V59 {0..9}
DISCRETE V60 {7..7}
DISCRETE V61 {0..9}
DISCRETE V62 {0..9}
DISCRETE V63 {6..6}
DISCRETE V64 {8..8}
DISCRETE V65 {0..0}
DISCRETE V66 {0..9}
DISCRETE V67 {0..9}
DISCRETE V68 {1..1}
DISCRETE V69 {0..9}
DISCRETE V70 {0..9}
DISCRETE V71 {0..9}
DISCRETE V72 {0..9}
DISCRETE V73 {0..9}
DISCRETE V74 {0..0}
DISCRETE V75 {0..9}
DISCRETE V76 {2..2}
DISCRETE V77 {4..4}
DISCRETE V78 {6..6}
DISCRETE V79 {1..1}
DISCRETE V80 {3..3}
DISCRETE V81 {9..9}
DISCRETE V82 {0..9}
DISCRETE V83 {8..8}
DISCRETE V84 {0..9}
DISCRETE V85 {0..9}
DISCRETE V86 {0..9}
DISCRETE V87 {0..0}
DISCRETE V88 {0..9}
DISCRETE V89 {0..9}
DISCRETE V90 {0..9}
DISCRETE V91 {6..6}
DISCRETE V92 {4..4}
DISCRETE V93 {0..9}
DISCRETE V94 {0..9}
DISCRETE V95 {5..5}
DISCRETE V96 {0..9}
DISCRETE V97 {0..9}
DISCRETE V98 {0..9}
DISCRETE V99 {3..3}

# aliases

**SEARCH**

PRINT [
[V0],[V1],[V2],[V3],[V4],[V5],[V6],[V7],
[V8],[V9],[V10],[V11],[V12],[V13],[V14],[V15],
[V16],[V17],[V18],[V19],[V20],[V21],[V22],[V23],
[V24],[V25],[V26],[V27],[V28],[V29],[V30],[V31],
[V32],[V33],[V34],[V35],[V36],[V37],[V38],[V39],
[V40],[V41],[V42],[V43],[V44],[V45],[V46],[V47],
[V48],[V49],[V50],[V51],[V52],[V53],[V54],[V55],
[V56],[V57],[V58],[V59],[V60],[V61],[V62],[V63],
[V64],[V65],[V66],[V67],[V68],[V69],[V70],[V71],
[V72],[V73],[V74],[V75],[V76],[V77],[V78],[V79],
[V80],[V81],[V82],[V83],[V84],[V85],[V86],[V87],
[V88],[V89],[V90],[V91],[V92],[V93],[V94],[V95],
[V96],[V97],[V98],[V99]]

VARORDER [
V0,V1,V2,V3,V4,V5,V6,V7,
V8,V9,V10,V11,V12,V13,V14,V15,
V16,V17,V18,V19,V20,V21,V22,V23,
V24,V25,V26,V27,V28,V29,V30,V31,
V32,V33,V34,V35,V36,V37,V38,V39,
V40,V41,V42,V43,V44,V45,V46,V47,
V48,V49,V50,V51,V52,V53,V54,V55,
V56,V57,V58,V59,V60,V61,V62,V63,
V64,V65,V66,V67,V68,V69,V70,V71,
V72,V73,V74,V75,V76,V77,V78,V79,
V80,V81,V82,V83,V84,V85,V86,V87,
V88,V89,V90,V91,V92,V93,V94,V95,
V96,V97,V98,V99]


**CONSTRAINTS**

diseq(3, V98)
diseq(3, V97)
negativetable([V97,V98],{<0,0>, <1,1>, <2,2>, <3,3>, <4,4>, <5,5>, <6,6>, <7,7>, <8,8>, <9,9>})
diseq(3, V96)
negativetable([V96,V98],{<0,0>, <1,1>, <2,2>, <3,3>, <4,4>, <5,5>, <6,6>, <7,7>, <8,8>, <9,9>})
negativetable([V96,V97],{<0,0>, <1,1>, <2,2>, <3,3>, <4,4>, <5,5>, <6,6>, <7,7>, <8,8>, <9,9>})
diseq(5, V98)
diseq(5, V97)
diseq(5, V96)
diseq(3, V94)
negativetable([V94,V98],{<0,0>, <1,1>, <2,2>, <3,3>, <4,4>, <5,5>, <6,6>, <7,7>, <8,8>, <9,9>})
negativetable([V94,V97],{<0,0>, <1,1>, <2,2>, <3,3>, <4,4>, <5,5>, <6,6>, <7,7>, <8,8>, <9,9>})
negativetable([V94,V96],{<0,0>, <1,1>, <2,2>, <3,3>, <4,4>, <5,5>, <6,6>, <7,7>, <8,8>, <9,9>})
diseq(5, V94)
diseq(3, V93)
negativetable([V93,V98],{<0,0>, <1,1>, <2,2>, <3,3>, <4,4>, <5,5>, <6,6>, <7,7>, <8,8>, <9,9>})
negativetable([V93,V97],{<0,0>, <1,1>, <2,2>, <3,3>, <4,4>, <5,5>, <6,6>, <7,7>, <8,8>, <9,9>})
negativetable([V93,V96],{<0,0>, <1,1>, <2,2>, <3,3>, <4,4>, <5,5>, <6,6>, <7,7>, <8,8>, <9,9>})
diseq(5, V93)
negativetable([V93,V94],{<0,0>, <1,1>, <2,2>, <3,3>, <4,4>, <5,5>, <6,6>, <7,7>, <8,8>, <9,9>})
diseq(4, V98)
diseq(4, V97)
diseq(4, V96)
diseq(4, V94)
diseq(4, V93)
diseq(6, V98)
diseq(6, V97)
diseq(6, V96)
diseq(6, V94)
diseq(6, V93)
diseq(3, V90)
negativetable([V90,V98],{<0,0>, <1,1>, <2,2>, <3,3>, <4,4>, <5,5>, <6,6>, <7,7>, <8,8>, <9,9>})
negativetable([V90,V97],{<0,0>, <1,1>, <2,2>, <3,3>, <4,4>, <5,5>, <6,6>, <7,7>, <8,8>, <9,9>})
negativetable([V90,V96],{<0,0>, <1,1>, <2,2>, <3,3>, <4,4>, <5,5>, <6,6>, <7,7>, <8,8>, <9,9>})
diseq(5, V90)
negativetable([V90,V94],{<0,0>, <1,1>, <2,2>, <3,3>, <4,4>, <5,5>, <6,6>, <7,7>, <8,8>, <9,9>})
negativetable([V90,V93],{<0,0>, <1,1>, <2,2>, <3,3>, <4,4>, <5,5>, <6,6>, <7,7>, <8,8>, <9,9>})
diseq(4, V90)
diseq(6, V90)
diseq(3, V89)
negativetable([V88,V98],{<0,0>, <1,1>, <2,2>, <3,3>, <4,4>, <5,5>, <6,6>, <7,7>, <8,8>, <9,9>})
negativetable([V88,V89],{<0,0>, <1,1>, <2,2>, <3,3>, <4,4>, <5,5>, <6,6>, <7,7>, <8,8>, <9,9>})
diseq(0, V89)
diseq(0, V88)
diseq(0, V97)
negativetable([V86,V89],{<0,0>, <1,1>, <2,2>, <3,3>, <4,4>, <5,5>, <6,6>, <7,7>, <8,8>, <9,9>})
negativetable([V86,V88],{<0,0>, <1,1>, <2,2>, <3,3>, <4,4>, <5,5>, <6,6>, <7,7>, <8,8>, <9,9>})
diseq(0, V86)
negativetable([V86,V96],{<0,0>, <1,1>, <2,2>, <3,3>, <4,4>, <5,5>, <6,6>, <7,7>, <8,8>, <9,9>})
negativetable([V85,V89],{<0,0>, <1,1>, <2,2>, <3,3>, <4,4>, <5,5>, <6,6>, <7,7>, <8,8>, <9,9>})
negativetable([V85,V88],{<0,0>, <1,1>, <2,2>, <3,3>, <4,4>, <5,5>, <6,6>, <7,7>, <8,8>, <9,9>})
diseq(0, V85)
negativetable([V85,V86],{<0,0>, <1,1>, <2,2>, <3,3>, <4,4>, <5,5>, <6,6>, <7,7>, <8,8>, <9,9>})
diseq(5, V85)
negativetable([V84,V89],{<0,0>, <1,1>, <2,2>, <3,3>, <4,4>, <5,5>, <6,6>, <7,7>, <8,8>, <9,9>})
negativetable([V84,V88],{<0,0>, <1,1>, <2,2>, <3,3>, <4,4>, <5,5>, <6,6>, <7,7>, <8,8>, <9,9>})
diseq(0, V84)
negativetable([V84,V86],{<0,0>, <1,1>, <2,2>, <3,3>, <4,4>, <5,5>, <6,6>, <7,7>, <8,8>, <9,9>})
negativetable([V84,V85],{<0,0>, <1,1>, <2,2>, <3,3>, <4,4>, <5,5>, <6,6>, <7,7>, <8,8>, <9,9>})
negativetable([V84,V94],{<0,0>, <1,1>, <2,2>, <3,3>, <4,4>, <5,5>, <6,6>, <7,7>, <8,8>, <9,9>})
diseq(8, V89)
diseq(8, V88)
diseq(8, V86)
diseq(8, V85)
diseq(8, V84)
diseq(8, V93)
negativetable([V82,V89],{<0,0>, <1,1>, <2,2>, <3,3>, <4,4>, <5,5>, <6,6>, <7,7>, <8,8>, <9,9>})
negativetable([V82,V88],{<0,0>, <1,1>, <2,2>, <3,3>, <4,4>, <5,5>, <6,6>, <7,7>, <8,8>, <9,9>})
diseq(0, V82)
negativetable([V82,V86],{<0,0>, <1,1>, <2,2>, <3,3>, <4,4>, <5,5>, <6,6>, <7,7>, <8,8>, <9,9>})
negativetable([V82,V85],{<0,0>, <1,1>, <2,2>, <3,3>, <4,4>, <5,5>, <6,6>, <7,7>, <8,8>, <9,9>})
negativetable([V82,V84],{<0,0>, <1,1>, <2,2>, <3,3>, <4,4>, <5,5>, <6,6>, <7,7>, <8,8>, <9,9>})
diseq(8, V82)
diseq(4, V82)
diseq(9, V89)
diseq(9, V88)
diseq(9, V86)
diseq(9, V85)
diseq(9, V84)
diseq(9, V82)
diseq(3, V89)
diseq(3, V88)
diseq(3, V86)
diseq(3, V85)
diseq(3, V84)
diseq(3, V82)
diseq(3, V90)
diseq(1, V89)
diseq(6, V98)
diseq(6, V88)
diseq(4, V97)
diseq(2, V96)
diseq(2, V86)
diseq(1, V75)
diseq(6, V75)
diseq(4, V75)
diseq(2, V75)
diseq(5, V75)
negativetable([V75,V85],{<0,0>, <1,1>, <2,2>, <3,3>, <4,4>, <5,5>, <6,6>, <7,7>, <8,8>, <9,9>})
diseq(0, V75)
diseq(0, V94)
diseq(0, V84)
diseq(1, V73)
diseq(6, V73)
diseq(4, V73)
diseq(2, V73)
negativetable([V73,V75],{<0,0>, <1,1>, <2,2>, <3,3>, <4,4>, <5,5>, <6,6>, <7,7>, <8,8>, <9,9>})
diseq(0, V73)
negativetable([V73,V93],{<0,0>, <1,1>, <2,2>, <3,3>, <4,4>, <5,5>, <6,6>, <7,7>, <8,8>, <9,9>})
diseq(8, V73)
diseq(1, V72)
diseq(6, V72)
diseq(4, V72)
diseq(2, V72)
negativetable([V72,V75],{<0,0>, <1,1>, <2,2>, <3,3>, <4,4>, <5,5>, <6,6>, <7,7>, <8,8>, <9,9>})
diseq(0, V72)
negativetable([V72,V73],{<0,0>, <1,1>, <2,2>, <3,3>, <4,4>, <5,5>, <6,6>, <7,7>, <8,8>, <9,9>})
diseq(4, V72)
negativetable([V72,V82],{<0,0>, <1,1>, <2,2>, <3,3>, <4,4>, <5,5>, <6,6>, <7,7>, <8,8>, <9,9>})
diseq(1, V71)
diseq(6, V71)
diseq(4, V71)
diseq(2, V71)
negativetable([V71,V75],{<0,0>, <1,1>, <2,2>, <3,3>, <4,4>, <5,5>, <6,6>, <7,7>, <8,8>, <9,9>})
diseq(0, V71)
negativetable([V71,V73],{<0,0>, <1,1>, <2,2>, <3,3>, <4,4>, <5,5>, <6,6>, <7,7>, <8,8>, <9,9>})
negativetable([V71,V72],{<0,0>, <1,1>, <2,2>, <3,3>, <4,4>, <5,5>, <6,6>, <7,7>, <8,8>, <9,9>})
diseq(6, V71)
diseq(9, V71)
diseq(1, V70)
diseq(6, V70)
diseq(4, V70)
diseq(2, V70)
negativetable([V70,V75],{<0,0>, <1,1>, <2,2>, <3,3>, <4,4>, <5,5>, <6,6>, <7,7>, <8,8>, <9,9>})
diseq(0, V70)
negativetable([V70,V73],{<0,0>, <1,1>, <2,2>, <3,3>, <4,4>, <5,5>, <6,6>, <7,7>, <8,8>, <9,9>})
negativetable([V70,V72],{<0,0>, <1,1>, <2,2>, <3,3>, <4,4>, <5,5>, <6,6>, <7,7>, <8,8>, <9,9>})
negativetable([V70,V71],{<0,0>, <1,1>, <2,2>, <3,3>, <4,4>, <5,5>, <6,6>, <7,7>, <8,8>, <9,9>})
negativetable([V70,V90],{<0,0>, <1,1>, <2,2>, <3,3>, <4,4>, <5,5>, <6,6>, <7,7>, <8,8>, <9,9>})
diseq(3, V70)
diseq(3, V69)
negativetable([V69,V89],{<0,0>, <1,1>, <2,2>, <3,3>, <4,4>, <5,5>, <6,6>, <7,7>, <8,8>, <9,9>})
diseq(1, V69)
diseq(1, V98)
diseq(1, V88)
diseq(1, V69)
negativetable([V67,V97],{<0,0>, <1,1>, <2,2>, <3,3>, <4,4>, <5,5>, <6,6>, <7,7>, <8,8>, <9,9>})
diseq(0, V67)
diseq(4, V67)
negativetable([V67,V69],{<0,0>, <1,1>, <2,2>, <3,3>, <4,4>, <5,5>, <6,6>, <7,7>, <8,8>, <9,9>})
diseq(1, V67)
negativetable([V66,V96],{<0,0>, <1,1>, <2,2>, <3,3>, <4,4>, <5,5>, <6,6>, <7,7>, <8,8>, <9,9>})
negativetable([V66,V86],{<0,0>, <1,1>, <2,2>, <3,3>, <4,4>, <5,5>, <6,6>, <7,7>, <8,8>, <9,9>})
diseq(2, V66)
negativetable([V66,V69],{<0,0>, <1,1>, <2,2>, <3,3>, <4,4>, <5,5>, <6,6>, <7,7>, <8,8>, <9,9>})
diseq(1, V66)
negativetable([V66,V67],{<0,0>, <1,1>, <2,2>, <3,3>, <4,4>, <5,5>, <6,6>, <7,7>, <8,8>, <9,9>})
diseq(0, V69)
diseq(0, V67)
diseq(0, V66)
diseq(0, V85)
diseq(0, V75)
diseq(8, V69)
diseq(8, V67)
diseq(8, V66)
diseq(8, V94)
diseq(8, V84)
diseq(6, V69)
diseq(6, V67)
diseq(6, V66)
diseq(6, V93)
diseq(6, V73)
negativetable([V62,V69],{<0,0>, <1,1>, <2,2>, <3,3>, <4,4>, <5,5>, <6,6>, <7,7>, <8,8>, <9,9>})
diseq(1, V62)
negativetable([V62,V67],{<0,0>, <1,1>, <2,2>, <3,3>, <4,4>, <5,5>, <6,6>, <7,7>, <8,8>, <9,9>})
negativetable([V62,V66],{<0,0>, <1,1>, <2,2>, <3,3>, <4,4>, <5,5>, <6,6>, <7,7>, <8,8>, <9,9>})
diseq(0, V62)
diseq(8, V62)
diseq(6, V62)
diseq(4, V62)
negativetable([V62,V82],{<0,0>, <1,1>, <2,2>, <3,3>, <4,4>, <5,5>, <6,6>, <7,7>, <8,8>, <9,9>})
negativetable([V62,V72],{<0,0>, <1,1>, <2,2>, <3,3>, <4,4>, <5,5>, <6,6>, <7,7>, <8,8>, <9,9>})
negativetable([V61,V69],{<0,0>, <1,1>, <2,2>, <3,3>, <4,4>, <5,5>, <6,6>, <7,7>, <8,8>, <9,9>})
diseq(1, V61)
negativetable([V61,V67],{<0,0>, <1,1>, <2,2>, <3,3>, <4,4>, <5,5>, <6,6>, <7,7>, <8,8>, <9,9>})
negativetable([V61,V66],{<0,0>, <1,1>, <2,2>, <3,3>, <4,4>, <5,5>, <6,6>, <7,7>, <8,8>, <9,9>})
diseq(0, V61)
diseq(8, V61)
diseq(6, V61)
negativetable([V61,V62],{<0,0>, <1,1>, <2,2>, <3,3>, <4,4>, <5,5>, <6,6>, <7,7>, <8,8>, <9,9>})
diseq(6, V61)
diseq(9, V61)
negativetable([V61,V71],{<0,0>, <1,1>, <2,2>, <3,3>, <4,4>, <5,5>, <6,6>, <7,7>, <8,8>, <9,9>})
diseq(7, V69)
diseq(7, V67)
diseq(7, V66)
diseq(7, V62)
diseq(7, V61)
diseq(7, V90)
diseq(7, V70)
diseq(3, V59)
negativetable([V59,V89],{<0,0>, <1,1>, <2,2>, <3,3>, <4,4>, <5,5>, <6,6>, <7,7>, <8,8>, <9,9>})
diseq(1, V59)
negativetable([V59,V69],{<0,0>, <1,1>, <2,2>, <3,3>, <4,4>, <5,5>, <6,6>, <7,7>, <8,8>, <9,9>})
diseq(7, V98)
diseq(7, V88)
diseq(7, V59)
diseq(6, V97)
diseq(6, V67)
diseq(6, V59)
diseq(3, V96)
diseq(3, V86)
diseq(3, V66)
diseq(3, V59)
diseq(8, V85)
diseq(8, V75)
diseq(8, V59)
negativetable([V54,V59],{<0,0>, <1,1>, <2,2>, <3,3>, <4,4>, <5,5>, <6,6>, <7,7>, <8,8>, <9,9>})
diseq(7, V54)
diseq(6, V54)
diseq(3, V54)
diseq(8, V54)
negativetable([V54,V94],{<0,0>, <1,1>, <2,2>, <3,3>, <4,4>, <5,5>, <6,6>, <7,7>, <8,8>, <9,9>})
negativetable([V54,V84],{<0,0>, <1,1>, <2,2>, <3,3>, <4,4>, <5,5>, <6,6>, <7,7>, <8,8>, <9,9>})
diseq(0, V54)
diseq(8, V54)
negativetable([V53,V59],{<0,0>, <1,1>, <2,2>, <3,3>, <4,4>, <5,5>, <6,6>, <7,7>, <8,8>, <9,9>})
diseq(7, V53)
diseq(6, V53)
diseq(3, V53)
diseq(8, V53)
negativetable([V53,V54],{<0,0>, <1,1>, <2,2>, <3,3>, <4,4>, <5,5>, <6,6>, <7,7>, <8,8>, <9,9>})
negativetable([V53,V93],{<0,0>, <1,1>, <2,2>, <3,3>, <4,4>, <5,5>, <6,6>, <7,7>, <8,8>, <9,9>})
diseq(8, V53)
negativetable([V53,V73],{<0,0>, <1,1>, <2,2>, <3,3>, <4,4>, <5,5>, <6,6>, <7,7>, <8,8>, <9,9>})
diseq(6, V53)
negativetable([V52,V59],{<0,0>, <1,1>, <2,2>, <3,3>, <4,4>, <5,5>, <6,6>, <7,7>, <8,8>, <9,9>})
diseq(7, V52)
diseq(6, V52)
diseq(3, V52)
diseq(8, V52)
negativetable([V52,V54],{<0,0>, <1,1>, <2,2>, <3,3>, <4,4>, <5,5>, <6,6>, <7,7>, <8,8>, <9,9>})
negativetable([V52,V53],{<0,0>, <1,1>, <2,2>, <3,3>, <4,4>, <5,5>, <6,6>, <7,7>, <8,8>, <9,9>})
diseq(4, V52)
negativetable([V52,V82],{<0,0>, <1,1>, <2,2>, <3,3>, <4,4>, <5,5>, <6,6>, <7,7>, <8,8>, <9,9>})
negativetable([V52,V72],{<0,0>, <1,1>, <2,2>, <3,3>, <4,4>, <5,5>, <6,6>, <7,7>, <8,8>, <9,9>})
negativetable([V52,V62],{<0,0>, <1,1>, <2,2>, <3,3>, <4,4>, <5,5>, <6,6>, <7,7>, <8,8>, <9,9>})
negativetable([V51,V59],{<0,0>, <1,1>, <2,2>, <3,3>, <4,4>, <5,5>, <6,6>, <7,7>, <8,8>, <9,9>})
diseq(7, V51)
diseq(6, V51)
diseq(3, V51)
diseq(8, V51)
negativetable([V51,V54],{<0,0>, <1,1>, <2,2>, <3,3>, <4,4>, <5,5>, <6,6>, <7,7>, <8,8>, <9,9>})
negativetable([V51,V53],{<0,0>, <1,1>, <2,2>, <3,3>, <4,4>, <5,5>, <6,6>, <7,7>, <8,8>, <9,9>})
negativetable([V51,V52],{<0,0>, <1,1>, <2,2>, <3,3>, <4,4>, <5,5>, <6,6>, <7,7>, <8,8>, <9,9>})
diseq(6, V51)
diseq(9, V51)
negativetable([V51,V71],{<0,0>, <1,1>, <2,2>, <3,3>, <4,4>, <5,5>, <6,6>, <7,7>, <8,8>, <9,9>})
negativetable([V51,V61],{<0,0>, <1,1>, <2,2>, <3,3>, <4,4>, <5,5>, <6,6>, <7,7>, <8,8>, <9,9>})
negativetable([V50,V59],{<0,0>, <1,1>, <2,2>, <3,3>, <4,4>, <5,5>, <6,6>, <7,7>, <8,8>, <9,9>})
diseq(7, V50)
diseq(6, V50)
diseq(3, V50)
diseq(8, V50)
negativetable([V50,V54],{<0,0>, <1,1>, <2,2>, <3,3>, <4,4>, <5,5>, <6,6>, <7,7>, <8,8>, <9,9>})
negativetable([V50,V53],{<0,0>, <1,1>, <2,2>, <3,3>, <4,4>, <5,5>, <6,6>, <7,7>, <8,8>, <9,9>})
negativetable([V50,V52],{<0,0>, <1,1>, <2,2>, <3,3>, <4,4>, <5,5>, <6,6>, <7,7>, <8,8>, <9,9>})
negativetable([V50,V51],{<0,0>, <1,1>, <2,2>, <3,3>, <4,4>, <5,5>, <6,6>, <7,7>, <8,8>, <9,9>})
negativetable([V50,V90],{<0,0>, <1,1>, <2,2>, <3,3>, <4,4>, <5,5>, <6,6>, <7,7>, <8,8>, <9,9>})
diseq(3, V50)
negativetable([V50,V70],{<0,0>, <1,1>, <2,2>, <3,3>, <4,4>, <5,5>, <6,6>, <7,7>, <8,8>, <9,9>})
diseq(7, V50)
diseq(0, V89)
diseq(0, V69)
diseq(0, V59)
negativetable([V48,V98],{<0,0>, <1,1>, <2,2>, <3,3>, <4,4>, <5,5>, <6,6>, <7,7>, <8,8>, <9,9>})
negativetable([V48,V88],{<0,0>, <1,1>, <2,2>, <3,3>, <4,4>, <5,5>, <6,6>, <7,7>, <8,8>, <9,9>})
diseq(6, V48)
diseq(1, V48)
diseq(7, V48)
diseq(0, V48)
diseq(5, V97)
diseq(5, V67)
diseq(5, V48)
negativetable([V46,V96],{<0,0>, <1,1>, <2,2>, <3,3>, <4,4>, <5,5>, <6,6>, <7,7>, <8,8>, <9,9>})
negativetable([V46,V86],{<0,0>, <1,1>, <2,2>, <3,3>, <4,4>, <5,5>, <6,6>, <7,7>, <8,8>, <9,9>})
diseq(2, V46)
negativetable([V46,V66],{<0,0>, <1,1>, <2,2>, <3,3>, <4,4>, <5,5>, <6,6>, <7,7>, <8,8>, <9,9>})
diseq(3, V46)
diseq(0, V46)
negativetable([V46,V48],{<0,0>, <1,1>, <2,2>, <3,3>, <4,4>, <5,5>, <6,6>, <7,7>, <8,8>, <9,9>})
diseq(5, V46)
diseq(2, V85)
diseq(2, V75)
diseq(2, V48)
diseq(2, V46)
negativetable([V44,V94],{<0,0>, <1,1>, <2,2>, <3,3>, <4,4>, <5,5>, <6,6>, <7,7>, <8,8>, <9,9>})
negativetable([V44,V84],{<0,0>, <1,1>, <2,2>, <3,3>, <4,4>, <5,5>, <6,6>, <7,7>, <8,8>, <9,9>})
diseq(0, V44)
diseq(8, V44)
negativetable([V44,V54],{<0,0>, <1,1>, <2,2>, <3,3>, <4,4>, <5,5>, <6,6>, <7,7>, <8,8>, <9,9>})
diseq(0, V44)
negativetable([V44,V48],{<0,0>, <1,1>, <2,2>, <3,3>, <4,4>, <5,5>, <6,6>, <7,7>, <8,8>, <9,9>})
diseq(5, V44)
negativetable([V44,V46],{<0,0>, <1,1>, <2,2>, <3,3>, <4,4>, <5,5>, <6,6>, <7,7>, <8,8>, <9,9>})
diseq(2, V44)
diseq(0, V43)
negativetable([V43,V48],{<0,0>, <1,1>, <2,2>, <3,3>, <4,4>, <5,5>, <6,6>, <7,7>, <8,8>, <9,9>})
diseq(5, V43)
negativetable([V43,V46],{<0,0>, <1,1>, <2,2>, <3,3>, <4,4>, <5,5>, <6,6>, <7,7>, <8,8>, <9,9>})
diseq(2, V43)
negativetable([V43,V44],{<0,0>, <1,1>, <2,2>, <3,3>, <4,4>, <5,5>, <6,6>, <7,7>, <8,8>, <9,9>})
negativetable([V43,V93],{<0,0>, <1,1>, <2,2>, <3,3>, <4,4>, <5,5>, <6,6>, <7,7>, <8,8>, <9,9>})
diseq(8, V43)
negativetable([V43,V73],{<0,0>, <1,1>, <2,2>, <3,3>, <4,4>, <5,5>, <6,6>, <7,7>, <8,8>, <9,9>})
diseq(6, V43)
negativetable([V43,V53],{<0,0>, <1,1>, <2,2>, <3,3>, <4,4>, <5,5>, <6,6>, <7,7>, <8,8>, <9,9>})
diseq(1, V48)
diseq(1, V46)
diseq(1, V44)
diseq(1, V43)
diseq(1, V82)
diseq(1, V72)
diseq(1, V62)
diseq(1, V52)
diseq(0, V41)
negativetable([V41,V48],{<0,0>, <1,1>, <2,2>, <3,3>, <4,4>, <5,5>, <6,6>, <7,7>, <8,8>, <9,9>})
diseq(5, V41)
negativetable([V41,V46],{<0,0>, <1,1>, <2,2>, <3,3>, <4,4>, <5,5>, <6,6>, <7,7>, <8,8>, <9,9>})
diseq(2, V41)
negativetable([V41,V44],{<0,0>, <1,1>, <2,2>, <3,3>, <4,4>, <5,5>, <6,6>, <7,7>, <8,8>, <9,9>})
negativetable([V41,V43],{<0,0>, <1,1>, <2,2>, <3,3>, <4,4>, <5,5>, <6,6>, <7,7>, <8,8>, <9,9>})
diseq(1, V41)
diseq(6, V41)
diseq(9, V41)
negativetable([V41,V71],{<0,0>, <1,1>, <2,2>, <3,3>, <4,4>, <5,5>, <6,6>, <7,7>, <8,8>, <9,9>})
negativetable([V41,V61],{<0,0>, <1,1>, <2,2>, <3,3>, <4,4>, <5,5>, <6,6>, <7,7>, <8,8>, <9,9>})
negativetable([V41,V51],{<0,0>, <1,1>, <2,2>, <3,3>, <4,4>, <5,5>, <6,6>, <7,7>, <8,8>, <9,9>})
diseq(0, V40)
negativetable([V40,V48],{<0,0>, <1,1>, <2,2>, <3,3>, <4,4>, <5,5>, <6,6>, <7,7>, <8,8>, <9,9>})
diseq(5, V40)
negativetable([V40,V46],{<0,0>, <1,1>, <2,2>, <3,3>, <4,4>, <5,5>, <6,6>, <7,7>, <8,8>, <9,9>})
diseq(2, V40)
negativetable([V40,V44],{<0,0>, <1,1>, <2,2>, <3,3>, <4,4>, <5,5>, <6,6>, <7,7>, <8,8>, <9,9>})
negativetable([V40,V43],{<0,0>, <1,1>, <2,2>, <3,3>, <4,4>, <5,5>, <6,6>, <7,7>, <8,8>, <9,9>})
diseq(1, V40)
negativetable([V40,V41],{<0,0>, <1,1>, <2,2>, <3,3>, <4,4>, <5,5>, <6,6>, <7,7>, <8,8>, <9,9>})
negativetable([V40,V90],{<0,0>, <1,1>, <2,2>, <3,3>, <4,4>, <5,5>, <6,6>, <7,7>, <8,8>, <9,9>})
diseq(3, V40)
negativetable([V40,V70],{<0,0>, <1,1>, <2,2>, <3,3>, <4,4>, <5,5>, <6,6>, <7,7>, <8,8>, <9,9>})
diseq(7, V40)
negativetable([V40,V50],{<0,0>, <1,1>, <2,2>, <3,3>, <4,4>, <5,5>, <6,6>, <7,7>, <8,8>, <9,9>})
diseq(3, V39)
negativetable([V39,V89],{<0,0>, <1,1>, <2,2>, <3,3>, <4,4>, <5,5>, <6,6>, <7,7>, <8,8>, <9,9>})
diseq(1, V39)
negativetable([V39,V69],{<0,0>, <1,1>, <2,2>, <3,3>, <4,4>, <5,5>, <6,6>, <7,7>, <8,8>, <9,9>})
negativetable([V39,V59],{<0,0>, <1,1>, <2,2>, <3,3>, <4,4>, <5,5>, <6,6>, <7,7>, <8,8>, <9,9>})
diseq(0, V39)
negativetable([V38,V98],{<0,0>, <1,1>, <2,2>, <3,3>, <4,4>, <5,5>, <6,6>, <7,7>, <8,8>, <9,9>})
negativetable([V38,V88],{<0,0>, <1,1>, <2,2>, <3,3>, <4,4>, <5,5>, <6,6>, <7,7>, <8,8>, <9,9>})
diseq(6, V38)
diseq(1, V38)
diseq(7, V38)
negativetable([V38,V48],{<0,0>, <1,1>, <2,2>, <3,3>, <4,4>, <5,5>, <6,6>, <7,7>, <8,8>, <9,9>})
negativetable([V38,V39],{<0,0>, <1,1>, <2,2>, <3,3>, <4,4>, <5,5>, <6,6>, <7,7>, <8,8>, <9,9>})
negativetable([V37,V97],{<0,0>, <1,1>, <2,2>, <3,3>, <4,4>, <5,5>, <6,6>, <7,7>, <8,8>, <9,9>})
diseq(0, V37)
diseq(4, V37)
negativetable([V37,V67],{<0,0>, <1,1>, <2,2>, <3,3>, <4,4>, <5,5>, <6,6>, <7,7>, <8,8>, <9,9>})
diseq(6, V37)
diseq(5, V37)
negativetable([V37,V39],{<0,0>, <1,1>, <2,2>, <3,3>, <4,4>, <5,5>, <6,6>, <7,7>, <8,8>, <9,9>})
negativetable([V37,V38],{<0,0>, <1,1>, <2,2>, <3,3>, <4,4>, <5,5>, <6,6>, <7,7>, <8,8>, <9,9>})
diseq(7, V96)
diseq(7, V86)
diseq(7, V66)
diseq(7, V46)
diseq(7, V39)
diseq(7, V38)
diseq(7, V37)
diseq(5, V35)
negativetable([V35,V85],{<0,0>, <1,1>, <2,2>, <3,3>, <4,4>, <5,5>, <6,6>, <7,7>, <8,8>, <9,9>})
negativetable([V35,V75],{<0,0>, <1,1>, <2,2>, <3,3>, <4,4>, <5,5>, <6,6>, <7,7>, <8,8>, <9,9>})
diseq(0, V35)
diseq(8, V35)
diseq(2, V35)
negativetable([V35,V39],{<0,0>, <1,1>, <2,2>, <3,3>, <4,4>, <5,5>, <6,6>, <7,7>, <8,8>, <9,9>})
negativetable([V35,V38],{<0,0>, <1,1>, <2,2>, <3,3>, <4,4>, <5,5>, <6,6>, <7,7>, <8,8>, <9,9>})
negativetable([V35,V37],{<0,0>, <1,1>, <2,2>, <3,3>, <4,4>, <5,5>, <6,6>, <7,7>, <8,8>, <9,9>})
diseq(7, V35)
negativetable([V34,V94],{<0,0>, <1,1>, <2,2>, <3,3>, <4,4>, <5,5>, <6,6>, <7,7>, <8,8>, <9,9>})
negativetable([V34,V84],{<0,0>, <1,1>, <2,2>, <3,3>, <4,4>, <5,5>, <6,6>, <7,7>, <8,8>, <9,9>})
diseq(0, V34)
diseq(8, V34)
negativetable([V34,V54],{<0,0>, <1,1>, <2,2>, <3,3>, <4,4>, <5,5>, <6,6>, <7,7>, <8,8>, <9,9>})
negativetable([V34,V44],{<0,0>, <1,1>, <2,2>, <3,3>, <4,4>, <5,5>, <6,6>, <7,7>, <8,8>, <9,9>})
negativetable([V34,V39],{<0,0>, <1,1>, <2,2>, <3,3>, <4,4>, <5,5>, <6,6>, <7,7>, <8,8>, <9,9>})
negativetable([V34,V38],{<0,0>, <1,1>, <2,2>, <3,3>, <4,4>, <5,5>, <6,6>, <7,7>, <8,8>, <9,9>})
negativetable([V34,V37],{<0,0>, <1,1>, <2,2>, <3,3>, <4,4>, <5,5>, <6,6>, <7,7>, <8,8>, <9,9>})
diseq(7, V34)
negativetable([V34,V35],{<0,0>, <1,1>, <2,2>, <3,3>, <4,4>, <5,5>, <6,6>, <7,7>, <8,8>, <9,9>})
diseq(5, V93)
diseq(5, V73)
diseq(5, V53)
diseq(5, V43)
diseq(5, V39)
diseq(5, V38)
diseq(5, V37)
diseq(5, V35)
diseq(5, V34)
negativetable([V32,V39],{<0,0>, <1,1>, <2,2>, <3,3>, <4,4>, <5,5>, <6,6>, <7,7>, <8,8>, <9,9>})
negativetable([V32,V38],{<0,0>, <1,1>, <2,2>, <3,3>, <4,4>, <5,5>, <6,6>, <7,7>, <8,8>, <9,9>})
negativetable([V32,V37],{<0,0>, <1,1>, <2,2>, <3,3>, <4,4>, <5,5>, <6,6>, <7,7>, <8,8>, <9,9>})
diseq(7, V32)
negativetable([V32,V35],{<0,0>, <1,1>, <2,2>, <3,3>, <4,4>, <5,5>, <6,6>, <7,7>, <8,8>, <9,9>})
negativetable([V32,V34],{<0,0>, <1,1>, <2,2>, <3,3>, <4,4>, <5,5>, <6,6>, <7,7>, <8,8>, <9,9>})
diseq(5, V32)
diseq(4, V32)
negativetable([V32,V82],{<0,0>, <1,1>, <2,2>, <3,3>, <4,4>, <5,5>, <6,6>, <7,7>, <8,8>, <9,9>})
negativetable([V32,V72],{<0,0>, <1,1>, <2,2>, <3,3>, <4,4>, <5,5>, <6,6>, <7,7>, <8,8>, <9,9>})
negativetable([V32,V62],{<0,0>, <1,1>, <2,2>, <3,3>, <4,4>, <5,5>, <6,6>, <7,7>, <8,8>, <9,9>})
negativetable([V32,V52],{<0,0>, <1,1>, <2,2>, <3,3>, <4,4>, <5,5>, <6,6>, <7,7>, <8,8>, <9,9>})
diseq(1, V32)
diseq(0, V39)
diseq(0, V38)
diseq(0, V37)
diseq(0, V35)
diseq(0, V34)
diseq(0, V32)
diseq(0, V71)
diseq(0, V61)
diseq(0, V51)
diseq(0, V41)
diseq(9, V39)
diseq(9, V38)
diseq(9, V37)
diseq(9, V35)
diseq(9, V34)
diseq(9, V32)
diseq(9, V90)
diseq(9, V70)
diseq(9, V50)
diseq(9, V40)
diseq(7, V89)
diseq(7, V69)
diseq(7, V59)
diseq(7, V39)
negativetable([V28,V98],{<0,0>, <1,1>, <2,2>, <3,3>, <4,4>, <5,5>, <6,6>, <7,7>, <8,8>, <9,9>})
negativetable([V28,V88],{<0,0>, <1,1>, <2,2>, <3,3>, <4,4>, <5,5>, <6,6>, <7,7>, <8,8>, <9,9>})
diseq(6, V28)
diseq(1, V28)
diseq(7, V28)
negativetable([V28,V48],{<0,0>, <1,1>, <2,2>, <3,3>, <4,4>, <5,5>, <6,6>, <7,7>, <8,8>, <9,9>})
negativetable([V28,V38],{<0,0>, <1,1>, <2,2>, <3,3>, <4,4>, <5,5>, <6,6>, <7,7>, <8,8>, <9,9>})
diseq(7, V28)
diseq(8, V97)
diseq(8, V67)
diseq(8, V37)
diseq(8, V28)
diseq(5, V96)
diseq(5, V86)
diseq(5, V66)
diseq(5, V46)
diseq(5, V28)
diseq(5, V25)
negativetable([V25,V85],{<0,0>, <1,1>, <2,2>, <3,3>, <4,4>, <5,5>, <6,6>, <7,7>, <8,8>, <9,9>})
negativetable([V25,V75],{<0,0>, <1,1>, <2,2>, <3,3>, <4,4>, <5,5>, <6,6>, <7,7>, <8,8>, <9,9>})
diseq(0, V25)
diseq(8, V25)
diseq(2, V25)
negativetable([V25,V35],{<0,0>, <1,1>, <2,2>, <3,3>, <4,4>, <5,5>, <6,6>, <7,7>, <8,8>, <9,9>})
diseq(7, V25)
negativetable([V25,V28],{<0,0>, <1,1>, <2,2>, <3,3>, <4,4>, <5,5>, <6,6>, <7,7>, <8,8>, <9,9>})
diseq(8, V25)
diseq(5, V25)
negativetable([V24,V94],{<0,0>, <1,1>, <2,2>, <3,3>, <4,4>, <5,5>, <6,6>, <7,7>, <8,8>, <9,9>})
negativetable([V24,V84],{<0,0>, <1,1>, <2,2>, <3,3>, <4,4>, <5,5>, <6,6>, <7,7>, <8,8>, <9,9>})
diseq(0, V24)
diseq(8, V24)
negativetable([V24,V54],{<0,0>, <1,1>, <2,2>, <3,3>, <4,4>, <5,5>, <6,6>, <7,7>, <8,8>, <9,9>})
negativetable([V24,V44],{<0,0>, <1,1>, <2,2>, <3,3>, <4,4>, <5,5>, <6,6>, <7,7>, <8,8>, <9,9>})
negativetable([V24,V34],{<0,0>, <1,1>, <2,2>, <3,3>, <4,4>, <5,5>, <6,6>, <7,7>, <8,8>, <9,9>})
diseq(7, V24)
negativetable([V24,V28],{<0,0>, <1,1>, <2,2>, <3,3>, <4,4>, <5,5>, <6,6>, <7,7>, <8,8>, <9,9>})
diseq(8, V24)
diseq(5, V24)
negativetable([V24,V25],{<0,0>, <1,1>, <2,2>, <3,3>, <4,4>, <5,5>, <6,6>, <7,7>, <8,8>, <9,9>})
negativetable([V23,V93],{<0,0>, <1,1>, <2,2>, <3,3>, <4,4>, <5,5>, <6,6>, <7,7>, <8,8>, <9,9>})
diseq(8, V23)
negativetable([V23,V73],{<0,0>, <1,1>, <2,2>, <3,3>, <4,4>, <5,5>, <6,6>, <7,7>, <8,8>, <9,9>})
diseq(6, V23)
negativetable([V23,V53],{<0,0>, <1,1>, <2,2>, <3,3>, <4,4>, <5,5>, <6,6>, <7,7>, <8,8>, <9,9>})
negativetable([V23,V43],{<0,0>, <1,1>, <2,2>, <3,3>, <4,4>, <5,5>, <6,6>, <7,7>, <8,8>, <9,9>})
diseq(5, V23)
diseq(7, V23)
negativetable([V23,V28],{<0,0>, <1,1>, <2,2>, <3,3>, <4,4>, <5,5>, <6,6>, <7,7>, <8,8>, <9,9>})
diseq(8, V23)
diseq(5, V23)
negativetable([V23,V25],{<0,0>, <1,1>, <2,2>, <3,3>, <4,4>, <5,5>, <6,6>, <7,7>, <8,8>, <9,9>})
negativetable([V23,V24],{<0,0>, <1,1>, <2,2>, <3,3>, <4,4>, <5,5>, <6,6>, <7,7>, <8,8>, <9,9>})
diseq(0, V82)
diseq(0, V72)
diseq(0, V62)
diseq(0, V52)
diseq(0, V32)
diseq(0, V28)
diseq(0, V25)
diseq(0, V24)
diseq(0, V23)
diseq(2, V28)
diseq(2, V25)
diseq(2, V24)
diseq(2, V23)
diseq(2, V71)
diseq(2, V61)
diseq(2, V51)
diseq(2, V41)
diseq(7, V20)
negativetable([V20,V28],{<0,0>, <1,1>, <2,2>, <3,3>, <4,4>, <5,5>, <6,6>, <7,7>, <8,8>, <9,9>})
diseq(8, V20)
diseq(5, V20)
negativetable([V20,V25],{<0,0>, <1,1>, <2,2>, <3,3>, <4,4>, <5,5>, <6,6>, <7,7>, <8,8>, <9,9>})
negativetable([V20,V24],{<0,0>, <1,1>, <2,2>, <3,3>, <4,4>, <5,5>, <6,6>, <7,7>, <8,8>, <9,9>})
negativetable([V20,V23],{<0,0>, <1,1>, <2,2>, <3,3>, <4,4>, <5,5>, <6,6>, <7,7>, <8,8>, <9,9>})
diseq(0, V20)
diseq(2, V20)
negativetable([V20,V90],{<0,0>, <1,1>, <2,2>, <3,3>, <4,4>, <5,5>, <6,6>, <7,7>, <8,8>, <9,9>})
diseq(3, V20)
negativetable([V20,V70],{<0,0>, <1,1>, <2,2>, <3,3>, <4,4>, <5,5>, <6,6>, <7,7>, <8,8>, <9,9>})
diseq(7, V20)
negativetable([V20,V50],{<0,0>, <1,1>, <2,2>, <3,3>, <4,4>, <5,5>, <6,6>, <7,7>, <8,8>, <9,9>})
negativetable([V20,V40],{<0,0>, <1,1>, <2,2>, <3,3>, <4,4>, <5,5>, <6,6>, <7,7>, <8,8>, <9,9>})
diseq(9, V20)
diseq(3, V19)
negativetable([V19,V89],{<0,0>, <1,1>, <2,2>, <3,3>, <4,4>, <5,5>, <6,6>, <7,7>, <8,8>, <9,9>})
diseq(1, V19)
negativetable([V19,V69],{<0,0>, <1,1>, <2,2>, <3,3>, <4,4>, <5,5>, <6,6>, <7,7>, <8,8>, <9,9>})
negativetable([V19,V59],{<0,0>, <1,1>, <2,2>, <3,3>, <4,4>, <5,5>, <6,6>, <7,7>, <8,8>, <9,9>})
diseq(0, V19)
negativetable([V19,V39],{<0,0>, <1,1>, <2,2>, <3,3>, <4,4>, <5,5>, <6,6>, <7,7>, <8,8>, <9,9>})
diseq(7, V19)
negativetable([V18,V98],{<0,0>, <1,1>, <2,2>, <3,3>, <4,4>, <5,5>, <6,6>, <7,7>, <8,8>, <9,9>})
negativetable([V18,V88],{<0,0>, <1,1>, <2,2>, <3,3>, <4,4>, <5,5>, <6,6>, <7,7>, <8,8>, <9,9>})
diseq(6, V18)
diseq(1, V18)
diseq(7, V18)
negativetable([V18,V48],{<0,0>, <1,1>, <2,2>, <3,3>, <4,4>, <5,5>, <6,6>, <7,7>, <8,8>, <9,9>})
negativetable([V18,V38],{<0,0>, <1,1>, <2,2>, <3,3>, <4,4>, <5,5>, <6,6>, <7,7>, <8,8>, <9,9>})
negativetable([V18,V28],{<0,0>, <1,1>, <2,2>, <3,3>, <4,4>, <5,5>, <6,6>, <7,7>, <8,8>, <9,9>})
negativetable([V18,V19],{<0,0>, <1,1>, <2,2>, <3,3>, <4,4>, <5,5>, <6,6>, <7,7>, <8,8>, <9,9>})
negativetable([V17,V97],{<0,0>, <1,1>, <2,2>, <3,3>, <4,4>, <5,5>, <6,6>, <7,7>, <8,8>, <9,9>})
diseq(0, V17)
diseq(4, V17)
negativetable([V17,V67],{<0,0>, <1,1>, <2,2>, <3,3>, <4,4>, <5,5>, <6,6>, <7,7>, <8,8>, <9,9>})
diseq(6, V17)
diseq(5, V17)
negativetable([V17,V37],{<0,0>, <1,1>, <2,2>, <3,3>, <4,4>, <5,5>, <6,6>, <7,7>, <8,8>, <9,9>})
diseq(8, V17)
negativetable([V17,V19],{<0,0>, <1,1>, <2,2>, <3,3>, <4,4>, <5,5>, <6,6>, <7,7>, <8,8>, <9,9>})
negativetable([V17,V18],{<0,0>, <1,1>, <2,2>, <3,3>, <4,4>, <5,5>, <6,6>, <7,7>, <8,8>, <9,9>})
negativetable([V16,V96],{<0,0>, <1,1>, <2,2>, <3,3>, <4,4>, <5,5>, <6,6>, <7,7>, <8,8>, <9,9>})
negativetable([V16,V86],{<0,0>, <1,1>, <2,2>, <3,3>, <4,4>, <5,5>, <6,6>, <7,7>, <8,8>, <9,9>})
diseq(2, V16)
negativetable([V16,V66],{<0,0>, <1,1>, <2,2>, <3,3>, <4,4>, <5,5>, <6,6>, <7,7>, <8,8>, <9,9>})
diseq(3, V16)
negativetable([V16,V46],{<0,0>, <1,1>, <2,2>, <3,3>, <4,4>, <5,5>, <6,6>, <7,7>, <8,8>, <9,9>})
diseq(7, V16)
diseq(5, V16)
negativetable([V16,V19],{<0,0>, <1,1>, <2,2>, <3,3>, <4,4>, <5,5>, <6,6>, <7,7>, <8,8>, <9,9>})
negativetable([V16,V18],{<0,0>, <1,1>, <2,2>, <3,3>, <4,4>, <5,5>, <6,6>, <7,7>, <8,8>, <9,9>})
negativetable([V16,V17],{<0,0>, <1,1>, <2,2>, <3,3>, <4,4>, <5,5>, <6,6>, <7,7>, <8,8>, <9,9>})
diseq(5, V15)
negativetable([V15,V85],{<0,0>, <1,1>, <2,2>, <3,3>, <4,4>, <5,5>, <6,6>, <7,7>, <8,8>, <9,9>})
negativetable([V15,V75],{<0,0>, <1,1>, <2,2>, <3,3>, <4,4>, <5,5>, <6,6>, <7,7>, <8,8>, <9,9>})
diseq(0, V15)
diseq(8, V15)
diseq(2, V15)
negativetable([V15,V35],{<0,0>, <1,1>, <2,2>, <3,3>, <4,4>, <5,5>, <6,6>, <7,7>, <8,8>, <9,9>})
negativetable([V15,V25],{<0,0>, <1,1>, <2,2>, <3,3>, <4,4>, <5,5>, <6,6>, <7,7>, <8,8>, <9,9>})
negativetable([V15,V19],{<0,0>, <1,1>, <2,2>, <3,3>, <4,4>, <5,5>, <6,6>, <7,7>, <8,8>, <9,9>})
negativetable([V15,V18],{<0,0>, <1,1>, <2,2>, <3,3>, <4,4>, <5,5>, <6,6>, <7,7>, <8,8>, <9,9>})
negativetable([V15,V17],{<0,0>, <1,1>, <2,2>, <3,3>, <4,4>, <5,5>, <6,6>, <7,7>, <8,8>, <9,9>})
negativetable([V15,V16],{<0,0>, <1,1>, <2,2>, <3,3>, <4,4>, <5,5>, <6,6>, <7,7>, <8,8>, <9,9>})
diseq(1, V94)
diseq(1, V84)
diseq(1, V54)
diseq(1, V44)
diseq(1, V34)
diseq(1, V24)
diseq(1, V19)
diseq(1, V18)
diseq(1, V17)
diseq(1, V16)
diseq(1, V15)
diseq(7, V93)
diseq(7, V73)
diseq(7, V53)
diseq(7, V43)
diseq(7, V23)
diseq(7, V19)
diseq(7, V18)
diseq(7, V17)
diseq(7, V16)
diseq(7, V15)
diseq(2, V82)
diseq(2, V72)
diseq(2, V62)
diseq(2, V52)
diseq(2, V32)
diseq(2, V19)
diseq(2, V18)
diseq(2, V17)
diseq(2, V16)
diseq(2, V15)
diseq(6, V11)
diseq(9, V11)
negativetable([V11,V71],{<0,0>, <1,1>, <2,2>, <3,3>, <4,4>, <5,5>, <6,6>, <7,7>, <8,8>, <9,9>})
negativetable([V11,V61],{<0,0>, <1,1>, <2,2>, <3,3>, <4,4>, <5,5>, <6,6>, <7,7>, <8,8>, <9,9>})
negativetable([V11,V51],{<0,0>, <1,1>, <2,2>, <3,3>, <4,4>, <5,5>, <6,6>, <7,7>, <8,8>, <9,9>})
negativetable([V11,V41],{<0,0>, <1,1>, <2,2>, <3,3>, <4,4>, <5,5>, <6,6>, <7,7>, <8,8>, <9,9>})
diseq(0, V11)
diseq(2, V11)
negativetable([V11,V19],{<0,0>, <1,1>, <2,2>, <3,3>, <4,4>, <5,5>, <6,6>, <7,7>, <8,8>, <9,9>})
negativetable([V11,V18],{<0,0>, <1,1>, <2,2>, <3,3>, <4,4>, <5,5>, <6,6>, <7,7>, <8,8>, <9,9>})
negativetable([V11,V17],{<0,0>, <1,1>, <2,2>, <3,3>, <4,4>, <5,5>, <6,6>, <7,7>, <8,8>, <9,9>})
negativetable([V11,V16],{<0,0>, <1,1>, <2,2>, <3,3>, <4,4>, <5,5>, <6,6>, <7,7>, <8,8>, <9,9>})
negativetable([V11,V15],{<0,0>, <1,1>, <2,2>, <3,3>, <4,4>, <5,5>, <6,6>, <7,7>, <8,8>, <9,9>})
diseq(1, V11)
diseq(7, V11)
diseq(2, V11)
diseq(8, V19)
diseq(8, V18)
diseq(8, V17)
diseq(8, V16)
diseq(8, V15)
diseq(8, V11)
diseq(8, V90)
diseq(8, V70)
diseq(8, V50)
diseq(8, V40)
diseq(8, V20)
diseq(3, V9)
negativetable([V9,V89],{<0,0>, <1,1>, <2,2>, <3,3>, <4,4>, <5,5>, <6,6>, <7,7>, <8,8>, <9,9>})
diseq(1, V9)
negativetable([V9,V69],{<0,0>, <1,1>, <2,2>, <3,3>, <4,4>, <5,5>, <6,6>, <7,7>, <8,8>, <9,9>})
negativetable([V9,V59],{<0,0>, <1,1>, <2,2>, <3,3>, <4,4>, <5,5>, <6,6>, <7,7>, <8,8>, <9,9>})
diseq(0, V9)
negativetable([V9,V39],{<0,0>, <1,1>, <2,2>, <3,3>, <4,4>, <5,5>, <6,6>, <7,7>, <8,8>, <9,9>})
diseq(7, V9)
negativetable([V9,V19],{<0,0>, <1,1>, <2,2>, <3,3>, <4,4>, <5,5>, <6,6>, <7,7>, <8,8>, <9,9>})
diseq(4, V98)
diseq(4, V88)
diseq(4, V48)
diseq(4, V38)
diseq(4, V28)
diseq(4, V18)
diseq(4, V9)
negativetable([V7,V97],{<0,0>, <1,1>, <2,2>, <3,3>, <4,4>, <5,5>, <6,6>, <7,7>, <8,8>, <9,9>})
diseq(0, V7)
diseq(4, V7)
negativetable([V7,V67],{<0,0>, <1,1>, <2,2>, <3,3>, <4,4>, <5,5>, <6,6>, <7,7>, <8,8>, <9,9>})
diseq(6, V7)
diseq(5, V7)
negativetable([V7,V37],{<0,0>, <1,1>, <2,2>, <3,3>, <4,4>, <5,5>, <6,6>, <7,7>, <8,8>, <9,9>})
diseq(8, V7)
negativetable([V7,V17],{<0,0>, <1,1>, <2,2>, <3,3>, <4,4>, <5,5>, <6,6>, <7,7>, <8,8>, <9,9>})
negativetable([V7,V9],{<0,0>, <1,1>, <2,2>, <3,3>, <4,4>, <5,5>, <6,6>, <7,7>, <8,8>, <9,9>})
diseq(4, V7)
negativetable([V6,V96],{<0,0>, <1,1>, <2,2>, <3,3>, <4,4>, <5,5>, <6,6>, <7,7>, <8,8>, <9,9>})
negativetable([V6,V86],{<0,0>, <1,1>, <2,2>, <3,3>, <4,4>, <5,5>, <6,6>, <7,7>, <8,8>, <9,9>})
diseq(2, V6)
negativetable([V6,V66],{<0,0>, <1,1>, <2,2>, <3,3>, <4,4>, <5,5>, <6,6>, <7,7>, <8,8>, <9,9>})
diseq(3, V6)
negativetable([V6,V46],{<0,0>, <1,1>, <2,2>, <3,3>, <4,4>, <5,5>, <6,6>, <7,7>, <8,8>, <9,9>})
diseq(7, V6)
diseq(5, V6)
negativetable([V6,V16],{<0,0>, <1,1>, <2,2>, <3,3>, <4,4>, <5,5>, <6,6>, <7,7>, <8,8>, <9,9>})
negativetable([V6,V9],{<0,0>, <1,1>, <2,2>, <3,3>, <4,4>, <5,5>, <6,6>, <7,7>, <8,8>, <9,9>})
diseq(4, V6)
negativetable([V6,V7],{<0,0>, <1,1>, <2,2>, <3,3>, <4,4>, <5,5>, <6,6>, <7,7>, <8,8>, <9,9>})
diseq(9, V85)
diseq(9, V75)
diseq(9, V35)
diseq(9, V25)
diseq(9, V15)
diseq(9, V9)
diseq(9, V7)
diseq(9, V6)
diseq(5, V94)
diseq(5, V84)
diseq(5, V54)
diseq(5, V44)
diseq(5, V34)
diseq(5, V24)
diseq(5, V9)
diseq(5, V7)
diseq(5, V6)
negativetable([V3,V93],{<0,0>, <1,1>, <2,2>, <3,3>, <4,4>, <5,5>, <6,6>, <7,7>, <8,8>, <9,9>})
diseq(8, V3)
negativetable([V3,V73],{<0,0>, <1,1>, <2,2>, <3,3>, <4,4>, <5,5>, <6,6>, <7,7>, <8,8>, <9,9>})
diseq(6, V3)
negativetable([V3,V53],{<0,0>, <1,1>, <2,2>, <3,3>, <4,4>, <5,5>, <6,6>, <7,7>, <8,8>, <9,9>})
negativetable([V3,V43],{<0,0>, <1,1>, <2,2>, <3,3>, <4,4>, <5,5>, <6,6>, <7,7>, <8,8>, <9,9>})
diseq(5, V3)
negativetable([V3,V23],{<0,0>, <1,1>, <2,2>, <3,3>, <4,4>, <5,5>, <6,6>, <7,7>, <8,8>, <9,9>})
diseq(7, V3)
negativetable([V3,V9],{<0,0>, <1,1>, <2,2>, <3,3>, <4,4>, <5,5>, <6,6>, <7,7>, <8,8>, <9,9>})
diseq(4, V3)
negativetable([V3,V7],{<0,0>, <1,1>, <2,2>, <3,3>, <4,4>, <5,5>, <6,6>, <7,7>, <8,8>, <9,9>})
negativetable([V3,V6],{<0,0>, <1,1>, <2,2>, <3,3>, <4,4>, <5,5>, <6,6>, <7,7>, <8,8>, <9,9>})
diseq(9, V3)
diseq(5, V3)
diseq(4, V2)
negativetable([V2,V82],{<0,0>, <1,1>, <2,2>, <3,3>, <4,4>, <5,5>, <6,6>, <7,7>, <8,8>, <9,9>})
negativetable([V2,V72],{<0,0>, <1,1>, <2,2>, <3,3>, <4,4>, <5,5>, <6,6>, <7,7>, <8,8>, <9,9>})
negativetable([V2,V62],{<0,0>, <1,1>, <2,2>, <3,3>, <4,4>, <5,5>, <6,6>, <7,7>, <8,8>, <9,9>})
negativetable([V2,V52],{<0,0>, <1,1>, <2,2>, <3,3>, <4,4>, <5,5>, <6,6>, <7,7>, <8,8>, <9,9>})
diseq(1, V2)
negativetable([V2,V32],{<0,0>, <1,1>, <2,2>, <3,3>, <4,4>, <5,5>, <6,6>, <7,7>, <8,8>, <9,9>})
diseq(0, V2)
diseq(2, V2)
negativetable([V2,V9],{<0,0>, <1,1>, <2,2>, <3,3>, <4,4>, <5,5>, <6,6>, <7,7>, <8,8>, <9,9>})
diseq(4, V2)
negativetable([V2,V7],{<0,0>, <1,1>, <2,2>, <3,3>, <4,4>, <5,5>, <6,6>, <7,7>, <8,8>, <9,9>})
negativetable([V2,V6],{<0,0>, <1,1>, <2,2>, <3,3>, <4,4>, <5,5>, <6,6>, <7,7>, <8,8>, <9,9>})
diseq(9, V2)
diseq(5, V2)
negativetable([V2,V3],{<0,0>, <1,1>, <2,2>, <3,3>, <4,4>, <5,5>, <6,6>, <7,7>, <8,8>, <9,9>})
diseq(7, V71)
diseq(7, V61)
diseq(7, V51)
diseq(7, V41)
diseq(7, V11)
diseq(7, V9)
diseq(7, V7)
diseq(7, V6)
diseq(7, V3)
diseq(7, V2)
negativetable([V0,V90],{<0,0>, <1,1>, <2,2>, <3,3>, <4,4>, <5,5>, <6,6>, <7,7>, <8,8>, <9,9>})
diseq(3, V0)
negativetable([V0,V70],{<0,0>, <1,1>, <2,2>, <3,3>, <4,4>, <5,5>, <6,6>, <7,7>, <8,8>, <9,9>})
diseq(7, V0)
negativetable([V0,V50],{<0,0>, <1,1>, <2,2>, <3,3>, <4,4>, <5,5>, <6,6>, <7,7>, <8,8>, <9,9>})
negativetable([V0,V40],{<0,0>, <1,1>, <2,2>, <3,3>, <4,4>, <5,5>, <6,6>, <7,7>, <8,8>, <9,9>})
diseq(9, V0)
negativetable([V0,V20],{<0,0>, <1,1>, <2,2>, <3,3>, <4,4>, <5,5>, <6,6>, <7,7>, <8,8>, <9,9>})
diseq(8, V0)
negativetable([V0,V9],{<0,0>, <1,1>, <2,2>, <3,3>, <4,4>, <5,5>, <6,6>, <7,7>, <8,8>, <9,9>})
diseq(4, V0)
negativetable([V0,V7],{<0,0>, <1,1>, <2,2>, <3,3>, <4,4>, <5,5>, <6,6>, <7,7>, <8,8>, <9,9>})
negativetable([V0,V6],{<0,0>, <1,1>, <2,2>, <3,3>, <4,4>, <5,5>, <6,6>, <7,7>, <8,8>, <9,9>})
diseq(9, V0)
diseq(5, V0)
negativetable([V0,V3],{<0,0>, <1,1>, <2,2>, <3,3>, <4,4>, <5,5>, <6,6>, <7,7>, <8,8>, <9,9>})
negativetable([V0,V2],{<0,0>, <1,1>, <2,2>, <3,3>, <4,4>, <5,5>, <6,6>, <7,7>, <8,8>, <9,9>})
diseq(7, V0)

**EOF**
