MINION 3

#This file has been automatically generated by TAILOR v0.2
#bug-reports: andrea@cs.st-and.ac.uk

# amount of common subexpressions used:0
# amount of inferred common subexpressions used:0
# amount of original variables saved (over direct equality):0
# amount of constraints:150
# amount of auxiliary variables: 0

**VARIABLES**
DISCRETE V0 {0..17}
DISCRETE V1 {0..17}
DISCRETE V2 {0..17}
DISCRETE V3 {0..17}
DISCRETE V4 {0..17}
DISCRETE V5 {0..17}
DISCRETE V6 {1..17}
DISCRETE V7 {1..17}
DISCRETE V8 {1..17}
DISCRETE V9 {1..17}
DISCRETE V10 {1..17}
DISCRETE V11 {1..17}
DISCRETE V12 {1..17}
DISCRETE V13 {1..17}
DISCRETE V14 {1..17}
DISCRETE V15 {1..17}
DISCRETE V16 {1..17}
DISCRETE V17 {1..17}
DISCRETE V18 {1..17}
DISCRETE V19 {1..17}
DISCRETE V20 {1..17}

# aliases

**SEARCH**

PRINT [
[V0],[V1],[V2],[V3],[V4],[V5],[V6],[V7],
[V8],[V9],[V10],[V11],[V12],[V13],[V14],[V15],
[V16],[V17],[V18],[V19],[V20]]

VARORDER [
V0,V1,V2,V3,V4,V5,V6,V7,
V8,V9,V10,V11,V12,V13,V14,V15,
V16,V17,V18,V19,V20]


**CONSTRAINTS**

diseq(V19, V20)
diseq(V18, V20)
diseq(V18, V19)
diseq(V17, V20)
diseq(V17, V19)
diseq(V17, V18)
diseq(V16, V20)
diseq(V16, V19)
diseq(V16, V18)
diseq(V16, V17)
diseq(V15, V20)
diseq(V15, V19)
diseq(V15, V18)
diseq(V15, V17)
diseq(V15, V16)
diseq(V14, V20)
diseq(V14, V19)
diseq(V14, V18)
diseq(V14, V17)
diseq(V14, V16)
diseq(V14, V15)
diseq(V13, V20)
diseq(V13, V19)
diseq(V13, V18)
diseq(V13, V17)
diseq(V13, V16)
diseq(V13, V15)
diseq(V13, V14)
diseq(V12, V20)
diseq(V12, V19)
diseq(V12, V18)
diseq(V12, V17)
diseq(V12, V16)
diseq(V12, V15)
diseq(V12, V14)
diseq(V12, V13)
diseq(V11, V20)
diseq(V11, V19)
diseq(V11, V18)
diseq(V11, V17)
diseq(V11, V16)
diseq(V11, V15)
diseq(V11, V14)
diseq(V11, V13)
diseq(V11, V12)
diseq(V10, V20)
diseq(V10, V19)
diseq(V10, V18)
diseq(V10, V17)
diseq(V10, V16)
diseq(V10, V15)
diseq(V10, V14)
diseq(V10, V13)
diseq(V10, V12)
diseq(V10, V11)
diseq(V9, V20)
diseq(V9, V19)
diseq(V9, V18)
diseq(V9, V17)
diseq(V9, V16)
diseq(V9, V15)
diseq(V9, V14)
diseq(V9, V13)
diseq(V9, V12)
diseq(V9, V11)
diseq(V9, V10)
diseq(V8, V20)
diseq(V8, V19)
diseq(V8, V18)
diseq(V8, V17)
diseq(V8, V16)
diseq(V8, V15)
diseq(V8, V14)
diseq(V8, V13)
diseq(V8, V12)
diseq(V8, V11)
diseq(V8, V10)
diseq(V8, V9)
diseq(V7, V20)
diseq(V7, V19)
diseq(V7, V18)
diseq(V7, V17)
diseq(V7, V16)
diseq(V7, V15)
diseq(V7, V14)
diseq(V7, V13)
diseq(V7, V12)
diseq(V7, V11)
diseq(V7, V10)
diseq(V7, V9)
diseq(V7, V8)
diseq(V6, V20)
diseq(V6, V19)
diseq(V6, V18)
diseq(V6, V17)
diseq(V6, V16)
diseq(V6, V15)
diseq(V6, V14)
diseq(V6, V13)
diseq(V6, V12)
diseq(V6, V11)
diseq(V6, V10)
diseq(V6, V9)
diseq(V6, V8)
diseq(V6, V7)
ineq(V4,V5,-1)
ineq(V3,V5,-1)
ineq(V3,V4,-1)
ineq(V2,V5,-1)
ineq(V2,V4,-1)
ineq(V2,V3,-1)
ineq(V1,V5,-1)
ineq(V1,V4,-1)
ineq(V1,V3,-1)
ineq(V1,V2,-1)
ineq(V0,V5,-1)
ineq(V0,V4,-1)
ineq(V0,V3,-1)
ineq(V0,V2,-1)
ineq(V0,V1,-1)
sumleq([V4,V20], V5)
sumgeq([V4,V20], V5)
sumleq([V3,V19], V5)
sumgeq([V3,V19], V5)
sumleq([V3,V18], V4)
sumgeq([V3,V18], V4)
sumleq([V2,V17], V5)
sumgeq([V2,V17], V5)
sumleq([V2,V16], V4)
sumgeq([V2,V16], V4)
sumleq([V2,V15], V3)
sumgeq([V2,V15], V3)
sumleq([V1,V14], V5)
sumgeq([V1,V14], V5)
sumleq([V1,V13], V4)
sumgeq([V1,V13], V4)
sumleq([V1,V12], V3)
sumgeq([V1,V12], V3)
sumleq([V1,V11], V2)
sumgeq([V1,V11], V2)
sumleq([V0,V10], V5)
sumgeq([V0,V10], V5)
sumleq([V0,V9], V4)
sumgeq([V0,V9], V4)
sumleq([V0,V8], V3)
sumgeq([V0,V8], V3)
sumleq([V0,V7], V2)
sumgeq([V0,V7], V2)
sumleq([V0,V6], V1)
sumgeq([V0,V6], V1)

**EOF**
