MINION 3

#This file has been automatically generated by TAILOR v0.2
#bug-reports: andrea@cs.st-and.ac.uk

# amount of common subexpressions used:0
# amount of inferred common subexpressions used:0
# amount of original variables saved (over direct equality):0
# amount of constraints:1650
# amount of auxiliary variables: 0

**VARIABLES**
DISCRETE V0 {0..67}
DISCRETE V1 {0..67}
DISCRETE V2 {0..67}
DISCRETE V3 {0..67}
DISCRETE V4 {0..67}
DISCRETE V5 {0..67}
DISCRETE V6 {0..67}
DISCRETE V7 {0..67}
DISCRETE V8 {0..67}
DISCRETE V9 {0..67}
DISCRETE V10 {0..67}
DISCRETE V11 {1..67}
DISCRETE V12 {1..67}
DISCRETE V13 {1..67}
DISCRETE V14 {1..67}
DISCRETE V15 {1..67}
DISCRETE V16 {1..67}
DISCRETE V17 {1..67}
DISCRETE V18 {1..67}
DISCRETE V19 {1..67}
DISCRETE V20 {1..67}
DISCRETE V21 {1..67}
DISCRETE V22 {1..67}
DISCRETE V23 {1..67}
DISCRETE V24 {1..67}
DISCRETE V25 {1..67}
DISCRETE V26 {1..67}
DISCRETE V27 {1..67}
DISCRETE V28 {1..67}
DISCRETE V29 {1..67}
DISCRETE V30 {1..67}
DISCRETE V31 {1..67}
DISCRETE V32 {1..67}
DISCRETE V33 {1..67}
DISCRETE V34 {1..67}
DISCRETE V35 {1..67}
DISCRETE V36 {1..67}
DISCRETE V37 {1..67}
DISCRETE V38 {1..67}
DISCRETE V39 {1..67}
DISCRETE V40 {1..67}
DISCRETE V41 {1..67}
DISCRETE V42 {1..67}
DISCRETE V43 {1..67}
DISCRETE V44 {1..67}
DISCRETE V45 {1..67}
DISCRETE V46 {1..67}
DISCRETE V47 {1..67}
DISCRETE V48 {1..67}
DISCRETE V49 {1..67}
DISCRETE V50 {1..67}
DISCRETE V51 {1..67}
DISCRETE V52 {1..67}
DISCRETE V53 {1..67}
DISCRETE V54 {1..67}
DISCRETE V55 {1..67}
DISCRETE V56 {1..67}
DISCRETE V57 {1..67}
DISCRETE V58 {1..67}
DISCRETE V59 {1..67}
DISCRETE V60 {1..67}
DISCRETE V61 {1..67}
DISCRETE V62 {1..67}
DISCRETE V63 {1..67}
DISCRETE V64 {1..67}
DISCRETE V65 {1..67}

# aliases

**SEARCH**

PRINT [
[V0],[V1],[V2],[V3],[V4],[V5],[V6],[V7],
[V8],[V9],[V10],[V11],[V12],[V13],[V14],[V15],
[V16],[V17],[V18],[V19],[V20],[V21],[V22],[V23],
[V24],[V25],[V26],[V27],[V28],[V29],[V30],[V31],
[V32],[V33],[V34],[V35],[V36],[V37],[V38],[V39],
[V40],[V41],[V42],[V43],[V44],[V45],[V46],[V47],
[V48],[V49],[V50],[V51],[V52],[V53],[V54],[V55],
[V56],[V57],[V58],[V59],[V60],[V61],[V62],[V63],
[V64],[V65]]

VARORDER [
V0,V1,V2,V3,V4,V5,V6,V7,
V8,V9,V10,V11,V12,V13,V14,V15,
V16,V17,V18,V19,V20,V21,V22,V23,
V24,V25,V26,V27,V28,V29,V30,V31,
V32,V33,V34,V35,V36,V37,V38,V39,
V40,V41,V42,V43,V44,V45,V46,V47,
V48,V49,V50,V51,V52,V53,V54,V55,
V56,V57,V58,V59,V60,V61,V62,V63,
V64,V65]


**CONSTRAINTS**

diseq(V64, V65)
diseq(V63, V65)
diseq(V63, V64)
diseq(V62, V65)
diseq(V62, V64)
diseq(V62, V63)
diseq(V61, V65)
diseq(V61, V64)
diseq(V61, V63)
diseq(V61, V62)
diseq(V60, V65)
diseq(V60, V64)
diseq(V60, V63)
diseq(V60, V62)
diseq(V60, V61)
diseq(V59, V65)
diseq(V59, V64)
diseq(V59, V63)
diseq(V59, V62)
diseq(V59, V61)
diseq(V59, V60)
diseq(V58, V65)
diseq(V58, V64)
diseq(V58, V63)
diseq(V58, V62)
diseq(V58, V61)
diseq(V58, V60)
diseq(V58, V59)
diseq(V57, V65)
diseq(V57, V64)
diseq(V57, V63)
diseq(V57, V62)
diseq(V57, V61)
diseq(V57, V60)
diseq(V57, V59)
diseq(V57, V58)
diseq(V56, V65)
diseq(V56, V64)
diseq(V56, V63)
diseq(V56, V62)
diseq(V56, V61)
diseq(V56, V60)
diseq(V56, V59)
diseq(V56, V58)
diseq(V56, V57)
diseq(V55, V65)
diseq(V55, V64)
diseq(V55, V63)
diseq(V55, V62)
diseq(V55, V61)
diseq(V55, V60)
diseq(V55, V59)
diseq(V55, V58)
diseq(V55, V57)
diseq(V55, V56)
diseq(V54, V65)
diseq(V54, V64)
diseq(V54, V63)
diseq(V54, V62)
diseq(V54, V61)
diseq(V54, V60)
diseq(V54, V59)
diseq(V54, V58)
diseq(V54, V57)
diseq(V54, V56)
diseq(V54, V55)
diseq(V53, V65)
diseq(V53, V64)
diseq(V53, V63)
diseq(V53, V62)
diseq(V53, V61)
diseq(V53, V60)
diseq(V53, V59)
diseq(V53, V58)
diseq(V53, V57)
diseq(V53, V56)
diseq(V53, V55)
diseq(V53, V54)
diseq(V52, V65)
diseq(V52, V64)
diseq(V52, V63)
diseq(V52, V62)
diseq(V52, V61)
diseq(V52, V60)
diseq(V52, V59)
diseq(V52, V58)
diseq(V52, V57)
diseq(V52, V56)
diseq(V52, V55)
diseq(V52, V54)
diseq(V52, V53)
diseq(V51, V65)
diseq(V51, V64)
diseq(V51, V63)
diseq(V51, V62)
diseq(V51, V61)
diseq(V51, V60)
diseq(V51, V59)
diseq(V51, V58)
diseq(V51, V57)
diseq(V51, V56)
diseq(V51, V55)
diseq(V51, V54)
diseq(V51, V53)
diseq(V51, V52)
diseq(V50, V65)
diseq(V50, V64)
diseq(V50, V63)
diseq(V50, V62)
diseq(V50, V61)
diseq(V50, V60)
diseq(V50, V59)
diseq(V50, V58)
diseq(V50, V57)
diseq(V50, V56)
diseq(V50, V55)
diseq(V50, V54)
diseq(V50, V53)
diseq(V50, V52)
diseq(V50, V51)
diseq(V49, V65)
diseq(V49, V64)
diseq(V49, V63)
diseq(V49, V62)
diseq(V49, V61)
diseq(V49, V60)
diseq(V49, V59)
diseq(V49, V58)
diseq(V49, V57)
diseq(V49, V56)
diseq(V49, V55)
diseq(V49, V54)
diseq(V49, V53)
diseq(V49, V52)
diseq(V49, V51)
diseq(V49, V50)
diseq(V48, V65)
diseq(V48, V64)
diseq(V48, V63)
diseq(V48, V62)
diseq(V48, V61)
diseq(V48, V60)
diseq(V48, V59)
diseq(V48, V58)
diseq(V48, V57)
diseq(V48, V56)
diseq(V48, V55)
diseq(V48, V54)
diseq(V48, V53)
diseq(V48, V52)
diseq(V48, V51)
diseq(V48, V50)
diseq(V48, V49)
diseq(V47, V65)
diseq(V47, V64)
diseq(V47, V63)
diseq(V47, V62)
diseq(V47, V61)
diseq(V47, V60)
diseq(V47, V59)
diseq(V47, V58)
diseq(V47, V57)
diseq(V47, V56)
diseq(V47, V55)
diseq(V47, V54)
diseq(V47, V53)
diseq(V47, V52)
diseq(V47, V51)
diseq(V47, V50)
diseq(V47, V49)
diseq(V47, V48)
diseq(V46, V65)
diseq(V46, V64)
diseq(V46, V63)
diseq(V46, V62)
diseq(V46, V61)
diseq(V46, V60)
diseq(V46, V59)
diseq(V46, V58)
diseq(V46, V57)
diseq(V46, V56)
diseq(V46, V55)
diseq(V46, V54)
diseq(V46, V53)
diseq(V46, V52)
diseq(V46, V51)
diseq(V46, V50)
diseq(V46, V49)
diseq(V46, V48)
diseq(V46, V47)
diseq(V45, V65)
diseq(V45, V64)
diseq(V45, V63)
diseq(V45, V62)
diseq(V45, V61)
diseq(V45, V60)
diseq(V45, V59)
diseq(V45, V58)
diseq(V45, V57)
diseq(V45, V56)
diseq(V45, V55)
diseq(V45, V54)
diseq(V45, V53)
diseq(V45, V52)
diseq(V45, V51)
diseq(V45, V50)
diseq(V45, V49)
diseq(V45, V48)
diseq(V45, V47)
diseq(V45, V46)
diseq(V44, V65)
diseq(V44, V64)
diseq(V44, V63)
diseq(V44, V62)
diseq(V44, V61)
diseq(V44, V60)
diseq(V44, V59)
diseq(V44, V58)
diseq(V44, V57)
diseq(V44, V56)
diseq(V44, V55)
diseq(V44, V54)
diseq(V44, V53)
diseq(V44, V52)
diseq(V44, V51)
diseq(V44, V50)
diseq(V44, V49)
diseq(V44, V48)
diseq(V44, V47)
diseq(V44, V46)
diseq(V44, V45)
diseq(V43, V65)
diseq(V43, V64)
diseq(V43, V63)
diseq(V43, V62)
diseq(V43, V61)
diseq(V43, V60)
diseq(V43, V59)
diseq(V43, V58)
diseq(V43, V57)
diseq(V43, V56)
diseq(V43, V55)
diseq(V43, V54)
diseq(V43, V53)
diseq(V43, V52)
diseq(V43, V51)
diseq(V43, V50)
diseq(V43, V49)
diseq(V43, V48)
diseq(V43, V47)
diseq(V43, V46)
diseq(V43, V45)
diseq(V43, V44)
diseq(V42, V65)
diseq(V42, V64)
diseq(V42, V63)
diseq(V42, V62)
diseq(V42, V61)
diseq(V42, V60)
diseq(V42, V59)
diseq(V42, V58)
diseq(V42, V57)
diseq(V42, V56)
diseq(V42, V55)
diseq(V42, V54)
diseq(V42, V53)
diseq(V42, V52)
diseq(V42, V51)
diseq(V42, V50)
diseq(V42, V49)
diseq(V42, V48)
diseq(V42, V47)
diseq(V42, V46)
diseq(V42, V45)
diseq(V42, V44)
diseq(V42, V43)
diseq(V41, V65)
diseq(V41, V64)
diseq(V41, V63)
diseq(V41, V62)
diseq(V41, V61)
diseq(V41, V60)
diseq(V41, V59)
diseq(V41, V58)
diseq(V41, V57)
diseq(V41, V56)
diseq(V41, V55)
diseq(V41, V54)
diseq(V41, V53)
diseq(V41, V52)
diseq(V41, V51)
diseq(V41, V50)
diseq(V41, V49)
diseq(V41, V48)
diseq(V41, V47)
diseq(V41, V46)
diseq(V41, V45)
diseq(V41, V44)
diseq(V41, V43)
diseq(V41, V42)
diseq(V40, V65)
diseq(V40, V64)
diseq(V40, V63)
diseq(V40, V62)
diseq(V40, V61)
diseq(V40, V60)
diseq(V40, V59)
diseq(V40, V58)
diseq(V40, V57)
diseq(V40, V56)
diseq(V40, V55)
diseq(V40, V54)
diseq(V40, V53)
diseq(V40, V52)
diseq(V40, V51)
diseq(V40, V50)
diseq(V40, V49)
diseq(V40, V48)
diseq(V40, V47)
diseq(V40, V46)
diseq(V40, V45)
diseq(V40, V44)
diseq(V40, V43)
diseq(V40, V42)
diseq(V40, V41)
diseq(V39, V65)
diseq(V39, V64)
diseq(V39, V63)
diseq(V39, V62)
diseq(V39, V61)
diseq(V39, V60)
diseq(V39, V59)
diseq(V39, V58)
diseq(V39, V57)
diseq(V39, V56)
diseq(V39, V55)
diseq(V39, V54)
diseq(V39, V53)
diseq(V39, V52)
diseq(V39, V51)
diseq(V39, V50)
diseq(V39, V49)
diseq(V39, V48)
diseq(V39, V47)
diseq(V39, V46)
diseq(V39, V45)
diseq(V39, V44)
diseq(V39, V43)
diseq(V39, V42)
diseq(V39, V41)
diseq(V39, V40)
diseq(V38, V65)
diseq(V38, V64)
diseq(V38, V63)
diseq(V38, V62)
diseq(V38, V61)
diseq(V38, V60)
diseq(V38, V59)
diseq(V38, V58)
diseq(V38, V57)
diseq(V38, V56)
diseq(V38, V55)
diseq(V38, V54)
diseq(V38, V53)
diseq(V38, V52)
diseq(V38, V51)
diseq(V38, V50)
diseq(V38, V49)
diseq(V38, V48)
diseq(V38, V47)
diseq(V38, V46)
diseq(V38, V45)
diseq(V38, V44)
diseq(V38, V43)
diseq(V38, V42)
diseq(V38, V41)
diseq(V38, V40)
diseq(V38, V39)
diseq(V37, V65)
diseq(V37, V64)
diseq(V37, V63)
diseq(V37, V62)
diseq(V37, V61)
diseq(V37, V60)
diseq(V37, V59)
diseq(V37, V58)
diseq(V37, V57)
diseq(V37, V56)
diseq(V37, V55)
diseq(V37, V54)
diseq(V37, V53)
diseq(V37, V52)
diseq(V37, V51)
diseq(V37, V50)
diseq(V37, V49)
diseq(V37, V48)
diseq(V37, V47)
diseq(V37, V46)
diseq(V37, V45)
diseq(V37, V44)
diseq(V37, V43)
diseq(V37, V42)
diseq(V37, V41)
diseq(V37, V40)
diseq(V37, V39)
diseq(V37, V38)
diseq(V36, V65)
diseq(V36, V64)
diseq(V36, V63)
diseq(V36, V62)
diseq(V36, V61)
diseq(V36, V60)
diseq(V36, V59)
diseq(V36, V58)
diseq(V36, V57)
diseq(V36, V56)
diseq(V36, V55)
diseq(V36, V54)
diseq(V36, V53)
diseq(V36, V52)
diseq(V36, V51)
diseq(V36, V50)
diseq(V36, V49)
diseq(V36, V48)
diseq(V36, V47)
diseq(V36, V46)
diseq(V36, V45)
diseq(V36, V44)
diseq(V36, V43)
diseq(V36, V42)
diseq(V36, V41)
diseq(V36, V40)
diseq(V36, V39)
diseq(V36, V38)
diseq(V36, V37)
diseq(V35, V65)
diseq(V35, V64)
diseq(V35, V63)
diseq(V35, V62)
diseq(V35, V61)
diseq(V35, V60)
diseq(V35, V59)
diseq(V35, V58)
diseq(V35, V57)
diseq(V35, V56)
diseq(V35, V55)
diseq(V35, V54)
diseq(V35, V53)
diseq(V35, V52)
diseq(V35, V51)
diseq(V35, V50)
diseq(V35, V49)
diseq(V35, V48)
diseq(V35, V47)
diseq(V35, V46)
diseq(V35, V45)
diseq(V35, V44)
diseq(V35, V43)
diseq(V35, V42)
diseq(V35, V41)
diseq(V35, V40)
diseq(V35, V39)
diseq(V35, V38)
diseq(V35, V37)
diseq(V35, V36)
diseq(V34, V65)
diseq(V34, V64)
diseq(V34, V63)
diseq(V34, V62)
diseq(V34, V61)
diseq(V34, V60)
diseq(V34, V59)
diseq(V34, V58)
diseq(V34, V57)
diseq(V34, V56)
diseq(V34, V55)
diseq(V34, V54)
diseq(V34, V53)
diseq(V34, V52)
diseq(V34, V51)
diseq(V34, V50)
diseq(V34, V49)
diseq(V34, V48)
diseq(V34, V47)
diseq(V34, V46)
diseq(V34, V45)
diseq(V34, V44)
diseq(V34, V43)
diseq(V34, V42)
diseq(V34, V41)
diseq(V34, V40)
diseq(V34, V39)
diseq(V34, V38)
diseq(V34, V37)
diseq(V34, V36)
diseq(V34, V35)
diseq(V33, V65)
diseq(V33, V64)
diseq(V33, V63)
diseq(V33, V62)
diseq(V33, V61)
diseq(V33, V60)
diseq(V33, V59)
diseq(V33, V58)
diseq(V33, V57)
diseq(V33, V56)
diseq(V33, V55)
diseq(V33, V54)
diseq(V33, V53)
diseq(V33, V52)
diseq(V33, V51)
diseq(V33, V50)
diseq(V33, V49)
diseq(V33, V48)
diseq(V33, V47)
diseq(V33, V46)
diseq(V33, V45)
diseq(V33, V44)
diseq(V33, V43)
diseq(V33, V42)
diseq(V33, V41)
diseq(V33, V40)
diseq(V33, V39)
diseq(V33, V38)
diseq(V33, V37)
diseq(V33, V36)
diseq(V33, V35)
diseq(V33, V34)
diseq(V32, V65)
diseq(V32, V64)
diseq(V32, V63)
diseq(V32, V62)
diseq(V32, V61)
diseq(V32, V60)
diseq(V32, V59)
diseq(V32, V58)
diseq(V32, V57)
diseq(V32, V56)
diseq(V32, V55)
diseq(V32, V54)
diseq(V32, V53)
diseq(V32, V52)
diseq(V32, V51)
diseq(V32, V50)
diseq(V32, V49)
diseq(V32, V48)
diseq(V32, V47)
diseq(V32, V46)
diseq(V32, V45)
diseq(V32, V44)
diseq(V32, V43)
diseq(V32, V42)
diseq(V32, V41)
diseq(V32, V40)
diseq(V32, V39)
diseq(V32, V38)
diseq(V32, V37)
diseq(V32, V36)
diseq(V32, V35)
diseq(V32, V34)
diseq(V32, V33)
diseq(V31, V65)
diseq(V31, V64)
diseq(V31, V63)
diseq(V31, V62)
diseq(V31, V61)
diseq(V31, V60)
diseq(V31, V59)
diseq(V31, V58)
diseq(V31, V57)
diseq(V31, V56)
diseq(V31, V55)
diseq(V31, V54)
diseq(V31, V53)
diseq(V31, V52)
diseq(V31, V51)
diseq(V31, V50)
diseq(V31, V49)
diseq(V31, V48)
diseq(V31, V47)
diseq(V31, V46)
diseq(V31, V45)
diseq(V31, V44)
diseq(V31, V43)
diseq(V31, V42)
diseq(V31, V41)
diseq(V31, V40)
diseq(V31, V39)
diseq(V31, V38)
diseq(V31, V37)
diseq(V31, V36)
diseq(V31, V35)
diseq(V31, V34)
diseq(V31, V33)
diseq(V31, V32)
diseq(V30, V65)
diseq(V30, V64)
diseq(V30, V63)
diseq(V30, V62)
diseq(V30, V61)
diseq(V30, V60)
diseq(V30, V59)
diseq(V30, V58)
diseq(V30, V57)
diseq(V30, V56)
diseq(V30, V55)
diseq(V30, V54)
diseq(V30, V53)
diseq(V30, V52)
diseq(V30, V51)
diseq(V30, V50)
diseq(V30, V49)
diseq(V30, V48)
diseq(V30, V47)
diseq(V30, V46)
diseq(V30, V45)
diseq(V30, V44)
diseq(V30, V43)
diseq(V30, V42)
diseq(V30, V41)
diseq(V30, V40)
diseq(V30, V39)
diseq(V30, V38)
diseq(V30, V37)
diseq(V30, V36)
diseq(V30, V35)
diseq(V30, V34)
diseq(V30, V33)
diseq(V30, V32)
diseq(V30, V31)
diseq(V29, V65)
diseq(V29, V64)
diseq(V29, V63)
diseq(V29, V62)
diseq(V29, V61)
diseq(V29, V60)
diseq(V29, V59)
diseq(V29, V58)
diseq(V29, V57)
diseq(V29, V56)
diseq(V29, V55)
diseq(V29, V54)
diseq(V29, V53)
diseq(V29, V52)
diseq(V29, V51)
diseq(V29, V50)
diseq(V29, V49)
diseq(V29, V48)
diseq(V29, V47)
diseq(V29, V46)
diseq(V29, V45)
diseq(V29, V44)
diseq(V29, V43)
diseq(V29, V42)
diseq(V29, V41)
diseq(V29, V40)
diseq(V29, V39)
diseq(V29, V38)
diseq(V29, V37)
diseq(V29, V36)
diseq(V29, V35)
diseq(V29, V34)
diseq(V29, V33)
diseq(V29, V32)
diseq(V29, V31)
diseq(V29, V30)
diseq(V28, V65)
diseq(V28, V64)
diseq(V28, V63)
diseq(V28, V62)
diseq(V28, V61)
diseq(V28, V60)
diseq(V28, V59)
diseq(V28, V58)
diseq(V28, V57)
diseq(V28, V56)
diseq(V28, V55)
diseq(V28, V54)
diseq(V28, V53)
diseq(V28, V52)
diseq(V28, V51)
diseq(V28, V50)
diseq(V28, V49)
diseq(V28, V48)
diseq(V28, V47)
diseq(V28, V46)
diseq(V28, V45)
diseq(V28, V44)
diseq(V28, V43)
diseq(V28, V42)
diseq(V28, V41)
diseq(V28, V40)
diseq(V28, V39)
diseq(V28, V38)
diseq(V28, V37)
diseq(V28, V36)
diseq(V28, V35)
diseq(V28, V34)
diseq(V28, V33)
diseq(V28, V32)
diseq(V28, V31)
diseq(V28, V30)
diseq(V28, V29)
diseq(V27, V65)
diseq(V27, V64)
diseq(V27, V63)
diseq(V27, V62)
diseq(V27, V61)
diseq(V27, V60)
diseq(V27, V59)
diseq(V27, V58)
diseq(V27, V57)
diseq(V27, V56)
diseq(V27, V55)
diseq(V27, V54)
diseq(V27, V53)
diseq(V27, V52)
diseq(V27, V51)
diseq(V27, V50)
diseq(V27, V49)
diseq(V27, V48)
diseq(V27, V47)
diseq(V27, V46)
diseq(V27, V45)
diseq(V27, V44)
diseq(V27, V43)
diseq(V27, V42)
diseq(V27, V41)
diseq(V27, V40)
diseq(V27, V39)
diseq(V27, V38)
diseq(V27, V37)
diseq(V27, V36)
diseq(V27, V35)
diseq(V27, V34)
diseq(V27, V33)
diseq(V27, V32)
diseq(V27, V31)
diseq(V27, V30)
diseq(V27, V29)
diseq(V27, V28)
diseq(V26, V65)
diseq(V26, V64)
diseq(V26, V63)
diseq(V26, V62)
diseq(V26, V61)
diseq(V26, V60)
diseq(V26, V59)
diseq(V26, V58)
diseq(V26, V57)
diseq(V26, V56)
diseq(V26, V55)
diseq(V26, V54)
diseq(V26, V53)
diseq(V26, V52)
diseq(V26, V51)
diseq(V26, V50)
diseq(V26, V49)
diseq(V26, V48)
diseq(V26, V47)
diseq(V26, V46)
diseq(V26, V45)
diseq(V26, V44)
diseq(V26, V43)
diseq(V26, V42)
diseq(V26, V41)
diseq(V26, V40)
diseq(V26, V39)
diseq(V26, V38)
diseq(V26, V37)
diseq(V26, V36)
diseq(V26, V35)
diseq(V26, V34)
diseq(V26, V33)
diseq(V26, V32)
diseq(V26, V31)
diseq(V26, V30)
diseq(V26, V29)
diseq(V26, V28)
diseq(V26, V27)
diseq(V25, V65)
diseq(V25, V64)
diseq(V25, V63)
diseq(V25, V62)
diseq(V25, V61)
diseq(V25, V60)
diseq(V25, V59)
diseq(V25, V58)
diseq(V25, V57)
diseq(V25, V56)
diseq(V25, V55)
diseq(V25, V54)
diseq(V25, V53)
diseq(V25, V52)
diseq(V25, V51)
diseq(V25, V50)
diseq(V25, V49)
diseq(V25, V48)
diseq(V25, V47)
diseq(V25, V46)
diseq(V25, V45)
diseq(V25, V44)
diseq(V25, V43)
diseq(V25, V42)
diseq(V25, V41)
diseq(V25, V40)
diseq(V25, V39)
diseq(V25, V38)
diseq(V25, V37)
diseq(V25, V36)
diseq(V25, V35)
diseq(V25, V34)
diseq(V25, V33)
diseq(V25, V32)
diseq(V25, V31)
diseq(V25, V30)
diseq(V25, V29)
diseq(V25, V28)
diseq(V25, V27)
diseq(V25, V26)
diseq(V24, V65)
diseq(V24, V64)
diseq(V24, V63)
diseq(V24, V62)
diseq(V24, V61)
diseq(V24, V60)
diseq(V24, V59)
diseq(V24, V58)
diseq(V24, V57)
diseq(V24, V56)
diseq(V24, V55)
diseq(V24, V54)
diseq(V24, V53)
diseq(V24, V52)
diseq(V24, V51)
diseq(V24, V50)
diseq(V24, V49)
diseq(V24, V48)
diseq(V24, V47)
diseq(V24, V46)
diseq(V24, V45)
diseq(V24, V44)
diseq(V24, V43)
diseq(V24, V42)
diseq(V24, V41)
diseq(V24, V40)
diseq(V24, V39)
diseq(V24, V38)
diseq(V24, V37)
diseq(V24, V36)
diseq(V24, V35)
diseq(V24, V34)
diseq(V24, V33)
diseq(V24, V32)
diseq(V24, V31)
diseq(V24, V30)
diseq(V24, V29)
diseq(V24, V28)
diseq(V24, V27)
diseq(V24, V26)
diseq(V24, V25)
diseq(V23, V65)
diseq(V23, V64)
diseq(V23, V63)
diseq(V23, V62)
diseq(V23, V61)
diseq(V23, V60)
diseq(V23, V59)
diseq(V23, V58)
diseq(V23, V57)
diseq(V23, V56)
diseq(V23, V55)
diseq(V23, V54)
diseq(V23, V53)
diseq(V23, V52)
diseq(V23, V51)
diseq(V23, V50)
diseq(V23, V49)
diseq(V23, V48)
diseq(V23, V47)
diseq(V23, V46)
diseq(V23, V45)
diseq(V23, V44)
diseq(V23, V43)
diseq(V23, V42)
diseq(V23, V41)
diseq(V23, V40)
diseq(V23, V39)
diseq(V23, V38)
diseq(V23, V37)
diseq(V23, V36)
diseq(V23, V35)
diseq(V23, V34)
diseq(V23, V33)
diseq(V23, V32)
diseq(V23, V31)
diseq(V23, V30)
diseq(V23, V29)
diseq(V23, V28)
diseq(V23, V27)
diseq(V23, V26)
diseq(V23, V25)
diseq(V23, V24)
diseq(V22, V65)
diseq(V22, V64)
diseq(V22, V63)
diseq(V22, V62)
diseq(V22, V61)
diseq(V22, V60)
diseq(V22, V59)
diseq(V22, V58)
diseq(V22, V57)
diseq(V22, V56)
diseq(V22, V55)
diseq(V22, V54)
diseq(V22, V53)
diseq(V22, V52)
diseq(V22, V51)
diseq(V22, V50)
diseq(V22, V49)
diseq(V22, V48)
diseq(V22, V47)
diseq(V22, V46)
diseq(V22, V45)
diseq(V22, V44)
diseq(V22, V43)
diseq(V22, V42)
diseq(V22, V41)
diseq(V22, V40)
diseq(V22, V39)
diseq(V22, V38)
diseq(V22, V37)
diseq(V22, V36)
diseq(V22, V35)
diseq(V22, V34)
diseq(V22, V33)
diseq(V22, V32)
diseq(V22, V31)
diseq(V22, V30)
diseq(V22, V29)
diseq(V22, V28)
diseq(V22, V27)
diseq(V22, V26)
diseq(V22, V25)
diseq(V22, V24)
diseq(V22, V23)
diseq(V21, V65)
diseq(V21, V64)
diseq(V21, V63)
diseq(V21, V62)
diseq(V21, V61)
diseq(V21, V60)
diseq(V21, V59)
diseq(V21, V58)
diseq(V21, V57)
diseq(V21, V56)
diseq(V21, V55)
diseq(V21, V54)
diseq(V21, V53)
diseq(V21, V52)
diseq(V21, V51)
diseq(V21, V50)
diseq(V21, V49)
diseq(V21, V48)
diseq(V21, V47)
diseq(V21, V46)
diseq(V21, V45)
diseq(V21, V44)
diseq(V21, V43)
diseq(V21, V42)
diseq(V21, V41)
diseq(V21, V40)
diseq(V21, V39)
diseq(V21, V38)
diseq(V21, V37)
diseq(V21, V36)
diseq(V21, V35)
diseq(V21, V34)
diseq(V21, V33)
diseq(V21, V32)
diseq(V21, V31)
diseq(V21, V30)
diseq(V21, V29)
diseq(V21, V28)
diseq(V21, V27)
diseq(V21, V26)
diseq(V21, V25)
diseq(V21, V24)
diseq(V21, V23)
diseq(V21, V22)
diseq(V20, V65)
diseq(V20, V64)
diseq(V20, V63)
diseq(V20, V62)
diseq(V20, V61)
diseq(V20, V60)
diseq(V20, V59)
diseq(V20, V58)
diseq(V20, V57)
diseq(V20, V56)
diseq(V20, V55)
diseq(V20, V54)
diseq(V20, V53)
diseq(V20, V52)
diseq(V20, V51)
diseq(V20, V50)
diseq(V20, V49)
diseq(V20, V48)
diseq(V20, V47)
diseq(V20, V46)
diseq(V20, V45)
diseq(V20, V44)
diseq(V20, V43)
diseq(V20, V42)
diseq(V20, V41)
diseq(V20, V40)
diseq(V20, V39)
diseq(V20, V38)
diseq(V20, V37)
diseq(V20, V36)
diseq(V20, V35)
diseq(V20, V34)
diseq(V20, V33)
diseq(V20, V32)
diseq(V20, V31)
diseq(V20, V30)
diseq(V20, V29)
diseq(V20, V28)
diseq(V20, V27)
diseq(V20, V26)
diseq(V20, V25)
diseq(V20, V24)
diseq(V20, V23)
diseq(V20, V22)
diseq(V20, V21)
diseq(V19, V65)
diseq(V19, V64)
diseq(V19, V63)
diseq(V19, V62)
diseq(V19, V61)
diseq(V19, V60)
diseq(V19, V59)
diseq(V19, V58)
diseq(V19, V57)
diseq(V19, V56)
diseq(V19, V55)
diseq(V19, V54)
diseq(V19, V53)
diseq(V19, V52)
diseq(V19, V51)
diseq(V19, V50)
diseq(V19, V49)
diseq(V19, V48)
diseq(V19, V47)
diseq(V19, V46)
diseq(V19, V45)
diseq(V19, V44)
diseq(V19, V43)
diseq(V19, V42)
diseq(V19, V41)
diseq(V19, V40)
diseq(V19, V39)
diseq(V19, V38)
diseq(V19, V37)
diseq(V19, V36)
diseq(V19, V35)
diseq(V19, V34)
diseq(V19, V33)
diseq(V19, V32)
diseq(V19, V31)
diseq(V19, V30)
diseq(V19, V29)
diseq(V19, V28)
diseq(V19, V27)
diseq(V19, V26)
diseq(V19, V25)
diseq(V19, V24)
diseq(V19, V23)
diseq(V19, V22)
diseq(V19, V21)
diseq(V19, V20)
diseq(V18, V65)
diseq(V18, V64)
diseq(V18, V63)
diseq(V18, V62)
diseq(V18, V61)
diseq(V18, V60)
diseq(V18, V59)
diseq(V18, V58)
diseq(V18, V57)
diseq(V18, V56)
diseq(V18, V55)
diseq(V18, V54)
diseq(V18, V53)
diseq(V18, V52)
diseq(V18, V51)
diseq(V18, V50)
diseq(V18, V49)
diseq(V18, V48)
diseq(V18, V47)
diseq(V18, V46)
diseq(V18, V45)
diseq(V18, V44)
diseq(V18, V43)
diseq(V18, V42)
diseq(V18, V41)
diseq(V18, V40)
diseq(V18, V39)
diseq(V18, V38)
diseq(V18, V37)
diseq(V18, V36)
diseq(V18, V35)
diseq(V18, V34)
diseq(V18, V33)
diseq(V18, V32)
diseq(V18, V31)
diseq(V18, V30)
diseq(V18, V29)
diseq(V18, V28)
diseq(V18, V27)
diseq(V18, V26)
diseq(V18, V25)
diseq(V18, V24)
diseq(V18, V23)
diseq(V18, V22)
diseq(V18, V21)
diseq(V18, V20)
diseq(V18, V19)
diseq(V17, V65)
diseq(V17, V64)
diseq(V17, V63)
diseq(V17, V62)
diseq(V17, V61)
diseq(V17, V60)
diseq(V17, V59)
diseq(V17, V58)
diseq(V17, V57)
diseq(V17, V56)
diseq(V17, V55)
diseq(V17, V54)
diseq(V17, V53)
diseq(V17, V52)
diseq(V17, V51)
diseq(V17, V50)
diseq(V17, V49)
diseq(V17, V48)
diseq(V17, V47)
diseq(V17, V46)
diseq(V17, V45)
diseq(V17, V44)
diseq(V17, V43)
diseq(V17, V42)
diseq(V17, V41)
diseq(V17, V40)
diseq(V17, V39)
diseq(V17, V38)
diseq(V17, V37)
diseq(V17, V36)
diseq(V17, V35)
diseq(V17, V34)
diseq(V17, V33)
diseq(V17, V32)
diseq(V17, V31)
diseq(V17, V30)
diseq(V17, V29)
diseq(V17, V28)
diseq(V17, V27)
diseq(V17, V26)
diseq(V17, V25)
diseq(V17, V24)
diseq(V17, V23)
diseq(V17, V22)
diseq(V17, V21)
diseq(V17, V20)
diseq(V17, V19)
diseq(V17, V18)
diseq(V16, V65)
diseq(V16, V64)
diseq(V16, V63)
diseq(V16, V62)
diseq(V16, V61)
diseq(V16, V60)
diseq(V16, V59)
diseq(V16, V58)
diseq(V16, V57)
diseq(V16, V56)
diseq(V16, V55)
diseq(V16, V54)
diseq(V16, V53)
diseq(V16, V52)
diseq(V16, V51)
diseq(V16, V50)
diseq(V16, V49)
diseq(V16, V48)
diseq(V16, V47)
diseq(V16, V46)
diseq(V16, V45)
diseq(V16, V44)
diseq(V16, V43)
diseq(V16, V42)
diseq(V16, V41)
diseq(V16, V40)
diseq(V16, V39)
diseq(V16, V38)
diseq(V16, V37)
diseq(V16, V36)
diseq(V16, V35)
diseq(V16, V34)
diseq(V16, V33)
diseq(V16, V32)
diseq(V16, V31)
diseq(V16, V30)
diseq(V16, V29)
diseq(V16, V28)
diseq(V16, V27)
diseq(V16, V26)
diseq(V16, V25)
diseq(V16, V24)
diseq(V16, V23)
diseq(V16, V22)
diseq(V16, V21)
diseq(V16, V20)
diseq(V16, V19)
diseq(V16, V18)
diseq(V16, V17)
diseq(V15, V65)
diseq(V15, V64)
diseq(V15, V63)
diseq(V15, V62)
diseq(V15, V61)
diseq(V15, V60)
diseq(V15, V59)
diseq(V15, V58)
diseq(V15, V57)
diseq(V15, V56)
diseq(V15, V55)
diseq(V15, V54)
diseq(V15, V53)
diseq(V15, V52)
diseq(V15, V51)
diseq(V15, V50)
diseq(V15, V49)
diseq(V15, V48)
diseq(V15, V47)
diseq(V15, V46)
diseq(V15, V45)
diseq(V15, V44)
diseq(V15, V43)
diseq(V15, V42)
diseq(V15, V41)
diseq(V15, V40)
diseq(V15, V39)
diseq(V15, V38)
diseq(V15, V37)
diseq(V15, V36)
diseq(V15, V35)
diseq(V15, V34)
diseq(V15, V33)
diseq(V15, V32)
diseq(V15, V31)
diseq(V15, V30)
diseq(V15, V29)
diseq(V15, V28)
diseq(V15, V27)
diseq(V15, V26)
diseq(V15, V25)
diseq(V15, V24)
diseq(V15, V23)
diseq(V15, V22)
diseq(V15, V21)
diseq(V15, V20)
diseq(V15, V19)
diseq(V15, V18)
diseq(V15, V17)
diseq(V15, V16)
diseq(V14, V65)
diseq(V14, V64)
diseq(V14, V63)
diseq(V14, V62)
diseq(V14, V61)
diseq(V14, V60)
diseq(V14, V59)
diseq(V14, V58)
diseq(V14, V57)
diseq(V14, V56)
diseq(V14, V55)
diseq(V14, V54)
diseq(V14, V53)
diseq(V14, V52)
diseq(V14, V51)
diseq(V14, V50)
diseq(V14, V49)
diseq(V14, V48)
diseq(V14, V47)
diseq(V14, V46)
diseq(V14, V45)
diseq(V14, V44)
diseq(V14, V43)
diseq(V14, V42)
diseq(V14, V41)
diseq(V14, V40)
diseq(V14, V39)
diseq(V14, V38)
diseq(V14, V37)
diseq(V14, V36)
diseq(V14, V35)
diseq(V14, V34)
diseq(V14, V33)
diseq(V14, V32)
diseq(V14, V31)
diseq(V14, V30)
diseq(V14, V29)
diseq(V14, V28)
diseq(V14, V27)
diseq(V14, V26)
diseq(V14, V25)
diseq(V14, V24)
diseq(V14, V23)
diseq(V14, V22)
diseq(V14, V21)
diseq(V14, V20)
diseq(V14, V19)
diseq(V14, V18)
diseq(V14, V17)
diseq(V14, V16)
diseq(V14, V15)
diseq(V13, V65)
diseq(V13, V64)
diseq(V13, V63)
diseq(V13, V62)
diseq(V13, V61)
diseq(V13, V60)
diseq(V13, V59)
diseq(V13, V58)
diseq(V13, V57)
diseq(V13, V56)
diseq(V13, V55)
diseq(V13, V54)
diseq(V13, V53)
diseq(V13, V52)
diseq(V13, V51)
diseq(V13, V50)
diseq(V13, V49)
diseq(V13, V48)
diseq(V13, V47)
diseq(V13, V46)
diseq(V13, V45)
diseq(V13, V44)
diseq(V13, V43)
diseq(V13, V42)
diseq(V13, V41)
diseq(V13, V40)
diseq(V13, V39)
diseq(V13, V38)
diseq(V13, V37)
diseq(V13, V36)
diseq(V13, V35)
diseq(V13, V34)
diseq(V13, V33)
diseq(V13, V32)
diseq(V13, V31)
diseq(V13, V30)
diseq(V13, V29)
diseq(V13, V28)
diseq(V13, V27)
diseq(V13, V26)
diseq(V13, V25)
diseq(V13, V24)
diseq(V13, V23)
diseq(V13, V22)
diseq(V13, V21)
diseq(V13, V20)
diseq(V13, V19)
diseq(V13, V18)
diseq(V13, V17)
diseq(V13, V16)
diseq(V13, V15)
diseq(V13, V14)
diseq(V12, V65)
diseq(V12, V64)
diseq(V12, V63)
diseq(V12, V62)
diseq(V12, V61)
diseq(V12, V60)
diseq(V12, V59)
diseq(V12, V58)
diseq(V12, V57)
diseq(V12, V56)
diseq(V12, V55)
diseq(V12, V54)
diseq(V12, V53)
diseq(V12, V52)
diseq(V12, V51)
diseq(V12, V50)
diseq(V12, V49)
diseq(V12, V48)
diseq(V12, V47)
diseq(V12, V46)
diseq(V12, V45)
diseq(V12, V44)
diseq(V12, V43)
diseq(V12, V42)
diseq(V12, V41)
diseq(V12, V40)
diseq(V12, V39)
diseq(V12, V38)
diseq(V12, V37)
diseq(V12, V36)
diseq(V12, V35)
diseq(V12, V34)
diseq(V12, V33)
diseq(V12, V32)
diseq(V12, V31)
diseq(V12, V30)
diseq(V12, V29)
diseq(V12, V28)
diseq(V12, V27)
diseq(V12, V26)
diseq(V12, V25)
diseq(V12, V24)
diseq(V12, V23)
diseq(V12, V22)
diseq(V12, V21)
diseq(V12, V20)
diseq(V12, V19)
diseq(V12, V18)
diseq(V12, V17)
diseq(V12, V16)
diseq(V12, V15)
diseq(V12, V14)
diseq(V12, V13)
diseq(V11, V65)
diseq(V11, V64)
diseq(V11, V63)
diseq(V11, V62)
diseq(V11, V61)
diseq(V11, V60)
diseq(V11, V59)
diseq(V11, V58)
diseq(V11, V57)
diseq(V11, V56)
diseq(V11, V55)
diseq(V11, V54)
diseq(V11, V53)
diseq(V11, V52)
diseq(V11, V51)
diseq(V11, V50)
diseq(V11, V49)
diseq(V11, V48)
diseq(V11, V47)
diseq(V11, V46)
diseq(V11, V45)
diseq(V11, V44)
diseq(V11, V43)
diseq(V11, V42)
diseq(V11, V41)
diseq(V11, V40)
diseq(V11, V39)
diseq(V11, V38)
diseq(V11, V37)
diseq(V11, V36)
diseq(V11, V35)
diseq(V11, V34)
diseq(V11, V33)
diseq(V11, V32)
diseq(V11, V31)
diseq(V11, V30)
diseq(V11, V29)
diseq(V11, V28)
diseq(V11, V27)
diseq(V11, V26)
diseq(V11, V25)
diseq(V11, V24)
diseq(V11, V23)
diseq(V11, V22)
diseq(V11, V21)
diseq(V11, V20)
diseq(V11, V19)
diseq(V11, V18)
diseq(V11, V17)
diseq(V11, V16)
diseq(V11, V15)
diseq(V11, V14)
diseq(V11, V13)
diseq(V11, V12)
ineq(V9,V10,-1)
ineq(V8,V10,-1)
ineq(V8,V9,-1)
ineq(V7,V10,-1)
ineq(V7,V9,-1)
ineq(V7,V8,-1)
ineq(V6,V10,-1)
ineq(V6,V9,-1)
ineq(V6,V8,-1)
ineq(V6,V7,-1)
ineq(V5,V10,-1)
ineq(V5,V9,-1)
ineq(V5,V8,-1)
ineq(V5,V7,-1)
ineq(V5,V6,-1)
ineq(V4,V10,-1)
ineq(V4,V9,-1)
ineq(V4,V8,-1)
ineq(V4,V7,-1)
ineq(V4,V6,-1)
ineq(V4,V5,-1)
ineq(V3,V10,-1)
ineq(V3,V9,-1)
ineq(V3,V8,-1)
ineq(V3,V7,-1)
ineq(V3,V6,-1)
ineq(V3,V5,-1)
ineq(V3,V4,-1)
ineq(V2,V10,-1)
ineq(V2,V9,-1)
ineq(V2,V8,-1)
ineq(V2,V7,-1)
ineq(V2,V6,-1)
ineq(V2,V5,-1)
ineq(V2,V4,-1)
ineq(V2,V3,-1)
ineq(V1,V10,-1)
ineq(V1,V9,-1)
ineq(V1,V8,-1)
ineq(V1,V7,-1)
ineq(V1,V6,-1)
ineq(V1,V5,-1)
ineq(V1,V4,-1)
ineq(V1,V3,-1)
ineq(V1,V2,-1)
ineq(V0,V10,-1)
ineq(V0,V9,-1)
ineq(V0,V8,-1)
ineq(V0,V7,-1)
ineq(V0,V6,-1)
ineq(V0,V5,-1)
ineq(V0,V4,-1)
ineq(V0,V3,-1)
ineq(V0,V2,-1)
ineq(V0,V1,-1)
sumleq([V65,V9], V10)
sumgeq([V65,V9], V10)
sumleq([V64,V8], V10)
sumgeq([V64,V8], V10)
sumleq([V63,V8], V9)
sumgeq([V63,V8], V9)
sumleq([V62,V7], V10)
sumgeq([V62,V7], V10)
sumleq([V61,V7], V9)
sumgeq([V61,V7], V9)
sumleq([V60,V7], V8)
sumgeq([V60,V7], V8)
sumleq([V59,V6], V10)
sumgeq([V59,V6], V10)
sumleq([V58,V6], V9)
sumgeq([V58,V6], V9)
sumleq([V57,V6], V8)
sumgeq([V57,V6], V8)
sumleq([V56,V6], V7)
sumgeq([V56,V6], V7)
sumleq([V5,V55], V10)
sumgeq([V5,V55], V10)
sumleq([V5,V54], V9)
sumgeq([V5,V54], V9)
sumleq([V5,V53], V8)
sumgeq([V5,V53], V8)
sumleq([V5,V52], V7)
sumgeq([V5,V52], V7)
sumleq([V5,V51], V6)
sumgeq([V5,V51], V6)
sumleq([V4,V50], V10)
sumgeq([V4,V50], V10)
sumleq([V4,V49], V9)
sumgeq([V4,V49], V9)
sumleq([V4,V48], V8)
sumgeq([V4,V48], V8)
sumleq([V4,V47], V7)
sumgeq([V4,V47], V7)
sumleq([V4,V46], V6)
sumgeq([V4,V46], V6)
sumleq([V4,V45], V5)
sumgeq([V4,V45], V5)
sumleq([V3,V44], V10)
sumgeq([V3,V44], V10)
sumleq([V3,V43], V9)
sumgeq([V3,V43], V9)
sumleq([V3,V42], V8)
sumgeq([V3,V42], V8)
sumleq([V3,V41], V7)
sumgeq([V3,V41], V7)
sumleq([V3,V40], V6)
sumgeq([V3,V40], V6)
sumleq([V3,V39], V5)
sumgeq([V3,V39], V5)
sumleq([V3,V38], V4)
sumgeq([V3,V38], V4)
sumleq([V2,V37], V10)
sumgeq([V2,V37], V10)
sumleq([V2,V36], V9)
sumgeq([V2,V36], V9)
sumleq([V2,V35], V8)
sumgeq([V2,V35], V8)
sumleq([V2,V34], V7)
sumgeq([V2,V34], V7)
sumleq([V2,V33], V6)
sumgeq([V2,V33], V6)
sumleq([V2,V32], V5)
sumgeq([V2,V32], V5)
sumleq([V2,V31], V4)
sumgeq([V2,V31], V4)
sumleq([V2,V30], V3)
sumgeq([V2,V30], V3)
sumleq([V1,V29], V10)
sumgeq([V1,V29], V10)
sumleq([V1,V28], V9)
sumgeq([V1,V28], V9)
sumleq([V1,V27], V8)
sumgeq([V1,V27], V8)
sumleq([V1,V26], V7)
sumgeq([V1,V26], V7)
sumleq([V1,V25], V6)
sumgeq([V1,V25], V6)
sumleq([V1,V24], V5)
sumgeq([V1,V24], V5)
sumleq([V1,V23], V4)
sumgeq([V1,V23], V4)
sumleq([V1,V22], V3)
sumgeq([V1,V22], V3)
sumleq([V1,V21], V2)
sumgeq([V1,V21], V2)
sumleq([V0,V20], V10)
sumgeq([V0,V20], V10)
sumleq([V0,V19], V9)
sumgeq([V0,V19], V9)
sumleq([V0,V18], V8)
sumgeq([V0,V18], V8)
sumleq([V0,V17], V7)
sumgeq([V0,V17], V7)
sumleq([V0,V16], V6)
sumgeq([V0,V16], V6)
sumleq([V0,V15], V5)
sumgeq([V0,V15], V5)
sumleq([V0,V14], V4)
sumgeq([V0,V14], V4)
sumleq([V0,V13], V3)
sumgeq([V0,V13], V3)
sumleq([V0,V12], V2)
sumgeq([V0,V12], V2)
sumleq([V0,V11], V1)
sumgeq([V0,V11], V1)

**EOF**
