MINION 3

#This file has been automatically generated by TAILOR v0.2
#bug-reports: andrea@cs.st-and.ac.uk

# amount of common subexpressions used:2585
# amount of inferred common subexpressions used:0
# amount of original variables saved (over direct equality):0
# amount of constraints:1485
# amount of auxiliary variables: 55

**VARIABLES**
DISCRETE V0 {0..67}
DISCRETE V1 {0..67}
DISCRETE V2 {0..67}
DISCRETE V3 {0..67}
DISCRETE V4 {0..67}
DISCRETE V5 {0..67}
DISCRETE V6 {0..67}
DISCRETE V7 {0..67}
DISCRETE V8 {0..67}
DISCRETE V9 {0..67}
DISCRETE V10 {0..67}

# auxiliary variables
DISCRETE aux0 {-67..67}
DISCRETE aux1 {-67..67}
DISCRETE aux2 {-67..67}
DISCRETE aux3 {-67..67}
DISCRETE aux4 {-67..67}
DISCRETE aux5 {-67..67}
DISCRETE aux6 {-67..67}
DISCRETE aux7 {-67..67}
DISCRETE aux8 {-67..67}
DISCRETE aux9 {-67..67}
DISCRETE aux10 {-67..67}
DISCRETE aux11 {-67..67}
DISCRETE aux12 {-67..67}
DISCRETE aux13 {-67..67}
DISCRETE aux14 {-67..67}
DISCRETE aux15 {-67..67}
DISCRETE aux16 {-67..67}
DISCRETE aux17 {-67..67}
DISCRETE aux18 {-67..67}
DISCRETE aux19 {-67..67}
DISCRETE aux20 {-67..67}
DISCRETE aux21 {-67..67}
DISCRETE aux22 {-67..67}
DISCRETE aux23 {-67..67}
DISCRETE aux24 {-67..67}
DISCRETE aux25 {-67..67}
DISCRETE aux26 {-67..67}
DISCRETE aux27 {-67..67}
DISCRETE aux28 {-67..67}
DISCRETE aux29 {-67..67}
DISCRETE aux30 {-67..67}
DISCRETE aux31 {-67..67}
DISCRETE aux32 {-67..67}
DISCRETE aux33 {-67..67}
DISCRETE aux34 {-67..67}
DISCRETE aux35 {-67..67}
DISCRETE aux36 {-67..67}
DISCRETE aux37 {-67..67}
DISCRETE aux38 {-67..67}
DISCRETE aux39 {-67..67}
DISCRETE aux40 {-67..67}
DISCRETE aux41 {-67..67}
DISCRETE aux42 {-67..67}
DISCRETE aux43 {-67..67}
DISCRETE aux44 {-67..67}
DISCRETE aux45 {-67..67}
DISCRETE aux46 {-67..67}
DISCRETE aux47 {-67..67}
DISCRETE aux48 {-67..67}
DISCRETE aux49 {-67..67}
DISCRETE aux50 {-67..67}
DISCRETE aux51 {-67..67}
DISCRETE aux52 {-67..67}
DISCRETE aux53 {-67..67}
DISCRETE aux54 {-67..67}

# aliases

**SEARCH**

PRINT [
[V0],[V1],[V2],[V3],[V4],[V5],[V6],[V7],
[V8],[V9],[V10]]

VARORDER [
V0,V1,V2,V3,V4,V5,V6,V7,
V8,V9,V10,
aux0,aux1,aux2,aux3,aux4,aux5,aux6,aux7,
aux8,aux9,aux10,aux11,aux12,aux13,aux14,aux15,
aux16,aux17,aux18,aux19,aux20,aux21,aux22,aux23,
aux24,aux25,aux26,aux27,aux28,aux29,aux30,aux31,
aux32,aux33,aux34,aux35,aux36,aux37,aux38,aux39,
aux40,aux41,aux42,aux43,aux44,aux45,aux46,aux47,
aux48,aux49,aux50,aux51,aux52,aux53,aux54]


**CONSTRAINTS**

diseq(aux10, aux9)
weightedsumgeq([1,-1], [V9,V8], aux54)
weightedsumleq([1,-1], [V9,V8], aux54)
diseq(aux54, aux10)
diseq(aux10, aux8)
diseq(aux9, aux8)
diseq(aux54, aux8)
diseq(aux53, aux10)
diseq(aux53, aux9)
weightedsumgeq([1,-1], [V9,V7], aux53)
weightedsumleq([1,-1], [V9,V7], aux53)
diseq(aux54, aux53)
diseq(aux45, aux10)
diseq(aux45, aux9)
diseq(aux54, aux45)
diseq(aux10, aux7)
diseq(aux9, aux7)
diseq(aux54, aux7)
diseq(aux8, aux7)
diseq(aux53, aux7)
diseq(aux45, aux7)
diseq(aux52, aux10)
diseq(aux52, aux9)
diseq(aux54, aux52)
diseq(aux52, aux8)
weightedsumgeq([1,-1], [V9,V6], aux52)
weightedsumleq([1,-1], [V9,V6], aux52)
diseq(aux53, aux52)
diseq(aux52, aux45)
diseq(aux44, aux10)
diseq(aux44, aux9)
diseq(aux54, aux44)
diseq(aux44, aux8)
diseq(aux53, aux44)
diseq(aux45, aux44)
diseq(aux37, aux10)
diseq(aux37, aux9)
diseq(aux54, aux37)
diseq(aux37, aux8)
diseq(aux53, aux37)
diseq(aux45, aux37)
diseq(aux10, aux6)
diseq(aux9, aux6)
diseq(aux54, aux6)
diseq(aux8, aux6)
diseq(aux53, aux6)
diseq(aux45, aux6)
diseq(aux7, aux6)
diseq(aux52, aux6)
diseq(aux44, aux6)
diseq(aux37, aux6)
diseq(aux51, aux10)
diseq(aux51, aux9)
diseq(aux54, aux51)
diseq(aux51, aux8)
diseq(aux53, aux51)
diseq(aux51, aux45)
diseq(aux51, aux7)
weightedsumgeq([1,-1], [V9,V5], aux51)
weightedsumleq([1,-1], [V9,V5], aux51)
diseq(aux52, aux51)
diseq(aux51, aux44)
diseq(aux51, aux37)
diseq(aux43, aux10)
diseq(aux43, aux9)
diseq(aux54, aux43)
diseq(aux43, aux8)
diseq(aux53, aux43)
diseq(aux45, aux43)
diseq(aux43, aux7)
diseq(aux52, aux43)
diseq(aux44, aux43)
diseq(aux43, aux37)
diseq(aux36, aux10)
diseq(aux36, aux9)
diseq(aux54, aux36)
diseq(aux36, aux8)
diseq(aux53, aux36)
diseq(aux45, aux36)
diseq(aux36, aux7)
diseq(aux52, aux36)
diseq(aux44, aux36)
diseq(aux37, aux36)
diseq(aux30, aux10)
diseq(aux30, aux9)
diseq(aux54, aux30)
diseq(aux30, aux8)
diseq(aux53, aux30)
diseq(aux45, aux30)
diseq(aux30, aux7)
diseq(aux52, aux30)
diseq(aux44, aux30)
diseq(aux37, aux30)
diseq(aux10, aux5)
diseq(aux9, aux5)
diseq(aux54, aux5)
diseq(aux8, aux5)
diseq(aux53, aux5)
diseq(aux45, aux5)
diseq(aux7, aux5)
diseq(aux52, aux5)
diseq(aux44, aux5)
diseq(aux37, aux5)
diseq(aux6, aux5)
diseq(aux51, aux5)
diseq(aux43, aux5)
diseq(aux36, aux5)
diseq(aux30, aux5)
diseq(aux50, aux10)
diseq(aux50, aux9)
diseq(aux54, aux50)
diseq(aux50, aux8)
diseq(aux53, aux50)
diseq(aux50, aux45)
diseq(aux50, aux7)
diseq(aux52, aux50)
diseq(aux50, aux44)
diseq(aux50, aux37)
diseq(aux50, aux6)
weightedsumgeq([1,-1], [V9,V4], aux50)
weightedsumleq([1,-1], [V9,V4], aux50)
diseq(aux51, aux50)
diseq(aux50, aux43)
diseq(aux50, aux36)
diseq(aux50, aux30)
diseq(aux42, aux10)
diseq(aux42, aux9)
diseq(aux54, aux42)
diseq(aux42, aux8)
diseq(aux53, aux42)
diseq(aux45, aux42)
diseq(aux42, aux7)
diseq(aux52, aux42)
diseq(aux44, aux42)
diseq(aux42, aux37)
diseq(aux42, aux6)
diseq(aux51, aux42)
diseq(aux43, aux42)
diseq(aux42, aux36)
diseq(aux42, aux30)
diseq(aux35, aux10)
diseq(aux35, aux9)
diseq(aux54, aux35)
diseq(aux35, aux8)
diseq(aux53, aux35)
diseq(aux45, aux35)
diseq(aux35, aux7)
diseq(aux52, aux35)
diseq(aux44, aux35)
diseq(aux37, aux35)
diseq(aux35, aux6)
diseq(aux51, aux35)
diseq(aux43, aux35)
diseq(aux36, aux35)
diseq(aux35, aux30)
diseq(aux29, aux10)
diseq(aux29, aux9)
diseq(aux54, aux29)
diseq(aux29, aux8)
diseq(aux53, aux29)
diseq(aux45, aux29)
diseq(aux29, aux7)
diseq(aux52, aux29)
diseq(aux44, aux29)
diseq(aux37, aux29)
diseq(aux29, aux6)
diseq(aux51, aux29)
diseq(aux43, aux29)
diseq(aux36, aux29)
diseq(aux30, aux29)
diseq(aux24, aux10)
diseq(aux24, aux9)
diseq(aux54, aux24)
diseq(aux24, aux8)
diseq(aux53, aux24)
diseq(aux45, aux24)
diseq(aux24, aux7)
diseq(aux52, aux24)
diseq(aux44, aux24)
diseq(aux37, aux24)
diseq(aux24, aux6)
diseq(aux51, aux24)
diseq(aux43, aux24)
diseq(aux36, aux24)
diseq(aux30, aux24)
diseq(aux10, aux4)
diseq(aux9, aux4)
diseq(aux54, aux4)
diseq(aux8, aux4)
diseq(aux53, aux4)
diseq(aux45, aux4)
diseq(aux7, aux4)
diseq(aux52, aux4)
diseq(aux44, aux4)
diseq(aux37, aux4)
diseq(aux6, aux4)
diseq(aux51, aux4)
diseq(aux43, aux4)
diseq(aux36, aux4)
diseq(aux30, aux4)
diseq(aux5, aux4)
diseq(aux50, aux4)
diseq(aux42, aux4)
diseq(aux35, aux4)
diseq(aux29, aux4)
diseq(aux24, aux4)
diseq(aux49, aux10)
diseq(aux49, aux9)
diseq(aux54, aux49)
diseq(aux49, aux8)
diseq(aux53, aux49)
diseq(aux49, aux45)
diseq(aux49, aux7)
diseq(aux52, aux49)
diseq(aux49, aux44)
diseq(aux49, aux37)
diseq(aux49, aux6)
diseq(aux51, aux49)
diseq(aux49, aux43)
diseq(aux49, aux36)
diseq(aux49, aux30)
diseq(aux49, aux5)
weightedsumgeq([1,-1], [V9,V3], aux49)
weightedsumleq([1,-1], [V9,V3], aux49)
diseq(aux50, aux49)
diseq(aux49, aux42)
diseq(aux49, aux35)
diseq(aux49, aux29)
diseq(aux49, aux24)
diseq(aux41, aux10)
diseq(aux41, aux9)
diseq(aux54, aux41)
diseq(aux41, aux8)
diseq(aux53, aux41)
diseq(aux45, aux41)
diseq(aux41, aux7)
diseq(aux52, aux41)
diseq(aux44, aux41)
diseq(aux41, aux37)
diseq(aux41, aux6)
diseq(aux51, aux41)
diseq(aux43, aux41)
diseq(aux41, aux36)
diseq(aux41, aux30)
diseq(aux41, aux5)
diseq(aux50, aux41)
diseq(aux42, aux41)
diseq(aux41, aux35)
diseq(aux41, aux29)
diseq(aux41, aux24)
diseq(aux34, aux10)
diseq(aux34, aux9)
diseq(aux54, aux34)
diseq(aux34, aux8)
diseq(aux53, aux34)
diseq(aux45, aux34)
diseq(aux34, aux7)
diseq(aux52, aux34)
diseq(aux44, aux34)
diseq(aux37, aux34)
diseq(aux34, aux6)
diseq(aux51, aux34)
diseq(aux43, aux34)
diseq(aux36, aux34)
diseq(aux34, aux30)
diseq(aux34, aux5)
diseq(aux50, aux34)
diseq(aux42, aux34)
diseq(aux35, aux34)
diseq(aux34, aux29)
diseq(aux34, aux24)
diseq(aux28, aux10)
diseq(aux28, aux9)
diseq(aux54, aux28)
diseq(aux28, aux8)
diseq(aux53, aux28)
diseq(aux45, aux28)
diseq(aux28, aux7)
diseq(aux52, aux28)
diseq(aux44, aux28)
diseq(aux37, aux28)
diseq(aux28, aux6)
diseq(aux51, aux28)
diseq(aux43, aux28)
diseq(aux36, aux28)
diseq(aux30, aux28)
diseq(aux28, aux5)
diseq(aux50, aux28)
diseq(aux42, aux28)
diseq(aux35, aux28)
diseq(aux29, aux28)
diseq(aux28, aux24)
diseq(aux23, aux10)
diseq(aux23, aux9)
diseq(aux54, aux23)
diseq(aux23, aux8)
diseq(aux53, aux23)
diseq(aux45, aux23)
diseq(aux23, aux7)
diseq(aux52, aux23)
diseq(aux44, aux23)
diseq(aux37, aux23)
diseq(aux23, aux6)
diseq(aux51, aux23)
diseq(aux43, aux23)
diseq(aux36, aux23)
diseq(aux30, aux23)
diseq(aux23, aux5)
diseq(aux50, aux23)
diseq(aux42, aux23)
diseq(aux35, aux23)
diseq(aux29, aux23)
diseq(aux24, aux23)
diseq(aux19, aux10)
diseq(aux19, aux9)
diseq(aux54, aux19)
diseq(aux19, aux8)
diseq(aux53, aux19)
diseq(aux45, aux19)
diseq(aux19, aux7)
diseq(aux52, aux19)
diseq(aux44, aux19)
diseq(aux37, aux19)
diseq(aux19, aux6)
diseq(aux51, aux19)
diseq(aux43, aux19)
diseq(aux36, aux19)
diseq(aux30, aux19)
diseq(aux19, aux5)
diseq(aux50, aux19)
diseq(aux42, aux19)
diseq(aux35, aux19)
diseq(aux29, aux19)
diseq(aux24, aux19)
diseq(aux10, aux3)
diseq(aux9, aux3)
diseq(aux54, aux3)
diseq(aux8, aux3)
diseq(aux53, aux3)
diseq(aux45, aux3)
diseq(aux7, aux3)
diseq(aux52, aux3)
diseq(aux44, aux3)
diseq(aux37, aux3)
diseq(aux6, aux3)
diseq(aux51, aux3)
diseq(aux43, aux3)
diseq(aux36, aux3)
diseq(aux30, aux3)
diseq(aux5, aux3)
diseq(aux50, aux3)
diseq(aux42, aux3)
diseq(aux35, aux3)
diseq(aux29, aux3)
diseq(aux24, aux3)
diseq(aux4, aux3)
diseq(aux49, aux3)
diseq(aux41, aux3)
diseq(aux34, aux3)
diseq(aux28, aux3)
diseq(aux23, aux3)
diseq(aux19, aux3)
diseq(aux48, aux10)
diseq(aux48, aux9)
diseq(aux54, aux48)
diseq(aux48, aux8)
diseq(aux53, aux48)
diseq(aux48, aux45)
diseq(aux48, aux7)
diseq(aux52, aux48)
diseq(aux48, aux44)
diseq(aux48, aux37)
diseq(aux48, aux6)
diseq(aux51, aux48)
diseq(aux48, aux43)
diseq(aux48, aux36)
diseq(aux48, aux30)
diseq(aux48, aux5)
diseq(aux50, aux48)
diseq(aux48, aux42)
diseq(aux48, aux35)
diseq(aux48, aux29)
diseq(aux48, aux24)
diseq(aux48, aux4)
weightedsumgeq([1,-1], [V9,V2], aux48)
weightedsumleq([1,-1], [V9,V2], aux48)
diseq(aux49, aux48)
diseq(aux48, aux41)
diseq(aux48, aux34)
diseq(aux48, aux28)
diseq(aux48, aux23)
diseq(aux48, aux19)
diseq(aux40, aux10)
diseq(aux40, aux9)
diseq(aux54, aux40)
diseq(aux40, aux8)
diseq(aux53, aux40)
diseq(aux45, aux40)
diseq(aux40, aux7)
diseq(aux52, aux40)
diseq(aux44, aux40)
diseq(aux40, aux37)
diseq(aux40, aux6)
diseq(aux51, aux40)
diseq(aux43, aux40)
diseq(aux40, aux36)
diseq(aux40, aux30)
diseq(aux40, aux5)
diseq(aux50, aux40)
diseq(aux42, aux40)
diseq(aux40, aux35)
diseq(aux40, aux29)
diseq(aux40, aux24)
diseq(aux40, aux4)
diseq(aux49, aux40)
diseq(aux41, aux40)
diseq(aux40, aux34)
diseq(aux40, aux28)
diseq(aux40, aux23)
diseq(aux40, aux19)
diseq(aux33, aux10)
diseq(aux33, aux9)
diseq(aux54, aux33)
diseq(aux33, aux8)
diseq(aux53, aux33)
diseq(aux45, aux33)
diseq(aux33, aux7)
diseq(aux52, aux33)
diseq(aux44, aux33)
diseq(aux37, aux33)
diseq(aux33, aux6)
diseq(aux51, aux33)
diseq(aux43, aux33)
diseq(aux36, aux33)
diseq(aux33, aux30)
diseq(aux33, aux5)
diseq(aux50, aux33)
diseq(aux42, aux33)
diseq(aux35, aux33)
diseq(aux33, aux29)
diseq(aux33, aux24)
diseq(aux33, aux4)
diseq(aux49, aux33)
diseq(aux41, aux33)
diseq(aux34, aux33)
diseq(aux33, aux28)
diseq(aux33, aux23)
diseq(aux33, aux19)
diseq(aux27, aux10)
diseq(aux27, aux9)
diseq(aux54, aux27)
diseq(aux27, aux8)
diseq(aux53, aux27)
diseq(aux45, aux27)
diseq(aux27, aux7)
diseq(aux52, aux27)
diseq(aux44, aux27)
diseq(aux37, aux27)
diseq(aux27, aux6)
diseq(aux51, aux27)
diseq(aux43, aux27)
diseq(aux36, aux27)
diseq(aux30, aux27)
diseq(aux27, aux5)
diseq(aux50, aux27)
diseq(aux42, aux27)
diseq(aux35, aux27)
diseq(aux29, aux27)
diseq(aux27, aux24)
diseq(aux27, aux4)
diseq(aux49, aux27)
diseq(aux41, aux27)
diseq(aux34, aux27)
diseq(aux28, aux27)
diseq(aux27, aux23)
diseq(aux27, aux19)
diseq(aux22, aux10)
diseq(aux22, aux9)
diseq(aux54, aux22)
diseq(aux22, aux8)
diseq(aux53, aux22)
diseq(aux45, aux22)
diseq(aux22, aux7)
diseq(aux52, aux22)
diseq(aux44, aux22)
diseq(aux37, aux22)
diseq(aux22, aux6)
diseq(aux51, aux22)
diseq(aux43, aux22)
diseq(aux36, aux22)
diseq(aux30, aux22)
diseq(aux22, aux5)
diseq(aux50, aux22)
diseq(aux42, aux22)
diseq(aux35, aux22)
diseq(aux29, aux22)
diseq(aux24, aux22)
diseq(aux22, aux4)
diseq(aux49, aux22)
diseq(aux41, aux22)
diseq(aux34, aux22)
diseq(aux28, aux22)
diseq(aux23, aux22)
diseq(aux22, aux19)
diseq(aux18, aux10)
diseq(aux18, aux9)
diseq(aux54, aux18)
diseq(aux18, aux8)
diseq(aux53, aux18)
diseq(aux45, aux18)
diseq(aux18, aux7)
diseq(aux52, aux18)
diseq(aux44, aux18)
diseq(aux37, aux18)
diseq(aux18, aux6)
diseq(aux51, aux18)
diseq(aux43, aux18)
diseq(aux36, aux18)
diseq(aux30, aux18)
diseq(aux18, aux5)
diseq(aux50, aux18)
diseq(aux42, aux18)
diseq(aux35, aux18)
diseq(aux29, aux18)
diseq(aux24, aux18)
diseq(aux18, aux4)
diseq(aux49, aux18)
diseq(aux41, aux18)
diseq(aux34, aux18)
diseq(aux28, aux18)
diseq(aux23, aux18)
diseq(aux19, aux18)
diseq(aux15, aux10)
diseq(aux15, aux9)
diseq(aux54, aux15)
diseq(aux15, aux8)
diseq(aux53, aux15)
diseq(aux45, aux15)
diseq(aux15, aux7)
diseq(aux52, aux15)
diseq(aux44, aux15)
diseq(aux37, aux15)
diseq(aux15, aux6)
diseq(aux51, aux15)
diseq(aux43, aux15)
diseq(aux36, aux15)
diseq(aux30, aux15)
diseq(aux15, aux5)
diseq(aux50, aux15)
diseq(aux42, aux15)
diseq(aux35, aux15)
diseq(aux29, aux15)
diseq(aux24, aux15)
diseq(aux15, aux4)
diseq(aux49, aux15)
diseq(aux41, aux15)
diseq(aux34, aux15)
diseq(aux28, aux15)
diseq(aux23, aux15)
diseq(aux19, aux15)
diseq(aux10, aux2)
diseq(aux9, aux2)
diseq(aux54, aux2)
diseq(aux8, aux2)
diseq(aux53, aux2)
diseq(aux45, aux2)
diseq(aux7, aux2)
diseq(aux52, aux2)
diseq(aux44, aux2)
diseq(aux37, aux2)
diseq(aux6, aux2)
diseq(aux51, aux2)
diseq(aux43, aux2)
diseq(aux36, aux2)
diseq(aux30, aux2)
diseq(aux5, aux2)
diseq(aux50, aux2)
diseq(aux42, aux2)
diseq(aux35, aux2)
diseq(aux29, aux2)
diseq(aux24, aux2)
diseq(aux4, aux2)
diseq(aux49, aux2)
diseq(aux41, aux2)
diseq(aux34, aux2)
diseq(aux28, aux2)
diseq(aux23, aux2)
diseq(aux19, aux2)
diseq(aux3, aux2)
diseq(aux48, aux2)
diseq(aux40, aux2)
diseq(aux33, aux2)
diseq(aux27, aux2)
diseq(aux22, aux2)
diseq(aux18, aux2)
diseq(aux15, aux2)
diseq(aux47, aux10)
diseq(aux47, aux9)
diseq(aux54, aux47)
diseq(aux47, aux8)
diseq(aux53, aux47)
diseq(aux47, aux45)
diseq(aux47, aux7)
diseq(aux52, aux47)
diseq(aux47, aux44)
diseq(aux47, aux37)
diseq(aux47, aux6)
diseq(aux51, aux47)
diseq(aux47, aux43)
diseq(aux47, aux36)
diseq(aux47, aux30)
diseq(aux47, aux5)
diseq(aux50, aux47)
diseq(aux47, aux42)
diseq(aux47, aux35)
diseq(aux47, aux29)
diseq(aux47, aux24)
diseq(aux47, aux4)
diseq(aux49, aux47)
diseq(aux47, aux41)
diseq(aux47, aux34)
diseq(aux47, aux28)
diseq(aux47, aux23)
diseq(aux47, aux19)
diseq(aux47, aux3)
weightedsumgeq([1,-1], [V9,V1], aux47)
weightedsumleq([1,-1], [V9,V1], aux47)
diseq(aux48, aux47)
diseq(aux47, aux40)
diseq(aux47, aux33)
diseq(aux47, aux27)
diseq(aux47, aux22)
diseq(aux47, aux18)
diseq(aux47, aux15)
diseq(aux38, aux10)
diseq(aux38, aux9)
diseq(aux54, aux38)
diseq(aux38, aux8)
diseq(aux53, aux38)
diseq(aux45, aux38)
diseq(aux38, aux7)
diseq(aux52, aux38)
diseq(aux44, aux38)
diseq(aux38, aux37)
diseq(aux38, aux6)
diseq(aux51, aux38)
diseq(aux43, aux38)
diseq(aux38, aux36)
diseq(aux38, aux30)
diseq(aux38, aux5)
diseq(aux50, aux38)
diseq(aux42, aux38)
diseq(aux38, aux35)
diseq(aux38, aux29)
diseq(aux38, aux24)
diseq(aux38, aux4)
diseq(aux49, aux38)
diseq(aux41, aux38)
diseq(aux38, aux34)
diseq(aux38, aux28)
diseq(aux38, aux23)
diseq(aux38, aux19)
diseq(aux38, aux3)
diseq(aux48, aux38)
diseq(aux40, aux38)
diseq(aux38, aux33)
diseq(aux38, aux27)
diseq(aux38, aux22)
diseq(aux38, aux18)
diseq(aux38, aux15)
diseq(aux31, aux10)
diseq(aux31, aux9)
diseq(aux54, aux31)
diseq(aux31, aux8)
diseq(aux53, aux31)
diseq(aux45, aux31)
diseq(aux31, aux7)
diseq(aux52, aux31)
diseq(aux44, aux31)
diseq(aux37, aux31)
diseq(aux31, aux6)
diseq(aux51, aux31)
diseq(aux43, aux31)
diseq(aux36, aux31)
diseq(aux31, aux30)
diseq(aux31, aux5)
diseq(aux50, aux31)
diseq(aux42, aux31)
diseq(aux35, aux31)
diseq(aux31, aux29)
diseq(aux31, aux24)
diseq(aux31, aux4)
diseq(aux49, aux31)
diseq(aux41, aux31)
diseq(aux34, aux31)
diseq(aux31, aux28)
diseq(aux31, aux23)
diseq(aux31, aux19)
diseq(aux31, aux3)
diseq(aux48, aux31)
diseq(aux40, aux31)
diseq(aux33, aux31)
diseq(aux31, aux27)
diseq(aux31, aux22)
diseq(aux31, aux18)
diseq(aux31, aux15)
diseq(aux25, aux10)
diseq(aux25, aux9)
diseq(aux54, aux25)
diseq(aux25, aux8)
diseq(aux53, aux25)
diseq(aux45, aux25)
diseq(aux25, aux7)
diseq(aux52, aux25)
diseq(aux44, aux25)
diseq(aux37, aux25)
diseq(aux25, aux6)
diseq(aux51, aux25)
diseq(aux43, aux25)
diseq(aux36, aux25)
diseq(aux30, aux25)
diseq(aux25, aux5)
diseq(aux50, aux25)
diseq(aux42, aux25)
diseq(aux35, aux25)
diseq(aux29, aux25)
diseq(aux25, aux24)
diseq(aux25, aux4)
diseq(aux49, aux25)
diseq(aux41, aux25)
diseq(aux34, aux25)
diseq(aux28, aux25)
diseq(aux25, aux23)
diseq(aux25, aux19)
diseq(aux25, aux3)
diseq(aux48, aux25)
diseq(aux40, aux25)
diseq(aux33, aux25)
diseq(aux27, aux25)
diseq(aux25, aux22)
diseq(aux25, aux18)
diseq(aux25, aux15)
diseq(aux20, aux10)
diseq(aux20, aux9)
diseq(aux54, aux20)
diseq(aux20, aux8)
diseq(aux53, aux20)
diseq(aux45, aux20)
diseq(aux20, aux7)
diseq(aux52, aux20)
diseq(aux44, aux20)
diseq(aux37, aux20)
diseq(aux20, aux6)
diseq(aux51, aux20)
diseq(aux43, aux20)
diseq(aux36, aux20)
diseq(aux30, aux20)
diseq(aux20, aux5)
diseq(aux50, aux20)
diseq(aux42, aux20)
diseq(aux35, aux20)
diseq(aux29, aux20)
diseq(aux24, aux20)
diseq(aux20, aux4)
diseq(aux49, aux20)
diseq(aux41, aux20)
diseq(aux34, aux20)
diseq(aux28, aux20)
diseq(aux23, aux20)
diseq(aux20, aux19)
diseq(aux20, aux3)
diseq(aux48, aux20)
diseq(aux40, aux20)
diseq(aux33, aux20)
diseq(aux27, aux20)
diseq(aux22, aux20)
diseq(aux20, aux18)
diseq(aux20, aux15)
diseq(aux16, aux10)
diseq(aux16, aux9)
diseq(aux54, aux16)
diseq(aux16, aux8)
diseq(aux53, aux16)
diseq(aux45, aux16)
diseq(aux16, aux7)
diseq(aux52, aux16)
diseq(aux44, aux16)
diseq(aux37, aux16)
diseq(aux16, aux6)
diseq(aux51, aux16)
diseq(aux43, aux16)
diseq(aux36, aux16)
diseq(aux30, aux16)
diseq(aux16, aux5)
diseq(aux50, aux16)
diseq(aux42, aux16)
diseq(aux35, aux16)
diseq(aux29, aux16)
diseq(aux24, aux16)
diseq(aux16, aux4)
diseq(aux49, aux16)
diseq(aux41, aux16)
diseq(aux34, aux16)
diseq(aux28, aux16)
diseq(aux23, aux16)
diseq(aux19, aux16)
diseq(aux16, aux3)
diseq(aux48, aux16)
diseq(aux40, aux16)
diseq(aux33, aux16)
diseq(aux27, aux16)
diseq(aux22, aux16)
diseq(aux18, aux16)
diseq(aux16, aux15)
diseq(aux13, aux10)
diseq(aux13, aux9)
diseq(aux54, aux13)
diseq(aux13, aux8)
diseq(aux53, aux13)
diseq(aux45, aux13)
diseq(aux13, aux7)
diseq(aux52, aux13)
diseq(aux44, aux13)
diseq(aux37, aux13)
diseq(aux13, aux6)
diseq(aux51, aux13)
diseq(aux43, aux13)
diseq(aux36, aux13)
diseq(aux30, aux13)
diseq(aux13, aux5)
diseq(aux50, aux13)
diseq(aux42, aux13)
diseq(aux35, aux13)
diseq(aux29, aux13)
diseq(aux24, aux13)
diseq(aux13, aux4)
diseq(aux49, aux13)
diseq(aux41, aux13)
diseq(aux34, aux13)
diseq(aux28, aux13)
diseq(aux23, aux13)
diseq(aux19, aux13)
diseq(aux13, aux3)
diseq(aux48, aux13)
diseq(aux40, aux13)
diseq(aux33, aux13)
diseq(aux27, aux13)
diseq(aux22, aux13)
diseq(aux18, aux13)
diseq(aux15, aux13)
diseq(aux11, aux10)
diseq(aux11, aux9)
diseq(aux54, aux11)
diseq(aux11, aux8)
diseq(aux53, aux11)
diseq(aux45, aux11)
diseq(aux11, aux7)
diseq(aux52, aux11)
diseq(aux44, aux11)
diseq(aux37, aux11)
diseq(aux11, aux6)
diseq(aux51, aux11)
diseq(aux43, aux11)
diseq(aux36, aux11)
diseq(aux30, aux11)
diseq(aux11, aux5)
diseq(aux50, aux11)
diseq(aux42, aux11)
diseq(aux35, aux11)
diseq(aux29, aux11)
diseq(aux24, aux11)
diseq(aux11, aux4)
diseq(aux49, aux11)
diseq(aux41, aux11)
diseq(aux34, aux11)
diseq(aux28, aux11)
diseq(aux23, aux11)
diseq(aux19, aux11)
diseq(aux11, aux3)
diseq(aux48, aux11)
diseq(aux40, aux11)
diseq(aux33, aux11)
diseq(aux27, aux11)
diseq(aux22, aux11)
diseq(aux18, aux11)
diseq(aux15, aux11)
diseq(aux10, aux46)
diseq(aux9, aux46)
diseq(aux54, aux46)
diseq(aux8, aux46)
diseq(aux53, aux46)
diseq(aux45, aux46)
diseq(aux7, aux46)
diseq(aux52, aux46)
diseq(aux44, aux46)
diseq(aux37, aux46)
diseq(aux6, aux46)
diseq(aux51, aux46)
diseq(aux43, aux46)
diseq(aux36, aux46)
diseq(aux30, aux46)
diseq(aux5, aux46)
diseq(aux50, aux46)
diseq(aux42, aux46)
diseq(aux35, aux46)
diseq(aux29, aux46)
diseq(aux24, aux46)
diseq(aux4, aux46)
diseq(aux49, aux46)
diseq(aux41, aux46)
diseq(aux34, aux46)
diseq(aux28, aux46)
diseq(aux23, aux46)
diseq(aux19, aux46)
diseq(aux3, aux46)
diseq(aux48, aux46)
diseq(aux40, aux46)
diseq(aux33, aux46)
diseq(aux27, aux46)
diseq(aux22, aux46)
diseq(aux18, aux46)
diseq(aux15, aux46)
diseq(aux2, aux46)
diseq(aux47, aux46)
diseq(aux38, aux46)
diseq(aux31, aux46)
diseq(aux25, aux46)
diseq(aux20, aux46)
diseq(aux16, aux46)
diseq(aux13, aux46)
weightedsumgeq([1,-1], [V10,V0], aux46)
weightedsumleq([1,-1], [V10,V0], aux46)
diseq(aux11, aux46)
diseq(aux39, aux10)
diseq(aux39, aux9)
diseq(aux54, aux39)
diseq(aux39, aux8)
diseq(aux53, aux39)
weightedsumgeq([1,-1], [V8,V7], aux45)
weightedsumleq([1,-1], [V8,V7], aux45)
diseq(aux39, aux45)
diseq(aux39, aux7)
diseq(aux52, aux39)
weightedsumgeq([1,-1], [V8,V6], aux44)
weightedsumleq([1,-1], [V8,V6], aux44)
diseq(aux39, aux44)
diseq(aux39, aux37)
diseq(aux39, aux6)
diseq(aux51, aux39)
weightedsumgeq([1,-1], [V8,V5], aux43)
weightedsumleq([1,-1], [V8,V5], aux43)
diseq(aux39, aux43)
diseq(aux39, aux36)
diseq(aux39, aux30)
diseq(aux39, aux5)
diseq(aux50, aux39)
weightedsumgeq([1,-1], [V8,V4], aux42)
weightedsumleq([1,-1], [V8,V4], aux42)
diseq(aux39, aux42)
diseq(aux39, aux35)
diseq(aux39, aux29)
diseq(aux39, aux24)
diseq(aux39, aux4)
diseq(aux49, aux39)
weightedsumgeq([1,-1], [V8,V3], aux41)
weightedsumleq([1,-1], [V8,V3], aux41)
diseq(aux39, aux41)
diseq(aux39, aux34)
diseq(aux39, aux28)
diseq(aux39, aux23)
diseq(aux39, aux19)
diseq(aux39, aux3)
diseq(aux48, aux39)
weightedsumgeq([1,-1], [V8,V2], aux40)
weightedsumleq([1,-1], [V8,V2], aux40)
diseq(aux39, aux40)
diseq(aux39, aux33)
diseq(aux39, aux27)
diseq(aux39, aux22)
diseq(aux39, aux18)
diseq(aux39, aux15)
diseq(aux39, aux2)
weightedsumgeq([1,-1], [V9,V0], aux39)
weightedsumleq([1,-1], [V9,V0], aux39)
diseq(aux47, aux39)
weightedsumgeq([1,-1], [V8,V1], aux38)
weightedsumleq([1,-1], [V8,V1], aux38)
diseq(aux39, aux38)
diseq(aux39, aux31)
diseq(aux39, aux25)
diseq(aux39, aux20)
diseq(aux39, aux16)
diseq(aux39, aux13)
diseq(aux39, aux11)
diseq(aux32, aux10)
diseq(aux32, aux9)
diseq(aux54, aux32)
diseq(aux32, aux8)
diseq(aux53, aux32)
diseq(aux45, aux32)
diseq(aux32, aux7)
diseq(aux52, aux32)
diseq(aux44, aux32)
weightedsumgeq([1,-1], [V7,V6], aux37)
weightedsumleq([1,-1], [V7,V6], aux37)
diseq(aux32, aux37)
diseq(aux32, aux6)
diseq(aux51, aux32)
diseq(aux43, aux32)
weightedsumgeq([1,-1], [V7,V5], aux36)
weightedsumleq([1,-1], [V7,V5], aux36)
diseq(aux32, aux36)
diseq(aux32, aux30)
diseq(aux32, aux5)
diseq(aux50, aux32)
diseq(aux42, aux32)
weightedsumgeq([1,-1], [V7,V4], aux35)
weightedsumleq([1,-1], [V7,V4], aux35)
diseq(aux32, aux35)
diseq(aux32, aux29)
diseq(aux32, aux24)
diseq(aux32, aux4)
diseq(aux49, aux32)
diseq(aux41, aux32)
weightedsumgeq([1,-1], [V7,V3], aux34)
weightedsumleq([1,-1], [V7,V3], aux34)
diseq(aux32, aux34)
diseq(aux32, aux28)
diseq(aux32, aux23)
diseq(aux32, aux19)
diseq(aux32, aux3)
diseq(aux48, aux32)
diseq(aux40, aux32)
weightedsumgeq([1,-1], [V7,V2], aux33)
weightedsumleq([1,-1], [V7,V2], aux33)
diseq(aux32, aux33)
diseq(aux32, aux27)
diseq(aux32, aux22)
diseq(aux32, aux18)
diseq(aux32, aux15)
diseq(aux32, aux2)
diseq(aux47, aux32)
weightedsumgeq([1,-1], [V8,V0], aux32)
weightedsumleq([1,-1], [V8,V0], aux32)
diseq(aux38, aux32)
weightedsumgeq([1,-1], [V7,V1], aux31)
weightedsumleq([1,-1], [V7,V1], aux31)
diseq(aux32, aux31)
diseq(aux32, aux25)
diseq(aux32, aux20)
diseq(aux32, aux16)
diseq(aux32, aux13)
diseq(aux32, aux11)
diseq(aux26, aux10)
diseq(aux26, aux9)
diseq(aux54, aux26)
diseq(aux26, aux8)
diseq(aux53, aux26)
diseq(aux45, aux26)
diseq(aux26, aux7)
diseq(aux52, aux26)
diseq(aux44, aux26)
diseq(aux37, aux26)
diseq(aux26, aux6)
diseq(aux51, aux26)
diseq(aux43, aux26)
diseq(aux36, aux26)
weightedsumgeq([1,-1], [V6,V5], aux30)
weightedsumleq([1,-1], [V6,V5], aux30)
diseq(aux26, aux30)
diseq(aux26, aux5)
diseq(aux50, aux26)
diseq(aux42, aux26)
diseq(aux35, aux26)
weightedsumgeq([1,-1], [V6,V4], aux29)
weightedsumleq([1,-1], [V6,V4], aux29)
diseq(aux26, aux29)
diseq(aux26, aux24)
diseq(aux26, aux4)
diseq(aux49, aux26)
diseq(aux41, aux26)
diseq(aux34, aux26)
weightedsumgeq([1,-1], [V6,V3], aux28)
weightedsumleq([1,-1], [V6,V3], aux28)
diseq(aux26, aux28)
diseq(aux26, aux23)
diseq(aux26, aux19)
diseq(aux26, aux3)
diseq(aux48, aux26)
diseq(aux40, aux26)
diseq(aux33, aux26)
weightedsumgeq([1,-1], [V6,V2], aux27)
weightedsumleq([1,-1], [V6,V2], aux27)
diseq(aux26, aux27)
diseq(aux26, aux22)
diseq(aux26, aux18)
diseq(aux26, aux15)
diseq(aux26, aux2)
diseq(aux47, aux26)
diseq(aux38, aux26)
weightedsumgeq([1,-1], [V7,V0], aux26)
weightedsumleq([1,-1], [V7,V0], aux26)
diseq(aux31, aux26)
weightedsumgeq([1,-1], [V6,V1], aux25)
weightedsumleq([1,-1], [V6,V1], aux25)
diseq(aux26, aux25)
diseq(aux26, aux20)
diseq(aux26, aux16)
diseq(aux26, aux13)
diseq(aux26, aux11)
diseq(aux21, aux10)
diseq(aux21, aux9)
diseq(aux54, aux21)
diseq(aux21, aux8)
diseq(aux53, aux21)
diseq(aux45, aux21)
diseq(aux21, aux7)
diseq(aux52, aux21)
diseq(aux44, aux21)
diseq(aux37, aux21)
diseq(aux21, aux6)
diseq(aux51, aux21)
diseq(aux43, aux21)
diseq(aux36, aux21)
diseq(aux30, aux21)
diseq(aux21, aux5)
diseq(aux50, aux21)
diseq(aux42, aux21)
diseq(aux35, aux21)
diseq(aux29, aux21)
weightedsumgeq([1,-1], [V5,V4], aux24)
weightedsumleq([1,-1], [V5,V4], aux24)
diseq(aux21, aux24)
diseq(aux21, aux4)
diseq(aux49, aux21)
diseq(aux41, aux21)
diseq(aux34, aux21)
diseq(aux28, aux21)
weightedsumgeq([1,-1], [V5,V3], aux23)
weightedsumleq([1,-1], [V5,V3], aux23)
diseq(aux21, aux23)
diseq(aux21, aux19)
diseq(aux21, aux3)
diseq(aux48, aux21)
diseq(aux40, aux21)
diseq(aux33, aux21)
diseq(aux27, aux21)
weightedsumgeq([1,-1], [V5,V2], aux22)
weightedsumleq([1,-1], [V5,V2], aux22)
diseq(aux21, aux22)
diseq(aux21, aux18)
diseq(aux21, aux15)
diseq(aux21, aux2)
diseq(aux47, aux21)
diseq(aux38, aux21)
diseq(aux31, aux21)
weightedsumgeq([1,-1], [V6,V0], aux21)
weightedsumleq([1,-1], [V6,V0], aux21)
diseq(aux25, aux21)
weightedsumgeq([1,-1], [V5,V1], aux20)
weightedsumleq([1,-1], [V5,V1], aux20)
diseq(aux21, aux20)
diseq(aux21, aux16)
diseq(aux21, aux13)
diseq(aux21, aux11)
diseq(aux17, aux10)
diseq(aux17, aux9)
diseq(aux54, aux17)
diseq(aux17, aux8)
diseq(aux53, aux17)
diseq(aux45, aux17)
diseq(aux17, aux7)
diseq(aux52, aux17)
diseq(aux44, aux17)
diseq(aux37, aux17)
diseq(aux17, aux6)
diseq(aux51, aux17)
diseq(aux43, aux17)
diseq(aux36, aux17)
diseq(aux30, aux17)
diseq(aux17, aux5)
diseq(aux50, aux17)
diseq(aux42, aux17)
diseq(aux35, aux17)
diseq(aux29, aux17)
diseq(aux24, aux17)
diseq(aux17, aux4)
diseq(aux49, aux17)
diseq(aux41, aux17)
diseq(aux34, aux17)
diseq(aux28, aux17)
diseq(aux23, aux17)
weightedsumgeq([1,-1], [V4,V3], aux19)
weightedsumleq([1,-1], [V4,V3], aux19)
diseq(aux17, aux19)
diseq(aux17, aux3)
diseq(aux48, aux17)
diseq(aux40, aux17)
diseq(aux33, aux17)
diseq(aux27, aux17)
diseq(aux22, aux17)
weightedsumgeq([1,-1], [V4,V2], aux18)
weightedsumleq([1,-1], [V4,V2], aux18)
diseq(aux17, aux18)
diseq(aux17, aux15)
diseq(aux17, aux2)
diseq(aux47, aux17)
diseq(aux38, aux17)
diseq(aux31, aux17)
diseq(aux25, aux17)
weightedsumgeq([1,-1], [V5,V0], aux17)
weightedsumleq([1,-1], [V5,V0], aux17)
diseq(aux20, aux17)
weightedsumgeq([1,-1], [V4,V1], aux16)
weightedsumleq([1,-1], [V4,V1], aux16)
diseq(aux17, aux16)
diseq(aux17, aux13)
diseq(aux17, aux11)
diseq(aux14, aux10)
diseq(aux14, aux9)
diseq(aux54, aux14)
diseq(aux14, aux8)
diseq(aux53, aux14)
diseq(aux45, aux14)
diseq(aux14, aux7)
diseq(aux52, aux14)
diseq(aux44, aux14)
diseq(aux37, aux14)
diseq(aux14, aux6)
diseq(aux51, aux14)
diseq(aux43, aux14)
diseq(aux36, aux14)
diseq(aux30, aux14)
diseq(aux14, aux5)
diseq(aux50, aux14)
diseq(aux42, aux14)
diseq(aux35, aux14)
diseq(aux29, aux14)
diseq(aux24, aux14)
diseq(aux14, aux4)
diseq(aux49, aux14)
diseq(aux41, aux14)
diseq(aux34, aux14)
diseq(aux28, aux14)
diseq(aux23, aux14)
diseq(aux19, aux14)
diseq(aux14, aux3)
diseq(aux48, aux14)
diseq(aux40, aux14)
diseq(aux33, aux14)
diseq(aux27, aux14)
diseq(aux22, aux14)
diseq(aux18, aux14)
weightedsumgeq([1,-1], [V3,V2], aux15)
weightedsumleq([1,-1], [V3,V2], aux15)
diseq(aux14, aux15)
diseq(aux14, aux2)
diseq(aux47, aux14)
diseq(aux38, aux14)
diseq(aux31, aux14)
diseq(aux25, aux14)
diseq(aux20, aux14)
weightedsumgeq([1,-1], [V4,V0], aux14)
weightedsumleq([1,-1], [V4,V0], aux14)
diseq(aux16, aux14)
weightedsumgeq([1,-1], [V3,V1], aux13)
weightedsumleq([1,-1], [V3,V1], aux13)
diseq(aux14, aux13)
diseq(aux14, aux11)
diseq(aux12, aux10)
diseq(aux12, aux9)
diseq(aux54, aux12)
diseq(aux12, aux8)
diseq(aux53, aux12)
diseq(aux45, aux12)
diseq(aux12, aux7)
diseq(aux52, aux12)
diseq(aux44, aux12)
diseq(aux37, aux12)
diseq(aux12, aux6)
diseq(aux51, aux12)
diseq(aux43, aux12)
diseq(aux36, aux12)
diseq(aux30, aux12)
diseq(aux12, aux5)
diseq(aux50, aux12)
diseq(aux42, aux12)
diseq(aux35, aux12)
diseq(aux29, aux12)
diseq(aux24, aux12)
diseq(aux12, aux4)
diseq(aux49, aux12)
diseq(aux41, aux12)
diseq(aux34, aux12)
diseq(aux28, aux12)
diseq(aux23, aux12)
diseq(aux19, aux12)
diseq(aux12, aux3)
diseq(aux48, aux12)
diseq(aux40, aux12)
diseq(aux33, aux12)
diseq(aux27, aux12)
diseq(aux22, aux12)
diseq(aux18, aux12)
diseq(aux15, aux12)
diseq(aux12, aux2)
diseq(aux47, aux12)
diseq(aux38, aux12)
diseq(aux31, aux12)
diseq(aux25, aux12)
diseq(aux20, aux12)
diseq(aux16, aux12)
weightedsumgeq([1,-1], [V3,V0], aux12)
weightedsumleq([1,-1], [V3,V0], aux12)
diseq(aux13, aux12)
weightedsumgeq([1,-1], [V2,V1], aux11)
weightedsumleq([1,-1], [V2,V1], aux11)
diseq(aux12, aux11)
weightedsumgeq([1,-1], [V10,V9], aux10)
weightedsumleq([1,-1], [V10,V9], aux10)
diseq(aux1, aux10)
weightedsumgeq([1,-1], [V10,V8], aux9)
weightedsumleq([1,-1], [V10,V8], aux9)
diseq(aux1, aux9)
diseq(aux54, aux1)
weightedsumgeq([1,-1], [V10,V7], aux8)
weightedsumleq([1,-1], [V10,V7], aux8)
diseq(aux1, aux8)
diseq(aux53, aux1)
diseq(aux45, aux1)
weightedsumgeq([1,-1], [V10,V6], aux7)
weightedsumleq([1,-1], [V10,V6], aux7)
diseq(aux1, aux7)
diseq(aux52, aux1)
diseq(aux44, aux1)
diseq(aux37, aux1)
weightedsumgeq([1,-1], [V10,V5], aux6)
weightedsumleq([1,-1], [V10,V5], aux6)
diseq(aux1, aux6)
diseq(aux51, aux1)
diseq(aux43, aux1)
diseq(aux36, aux1)
diseq(aux30, aux1)
weightedsumgeq([1,-1], [V10,V4], aux5)
weightedsumleq([1,-1], [V10,V4], aux5)
diseq(aux1, aux5)
diseq(aux50, aux1)
diseq(aux42, aux1)
diseq(aux35, aux1)
diseq(aux29, aux1)
diseq(aux24, aux1)
weightedsumgeq([1,-1], [V10,V3], aux4)
weightedsumleq([1,-1], [V10,V3], aux4)
diseq(aux1, aux4)
diseq(aux49, aux1)
diseq(aux41, aux1)
diseq(aux34, aux1)
diseq(aux28, aux1)
diseq(aux23, aux1)
diseq(aux19, aux1)
weightedsumgeq([1,-1], [V10,V2], aux3)
weightedsumleq([1,-1], [V10,V2], aux3)
diseq(aux1, aux3)
diseq(aux48, aux1)
diseq(aux40, aux1)
diseq(aux33, aux1)
diseq(aux27, aux1)
diseq(aux22, aux1)
diseq(aux18, aux1)
diseq(aux15, aux1)
weightedsumgeq([1,-1], [V10,V1], aux2)
weightedsumleq([1,-1], [V10,V1], aux2)
diseq(aux1, aux2)
diseq(aux47, aux1)
diseq(aux38, aux1)
diseq(aux31, aux1)
diseq(aux25, aux1)
diseq(aux20, aux1)
diseq(aux16, aux1)
diseq(aux13, aux1)
weightedsumgeq([1,-1], [V2,V0], aux1)
weightedsumleq([1,-1], [V2,V0], aux1)
diseq(aux11, aux1)
diseq(aux10, aux0)
diseq(aux9, aux0)
diseq(aux54, aux0)
diseq(aux8, aux0)
diseq(aux53, aux0)
diseq(aux45, aux0)
diseq(aux7, aux0)
diseq(aux52, aux0)
diseq(aux44, aux0)
diseq(aux37, aux0)
diseq(aux6, aux0)
diseq(aux51, aux0)
diseq(aux43, aux0)
diseq(aux36, aux0)
diseq(aux30, aux0)
diseq(aux5, aux0)
diseq(aux50, aux0)
diseq(aux42, aux0)
diseq(aux35, aux0)
diseq(aux29, aux0)
diseq(aux24, aux0)
diseq(aux4, aux0)
diseq(aux49, aux0)
diseq(aux41, aux0)
diseq(aux34, aux0)
diseq(aux28, aux0)
diseq(aux23, aux0)
diseq(aux19, aux0)
diseq(aux3, aux0)
diseq(aux48, aux0)
diseq(aux40, aux0)
diseq(aux33, aux0)
diseq(aux27, aux0)
diseq(aux22, aux0)
diseq(aux18, aux0)
diseq(aux15, aux0)
diseq(aux2, aux0)
diseq(aux47, aux0)
diseq(aux38, aux0)
diseq(aux31, aux0)
diseq(aux25, aux0)
diseq(aux20, aux0)
diseq(aux16, aux0)
diseq(aux13, aux0)
weightedsumgeq([1,-1], [V1,V0], aux0)
weightedsumleq([1,-1], [V1,V0], aux0)
diseq(aux11, aux0)
ineq(V9,V10,-1)
ineq(V8,V10,-1)
ineq(V8,V9,-1)
ineq(V7,V10,-1)
ineq(V7,V9,-1)
ineq(V7,V8,-1)
ineq(V6,V10,-1)
ineq(V6,V9,-1)
ineq(V6,V8,-1)
ineq(V6,V7,-1)
ineq(V5,V10,-1)
ineq(V5,V9,-1)
ineq(V5,V8,-1)
ineq(V5,V7,-1)
ineq(V5,V6,-1)
ineq(V4,V10,-1)
ineq(V4,V9,-1)
ineq(V4,V8,-1)
ineq(V4,V7,-1)
ineq(V4,V6,-1)
ineq(V4,V5,-1)
ineq(V3,V10,-1)
ineq(V3,V9,-1)
ineq(V3,V8,-1)
ineq(V3,V7,-1)
ineq(V3,V6,-1)
ineq(V3,V5,-1)
ineq(V3,V4,-1)
ineq(V2,V10,-1)
ineq(V2,V9,-1)
ineq(V2,V8,-1)
ineq(V2,V7,-1)
ineq(V2,V6,-1)
ineq(V2,V5,-1)
ineq(V2,V4,-1)
ineq(V2,V3,-1)
ineq(V1,V10,-1)
ineq(V1,V9,-1)
ineq(V1,V8,-1)
ineq(V1,V7,-1)
ineq(V1,V6,-1)
ineq(V1,V5,-1)
ineq(V1,V4,-1)
ineq(V1,V3,-1)
ineq(V1,V2,-1)
ineq(V0,V10,-1)
ineq(V0,V9,-1)
ineq(V0,V8,-1)
ineq(V0,V7,-1)
ineq(V0,V6,-1)
ineq(V0,V5,-1)
ineq(V0,V4,-1)
ineq(V0,V3,-1)
ineq(V0,V2,-1)
ineq(V0,V1,-1)

**EOF**
