MINION 3

#This file has been automatically generated by TAILOR v0.2
#bug-reports: andrea@cs.st-and.ac.uk

# amount of common subexpressions used:0
# amount of inferred common subexpressions used:0
# amount of original variables saved (over direct equality):0
# amount of constraints:738
# amount of auxiliary variables: 0

**VARIABLES**
DISCRETE V0 {0..44}
DISCRETE V1 {0..44}
DISCRETE V2 {0..44}
DISCRETE V3 {0..44}
DISCRETE V4 {0..44}
DISCRETE V5 {0..44}
DISCRETE V6 {0..44}
DISCRETE V7 {0..44}
DISCRETE V8 {0..44}
DISCRETE V9 {1..44}
DISCRETE V10 {1..44}
DISCRETE V11 {1..44}
DISCRETE V12 {1..44}
DISCRETE V13 {1..44}
DISCRETE V14 {1..44}
DISCRETE V15 {1..44}
DISCRETE V16 {1..44}
DISCRETE V17 {1..44}
DISCRETE V18 {1..44}
DISCRETE V19 {1..44}
DISCRETE V20 {1..44}
DISCRETE V21 {1..44}
DISCRETE V22 {1..44}
DISCRETE V23 {1..44}
DISCRETE V24 {1..44}
DISCRETE V25 {1..44}
DISCRETE V26 {1..44}
DISCRETE V27 {1..44}
DISCRETE V28 {1..44}
DISCRETE V29 {1..44}
DISCRETE V30 {1..44}
DISCRETE V31 {1..44}
DISCRETE V32 {1..44}
DISCRETE V33 {1..44}
DISCRETE V34 {1..44}
DISCRETE V35 {1..44}
DISCRETE V36 {1..44}
DISCRETE V37 {1..44}
DISCRETE V38 {1..44}
DISCRETE V39 {1..44}
DISCRETE V40 {1..44}
DISCRETE V41 {1..44}
DISCRETE V42 {1..44}
DISCRETE V43 {1..44}
DISCRETE V44 {1..44}

# aliases

**SEARCH**

PRINT [
[V0],[V1],[V2],[V3],[V4],[V5],[V6],[V7],
[V8],[V9],[V10],[V11],[V12],[V13],[V14],[V15],
[V16],[V17],[V18],[V19],[V20],[V21],[V22],[V23],
[V24],[V25],[V26],[V27],[V28],[V29],[V30],[V31],
[V32],[V33],[V34],[V35],[V36],[V37],[V38],[V39],
[V40],[V41],[V42],[V43],[V44]]

VARORDER [
V0,V1,V2,V3,V4,V5,V6,V7,
V8,V9,V10,V11,V12,V13,V14,V15,
V16,V17,V18,V19,V20,V21,V22,V23,
V24,V25,V26,V27,V28,V29,V30,V31,
V32,V33,V34,V35,V36,V37,V38,V39,
V40,V41,V42,V43,V44]


**CONSTRAINTS**

diseq(V43, V44)
diseq(V42, V44)
diseq(V42, V43)
diseq(V41, V44)
diseq(V41, V43)
diseq(V41, V42)
diseq(V40, V44)
diseq(V40, V43)
diseq(V40, V42)
diseq(V40, V41)
diseq(V39, V44)
diseq(V39, V43)
diseq(V39, V42)
diseq(V39, V41)
diseq(V39, V40)
diseq(V38, V44)
diseq(V38, V43)
diseq(V38, V42)
diseq(V38, V41)
diseq(V38, V40)
diseq(V38, V39)
diseq(V37, V44)
diseq(V37, V43)
diseq(V37, V42)
diseq(V37, V41)
diseq(V37, V40)
diseq(V37, V39)
diseq(V37, V38)
diseq(V36, V44)
diseq(V36, V43)
diseq(V36, V42)
diseq(V36, V41)
diseq(V36, V40)
diseq(V36, V39)
diseq(V36, V38)
diseq(V36, V37)
diseq(V35, V44)
diseq(V35, V43)
diseq(V35, V42)
diseq(V35, V41)
diseq(V35, V40)
diseq(V35, V39)
diseq(V35, V38)
diseq(V35, V37)
diseq(V35, V36)
diseq(V34, V44)
diseq(V34, V43)
diseq(V34, V42)
diseq(V34, V41)
diseq(V34, V40)
diseq(V34, V39)
diseq(V34, V38)
diseq(V34, V37)
diseq(V34, V36)
diseq(V34, V35)
diseq(V33, V44)
diseq(V33, V43)
diseq(V33, V42)
diseq(V33, V41)
diseq(V33, V40)
diseq(V33, V39)
diseq(V33, V38)
diseq(V33, V37)
diseq(V33, V36)
diseq(V33, V35)
diseq(V33, V34)
diseq(V32, V44)
diseq(V32, V43)
diseq(V32, V42)
diseq(V32, V41)
diseq(V32, V40)
diseq(V32, V39)
diseq(V32, V38)
diseq(V32, V37)
diseq(V32, V36)
diseq(V32, V35)
diseq(V32, V34)
diseq(V32, V33)
diseq(V31, V44)
diseq(V31, V43)
diseq(V31, V42)
diseq(V31, V41)
diseq(V31, V40)
diseq(V31, V39)
diseq(V31, V38)
diseq(V31, V37)
diseq(V31, V36)
diseq(V31, V35)
diseq(V31, V34)
diseq(V31, V33)
diseq(V31, V32)
diseq(V30, V44)
diseq(V30, V43)
diseq(V30, V42)
diseq(V30, V41)
diseq(V30, V40)
diseq(V30, V39)
diseq(V30, V38)
diseq(V30, V37)
diseq(V30, V36)
diseq(V30, V35)
diseq(V30, V34)
diseq(V30, V33)
diseq(V30, V32)
diseq(V30, V31)
diseq(V29, V44)
diseq(V29, V43)
diseq(V29, V42)
diseq(V29, V41)
diseq(V29, V40)
diseq(V29, V39)
diseq(V29, V38)
diseq(V29, V37)
diseq(V29, V36)
diseq(V29, V35)
diseq(V29, V34)
diseq(V29, V33)
diseq(V29, V32)
diseq(V29, V31)
diseq(V29, V30)
diseq(V28, V44)
diseq(V28, V43)
diseq(V28, V42)
diseq(V28, V41)
diseq(V28, V40)
diseq(V28, V39)
diseq(V28, V38)
diseq(V28, V37)
diseq(V28, V36)
diseq(V28, V35)
diseq(V28, V34)
diseq(V28, V33)
diseq(V28, V32)
diseq(V28, V31)
diseq(V28, V30)
diseq(V28, V29)
diseq(V27, V44)
diseq(V27, V43)
diseq(V27, V42)
diseq(V27, V41)
diseq(V27, V40)
diseq(V27, V39)
diseq(V27, V38)
diseq(V27, V37)
diseq(V27, V36)
diseq(V27, V35)
diseq(V27, V34)
diseq(V27, V33)
diseq(V27, V32)
diseq(V27, V31)
diseq(V27, V30)
diseq(V27, V29)
diseq(V27, V28)
diseq(V26, V44)
diseq(V26, V43)
diseq(V26, V42)
diseq(V26, V41)
diseq(V26, V40)
diseq(V26, V39)
diseq(V26, V38)
diseq(V26, V37)
diseq(V26, V36)
diseq(V26, V35)
diseq(V26, V34)
diseq(V26, V33)
diseq(V26, V32)
diseq(V26, V31)
diseq(V26, V30)
diseq(V26, V29)
diseq(V26, V28)
diseq(V26, V27)
diseq(V25, V44)
diseq(V25, V43)
diseq(V25, V42)
diseq(V25, V41)
diseq(V25, V40)
diseq(V25, V39)
diseq(V25, V38)
diseq(V25, V37)
diseq(V25, V36)
diseq(V25, V35)
diseq(V25, V34)
diseq(V25, V33)
diseq(V25, V32)
diseq(V25, V31)
diseq(V25, V30)
diseq(V25, V29)
diseq(V25, V28)
diseq(V25, V27)
diseq(V25, V26)
diseq(V24, V44)
diseq(V24, V43)
diseq(V24, V42)
diseq(V24, V41)
diseq(V24, V40)
diseq(V24, V39)
diseq(V24, V38)
diseq(V24, V37)
diseq(V24, V36)
diseq(V24, V35)
diseq(V24, V34)
diseq(V24, V33)
diseq(V24, V32)
diseq(V24, V31)
diseq(V24, V30)
diseq(V24, V29)
diseq(V24, V28)
diseq(V24, V27)
diseq(V24, V26)
diseq(V24, V25)
diseq(V23, V44)
diseq(V23, V43)
diseq(V23, V42)
diseq(V23, V41)
diseq(V23, V40)
diseq(V23, V39)
diseq(V23, V38)
diseq(V23, V37)
diseq(V23, V36)
diseq(V23, V35)
diseq(V23, V34)
diseq(V23, V33)
diseq(V23, V32)
diseq(V23, V31)
diseq(V23, V30)
diseq(V23, V29)
diseq(V23, V28)
diseq(V23, V27)
diseq(V23, V26)
diseq(V23, V25)
diseq(V23, V24)
diseq(V22, V44)
diseq(V22, V43)
diseq(V22, V42)
diseq(V22, V41)
diseq(V22, V40)
diseq(V22, V39)
diseq(V22, V38)
diseq(V22, V37)
diseq(V22, V36)
diseq(V22, V35)
diseq(V22, V34)
diseq(V22, V33)
diseq(V22, V32)
diseq(V22, V31)
diseq(V22, V30)
diseq(V22, V29)
diseq(V22, V28)
diseq(V22, V27)
diseq(V22, V26)
diseq(V22, V25)
diseq(V22, V24)
diseq(V22, V23)
diseq(V21, V44)
diseq(V21, V43)
diseq(V21, V42)
diseq(V21, V41)
diseq(V21, V40)
diseq(V21, V39)
diseq(V21, V38)
diseq(V21, V37)
diseq(V21, V36)
diseq(V21, V35)
diseq(V21, V34)
diseq(V21, V33)
diseq(V21, V32)
diseq(V21, V31)
diseq(V21, V30)
diseq(V21, V29)
diseq(V21, V28)
diseq(V21, V27)
diseq(V21, V26)
diseq(V21, V25)
diseq(V21, V24)
diseq(V21, V23)
diseq(V21, V22)
diseq(V20, V44)
diseq(V20, V43)
diseq(V20, V42)
diseq(V20, V41)
diseq(V20, V40)
diseq(V20, V39)
diseq(V20, V38)
diseq(V20, V37)
diseq(V20, V36)
diseq(V20, V35)
diseq(V20, V34)
diseq(V20, V33)
diseq(V20, V32)
diseq(V20, V31)
diseq(V20, V30)
diseq(V20, V29)
diseq(V20, V28)
diseq(V20, V27)
diseq(V20, V26)
diseq(V20, V25)
diseq(V20, V24)
diseq(V20, V23)
diseq(V20, V22)
diseq(V20, V21)
diseq(V19, V44)
diseq(V19, V43)
diseq(V19, V42)
diseq(V19, V41)
diseq(V19, V40)
diseq(V19, V39)
diseq(V19, V38)
diseq(V19, V37)
diseq(V19, V36)
diseq(V19, V35)
diseq(V19, V34)
diseq(V19, V33)
diseq(V19, V32)
diseq(V19, V31)
diseq(V19, V30)
diseq(V19, V29)
diseq(V19, V28)
diseq(V19, V27)
diseq(V19, V26)
diseq(V19, V25)
diseq(V19, V24)
diseq(V19, V23)
diseq(V19, V22)
diseq(V19, V21)
diseq(V19, V20)
diseq(V18, V44)
diseq(V18, V43)
diseq(V18, V42)
diseq(V18, V41)
diseq(V18, V40)
diseq(V18, V39)
diseq(V18, V38)
diseq(V18, V37)
diseq(V18, V36)
diseq(V18, V35)
diseq(V18, V34)
diseq(V18, V33)
diseq(V18, V32)
diseq(V18, V31)
diseq(V18, V30)
diseq(V18, V29)
diseq(V18, V28)
diseq(V18, V27)
diseq(V18, V26)
diseq(V18, V25)
diseq(V18, V24)
diseq(V18, V23)
diseq(V18, V22)
diseq(V18, V21)
diseq(V18, V20)
diseq(V18, V19)
diseq(V17, V44)
diseq(V17, V43)
diseq(V17, V42)
diseq(V17, V41)
diseq(V17, V40)
diseq(V17, V39)
diseq(V17, V38)
diseq(V17, V37)
diseq(V17, V36)
diseq(V17, V35)
diseq(V17, V34)
diseq(V17, V33)
diseq(V17, V32)
diseq(V17, V31)
diseq(V17, V30)
diseq(V17, V29)
diseq(V17, V28)
diseq(V17, V27)
diseq(V17, V26)
diseq(V17, V25)
diseq(V17, V24)
diseq(V17, V23)
diseq(V17, V22)
diseq(V17, V21)
diseq(V17, V20)
diseq(V17, V19)
diseq(V17, V18)
diseq(V16, V44)
diseq(V16, V43)
diseq(V16, V42)
diseq(V16, V41)
diseq(V16, V40)
diseq(V16, V39)
diseq(V16, V38)
diseq(V16, V37)
diseq(V16, V36)
diseq(V16, V35)
diseq(V16, V34)
diseq(V16, V33)
diseq(V16, V32)
diseq(V16, V31)
diseq(V16, V30)
diseq(V16, V29)
diseq(V16, V28)
diseq(V16, V27)
diseq(V16, V26)
diseq(V16, V25)
diseq(V16, V24)
diseq(V16, V23)
diseq(V16, V22)
diseq(V16, V21)
diseq(V16, V20)
diseq(V16, V19)
diseq(V16, V18)
diseq(V16, V17)
diseq(V15, V44)
diseq(V15, V43)
diseq(V15, V42)
diseq(V15, V41)
diseq(V15, V40)
diseq(V15, V39)
diseq(V15, V38)
diseq(V15, V37)
diseq(V15, V36)
diseq(V15, V35)
diseq(V15, V34)
diseq(V15, V33)
diseq(V15, V32)
diseq(V15, V31)
diseq(V15, V30)
diseq(V15, V29)
diseq(V15, V28)
diseq(V15, V27)
diseq(V15, V26)
diseq(V15, V25)
diseq(V15, V24)
diseq(V15, V23)
diseq(V15, V22)
diseq(V15, V21)
diseq(V15, V20)
diseq(V15, V19)
diseq(V15, V18)
diseq(V15, V17)
diseq(V15, V16)
diseq(V14, V44)
diseq(V14, V43)
diseq(V14, V42)
diseq(V14, V41)
diseq(V14, V40)
diseq(V14, V39)
diseq(V14, V38)
diseq(V14, V37)
diseq(V14, V36)
diseq(V14, V35)
diseq(V14, V34)
diseq(V14, V33)
diseq(V14, V32)
diseq(V14, V31)
diseq(V14, V30)
diseq(V14, V29)
diseq(V14, V28)
diseq(V14, V27)
diseq(V14, V26)
diseq(V14, V25)
diseq(V14, V24)
diseq(V14, V23)
diseq(V14, V22)
diseq(V14, V21)
diseq(V14, V20)
diseq(V14, V19)
diseq(V14, V18)
diseq(V14, V17)
diseq(V14, V16)
diseq(V14, V15)
diseq(V13, V44)
diseq(V13, V43)
diseq(V13, V42)
diseq(V13, V41)
diseq(V13, V40)
diseq(V13, V39)
diseq(V13, V38)
diseq(V13, V37)
diseq(V13, V36)
diseq(V13, V35)
diseq(V13, V34)
diseq(V13, V33)
diseq(V13, V32)
diseq(V13, V31)
diseq(V13, V30)
diseq(V13, V29)
diseq(V13, V28)
diseq(V13, V27)
diseq(V13, V26)
diseq(V13, V25)
diseq(V13, V24)
diseq(V13, V23)
diseq(V13, V22)
diseq(V13, V21)
diseq(V13, V20)
diseq(V13, V19)
diseq(V13, V18)
diseq(V13, V17)
diseq(V13, V16)
diseq(V13, V15)
diseq(V13, V14)
diseq(V12, V44)
diseq(V12, V43)
diseq(V12, V42)
diseq(V12, V41)
diseq(V12, V40)
diseq(V12, V39)
diseq(V12, V38)
diseq(V12, V37)
diseq(V12, V36)
diseq(V12, V35)
diseq(V12, V34)
diseq(V12, V33)
diseq(V12, V32)
diseq(V12, V31)
diseq(V12, V30)
diseq(V12, V29)
diseq(V12, V28)
diseq(V12, V27)
diseq(V12, V26)
diseq(V12, V25)
diseq(V12, V24)
diseq(V12, V23)
diseq(V12, V22)
diseq(V12, V21)
diseq(V12, V20)
diseq(V12, V19)
diseq(V12, V18)
diseq(V12, V17)
diseq(V12, V16)
diseq(V12, V15)
diseq(V12, V14)
diseq(V12, V13)
diseq(V11, V44)
diseq(V11, V43)
diseq(V11, V42)
diseq(V11, V41)
diseq(V11, V40)
diseq(V11, V39)
diseq(V11, V38)
diseq(V11, V37)
diseq(V11, V36)
diseq(V11, V35)
diseq(V11, V34)
diseq(V11, V33)
diseq(V11, V32)
diseq(V11, V31)
diseq(V11, V30)
diseq(V11, V29)
diseq(V11, V28)
diseq(V11, V27)
diseq(V11, V26)
diseq(V11, V25)
diseq(V11, V24)
diseq(V11, V23)
diseq(V11, V22)
diseq(V11, V21)
diseq(V11, V20)
diseq(V11, V19)
diseq(V11, V18)
diseq(V11, V17)
diseq(V11, V16)
diseq(V11, V15)
diseq(V11, V14)
diseq(V11, V13)
diseq(V11, V12)
diseq(V10, V44)
diseq(V10, V43)
diseq(V10, V42)
diseq(V10, V41)
diseq(V10, V40)
diseq(V10, V39)
diseq(V10, V38)
diseq(V10, V37)
diseq(V10, V36)
diseq(V10, V35)
diseq(V10, V34)
diseq(V10, V33)
diseq(V10, V32)
diseq(V10, V31)
diseq(V10, V30)
diseq(V10, V29)
diseq(V10, V28)
diseq(V10, V27)
diseq(V10, V26)
diseq(V10, V25)
diseq(V10, V24)
diseq(V10, V23)
diseq(V10, V22)
diseq(V10, V21)
diseq(V10, V20)
diseq(V10, V19)
diseq(V10, V18)
diseq(V10, V17)
diseq(V10, V16)
diseq(V10, V15)
diseq(V10, V14)
diseq(V10, V13)
diseq(V10, V12)
diseq(V10, V11)
diseq(V9, V44)
diseq(V9, V43)
diseq(V9, V42)
diseq(V9, V41)
diseq(V9, V40)
diseq(V9, V39)
diseq(V9, V38)
diseq(V9, V37)
diseq(V9, V36)
diseq(V9, V35)
diseq(V9, V34)
diseq(V9, V33)
diseq(V9, V32)
diseq(V9, V31)
diseq(V9, V30)
diseq(V9, V29)
diseq(V9, V28)
diseq(V9, V27)
diseq(V9, V26)
diseq(V9, V25)
diseq(V9, V24)
diseq(V9, V23)
diseq(V9, V22)
diseq(V9, V21)
diseq(V9, V20)
diseq(V9, V19)
diseq(V9, V18)
diseq(V9, V17)
diseq(V9, V16)
diseq(V9, V15)
diseq(V9, V14)
diseq(V9, V13)
diseq(V9, V12)
diseq(V9, V11)
diseq(V9, V10)
ineq(V7,V8,-1)
ineq(V6,V8,-1)
ineq(V6,V7,-1)
ineq(V5,V8,-1)
ineq(V5,V7,-1)
ineq(V5,V6,-1)
ineq(V4,V8,-1)
ineq(V4,V7,-1)
ineq(V4,V6,-1)
ineq(V4,V5,-1)
ineq(V3,V8,-1)
ineq(V3,V7,-1)
ineq(V3,V6,-1)
ineq(V3,V5,-1)
ineq(V3,V4,-1)
ineq(V2,V8,-1)
ineq(V2,V7,-1)
ineq(V2,V6,-1)
ineq(V2,V5,-1)
ineq(V2,V4,-1)
ineq(V2,V3,-1)
ineq(V1,V8,-1)
ineq(V1,V7,-1)
ineq(V1,V6,-1)
ineq(V1,V5,-1)
ineq(V1,V4,-1)
ineq(V1,V3,-1)
ineq(V1,V2,-1)
ineq(V0,V8,-1)
ineq(V0,V7,-1)
ineq(V0,V6,-1)
ineq(V0,V5,-1)
ineq(V0,V4,-1)
ineq(V0,V3,-1)
ineq(V0,V2,-1)
ineq(V0,V1,-1)
sumleq([V7,V44], V8)
sumgeq([V7,V44], V8)
sumleq([V6,V43], V8)
sumgeq([V6,V43], V8)
sumleq([V6,V42], V7)
sumgeq([V6,V42], V7)
sumleq([V5,V41], V8)
sumgeq([V5,V41], V8)
sumleq([V5,V40], V7)
sumgeq([V5,V40], V7)
sumleq([V5,V39], V6)
sumgeq([V5,V39], V6)
sumleq([V4,V38], V8)
sumgeq([V4,V38], V8)
sumleq([V4,V37], V7)
sumgeq([V4,V37], V7)
sumleq([V4,V36], V6)
sumgeq([V4,V36], V6)
sumleq([V4,V35], V5)
sumgeq([V4,V35], V5)
sumleq([V3,V34], V8)
sumgeq([V3,V34], V8)
sumleq([V3,V33], V7)
sumgeq([V3,V33], V7)
sumleq([V3,V32], V6)
sumgeq([V3,V32], V6)
sumleq([V3,V31], V5)
sumgeq([V3,V31], V5)
sumleq([V3,V30], V4)
sumgeq([V3,V30], V4)
sumleq([V2,V29], V8)
sumgeq([V2,V29], V8)
sumleq([V2,V28], V7)
sumgeq([V2,V28], V7)
sumleq([V2,V27], V6)
sumgeq([V2,V27], V6)
sumleq([V2,V26], V5)
sumgeq([V2,V26], V5)
sumleq([V2,V25], V4)
sumgeq([V2,V25], V4)
sumleq([V2,V24], V3)
sumgeq([V2,V24], V3)
sumleq([V1,V23], V8)
sumgeq([V1,V23], V8)
sumleq([V1,V22], V7)
sumgeq([V1,V22], V7)
sumleq([V1,V21], V6)
sumgeq([V1,V21], V6)
sumleq([V1,V20], V5)
sumgeq([V1,V20], V5)
sumleq([V1,V19], V4)
sumgeq([V1,V19], V4)
sumleq([V1,V18], V3)
sumgeq([V1,V18], V3)
sumleq([V1,V17], V2)
sumgeq([V1,V17], V2)
sumleq([V0,V16], V8)
sumgeq([V0,V16], V8)
sumleq([V0,V15], V7)
sumgeq([V0,V15], V7)
sumleq([V0,V14], V6)
sumgeq([V0,V14], V6)
sumleq([V0,V13], V5)
sumgeq([V0,V13], V5)
sumleq([V0,V12], V4)
sumgeq([V0,V12], V4)
sumleq([V0,V11], V3)
sumgeq([V0,V11], V3)
sumleq([V0,V10], V2)
sumgeq([V0,V10], V2)
sumleq([V0,V9], V1)
sumgeq([V0,V9], V1)

**EOF**
