MINION 3

#This file has been automatically generated by TAILOR v0.2
#bug-reports: andrea@cs.st-and.ac.uk

# amount of common subexpressions used:0
# amount of inferred common subexpressions used:0
# amount of original variables saved (over direct equality):0
# amount of constraints:176
# amount of auxiliary variables: 22

**VARIABLES**
DISCRETE V0 {0..11}
DISCRETE V1 {0..11}
DISCRETE V2 {0..11}
DISCRETE V3 {0..11}
DISCRETE V4 {0..11}
DISCRETE V5 {0..11}
DISCRETE V6 {0..11}
DISCRETE V7 {0..11}
DISCRETE V8 {0..11}
DISCRETE V9 {0..11}
DISCRETE V10 {0..11}
DISCRETE V11 {0..11}
DISCRETE V12 {0..10}
DISCRETE V13 {0..10}
DISCRETE V14 {0..10}
DISCRETE V15 {0..10}
DISCRETE V16 {0..10}
DISCRETE V17 {0..10}
DISCRETE V18 {0..10}
DISCRETE V19 {0..10}
DISCRETE V20 {0..10}
DISCRETE V21 {0..10}
DISCRETE V22 {0..10}

# auxiliary variables
DISCRETE aux0 {-11..11}
DISCRETE aux1 {0..11}
DISCRETE aux2 {-11..11}
DISCRETE aux3 {0..11}
DISCRETE aux4 {-11..11}
DISCRETE aux5 {0..11}
DISCRETE aux6 {-11..11}
DISCRETE aux7 {0..11}
DISCRETE aux8 {-11..11}
DISCRETE aux9 {0..11}
DISCRETE aux10 {-11..11}
DISCRETE aux11 {0..11}
DISCRETE aux12 {-11..11}
DISCRETE aux13 {0..11}
DISCRETE aux14 {-11..11}
DISCRETE aux15 {0..11}
DISCRETE aux16 {-11..11}
DISCRETE aux17 {0..11}
DISCRETE aux18 {-11..11}
DISCRETE aux19 {0..11}
DISCRETE aux20 {-11..11}
DISCRETE aux21 {0..11}

# aliases

**SEARCH**

PRINT [
[V0],[V1],[V2],[V3],[V4],[V5],[V6],[V7],
[V8],[V9],[V10],[V11],[V12],[V13],[V14],[V15],
[V16],[V17],[V18],[V19],[V20],[V21],[V22]]

VARORDER [
V0,V1,V2,V3,V4,V5,V6,V7,
V8,V9,V10,V11,V12,V13,V14,V15,
V16,V17,V18,V19,V20,V21,V22,
aux0,aux1,aux2,aux3,aux4,aux5,aux6,aux7,
aux8,aux9,aux10,aux11,aux12,aux13,aux14,aux15,
aux16,aux17,aux18,aux19,aux20,aux21]


**CONSTRAINTS**

weightedsumgeq([1,-1], [V10,V11], aux20)
weightedsumleq([1,-1], [V10,V11], aux20)
abs(aux21,aux20)
sumleq([1,V22], aux21)
sumgeq([1,V22], aux21)
weightedsumgeq([1,-1], [V9,V10], aux18)
weightedsumleq([1,-1], [V9,V10], aux18)
abs(aux19,aux18)
sumleq([1,V21], aux19)
sumgeq([1,V21], aux19)
weightedsumgeq([1,-1], [V8,V9], aux16)
weightedsumleq([1,-1], [V8,V9], aux16)
abs(aux17,aux16)
sumleq([1,V20], aux17)
sumgeq([1,V20], aux17)
weightedsumgeq([1,-1], [V7,V8], aux14)
weightedsumleq([1,-1], [V7,V8], aux14)
abs(aux15,aux14)
sumleq([1,V19], aux15)
sumgeq([1,V19], aux15)
weightedsumgeq([1,-1], [V6,V7], aux12)
weightedsumleq([1,-1], [V6,V7], aux12)
abs(aux13,aux12)
sumleq([1,V18], aux13)
sumgeq([1,V18], aux13)
weightedsumgeq([1,-1], [V5,V6], aux10)
weightedsumleq([1,-1], [V5,V6], aux10)
abs(aux11,aux10)
sumleq([1,V17], aux11)
sumgeq([1,V17], aux11)
weightedsumgeq([1,-1], [V4,V5], aux8)
weightedsumleq([1,-1], [V4,V5], aux8)
abs(aux9,aux8)
sumleq([1,V16], aux9)
sumgeq([1,V16], aux9)
weightedsumgeq([1,-1], [V3,V4], aux6)
weightedsumleq([1,-1], [V3,V4], aux6)
abs(aux7,aux6)
sumleq([1,V15], aux7)
sumgeq([1,V15], aux7)
weightedsumgeq([1,-1], [V2,V3], aux4)
weightedsumleq([1,-1], [V2,V3], aux4)
abs(aux5,aux4)
sumleq([1,V14], aux5)
sumgeq([1,V14], aux5)
weightedsumgeq([1,-1], [V1,V2], aux2)
weightedsumleq([1,-1], [V1,V2], aux2)
abs(aux3,aux2)
sumleq([1,V13], aux3)
sumgeq([1,V13], aux3)
weightedsumgeq([1,-1], [V0,V1], aux0)
weightedsumleq([1,-1], [V0,V1], aux0)
abs(aux1,aux0)
sumleq([1,V12], aux1)
sumgeq([1,V12], aux1)
diseq(V21, V22)
diseq(V20, V22)
diseq(V20, V21)
diseq(V19, V22)
diseq(V19, V21)
diseq(V19, V20)
diseq(V18, V22)
diseq(V18, V21)
diseq(V18, V20)
diseq(V18, V19)
diseq(V17, V22)
diseq(V17, V21)
diseq(V17, V20)
diseq(V17, V19)
diseq(V17, V18)
diseq(V16, V22)
diseq(V16, V21)
diseq(V16, V20)
diseq(V16, V19)
diseq(V16, V18)
diseq(V16, V17)
diseq(V15, V22)
diseq(V15, V21)
diseq(V15, V20)
diseq(V15, V19)
diseq(V15, V18)
diseq(V15, V17)
diseq(V15, V16)
diseq(V14, V22)
diseq(V14, V21)
diseq(V14, V20)
diseq(V14, V19)
diseq(V14, V18)
diseq(V14, V17)
diseq(V14, V16)
diseq(V14, V15)
diseq(V13, V22)
diseq(V13, V21)
diseq(V13, V20)
diseq(V13, V19)
diseq(V13, V18)
diseq(V13, V17)
diseq(V13, V16)
diseq(V13, V15)
diseq(V13, V14)
diseq(V12, V22)
diseq(V12, V21)
diseq(V12, V20)
diseq(V12, V19)
diseq(V12, V18)
diseq(V12, V17)
diseq(V12, V16)
diseq(V12, V15)
diseq(V12, V14)
diseq(V12, V13)
diseq(V10, V11)
diseq(V9, V11)
diseq(V9, V10)
diseq(V8, V11)
diseq(V8, V10)
diseq(V8, V9)
diseq(V7, V11)
diseq(V7, V10)
diseq(V7, V9)
diseq(V7, V8)
diseq(V6, V11)
diseq(V6, V10)
diseq(V6, V9)
diseq(V6, V8)
diseq(V6, V7)
diseq(V5, V11)
diseq(V5, V10)
diseq(V5, V9)
diseq(V5, V8)
diseq(V5, V7)
diseq(V5, V6)
diseq(V4, V11)
diseq(V4, V10)
diseq(V4, V9)
diseq(V4, V8)
diseq(V4, V7)
diseq(V4, V6)
diseq(V4, V5)
diseq(V3, V11)
diseq(V3, V10)
diseq(V3, V9)
diseq(V3, V8)
diseq(V3, V7)
diseq(V3, V6)
diseq(V3, V5)
diseq(V3, V4)
diseq(V2, V11)
diseq(V2, V10)
diseq(V2, V9)
diseq(V2, V8)
diseq(V2, V7)
diseq(V2, V6)
diseq(V2, V5)
diseq(V2, V4)
diseq(V2, V3)
diseq(V1, V11)
diseq(V1, V10)
diseq(V1, V9)
diseq(V1, V8)
diseq(V1, V7)
diseq(V1, V6)
diseq(V1, V5)
diseq(V1, V4)
diseq(V1, V3)
diseq(V1, V2)
diseq(V0, V11)
diseq(V0, V10)
diseq(V0, V9)
diseq(V0, V8)
diseq(V0, V7)
diseq(V0, V6)
diseq(V0, V5)
diseq(V0, V4)
diseq(V0, V3)
diseq(V0, V2)
diseq(V0, V1)

**EOF**
