MINION 3

#This file has been automatically generated by TAILOR v0.2
#bug-reports: andrea@cs.st-and.ac.uk

# amount of common subexpressions used:0
# amount of inferred common subexpressions used:0
# amount of original variables saved (over direct equality):0
# amount of constraints:986
# amount of auxiliary variables: 58

**VARIABLES**
DISCRETE V0 {0..29}
DISCRETE V1 {0..29}
DISCRETE V2 {0..29}
DISCRETE V3 {0..29}
DISCRETE V4 {0..29}
DISCRETE V5 {0..29}
DISCRETE V6 {0..29}
DISCRETE V7 {0..29}
DISCRETE V8 {0..29}
DISCRETE V9 {0..29}
DISCRETE V10 {0..29}
DISCRETE V11 {0..29}
DISCRETE V12 {0..29}
DISCRETE V13 {0..29}
DISCRETE V14 {0..29}
DISCRETE V15 {0..29}
DISCRETE V16 {0..29}
DISCRETE V17 {0..29}
DISCRETE V18 {0..29}
DISCRETE V19 {0..29}
DISCRETE V20 {0..29}
DISCRETE V21 {0..29}
DISCRETE V22 {0..29}
DISCRETE V23 {0..29}
DISCRETE V24 {0..29}
DISCRETE V25 {0..29}
DISCRETE V26 {0..29}
DISCRETE V27 {0..29}
DISCRETE V28 {0..29}
DISCRETE V29 {0..29}
DISCRETE V30 {0..28}
DISCRETE V31 {0..28}
DISCRETE V32 {0..28}
DISCRETE V33 {0..28}
DISCRETE V34 {0..28}
DISCRETE V35 {0..28}
DISCRETE V36 {0..28}
DISCRETE V37 {0..28}
DISCRETE V38 {0..28}
DISCRETE V39 {0..28}
DISCRETE V40 {0..28}
DISCRETE V41 {0..28}
DISCRETE V42 {0..28}
DISCRETE V43 {0..28}
DISCRETE V44 {0..28}
DISCRETE V45 {0..28}
DISCRETE V46 {0..28}
DISCRETE V47 {0..28}
DISCRETE V48 {0..28}
DISCRETE V49 {0..28}
DISCRETE V50 {0..28}
DISCRETE V51 {0..28}
DISCRETE V52 {0..28}
DISCRETE V53 {0..28}
DISCRETE V54 {0..28}
DISCRETE V55 {0..28}
DISCRETE V56 {0..28}
DISCRETE V57 {0..28}
DISCRETE V58 {0..28}

# auxiliary variables
DISCRETE aux0 {-29..29}
DISCRETE aux1 {0..29}
DISCRETE aux2 {-29..29}
DISCRETE aux3 {0..29}
DISCRETE aux4 {-29..29}
DISCRETE aux5 {0..29}
DISCRETE aux6 {-29..29}
DISCRETE aux7 {0..29}
DISCRETE aux8 {-29..29}
DISCRETE aux9 {0..29}
DISCRETE aux10 {-29..29}
DISCRETE aux11 {0..29}
DISCRETE aux12 {-29..29}
DISCRETE aux13 {0..29}
DISCRETE aux14 {-29..29}
DISCRETE aux15 {0..29}
DISCRETE aux16 {-29..29}
DISCRETE aux17 {0..29}
DISCRETE aux18 {-29..29}
DISCRETE aux19 {0..29}
DISCRETE aux20 {-29..29}
DISCRETE aux21 {0..29}
DISCRETE aux22 {-29..29}
DISCRETE aux23 {0..29}
DISCRETE aux24 {-29..29}
DISCRETE aux25 {0..29}
DISCRETE aux26 {-29..29}
DISCRETE aux27 {0..29}
DISCRETE aux28 {-29..29}
DISCRETE aux29 {0..29}
DISCRETE aux30 {-29..29}
DISCRETE aux31 {0..29}
DISCRETE aux32 {-29..29}
DISCRETE aux33 {0..29}
DISCRETE aux34 {-29..29}
DISCRETE aux35 {0..29}
DISCRETE aux36 {-29..29}
DISCRETE aux37 {0..29}
DISCRETE aux38 {-29..29}
DISCRETE aux39 {0..29}
DISCRETE aux40 {-29..29}
DISCRETE aux41 {0..29}
DISCRETE aux42 {-29..29}
DISCRETE aux43 {0..29}
DISCRETE aux44 {-29..29}
DISCRETE aux45 {0..29}
DISCRETE aux46 {-29..29}
DISCRETE aux47 {0..29}
DISCRETE aux48 {-29..29}
DISCRETE aux49 {0..29}
DISCRETE aux50 {-29..29}
DISCRETE aux51 {0..29}
DISCRETE aux52 {-29..29}
DISCRETE aux53 {0..29}
DISCRETE aux54 {-29..29}
DISCRETE aux55 {0..29}
DISCRETE aux56 {-29..29}
DISCRETE aux57 {0..29}

# aliases

**SEARCH**

PRINT [
[V0],[V1],[V2],[V3],[V4],[V5],[V6],[V7],
[V8],[V9],[V10],[V11],[V12],[V13],[V14],[V15],
[V16],[V17],[V18],[V19],[V20],[V21],[V22],[V23],
[V24],[V25],[V26],[V27],[V28],[V29],[V30],[V31],
[V32],[V33],[V34],[V35],[V36],[V37],[V38],[V39],
[V40],[V41],[V42],[V43],[V44],[V45],[V46],[V47],
[V48],[V49],[V50],[V51],[V52],[V53],[V54],[V55],
[V56],[V57],[V58]]

VARORDER [
V0,V1,V2,V3,V4,V5,V6,V7,
V8,V9,V10,V11,V12,V13,V14,V15,
V16,V17,V18,V19,V20,V21,V22,V23,
V24,V25,V26,V27,V28,V29,V30,V31,
V32,V33,V34,V35,V36,V37,V38,V39,
V40,V41,V42,V43,V44,V45,V46,V47,
V48,V49,V50,V51,V52,V53,V54,V55,
V56,V57,V58,
aux0,aux1,aux2,aux3,aux4,aux5,aux6,aux7,
aux8,aux9,aux10,aux11,aux12,aux13,aux14,aux15,
aux16,aux17,aux18,aux19,aux20,aux21,aux22,aux23,
aux24,aux25,aux26,aux27,aux28,aux29,aux30,aux31,
aux32,aux33,aux34,aux35,aux36,aux37,aux38,aux39,
aux40,aux41,aux42,aux43,aux44,aux45,aux46,aux47,
aux48,aux49,aux50,aux51,aux52,aux53,aux54,aux55,
aux56,aux57]


**CONSTRAINTS**

weightedsumgeq([1,-1], [V28,V29], aux56)
weightedsumleq([1,-1], [V28,V29], aux56)
abs(aux57,aux56)
sumleq([1,V58], aux57)
sumgeq([1,V58], aux57)
weightedsumgeq([1,-1], [V27,V28], aux54)
weightedsumleq([1,-1], [V27,V28], aux54)
abs(aux55,aux54)
sumleq([1,V57], aux55)
sumgeq([1,V57], aux55)
weightedsumgeq([1,-1], [V26,V27], aux52)
weightedsumleq([1,-1], [V26,V27], aux52)
abs(aux53,aux52)
sumleq([1,V56], aux53)
sumgeq([1,V56], aux53)
weightedsumgeq([1,-1], [V25,V26], aux50)
weightedsumleq([1,-1], [V25,V26], aux50)
abs(aux51,aux50)
sumleq([1,V55], aux51)
sumgeq([1,V55], aux51)
weightedsumgeq([1,-1], [V24,V25], aux48)
weightedsumleq([1,-1], [V24,V25], aux48)
abs(aux49,aux48)
sumleq([1,V54], aux49)
sumgeq([1,V54], aux49)
weightedsumgeq([1,-1], [V23,V24], aux46)
weightedsumleq([1,-1], [V23,V24], aux46)
abs(aux47,aux46)
sumleq([1,V53], aux47)
sumgeq([1,V53], aux47)
weightedsumgeq([1,-1], [V22,V23], aux44)
weightedsumleq([1,-1], [V22,V23], aux44)
abs(aux45,aux44)
sumleq([1,V52], aux45)
sumgeq([1,V52], aux45)
weightedsumgeq([1,-1], [V21,V22], aux42)
weightedsumleq([1,-1], [V21,V22], aux42)
abs(aux43,aux42)
sumleq([1,V51], aux43)
sumgeq([1,V51], aux43)
weightedsumgeq([1,-1], [V20,V21], aux40)
weightedsumleq([1,-1], [V20,V21], aux40)
abs(aux41,aux40)
sumleq([1,V50], aux41)
sumgeq([1,V50], aux41)
weightedsumgeq([1,-1], [V19,V20], aux38)
weightedsumleq([1,-1], [V19,V20], aux38)
abs(aux39,aux38)
sumleq([1,V49], aux39)
sumgeq([1,V49], aux39)
weightedsumgeq([1,-1], [V18,V19], aux36)
weightedsumleq([1,-1], [V18,V19], aux36)
abs(aux37,aux36)
sumleq([1,V48], aux37)
sumgeq([1,V48], aux37)
weightedsumgeq([1,-1], [V17,V18], aux34)
weightedsumleq([1,-1], [V17,V18], aux34)
abs(aux35,aux34)
sumleq([1,V47], aux35)
sumgeq([1,V47], aux35)
weightedsumgeq([1,-1], [V16,V17], aux32)
weightedsumleq([1,-1], [V16,V17], aux32)
abs(aux33,aux32)
sumleq([1,V46], aux33)
sumgeq([1,V46], aux33)
weightedsumgeq([1,-1], [V15,V16], aux30)
weightedsumleq([1,-1], [V15,V16], aux30)
abs(aux31,aux30)
sumleq([1,V45], aux31)
sumgeq([1,V45], aux31)
weightedsumgeq([1,-1], [V14,V15], aux28)
weightedsumleq([1,-1], [V14,V15], aux28)
abs(aux29,aux28)
sumleq([1,V44], aux29)
sumgeq([1,V44], aux29)
weightedsumgeq([1,-1], [V13,V14], aux26)
weightedsumleq([1,-1], [V13,V14], aux26)
abs(aux27,aux26)
sumleq([1,V43], aux27)
sumgeq([1,V43], aux27)
weightedsumgeq([1,-1], [V12,V13], aux24)
weightedsumleq([1,-1], [V12,V13], aux24)
abs(aux25,aux24)
sumleq([1,V42], aux25)
sumgeq([1,V42], aux25)
weightedsumgeq([1,-1], [V11,V12], aux22)
weightedsumleq([1,-1], [V11,V12], aux22)
abs(aux23,aux22)
sumleq([1,V41], aux23)
sumgeq([1,V41], aux23)
weightedsumgeq([1,-1], [V10,V11], aux20)
weightedsumleq([1,-1], [V10,V11], aux20)
abs(aux21,aux20)
sumleq([1,V40], aux21)
sumgeq([1,V40], aux21)
weightedsumgeq([1,-1], [V9,V10], aux18)
weightedsumleq([1,-1], [V9,V10], aux18)
abs(aux19,aux18)
sumleq([1,V39], aux19)
sumgeq([1,V39], aux19)
weightedsumgeq([1,-1], [V8,V9], aux16)
weightedsumleq([1,-1], [V8,V9], aux16)
abs(aux17,aux16)
sumleq([1,V38], aux17)
sumgeq([1,V38], aux17)
weightedsumgeq([1,-1], [V7,V8], aux14)
weightedsumleq([1,-1], [V7,V8], aux14)
abs(aux15,aux14)
sumleq([1,V37], aux15)
sumgeq([1,V37], aux15)
weightedsumgeq([1,-1], [V6,V7], aux12)
weightedsumleq([1,-1], [V6,V7], aux12)
abs(aux13,aux12)
sumleq([1,V36], aux13)
sumgeq([1,V36], aux13)
weightedsumgeq([1,-1], [V5,V6], aux10)
weightedsumleq([1,-1], [V5,V6], aux10)
abs(aux11,aux10)
sumleq([1,V35], aux11)
sumgeq([1,V35], aux11)
weightedsumgeq([1,-1], [V4,V5], aux8)
weightedsumleq([1,-1], [V4,V5], aux8)
abs(aux9,aux8)
sumleq([1,V34], aux9)
sumgeq([1,V34], aux9)
weightedsumgeq([1,-1], [V3,V4], aux6)
weightedsumleq([1,-1], [V3,V4], aux6)
abs(aux7,aux6)
sumleq([1,V33], aux7)
sumgeq([1,V33], aux7)
weightedsumgeq([1,-1], [V2,V3], aux4)
weightedsumleq([1,-1], [V2,V3], aux4)
abs(aux5,aux4)
sumleq([1,V32], aux5)
sumgeq([1,V32], aux5)
weightedsumgeq([1,-1], [V1,V2], aux2)
weightedsumleq([1,-1], [V1,V2], aux2)
abs(aux3,aux2)
sumleq([1,V31], aux3)
sumgeq([1,V31], aux3)
weightedsumgeq([1,-1], [V0,V1], aux0)
weightedsumleq([1,-1], [V0,V1], aux0)
abs(aux1,aux0)
sumleq([1,V30], aux1)
sumgeq([1,V30], aux1)
diseq(V57, V58)
diseq(V56, V58)
diseq(V56, V57)
diseq(V55, V58)
diseq(V55, V57)
diseq(V55, V56)
diseq(V54, V58)
diseq(V54, V57)
diseq(V54, V56)
diseq(V54, V55)
diseq(V53, V58)
diseq(V53, V57)
diseq(V53, V56)
diseq(V53, V55)
diseq(V53, V54)
diseq(V52, V58)
diseq(V52, V57)
diseq(V52, V56)
diseq(V52, V55)
diseq(V52, V54)
diseq(V52, V53)
diseq(V51, V58)
diseq(V51, V57)
diseq(V51, V56)
diseq(V51, V55)
diseq(V51, V54)
diseq(V51, V53)
diseq(V51, V52)
diseq(V50, V58)
diseq(V50, V57)
diseq(V50, V56)
diseq(V50, V55)
diseq(V50, V54)
diseq(V50, V53)
diseq(V50, V52)
diseq(V50, V51)
diseq(V49, V58)
diseq(V49, V57)
diseq(V49, V56)
diseq(V49, V55)
diseq(V49, V54)
diseq(V49, V53)
diseq(V49, V52)
diseq(V49, V51)
diseq(V49, V50)
diseq(V48, V58)
diseq(V48, V57)
diseq(V48, V56)
diseq(V48, V55)
diseq(V48, V54)
diseq(V48, V53)
diseq(V48, V52)
diseq(V48, V51)
diseq(V48, V50)
diseq(V48, V49)
diseq(V47, V58)
diseq(V47, V57)
diseq(V47, V56)
diseq(V47, V55)
diseq(V47, V54)
diseq(V47, V53)
diseq(V47, V52)
diseq(V47, V51)
diseq(V47, V50)
diseq(V47, V49)
diseq(V47, V48)
diseq(V46, V58)
diseq(V46, V57)
diseq(V46, V56)
diseq(V46, V55)
diseq(V46, V54)
diseq(V46, V53)
diseq(V46, V52)
diseq(V46, V51)
diseq(V46, V50)
diseq(V46, V49)
diseq(V46, V48)
diseq(V46, V47)
diseq(V45, V58)
diseq(V45, V57)
diseq(V45, V56)
diseq(V45, V55)
diseq(V45, V54)
diseq(V45, V53)
diseq(V45, V52)
diseq(V45, V51)
diseq(V45, V50)
diseq(V45, V49)
diseq(V45, V48)
diseq(V45, V47)
diseq(V45, V46)
diseq(V44, V58)
diseq(V44, V57)
diseq(V44, V56)
diseq(V44, V55)
diseq(V44, V54)
diseq(V44, V53)
diseq(V44, V52)
diseq(V44, V51)
diseq(V44, V50)
diseq(V44, V49)
diseq(V44, V48)
diseq(V44, V47)
diseq(V44, V46)
diseq(V44, V45)
diseq(V43, V58)
diseq(V43, V57)
diseq(V43, V56)
diseq(V43, V55)
diseq(V43, V54)
diseq(V43, V53)
diseq(V43, V52)
diseq(V43, V51)
diseq(V43, V50)
diseq(V43, V49)
diseq(V43, V48)
diseq(V43, V47)
diseq(V43, V46)
diseq(V43, V45)
diseq(V43, V44)
diseq(V42, V58)
diseq(V42, V57)
diseq(V42, V56)
diseq(V42, V55)
diseq(V42, V54)
diseq(V42, V53)
diseq(V42, V52)
diseq(V42, V51)
diseq(V42, V50)
diseq(V42, V49)
diseq(V42, V48)
diseq(V42, V47)
diseq(V42, V46)
diseq(V42, V45)
diseq(V42, V44)
diseq(V42, V43)
diseq(V41, V58)
diseq(V41, V57)
diseq(V41, V56)
diseq(V41, V55)
diseq(V41, V54)
diseq(V41, V53)
diseq(V41, V52)
diseq(V41, V51)
diseq(V41, V50)
diseq(V41, V49)
diseq(V41, V48)
diseq(V41, V47)
diseq(V41, V46)
diseq(V41, V45)
diseq(V41, V44)
diseq(V41, V43)
diseq(V41, V42)
diseq(V40, V58)
diseq(V40, V57)
diseq(V40, V56)
diseq(V40, V55)
diseq(V40, V54)
diseq(V40, V53)
diseq(V40, V52)
diseq(V40, V51)
diseq(V40, V50)
diseq(V40, V49)
diseq(V40, V48)
diseq(V40, V47)
diseq(V40, V46)
diseq(V40, V45)
diseq(V40, V44)
diseq(V40, V43)
diseq(V40, V42)
diseq(V40, V41)
diseq(V39, V58)
diseq(V39, V57)
diseq(V39, V56)
diseq(V39, V55)
diseq(V39, V54)
diseq(V39, V53)
diseq(V39, V52)
diseq(V39, V51)
diseq(V39, V50)
diseq(V39, V49)
diseq(V39, V48)
diseq(V39, V47)
diseq(V39, V46)
diseq(V39, V45)
diseq(V39, V44)
diseq(V39, V43)
diseq(V39, V42)
diseq(V39, V41)
diseq(V39, V40)
diseq(V38, V58)
diseq(V38, V57)
diseq(V38, V56)
diseq(V38, V55)
diseq(V38, V54)
diseq(V38, V53)
diseq(V38, V52)
diseq(V38, V51)
diseq(V38, V50)
diseq(V38, V49)
diseq(V38, V48)
diseq(V38, V47)
diseq(V38, V46)
diseq(V38, V45)
diseq(V38, V44)
diseq(V38, V43)
diseq(V38, V42)
diseq(V38, V41)
diseq(V38, V40)
diseq(V38, V39)
diseq(V37, V58)
diseq(V37, V57)
diseq(V37, V56)
diseq(V37, V55)
diseq(V37, V54)
diseq(V37, V53)
diseq(V37, V52)
diseq(V37, V51)
diseq(V37, V50)
diseq(V37, V49)
diseq(V37, V48)
diseq(V37, V47)
diseq(V37, V46)
diseq(V37, V45)
diseq(V37, V44)
diseq(V37, V43)
diseq(V37, V42)
diseq(V37, V41)
diseq(V37, V40)
diseq(V37, V39)
diseq(V37, V38)
diseq(V36, V58)
diseq(V36, V57)
diseq(V36, V56)
diseq(V36, V55)
diseq(V36, V54)
diseq(V36, V53)
diseq(V36, V52)
diseq(V36, V51)
diseq(V36, V50)
diseq(V36, V49)
diseq(V36, V48)
diseq(V36, V47)
diseq(V36, V46)
diseq(V36, V45)
diseq(V36, V44)
diseq(V36, V43)
diseq(V36, V42)
diseq(V36, V41)
diseq(V36, V40)
diseq(V36, V39)
diseq(V36, V38)
diseq(V36, V37)
diseq(V35, V58)
diseq(V35, V57)
diseq(V35, V56)
diseq(V35, V55)
diseq(V35, V54)
diseq(V35, V53)
diseq(V35, V52)
diseq(V35, V51)
diseq(V35, V50)
diseq(V35, V49)
diseq(V35, V48)
diseq(V35, V47)
diseq(V35, V46)
diseq(V35, V45)
diseq(V35, V44)
diseq(V35, V43)
diseq(V35, V42)
diseq(V35, V41)
diseq(V35, V40)
diseq(V35, V39)
diseq(V35, V38)
diseq(V35, V37)
diseq(V35, V36)
diseq(V34, V58)
diseq(V34, V57)
diseq(V34, V56)
diseq(V34, V55)
diseq(V34, V54)
diseq(V34, V53)
diseq(V34, V52)
diseq(V34, V51)
diseq(V34, V50)
diseq(V34, V49)
diseq(V34, V48)
diseq(V34, V47)
diseq(V34, V46)
diseq(V34, V45)
diseq(V34, V44)
diseq(V34, V43)
diseq(V34, V42)
diseq(V34, V41)
diseq(V34, V40)
diseq(V34, V39)
diseq(V34, V38)
diseq(V34, V37)
diseq(V34, V36)
diseq(V34, V35)
diseq(V33, V58)
diseq(V33, V57)
diseq(V33, V56)
diseq(V33, V55)
diseq(V33, V54)
diseq(V33, V53)
diseq(V33, V52)
diseq(V33, V51)
diseq(V33, V50)
diseq(V33, V49)
diseq(V33, V48)
diseq(V33, V47)
diseq(V33, V46)
diseq(V33, V45)
diseq(V33, V44)
diseq(V33, V43)
diseq(V33, V42)
diseq(V33, V41)
diseq(V33, V40)
diseq(V33, V39)
diseq(V33, V38)
diseq(V33, V37)
diseq(V33, V36)
diseq(V33, V35)
diseq(V33, V34)
diseq(V32, V58)
diseq(V32, V57)
diseq(V32, V56)
diseq(V32, V55)
diseq(V32, V54)
diseq(V32, V53)
diseq(V32, V52)
diseq(V32, V51)
diseq(V32, V50)
diseq(V32, V49)
diseq(V32, V48)
diseq(V32, V47)
diseq(V32, V46)
diseq(V32, V45)
diseq(V32, V44)
diseq(V32, V43)
diseq(V32, V42)
diseq(V32, V41)
diseq(V32, V40)
diseq(V32, V39)
diseq(V32, V38)
diseq(V32, V37)
diseq(V32, V36)
diseq(V32, V35)
diseq(V32, V34)
diseq(V32, V33)
diseq(V31, V58)
diseq(V31, V57)
diseq(V31, V56)
diseq(V31, V55)
diseq(V31, V54)
diseq(V31, V53)
diseq(V31, V52)
diseq(V31, V51)
diseq(V31, V50)
diseq(V31, V49)
diseq(V31, V48)
diseq(V31, V47)
diseq(V31, V46)
diseq(V31, V45)
diseq(V31, V44)
diseq(V31, V43)
diseq(V31, V42)
diseq(V31, V41)
diseq(V31, V40)
diseq(V31, V39)
diseq(V31, V38)
diseq(V31, V37)
diseq(V31, V36)
diseq(V31, V35)
diseq(V31, V34)
diseq(V31, V33)
diseq(V31, V32)
diseq(V30, V58)
diseq(V30, V57)
diseq(V30, V56)
diseq(V30, V55)
diseq(V30, V54)
diseq(V30, V53)
diseq(V30, V52)
diseq(V30, V51)
diseq(V30, V50)
diseq(V30, V49)
diseq(V30, V48)
diseq(V30, V47)
diseq(V30, V46)
diseq(V30, V45)
diseq(V30, V44)
diseq(V30, V43)
diseq(V30, V42)
diseq(V30, V41)
diseq(V30, V40)
diseq(V30, V39)
diseq(V30, V38)
diseq(V30, V37)
diseq(V30, V36)
diseq(V30, V35)
diseq(V30, V34)
diseq(V30, V33)
diseq(V30, V32)
diseq(V30, V31)
diseq(V28, V29)
diseq(V27, V29)
diseq(V27, V28)
diseq(V26, V29)
diseq(V26, V28)
diseq(V26, V27)
diseq(V25, V29)
diseq(V25, V28)
diseq(V25, V27)
diseq(V25, V26)
diseq(V24, V29)
diseq(V24, V28)
diseq(V24, V27)
diseq(V24, V26)
diseq(V24, V25)
diseq(V23, V29)
diseq(V23, V28)
diseq(V23, V27)
diseq(V23, V26)
diseq(V23, V25)
diseq(V23, V24)
diseq(V22, V29)
diseq(V22, V28)
diseq(V22, V27)
diseq(V22, V26)
diseq(V22, V25)
diseq(V22, V24)
diseq(V22, V23)
diseq(V21, V29)
diseq(V21, V28)
diseq(V21, V27)
diseq(V21, V26)
diseq(V21, V25)
diseq(V21, V24)
diseq(V21, V23)
diseq(V21, V22)
diseq(V20, V29)
diseq(V20, V28)
diseq(V20, V27)
diseq(V20, V26)
diseq(V20, V25)
diseq(V20, V24)
diseq(V20, V23)
diseq(V20, V22)
diseq(V20, V21)
diseq(V19, V29)
diseq(V19, V28)
diseq(V19, V27)
diseq(V19, V26)
diseq(V19, V25)
diseq(V19, V24)
diseq(V19, V23)
diseq(V19, V22)
diseq(V19, V21)
diseq(V19, V20)
diseq(V18, V29)
diseq(V18, V28)
diseq(V18, V27)
diseq(V18, V26)
diseq(V18, V25)
diseq(V18, V24)
diseq(V18, V23)
diseq(V18, V22)
diseq(V18, V21)
diseq(V18, V20)
diseq(V18, V19)
diseq(V17, V29)
diseq(V17, V28)
diseq(V17, V27)
diseq(V17, V26)
diseq(V17, V25)
diseq(V17, V24)
diseq(V17, V23)
diseq(V17, V22)
diseq(V17, V21)
diseq(V17, V20)
diseq(V17, V19)
diseq(V17, V18)
diseq(V16, V29)
diseq(V16, V28)
diseq(V16, V27)
diseq(V16, V26)
diseq(V16, V25)
diseq(V16, V24)
diseq(V16, V23)
diseq(V16, V22)
diseq(V16, V21)
diseq(V16, V20)
diseq(V16, V19)
diseq(V16, V18)
diseq(V16, V17)
diseq(V15, V29)
diseq(V15, V28)
diseq(V15, V27)
diseq(V15, V26)
diseq(V15, V25)
diseq(V15, V24)
diseq(V15, V23)
diseq(V15, V22)
diseq(V15, V21)
diseq(V15, V20)
diseq(V15, V19)
diseq(V15, V18)
diseq(V15, V17)
diseq(V15, V16)
diseq(V14, V29)
diseq(V14, V28)
diseq(V14, V27)
diseq(V14, V26)
diseq(V14, V25)
diseq(V14, V24)
diseq(V14, V23)
diseq(V14, V22)
diseq(V14, V21)
diseq(V14, V20)
diseq(V14, V19)
diseq(V14, V18)
diseq(V14, V17)
diseq(V14, V16)
diseq(V14, V15)
diseq(V13, V29)
diseq(V13, V28)
diseq(V13, V27)
diseq(V13, V26)
diseq(V13, V25)
diseq(V13, V24)
diseq(V13, V23)
diseq(V13, V22)
diseq(V13, V21)
diseq(V13, V20)
diseq(V13, V19)
diseq(V13, V18)
diseq(V13, V17)
diseq(V13, V16)
diseq(V13, V15)
diseq(V13, V14)
diseq(V12, V29)
diseq(V12, V28)
diseq(V12, V27)
diseq(V12, V26)
diseq(V12, V25)
diseq(V12, V24)
diseq(V12, V23)
diseq(V12, V22)
diseq(V12, V21)
diseq(V12, V20)
diseq(V12, V19)
diseq(V12, V18)
diseq(V12, V17)
diseq(V12, V16)
diseq(V12, V15)
diseq(V12, V14)
diseq(V12, V13)
diseq(V11, V29)
diseq(V11, V28)
diseq(V11, V27)
diseq(V11, V26)
diseq(V11, V25)
diseq(V11, V24)
diseq(V11, V23)
diseq(V11, V22)
diseq(V11, V21)
diseq(V11, V20)
diseq(V11, V19)
diseq(V11, V18)
diseq(V11, V17)
diseq(V11, V16)
diseq(V11, V15)
diseq(V11, V14)
diseq(V11, V13)
diseq(V11, V12)
diseq(V10, V29)
diseq(V10, V28)
diseq(V10, V27)
diseq(V10, V26)
diseq(V10, V25)
diseq(V10, V24)
diseq(V10, V23)
diseq(V10, V22)
diseq(V10, V21)
diseq(V10, V20)
diseq(V10, V19)
diseq(V10, V18)
diseq(V10, V17)
diseq(V10, V16)
diseq(V10, V15)
diseq(V10, V14)
diseq(V10, V13)
diseq(V10, V12)
diseq(V10, V11)
diseq(V9, V29)
diseq(V9, V28)
diseq(V9, V27)
diseq(V9, V26)
diseq(V9, V25)
diseq(V9, V24)
diseq(V9, V23)
diseq(V9, V22)
diseq(V9, V21)
diseq(V9, V20)
diseq(V9, V19)
diseq(V9, V18)
diseq(V9, V17)
diseq(V9, V16)
diseq(V9, V15)
diseq(V9, V14)
diseq(V9, V13)
diseq(V9, V12)
diseq(V9, V11)
diseq(V9, V10)
diseq(V8, V29)
diseq(V8, V28)
diseq(V8, V27)
diseq(V8, V26)
diseq(V8, V25)
diseq(V8, V24)
diseq(V8, V23)
diseq(V8, V22)
diseq(V8, V21)
diseq(V8, V20)
diseq(V8, V19)
diseq(V8, V18)
diseq(V8, V17)
diseq(V8, V16)
diseq(V8, V15)
diseq(V8, V14)
diseq(V8, V13)
diseq(V8, V12)
diseq(V8, V11)
diseq(V8, V10)
diseq(V8, V9)
diseq(V7, V29)
diseq(V7, V28)
diseq(V7, V27)
diseq(V7, V26)
diseq(V7, V25)
diseq(V7, V24)
diseq(V7, V23)
diseq(V7, V22)
diseq(V7, V21)
diseq(V7, V20)
diseq(V7, V19)
diseq(V7, V18)
diseq(V7, V17)
diseq(V7, V16)
diseq(V7, V15)
diseq(V7, V14)
diseq(V7, V13)
diseq(V7, V12)
diseq(V7, V11)
diseq(V7, V10)
diseq(V7, V9)
diseq(V7, V8)
diseq(V6, V29)
diseq(V6, V28)
diseq(V6, V27)
diseq(V6, V26)
diseq(V6, V25)
diseq(V6, V24)
diseq(V6, V23)
diseq(V6, V22)
diseq(V6, V21)
diseq(V6, V20)
diseq(V6, V19)
diseq(V6, V18)
diseq(V6, V17)
diseq(V6, V16)
diseq(V6, V15)
diseq(V6, V14)
diseq(V6, V13)
diseq(V6, V12)
diseq(V6, V11)
diseq(V6, V10)
diseq(V6, V9)
diseq(V6, V8)
diseq(V6, V7)
diseq(V5, V29)
diseq(V5, V28)
diseq(V5, V27)
diseq(V5, V26)
diseq(V5, V25)
diseq(V5, V24)
diseq(V5, V23)
diseq(V5, V22)
diseq(V5, V21)
diseq(V5, V20)
diseq(V5, V19)
diseq(V5, V18)
diseq(V5, V17)
diseq(V5, V16)
diseq(V5, V15)
diseq(V5, V14)
diseq(V5, V13)
diseq(V5, V12)
diseq(V5, V11)
diseq(V5, V10)
diseq(V5, V9)
diseq(V5, V8)
diseq(V5, V7)
diseq(V5, V6)
diseq(V4, V29)
diseq(V4, V28)
diseq(V4, V27)
diseq(V4, V26)
diseq(V4, V25)
diseq(V4, V24)
diseq(V4, V23)
diseq(V4, V22)
diseq(V4, V21)
diseq(V4, V20)
diseq(V4, V19)
diseq(V4, V18)
diseq(V4, V17)
diseq(V4, V16)
diseq(V4, V15)
diseq(V4, V14)
diseq(V4, V13)
diseq(V4, V12)
diseq(V4, V11)
diseq(V4, V10)
diseq(V4, V9)
diseq(V4, V8)
diseq(V4, V7)
diseq(V4, V6)
diseq(V4, V5)
diseq(V3, V29)
diseq(V3, V28)
diseq(V3, V27)
diseq(V3, V26)
diseq(V3, V25)
diseq(V3, V24)
diseq(V3, V23)
diseq(V3, V22)
diseq(V3, V21)
diseq(V3, V20)
diseq(V3, V19)
diseq(V3, V18)
diseq(V3, V17)
diseq(V3, V16)
diseq(V3, V15)
diseq(V3, V14)
diseq(V3, V13)
diseq(V3, V12)
diseq(V3, V11)
diseq(V3, V10)
diseq(V3, V9)
diseq(V3, V8)
diseq(V3, V7)
diseq(V3, V6)
diseq(V3, V5)
diseq(V3, V4)
diseq(V2, V29)
diseq(V2, V28)
diseq(V2, V27)
diseq(V2, V26)
diseq(V2, V25)
diseq(V2, V24)
diseq(V2, V23)
diseq(V2, V22)
diseq(V2, V21)
diseq(V2, V20)
diseq(V2, V19)
diseq(V2, V18)
diseq(V2, V17)
diseq(V2, V16)
diseq(V2, V15)
diseq(V2, V14)
diseq(V2, V13)
diseq(V2, V12)
diseq(V2, V11)
diseq(V2, V10)
diseq(V2, V9)
diseq(V2, V8)
diseq(V2, V7)
diseq(V2, V6)
diseq(V2, V5)
diseq(V2, V4)
diseq(V2, V3)
diseq(V1, V29)
diseq(V1, V28)
diseq(V1, V27)
diseq(V1, V26)
diseq(V1, V25)
diseq(V1, V24)
diseq(V1, V23)
diseq(V1, V22)
diseq(V1, V21)
diseq(V1, V20)
diseq(V1, V19)
diseq(V1, V18)
diseq(V1, V17)
diseq(V1, V16)
diseq(V1, V15)
diseq(V1, V14)
diseq(V1, V13)
diseq(V1, V12)
diseq(V1, V11)
diseq(V1, V10)
diseq(V1, V9)
diseq(V1, V8)
diseq(V1, V7)
diseq(V1, V6)
diseq(V1, V5)
diseq(V1, V4)
diseq(V1, V3)
diseq(V1, V2)
diseq(V0, V29)
diseq(V0, V28)
diseq(V0, V27)
diseq(V0, V26)
diseq(V0, V25)
diseq(V0, V24)
diseq(V0, V23)
diseq(V0, V22)
diseq(V0, V21)
diseq(V0, V20)
diseq(V0, V19)
diseq(V0, V18)
diseq(V0, V17)
diseq(V0, V16)
diseq(V0, V15)
diseq(V0, V14)
diseq(V0, V13)
diseq(V0, V12)
diseq(V0, V11)
diseq(V0, V10)
diseq(V0, V9)
diseq(V0, V8)
diseq(V0, V7)
diseq(V0, V6)
diseq(V0, V5)
diseq(V0, V4)
diseq(V0, V3)
diseq(V0, V2)
diseq(V0, V1)

**EOF**
